2025-05-03 10:58:45,971 - INFO - Successfully loaded mapping data for 488 papers
2025-05-03 10:58:45,972 - INFO - Using default tokenizer.
2025-05-03 10:58:45,977 - INFO - Paper 39357436 ROUGE-1 F1: 0.0346
2025-05-03 10:58:45,977 - INFO - Paper 39357436 ROUGE-2 F1: 0.0116
2025-05-03 10:58:45,977 - INFO - Paper 39357436 ROUGE-L F1: 0.0288
2025-05-03 10:58:45,977 - INFO - Using default tokenizer.
2025-05-03 10:58:46,364 - INFO - Paper 88246188 ROUGE-1 F1: 0.5043
2025-05-03 10:58:46,364 - INFO - Paper 88246188 ROUGE-2 F1: 0.1188
2025-05-03 10:58:46,364 - INFO - Paper 88246188 ROUGE-L F1: 0.1969
2025-05-03 10:58:46,365 - INFO - Using default tokenizer.
2025-05-03 10:58:46,393 - INFO - Paper 53809041 ROUGE-1 F1: 0.4078
2025-05-03 10:58:46,393 - INFO - Paper 53809041 ROUGE-2 F1: 0.1146
2025-05-03 10:58:46,394 - INFO - Paper 53809041 ROUGE-L F1: 0.1827
2025-05-03 10:58:46,394 - INFO - Using default tokenizer.
2025-05-03 10:58:46,579 - INFO - Paper 84548548 ROUGE-1 F1: 0.6601
2025-05-03 10:58:46,580 - INFO - Paper 84548548 ROUGE-2 F1: 0.3845
2025-05-03 10:58:46,580 - INFO - Paper 84548548 ROUGE-L F1: 0.4642
2025-05-03 10:58:46,580 - INFO - Using default tokenizer.
2025-05-03 10:58:46,652 - INFO - Paper 43280550 ROUGE-1 F1: 0.6190
2025-05-03 10:58:46,652 - INFO - Paper 43280550 ROUGE-2 F1: 0.2516
2025-05-03 10:58:46,652 - INFO - Paper 43280550 ROUGE-L F1: 0.3853
2025-05-03 10:58:46,652 - INFO - Using default tokenizer.
2025-05-03 10:58:47,083 - INFO - Paper 35928796 ROUGE-1 F1: 0.8321
2025-05-03 10:58:47,083 - INFO - Paper 35928796 ROUGE-2 F1: 0.7242
2025-05-03 10:58:47,083 - INFO - Paper 35928796 ROUGE-L F1: 0.7732
2025-05-03 10:58:47,084 - INFO - Using default tokenizer.
2025-05-03 10:58:47,092 - INFO - Paper 34524227 ROUGE-1 F1: 0.6643
2025-05-03 10:58:47,092 - INFO - Paper 34524227 ROUGE-2 F1: 0.5018
2025-05-03 10:58:47,092 - INFO - Paper 34524227 ROUGE-L F1: 0.6065
2025-05-03 10:58:47,092 - INFO - Using default tokenizer.
2025-05-03 10:58:47,138 - INFO - Paper 4353776 ROUGE-1 F1: 0.5756
2025-05-03 10:58:47,138 - INFO - Paper 4353776 ROUGE-2 F1: 0.1503
2025-05-03 10:58:47,138 - INFO - Paper 4353776 ROUGE-L F1: 0.2276
2025-05-03 10:58:47,138 - INFO - Using default tokenizer.
2025-05-03 10:58:47,487 - INFO - Paper 50897768 ROUGE-1 F1: 0.7394
2025-05-03 10:58:47,487 - INFO - Paper 50897768 ROUGE-2 F1: 0.5140
2025-05-03 10:58:47,488 - INFO - Paper 50897768 ROUGE-L F1: 0.5496
2025-05-03 10:58:47,488 - INFO - Using default tokenizer.
2025-05-03 10:58:47,595 - INFO - Paper 36272485 ROUGE-1 F1: 0.4705
2025-05-03 10:58:47,595 - INFO - Paper 36272485 ROUGE-2 F1: 0.1043
2025-05-03 10:58:47,595 - INFO - Paper 36272485 ROUGE-L F1: 0.2083
2025-05-03 10:58:47,596 - INFO - Using default tokenizer.
2025-05-03 10:58:47,735 - INFO - Paper 74193008 ROUGE-1 F1: 0.5223
2025-05-03 10:58:47,735 - INFO - Paper 74193008 ROUGE-2 F1: 0.1828
2025-05-03 10:58:47,735 - INFO - Paper 74193008 ROUGE-L F1: 0.2611
2025-05-03 10:58:47,736 - INFO - Using default tokenizer.
2025-05-03 10:58:48,144 - INFO - Paper 97291551 ROUGE-1 F1: 0.7188
2025-05-03 10:58:48,144 - INFO - Paper 97291551 ROUGE-2 F1: 0.5465
2025-05-03 10:58:48,144 - INFO - Paper 97291551 ROUGE-L F1: 0.5892
2025-05-03 10:58:48,144 - INFO - Using default tokenizer.
2025-05-03 10:58:48,500 - INFO - Paper 13655370 ROUGE-1 F1: 0.5849
2025-05-03 10:58:48,500 - INFO - Paper 13655370 ROUGE-2 F1: 0.2052
2025-05-03 10:58:48,500 - INFO - Paper 13655370 ROUGE-L F1: 0.2752
2025-05-03 10:58:48,501 - INFO - Using default tokenizer.
2025-05-03 10:58:48,658 - INFO - Paper 11779349 ROUGE-1 F1: 0.3897
2025-05-03 10:58:48,658 - INFO - Paper 11779349 ROUGE-2 F1: 0.1252
2025-05-03 10:58:48,658 - INFO - Paper 11779349 ROUGE-L F1: 0.1962
2025-05-03 10:58:48,658 - INFO - Using default tokenizer.
2025-05-03 10:58:48,879 - INFO - Paper 98262950 ROUGE-1 F1: 0.5571
2025-05-03 10:58:48,879 - INFO - Paper 98262950 ROUGE-2 F1: 0.1452
2025-05-03 10:58:48,879 - INFO - Paper 98262950 ROUGE-L F1: 0.2393
2025-05-03 10:58:48,880 - INFO - Using default tokenizer.
2025-05-03 10:58:48,885 - INFO - Paper 81465314 ROUGE-1 F1: 0.2049
2025-05-03 10:58:48,885 - INFO - Paper 81465314 ROUGE-2 F1: 0.0165
2025-05-03 10:58:48,885 - INFO - Paper 81465314 ROUGE-L F1: 0.0984
2025-05-03 10:58:48,885 - INFO - Using default tokenizer.
2025-05-03 10:58:48,984 - INFO - Paper 8087311 ROUGE-1 F1: 0.6673
2025-05-03 10:58:48,984 - INFO - Paper 8087311 ROUGE-2 F1: 0.3613
2025-05-03 10:58:48,984 - INFO - Paper 8087311 ROUGE-L F1: 0.4833
2025-05-03 10:58:48,984 - INFO - Using default tokenizer.
2025-05-03 10:58:49,065 - INFO - Paper 74261188 ROUGE-1 F1: 0.5625
2025-05-03 10:58:49,065 - INFO - Paper 74261188 ROUGE-2 F1: 0.2121
2025-05-03 10:58:49,066 - INFO - Paper 74261188 ROUGE-L F1: 0.2742
2025-05-03 10:58:49,066 - INFO - Using default tokenizer.
2025-05-03 10:58:49,373 - INFO - Paper 96308075 ROUGE-1 F1: 0.6065
2025-05-03 10:58:49,373 - INFO - Paper 96308075 ROUGE-2 F1: 0.2826
2025-05-03 10:58:49,373 - INFO - Paper 96308075 ROUGE-L F1: 0.3451
2025-05-03 10:58:49,373 - INFO - Using default tokenizer.
2025-05-03 10:58:49,857 - INFO - Paper 23675750 ROUGE-1 F1: 0.6999
2025-05-03 10:58:49,857 - INFO - Paper 23675750 ROUGE-2 F1: 0.3864
2025-05-03 10:58:49,857 - INFO - Paper 23675750 ROUGE-L F1: 0.4590
2025-05-03 10:58:49,858 - INFO - Using default tokenizer.
2025-05-03 10:58:49,911 - INFO - Paper 16973018 ROUGE-1 F1: 0.6196
2025-05-03 10:58:49,911 - INFO - Paper 16973018 ROUGE-2 F1: 0.2683
2025-05-03 10:58:49,911 - INFO - Paper 16973018 ROUGE-L F1: 0.3792
2025-05-03 10:58:49,911 - INFO - Using default tokenizer.
2025-05-03 10:58:49,982 - INFO - Paper 86675541 ROUGE-1 F1: 0.4719
2025-05-03 10:58:49,982 - INFO - Paper 86675541 ROUGE-2 F1: 0.1021
2025-05-03 10:58:49,982 - INFO - Paper 86675541 ROUGE-L F1: 0.2183
2025-05-03 10:58:49,982 - INFO - Using default tokenizer.
2025-05-03 10:58:50,404 - INFO - Paper 90421095 ROUGE-1 F1: 0.7562
2025-05-03 10:58:50,404 - INFO - Paper 90421095 ROUGE-2 F1: 0.4968
2025-05-03 10:58:50,404 - INFO - Paper 90421095 ROUGE-L F1: 0.5429
2025-05-03 10:58:50,405 - INFO - Using default tokenizer.
2025-05-03 10:58:50,494 - INFO - Paper 14310989 ROUGE-1 F1: 0.6088
2025-05-03 10:58:50,494 - INFO - Paper 14310989 ROUGE-2 F1: 0.2694
2025-05-03 10:58:50,494 - INFO - Paper 14310989 ROUGE-L F1: 0.3511
2025-05-03 10:58:50,494 - INFO - Using default tokenizer.
2025-05-03 10:58:50,504 - INFO - Paper 80897282 ROUGE-1 F1: 0.5256
2025-05-03 10:58:50,504 - INFO - Paper 80897282 ROUGE-2 F1: 0.2452
2025-05-03 10:58:50,504 - INFO - Paper 80897282 ROUGE-L F1: 0.3782
2025-05-03 10:58:50,504 - INFO - Using default tokenizer.
2025-05-03 10:58:50,686 - INFO - Paper 36200725 ROUGE-1 F1: 0.4938
2025-05-03 10:58:50,686 - INFO - Paper 36200725 ROUGE-2 F1: 0.1239
2025-05-03 10:58:50,686 - INFO - Paper 36200725 ROUGE-L F1: 0.2033
2025-05-03 10:58:50,687 - INFO - Using default tokenizer.
2025-05-03 10:58:51,138 - INFO - Paper 52464539 ROUGE-1 F1: 0.7828
2025-05-03 10:58:51,138 - INFO - Paper 52464539 ROUGE-2 F1: 0.5538
2025-05-03 10:58:51,138 - INFO - Paper 52464539 ROUGE-L F1: 0.5913
2025-05-03 10:58:51,139 - INFO - Using default tokenizer.
2025-05-03 10:58:51,560 - INFO - Paper 84480736 ROUGE-1 F1: 0.5965
2025-05-03 10:58:51,560 - INFO - Paper 84480736 ROUGE-2 F1: 0.2715
2025-05-03 10:58:51,560 - INFO - Paper 84480736 ROUGE-L F1: 0.3372
2025-05-03 10:58:51,561 - INFO - Using default tokenizer.
2025-05-03 10:58:51,610 - INFO - Paper 2577868 ROUGE-1 F1: 0.6130
2025-05-03 10:58:51,610 - INFO - Paper 2577868 ROUGE-2 F1: 0.2917
2025-05-03 10:58:51,610 - INFO - Paper 2577868 ROUGE-L F1: 0.4026
2025-05-03 10:58:51,610 - INFO - Using default tokenizer.
2025-05-03 10:58:52,196 - INFO - Paper 45601881 ROUGE-1 F1: 0.8064
2025-05-03 10:58:52,196 - INFO - Paper 45601881 ROUGE-2 F1: 0.5906
2025-05-03 10:58:52,196 - INFO - Paper 45601881 ROUGE-L F1: 0.6324
2025-05-03 10:58:52,197 - INFO - Using default tokenizer.
2025-05-03 10:58:52,204 - INFO - Paper 414696 ROUGE-1 F1: 0.5954
2025-05-03 10:58:52,204 - INFO - Paper 414696 ROUGE-2 F1: 0.5308
2025-05-03 10:58:52,204 - INFO - Paper 414696 ROUGE-L F1: 0.5802
2025-05-03 10:58:52,205 - INFO - Using default tokenizer.
2025-05-03 10:58:52,329 - INFO - Paper 17675091 ROUGE-1 F1: 0.5108
2025-05-03 10:58:52,329 - INFO - Paper 17675091 ROUGE-2 F1: 0.1247
2025-05-03 10:58:52,329 - INFO - Paper 17675091 ROUGE-L F1: 0.2075
2025-05-03 10:58:52,330 - INFO - Using default tokenizer.
2025-05-03 10:58:52,478 - INFO - Paper 63621777 ROUGE-1 F1: 0.5018
2025-05-03 10:58:52,478 - INFO - Paper 63621777 ROUGE-2 F1: 0.1282
2025-05-03 10:58:52,478 - INFO - Paper 63621777 ROUGE-L F1: 0.2036
2025-05-03 10:58:52,478 - INFO - Using default tokenizer.
2025-05-03 10:58:52,513 - INFO - Paper 48411412 ROUGE-1 F1: 0.4251
2025-05-03 10:58:52,513 - INFO - Paper 48411412 ROUGE-2 F1: 0.1288
2025-05-03 10:58:52,513 - INFO - Paper 48411412 ROUGE-L F1: 0.2110
2025-05-03 10:58:52,513 - INFO - Using default tokenizer.
2025-05-03 10:58:52,910 - INFO - Paper 66112363 ROUGE-1 F1: 0.7813
2025-05-03 10:58:52,910 - INFO - Paper 66112363 ROUGE-2 F1: 0.6054
2025-05-03 10:58:52,911 - INFO - Paper 66112363 ROUGE-L F1: 0.6544
2025-05-03 10:58:52,911 - INFO - Using default tokenizer.
2025-05-03 10:58:52,952 - INFO - Paper 50538257 ROUGE-1 F1: 0.3968
2025-05-03 10:58:52,952 - INFO - Paper 50538257 ROUGE-2 F1: 0.0401
2025-05-03 10:58:52,952 - INFO - Paper 50538257 ROUGE-L F1: 0.1571
2025-05-03 10:58:52,953 - INFO - Using default tokenizer.
2025-05-03 10:58:52,970 - INFO - Paper 8136900 ROUGE-1 F1: 0.4037
2025-05-03 10:58:52,970 - INFO - Paper 8136900 ROUGE-2 F1: 0.0699
2025-05-03 10:58:52,970 - INFO - Paper 8136900 ROUGE-L F1: 0.2042
2025-05-03 10:58:52,970 - INFO - Using default tokenizer.
2025-05-03 10:58:52,991 - INFO - Paper 7904666 ROUGE-1 F1: 0.4476
2025-05-03 10:58:52,991 - INFO - Paper 7904666 ROUGE-2 F1: 0.1402
2025-05-03 10:58:52,991 - INFO - Paper 7904666 ROUGE-L F1: 0.2094
2025-05-03 10:58:52,991 - INFO - Using default tokenizer.
2025-05-03 10:58:53,022 - INFO - Paper 93142771 ROUGE-1 F1: 0.4767
2025-05-03 10:58:53,022 - INFO - Paper 93142771 ROUGE-2 F1: 0.1773
2025-05-03 10:58:53,022 - INFO - Paper 93142771 ROUGE-L F1: 0.2500
2025-05-03 10:58:53,022 - INFO - Using default tokenizer.
2025-05-03 10:58:53,104 - INFO - Paper 76817909 ROUGE-1 F1: 0.6099
2025-05-03 10:58:53,105 - INFO - Paper 76817909 ROUGE-2 F1: 0.2315
2025-05-03 10:58:53,105 - INFO - Paper 76817909 ROUGE-L F1: 0.3161
2025-05-03 10:58:53,105 - INFO - Using default tokenizer.
2025-05-03 10:58:53,128 - INFO - Paper 435175 ROUGE-1 F1: 0.4288
2025-05-03 10:58:53,128 - INFO - Paper 435175 ROUGE-2 F1: 0.1143
2025-05-03 10:58:53,128 - INFO - Paper 435175 ROUGE-L F1: 0.2315
2025-05-03 10:58:53,129 - INFO - Using default tokenizer.
2025-05-03 10:58:53,177 - INFO - Paper 24950879 ROUGE-1 F1: 0.5408
2025-05-03 10:58:53,177 - INFO - Paper 24950879 ROUGE-2 F1: 0.1479
2025-05-03 10:58:53,177 - INFO - Paper 24950879 ROUGE-L F1: 0.2665
2025-05-03 10:58:53,178 - INFO - Using default tokenizer.
2025-05-03 10:58:53,193 - INFO - Paper 42851012 ROUGE-1 F1: 0.4030
2025-05-03 10:58:53,193 - INFO - Paper 42851012 ROUGE-2 F1: 0.1000
2025-05-03 10:58:53,193 - INFO - Paper 42851012 ROUGE-L F1: 0.2139
2025-05-03 10:58:53,193 - INFO - Using default tokenizer.
2025-05-03 10:58:53,287 - INFO - Paper 88532041 ROUGE-1 F1: 0.5850
2025-05-03 10:58:53,287 - INFO - Paper 88532041 ROUGE-2 F1: 0.2549
2025-05-03 10:58:53,287 - INFO - Paper 88532041 ROUGE-L F1: 0.3621
2025-05-03 10:58:53,287 - INFO - Using default tokenizer.
2025-05-03 10:58:53,301 - INFO - Paper 12175403 ROUGE-1 F1: 0.4444
2025-05-03 10:58:53,301 - INFO - Paper 12175403 ROUGE-2 F1: 0.1649
2025-05-03 10:58:53,301 - INFO - Paper 12175403 ROUGE-L F1: 0.2698
2025-05-03 10:58:53,301 - INFO - Using default tokenizer.
2025-05-03 10:58:53,488 - INFO - Paper 37010180 ROUGE-1 F1: 0.4712
2025-05-03 10:58:53,489 - INFO - Paper 37010180 ROUGE-2 F1: 0.0872
2025-05-03 10:58:53,489 - INFO - Paper 37010180 ROUGE-L F1: 0.1831
2025-05-03 10:58:53,489 - INFO - Using default tokenizer.
2025-05-03 10:58:53,505 - INFO - Paper 99295545 ROUGE-1 F1: 0.5155
2025-05-03 10:58:53,506 - INFO - Paper 99295545 ROUGE-2 F1: 0.2062
2025-05-03 10:58:53,506 - INFO - Paper 99295545 ROUGE-L F1: 0.3484
2025-05-03 10:58:53,506 - INFO - Using default tokenizer.
2025-05-03 10:58:53,516 - INFO - Paper 78190587 ROUGE-1 F1: 0.2976
2025-05-03 10:58:53,516 - INFO - Paper 78190587 ROUGE-2 F1: 0.0719
2025-05-03 10:58:53,516 - INFO - Paper 78190587 ROUGE-L F1: 0.1607
2025-05-03 10:58:53,516 - INFO - Using default tokenizer.
2025-05-03 10:58:53,663 - INFO - Paper 15062404 ROUGE-1 F1: 0.5383
2025-05-03 10:58:53,663 - INFO - Paper 15062404 ROUGE-2 F1: 0.1256
2025-05-03 10:58:53,663 - INFO - Paper 15062404 ROUGE-L F1: 0.2261
2025-05-03 10:58:53,664 - INFO - Using default tokenizer.
2025-05-03 10:58:53,771 - INFO - Paper 71370947 ROUGE-1 F1: 0.5314
2025-05-03 10:58:53,772 - INFO - Paper 71370947 ROUGE-2 F1: 0.1344
2025-05-03 10:58:53,772 - INFO - Paper 71370947 ROUGE-L F1: 0.2356
2025-05-03 10:58:53,772 - INFO - Using default tokenizer.
2025-05-03 10:58:53,794 - INFO - Paper 57934330 ROUGE-1 F1: 0.4167
2025-05-03 10:58:53,794 - INFO - Paper 57934330 ROUGE-2 F1: 0.1597
2025-05-03 10:58:53,794 - INFO - Paper 57934330 ROUGE-L F1: 0.2500
2025-05-03 10:58:53,794 - INFO - Using default tokenizer.
2025-05-03 10:58:53,819 - INFO - Paper 78860785 ROUGE-1 F1: 0.5196
2025-05-03 10:58:53,819 - INFO - Paper 78860785 ROUGE-2 F1: 0.1839
2025-05-03 10:58:53,819 - INFO - Paper 78860785 ROUGE-L F1: 0.2766
2025-05-03 10:58:53,820 - INFO - Using default tokenizer.
2025-05-03 10:58:53,892 - INFO - Paper 63848470 ROUGE-1 F1: 0.5681
2025-05-03 10:58:53,893 - INFO - Paper 63848470 ROUGE-2 F1: 0.1164
2025-05-03 10:58:53,893 - INFO - Paper 63848470 ROUGE-L F1: 0.2260
2025-05-03 10:58:53,893 - INFO - Using default tokenizer.
2025-05-03 10:58:53,919 - INFO - Paper 77534612 ROUGE-1 F1: 0.5793
2025-05-03 10:58:53,919 - INFO - Paper 77534612 ROUGE-2 F1: 0.2926
2025-05-03 10:58:53,919 - INFO - Paper 77534612 ROUGE-L F1: 0.4354
2025-05-03 10:58:53,919 - INFO - Using default tokenizer.
2025-05-03 10:58:54,325 - INFO - Paper 23929837 ROUGE-1 F1: 0.5737
2025-05-03 10:58:54,325 - INFO - Paper 23929837 ROUGE-2 F1: 0.2003
2025-05-03 10:58:54,325 - INFO - Paper 23929837 ROUGE-L F1: 0.2807
2025-05-03 10:58:54,325 - INFO - Using default tokenizer.
2025-05-03 10:58:54,600 - INFO - Paper 13135318 ROUGE-1 F1: 0.7197
2025-05-03 10:58:54,600 - INFO - Paper 13135318 ROUGE-2 F1: 0.5344
2025-05-03 10:58:54,600 - INFO - Paper 13135318 ROUGE-L F1: 0.6015
2025-05-03 10:58:54,601 - INFO - Using default tokenizer.
2025-05-03 10:58:54,810 - INFO - Paper 97923725 ROUGE-1 F1: 0.5785
2025-05-03 10:58:54,810 - INFO - Paper 97923725 ROUGE-2 F1: 0.2290
2025-05-03 10:58:54,810 - INFO - Paper 97923725 ROUGE-L F1: 0.2917
2025-05-03 10:58:54,811 - INFO - Using default tokenizer.
2025-05-03 10:58:54,821 - INFO - Paper 25809281 ROUGE-1 F1: 0.4832
2025-05-03 10:58:54,821 - INFO - Paper 25809281 ROUGE-2 F1: 0.1415
2025-05-03 10:58:54,821 - INFO - Paper 25809281 ROUGE-L F1: 0.2691
2025-05-03 10:58:54,822 - INFO - Using default tokenizer.
2025-05-03 10:58:54,942 - INFO - Paper 8601517 ROUGE-1 F1: 0.5356
2025-05-03 10:58:54,942 - INFO - Paper 8601517 ROUGE-2 F1: 0.1653
2025-05-03 10:58:54,942 - INFO - Paper 8601517 ROUGE-L F1: 0.2379
2025-05-03 10:58:54,942 - INFO - Using default tokenizer.
2025-05-03 10:58:55,306 - INFO - Paper 73515355 ROUGE-1 F1: 0.7160
2025-05-03 10:58:55,306 - INFO - Paper 73515355 ROUGE-2 F1: 0.4511
2025-05-03 10:58:55,306 - INFO - Paper 73515355 ROUGE-L F1: 0.5270
2025-05-03 10:58:55,307 - INFO - Using default tokenizer.
2025-05-03 10:58:55,553 - INFO - Paper 7305163 ROUGE-1 F1: 0.5940
2025-05-03 10:58:55,553 - INFO - Paper 7305163 ROUGE-2 F1: 0.3415
2025-05-03 10:58:55,554 - INFO - Paper 7305163 ROUGE-L F1: 0.3902
2025-05-03 10:58:55,554 - INFO - Using default tokenizer.
2025-05-03 10:58:55,813 - INFO - Paper 31459000 ROUGE-1 F1: 0.6969
2025-05-03 10:58:55,813 - INFO - Paper 31459000 ROUGE-2 F1: 0.4304
2025-05-03 10:58:55,813 - INFO - Paper 31459000 ROUGE-L F1: 0.4803
2025-05-03 10:58:55,813 - INFO - Using default tokenizer.
2025-05-03 10:58:56,002 - INFO - Paper 38779502 ROUGE-1 F1: 0.5584
2025-05-03 10:58:56,002 - INFO - Paper 38779502 ROUGE-2 F1: 0.1097
2025-05-03 10:58:56,002 - INFO - Paper 38779502 ROUGE-L F1: 0.2035
2025-05-03 10:58:56,002 - INFO - Using default tokenizer.
2025-05-03 10:58:56,059 - INFO - Paper 67930407 ROUGE-1 F1: 0.5786
2025-05-03 10:58:56,059 - INFO - Paper 67930407 ROUGE-2 F1: 0.1957
2025-05-03 10:58:56,059 - INFO - Paper 67930407 ROUGE-L F1: 0.3048
2025-05-03 10:58:56,059 - INFO - Using default tokenizer.
2025-05-03 10:58:56,228 - INFO - Paper 35247822 ROUGE-1 F1: 0.6771
2025-05-03 10:58:56,228 - INFO - Paper 35247822 ROUGE-2 F1: 0.3486
2025-05-03 10:58:56,228 - INFO - Paper 35247822 ROUGE-L F1: 0.4805
2025-05-03 10:58:56,228 - INFO - Using default tokenizer.
2025-05-03 10:58:56,254 - INFO - Paper 687757 ROUGE-1 F1: 0.4278
2025-05-03 10:58:56,254 - INFO - Paper 687757 ROUGE-2 F1: 0.0991
2025-05-03 10:58:56,254 - INFO - Paper 687757 ROUGE-L F1: 0.2121
2025-05-03 10:58:56,254 - INFO - Using default tokenizer.
2025-05-03 10:58:56,660 - INFO - Paper 34958521 ROUGE-1 F1: 0.6992
2025-05-03 10:58:56,660 - INFO - Paper 34958521 ROUGE-2 F1: 0.4346
2025-05-03 10:58:56,660 - INFO - Paper 34958521 ROUGE-L F1: 0.4743
2025-05-03 10:58:56,660 - INFO - Using default tokenizer.
2025-05-03 10:58:56,734 - INFO - Paper 86524123 ROUGE-1 F1: 0.4746
2025-05-03 10:58:56,735 - INFO - Paper 86524123 ROUGE-2 F1: 0.1350
2025-05-03 10:58:56,735 - INFO - Paper 86524123 ROUGE-L F1: 0.2031
2025-05-03 10:58:56,735 - INFO - Using default tokenizer.
2025-05-03 10:58:56,797 - INFO - Paper 37171167 ROUGE-1 F1: 0.5301
2025-05-03 10:58:56,797 - INFO - Paper 37171167 ROUGE-2 F1: 0.1696
2025-05-03 10:58:56,797 - INFO - Paper 37171167 ROUGE-L F1: 0.2584
2025-05-03 10:58:56,798 - INFO - Using default tokenizer.
2025-05-03 10:58:56,814 - INFO - Paper 71425952 ROUGE-1 F1: 0.5076
2025-05-03 10:58:56,814 - INFO - Paper 71425952 ROUGE-2 F1: 0.2266
2025-05-03 10:58:56,814 - INFO - Paper 71425952 ROUGE-L F1: 0.3254
2025-05-03 10:58:56,815 - INFO - Using default tokenizer.
2025-05-03 10:58:56,861 - INFO - Paper 12279648 ROUGE-1 F1: 0.5623
2025-05-03 10:58:56,861 - INFO - Paper 12279648 ROUGE-2 F1: 0.2367
2025-05-03 10:58:56,861 - INFO - Paper 12279648 ROUGE-L F1: 0.2971
2025-05-03 10:58:56,861 - INFO - Using default tokenizer.
2025-05-03 10:58:56,937 - INFO - Paper 89767636 ROUGE-1 F1: 0.6529
2025-05-03 10:58:56,937 - INFO - Paper 89767636 ROUGE-2 F1: 0.4369
2025-05-03 10:58:56,937 - INFO - Paper 89767636 ROUGE-L F1: 0.5331
2025-05-03 10:58:56,937 - INFO - Using default tokenizer.
2025-05-03 10:58:57,524 - INFO - Paper 99384474 ROUGE-1 F1: 0.7239
2025-05-03 10:58:57,524 - INFO - Paper 99384474 ROUGE-2 F1: 0.4108
2025-05-03 10:58:57,524 - INFO - Paper 99384474 ROUGE-L F1: 0.4573
2025-05-03 10:58:57,524 - INFO - Using default tokenizer.
2025-05-03 10:58:57,580 - INFO - Paper 36779622 ROUGE-1 F1: 0.5036
2025-05-03 10:58:57,580 - INFO - Paper 36779622 ROUGE-2 F1: 0.1714
2025-05-03 10:58:57,580 - INFO - Paper 36779622 ROUGE-L F1: 0.2660
2025-05-03 10:58:57,581 - INFO - Using default tokenizer.
2025-05-03 10:58:58,101 - INFO - Paper 85505359 ROUGE-1 F1: 0.7474
2025-05-03 10:58:58,101 - INFO - Paper 85505359 ROUGE-2 F1: 0.4251
2025-05-03 10:58:58,101 - INFO - Paper 85505359 ROUGE-L F1: 0.4882
2025-05-03 10:58:58,101 - INFO - Using default tokenizer.
2025-05-03 10:58:58,254 - INFO - Paper 26262723 ROUGE-1 F1: 0.5871
2025-05-03 10:58:58,254 - INFO - Paper 26262723 ROUGE-2 F1: 0.2100
2025-05-03 10:58:58,254 - INFO - Paper 26262723 ROUGE-L F1: 0.2777
2025-05-03 10:58:58,254 - INFO - Using default tokenizer.
2025-05-03 10:58:58,287 - INFO - Paper 87558652 ROUGE-1 F1: 0.4222
2025-05-03 10:58:58,287 - INFO - Paper 87558652 ROUGE-2 F1: 0.1082
2025-05-03 10:58:58,287 - INFO - Paper 87558652 ROUGE-L F1: 0.2126
2025-05-03 10:58:58,287 - INFO - Using default tokenizer.
2025-05-03 10:58:58,341 - INFO - Paper 45435119 ROUGE-1 F1: 0.4458
2025-05-03 10:58:58,341 - INFO - Paper 45435119 ROUGE-2 F1: 0.1135
2025-05-03 10:58:58,341 - INFO - Paper 45435119 ROUGE-L F1: 0.2120
2025-05-03 10:58:58,341 - INFO - Using default tokenizer.
2025-05-03 10:58:58,352 - INFO - Paper 85820029 ROUGE-1 F1: 0.4387
2025-05-03 10:58:58,352 - INFO - Paper 85820029 ROUGE-2 F1: 0.1318
2025-05-03 10:58:58,352 - INFO - Paper 85820029 ROUGE-L F1: 0.2735
2025-05-03 10:58:58,352 - INFO - Using default tokenizer.
2025-05-03 10:58:58,821 - INFO - Paper 17601393 ROUGE-1 F1: 0.6899
2025-05-03 10:58:58,821 - INFO - Paper 17601393 ROUGE-2 F1: 0.4379
2025-05-03 10:58:58,822 - INFO - Paper 17601393 ROUGE-L F1: 0.4941
2025-05-03 10:58:58,822 - INFO - Using default tokenizer.
2025-05-03 10:58:58,962 - INFO - Paper 78499306 ROUGE-1 F1: 0.5640
2025-05-03 10:58:58,962 - INFO - Paper 78499306 ROUGE-2 F1: 0.1985
2025-05-03 10:58:58,962 - INFO - Paper 78499306 ROUGE-L F1: 0.2988
2025-05-03 10:58:58,962 - INFO - Using default tokenizer.
2025-05-03 10:58:59,524 - INFO - Paper 31021586 ROUGE-1 F1: 0.6944
2025-05-03 10:58:59,524 - INFO - Paper 31021586 ROUGE-2 F1: 0.3872
2025-05-03 10:58:59,524 - INFO - Paper 31021586 ROUGE-L F1: 0.4259
2025-05-03 10:58:59,525 - INFO - Using default tokenizer.
2025-05-03 10:58:59,808 - INFO - Paper 30485653 ROUGE-1 F1: 0.5003
2025-05-03 10:58:59,808 - INFO - Paper 30485653 ROUGE-2 F1: 0.1400
2025-05-03 10:58:59,808 - INFO - Paper 30485653 ROUGE-L F1: 0.2270
2025-05-03 10:58:59,809 - INFO - Using default tokenizer.
2025-05-03 10:59:00,308 - INFO - Paper 68340528 ROUGE-1 F1: 0.5835
2025-05-03 10:59:00,308 - INFO - Paper 68340528 ROUGE-2 F1: 0.2306
2025-05-03 10:59:00,308 - INFO - Paper 68340528 ROUGE-L F1: 0.2973
2025-05-03 10:59:00,308 - INFO - Using default tokenizer.
2025-05-03 10:59:00,337 - INFO - Paper 56843191 ROUGE-1 F1: 0.4158
2025-05-03 10:59:00,337 - INFO - Paper 56843191 ROUGE-2 F1: 0.1258
2025-05-03 10:59:00,338 - INFO - Paper 56843191 ROUGE-L F1: 0.2013
2025-05-03 10:59:00,338 - INFO - Using default tokenizer.
2025-05-03 10:59:00,470 - INFO - Paper 84030160 ROUGE-1 F1: 0.6284
2025-05-03 10:59:00,470 - INFO - Paper 84030160 ROUGE-2 F1: 0.4221
2025-05-03 10:59:00,470 - INFO - Paper 84030160 ROUGE-L F1: 0.4966
2025-05-03 10:59:00,471 - INFO - Using default tokenizer.
2025-05-03 10:59:00,541 - INFO - Paper 85853580 ROUGE-1 F1: 0.4447
2025-05-03 10:59:00,541 - INFO - Paper 85853580 ROUGE-2 F1: 0.1227
2025-05-03 10:59:00,541 - INFO - Paper 85853580 ROUGE-L F1: 0.1869
2025-05-03 10:59:00,541 - INFO - Using default tokenizer.
2025-05-03 10:59:00,567 - INFO - Paper 7570292 ROUGE-1 F1: 0.4708
2025-05-03 10:59:00,567 - INFO - Paper 7570292 ROUGE-2 F1: 0.1456
2025-05-03 10:59:00,567 - INFO - Paper 7570292 ROUGE-L F1: 0.2796
2025-05-03 10:59:00,568 - INFO - Using default tokenizer.
2025-05-03 10:59:00,738 - INFO - Paper 26668230 ROUGE-1 F1: 0.6612
2025-05-03 10:59:00,738 - INFO - Paper 26668230 ROUGE-2 F1: 0.2863
2025-05-03 10:59:00,738 - INFO - Paper 26668230 ROUGE-L F1: 0.3546
2025-05-03 10:59:00,738 - INFO - Using default tokenizer.
2025-05-03 10:59:00,767 - INFO - Paper 58884367 ROUGE-1 F1: 0.3204
2025-05-03 10:59:00,767 - INFO - Paper 58884367 ROUGE-2 F1: 0.0440
2025-05-03 10:59:00,767 - INFO - Paper 58884367 ROUGE-L F1: 0.1754
2025-05-03 10:59:00,767 - INFO - Using default tokenizer.
2025-05-03 10:59:00,866 - INFO - Paper 65123124 ROUGE-1 F1: 0.6155
2025-05-03 10:59:00,866 - INFO - Paper 65123124 ROUGE-2 F1: 0.3129
2025-05-03 10:59:00,866 - INFO - Paper 65123124 ROUGE-L F1: 0.3909
2025-05-03 10:59:00,867 - INFO - Using default tokenizer.
2025-05-03 10:59:00,973 - INFO - Paper 78841597 ROUGE-1 F1: 0.6231
2025-05-03 10:59:00,973 - INFO - Paper 78841597 ROUGE-2 F1: 0.3236
2025-05-03 10:59:00,973 - INFO - Paper 78841597 ROUGE-L F1: 0.4042
2025-05-03 10:59:00,973 - INFO - Using default tokenizer.
2025-05-03 10:59:01,211 - INFO - Paper 33126132 ROUGE-1 F1: 0.6206
2025-05-03 10:59:01,211 - INFO - Paper 33126132 ROUGE-2 F1: 0.3642
2025-05-03 10:59:01,211 - INFO - Paper 33126132 ROUGE-L F1: 0.4277
2025-05-03 10:59:01,212 - INFO - Using default tokenizer.
2025-05-03 10:59:01,386 - INFO - Paper 8784223 ROUGE-1 F1: 0.6261
2025-05-03 10:59:01,386 - INFO - Paper 8784223 ROUGE-2 F1: 0.2224
2025-05-03 10:59:01,386 - INFO - Paper 8784223 ROUGE-L F1: 0.3023
2025-05-03 10:59:01,386 - INFO - Using default tokenizer.
2025-05-03 10:59:01,487 - INFO - Paper 57983162 ROUGE-1 F1: 0.4275
2025-05-03 10:59:01,487 - INFO - Paper 57983162 ROUGE-2 F1: 0.1135
2025-05-03 10:59:01,487 - INFO - Paper 57983162 ROUGE-L F1: 0.1820
2025-05-03 10:59:01,487 - INFO - Using default tokenizer.
2025-05-03 10:59:01,887 - INFO - Paper 9563928 ROUGE-1 F1: 0.6882
2025-05-03 10:59:01,887 - INFO - Paper 9563928 ROUGE-2 F1: 0.4362
2025-05-03 10:59:01,887 - INFO - Paper 9563928 ROUGE-L F1: 0.4836
2025-05-03 10:59:01,887 - INFO - Using default tokenizer.
2025-05-03 10:59:01,973 - INFO - Paper 94646863 ROUGE-1 F1: 0.5875
2025-05-03 10:59:01,973 - INFO - Paper 94646863 ROUGE-2 F1: 0.2636
2025-05-03 10:59:01,973 - INFO - Paper 94646863 ROUGE-L F1: 0.3798
2025-05-03 10:59:01,974 - INFO - Using default tokenizer.
2025-05-03 10:59:02,106 - INFO - Paper 17350626 ROUGE-1 F1: 0.4240
2025-05-03 10:59:02,107 - INFO - Paper 17350626 ROUGE-2 F1: 0.1157
2025-05-03 10:59:02,107 - INFO - Paper 17350626 ROUGE-L F1: 0.1930
2025-05-03 10:59:02,107 - INFO - Using default tokenizer.
2025-05-03 10:59:02,125 - INFO - Paper 49439664 ROUGE-1 F1: 0.6290
2025-05-03 10:59:02,125 - INFO - Paper 49439664 ROUGE-2 F1: 0.2500
2025-05-03 10:59:02,125 - INFO - Paper 49439664 ROUGE-L F1: 0.4299
2025-05-03 10:59:02,125 - INFO - Using default tokenizer.
2025-05-03 10:59:02,448 - INFO - Paper 2852538 ROUGE-1 F1: 0.6627
2025-05-03 10:59:02,449 - INFO - Paper 2852538 ROUGE-2 F1: 0.3137
2025-05-03 10:59:02,449 - INFO - Paper 2852538 ROUGE-L F1: 0.3622
2025-05-03 10:59:02,449 - INFO - Using default tokenizer.
2025-05-03 10:59:03,069 - INFO - Paper 74156567 ROUGE-1 F1: 0.7653
2025-05-03 10:59:03,070 - INFO - Paper 74156567 ROUGE-2 F1: 0.4935
2025-05-03 10:59:03,070 - INFO - Paper 74156567 ROUGE-L F1: 0.5436
2025-05-03 10:59:03,070 - INFO - Using default tokenizer.
2025-05-03 10:59:03,250 - INFO - Paper 19173630 ROUGE-1 F1: 0.4535
2025-05-03 10:59:03,251 - INFO - Paper 19173630 ROUGE-2 F1: 0.1218
2025-05-03 10:59:03,251 - INFO - Paper 19173630 ROUGE-L F1: 0.1697
2025-05-03 10:59:03,251 - INFO - Using default tokenizer.
2025-05-03 10:59:03,423 - INFO - Paper 78861774 ROUGE-1 F1: 0.6595
2025-05-03 10:59:03,423 - INFO - Paper 78861774 ROUGE-2 F1: 0.3081
2025-05-03 10:59:03,423 - INFO - Paper 78861774 ROUGE-L F1: 0.4147
2025-05-03 10:59:03,423 - INFO - Using default tokenizer.
2025-05-03 10:59:03,791 - INFO - Paper 202387 ROUGE-1 F1: 0.6887
2025-05-03 10:59:03,791 - INFO - Paper 202387 ROUGE-2 F1: 0.3511
2025-05-03 10:59:03,791 - INFO - Paper 202387 ROUGE-L F1: 0.4160
2025-05-03 10:59:03,792 - INFO - Using default tokenizer.
2025-05-03 10:59:03,815 - INFO - Paper 85933068 ROUGE-1 F1: 0.4797
2025-05-03 10:59:03,815 - INFO - Paper 85933068 ROUGE-2 F1: 0.1631
2025-05-03 10:59:03,815 - INFO - Paper 85933068 ROUGE-L F1: 0.2553
2025-05-03 10:59:03,815 - INFO - Using default tokenizer.
2025-05-03 10:59:03,935 - INFO - Paper 81057283 ROUGE-1 F1: 0.7088
2025-05-03 10:59:03,935 - INFO - Paper 81057283 ROUGE-2 F1: 0.4809
2025-05-03 10:59:03,935 - INFO - Paper 81057283 ROUGE-L F1: 0.5272
2025-05-03 10:59:03,935 - INFO - Using default tokenizer.
2025-05-03 10:59:04,000 - INFO - Paper 31183232 ROUGE-1 F1: 0.6952
2025-05-03 10:59:04,000 - INFO - Paper 31183232 ROUGE-2 F1: 0.4194
2025-05-03 10:59:04,000 - INFO - Paper 31183232 ROUGE-L F1: 0.4927
2025-05-03 10:59:04,001 - INFO - Using default tokenizer.
2025-05-03 10:59:04,524 - INFO - Paper 17754953 ROUGE-1 F1: 0.7858
2025-05-03 10:59:04,524 - INFO - Paper 17754953 ROUGE-2 F1: 0.5401
2025-05-03 10:59:04,524 - INFO - Paper 17754953 ROUGE-L F1: 0.6067
2025-05-03 10:59:04,524 - INFO - Using default tokenizer.
2025-05-03 10:59:04,531 - INFO - Paper 33015723 ROUGE-1 F1: 0.4615
2025-05-03 10:59:04,531 - INFO - Paper 33015723 ROUGE-2 F1: 0.0775
2025-05-03 10:59:04,531 - INFO - Paper 33015723 ROUGE-L F1: 0.2462
2025-05-03 10:59:04,532 - INFO - Using default tokenizer.
2025-05-03 10:59:04,917 - INFO - Paper 76635514 ROUGE-1 F1: 0.7459
2025-05-03 10:59:04,917 - INFO - Paper 76635514 ROUGE-2 F1: 0.5410
2025-05-03 10:59:04,917 - INFO - Paper 76635514 ROUGE-L F1: 0.5964
2025-05-03 10:59:04,918 - INFO - Using default tokenizer.
2025-05-03 10:59:05,017 - INFO - Paper 11636296 ROUGE-1 F1: 0.6105
2025-05-03 10:59:05,017 - INFO - Paper 11636296 ROUGE-2 F1: 0.2988
2025-05-03 10:59:05,017 - INFO - Paper 11636296 ROUGE-L F1: 0.4070
2025-05-03 10:59:05,017 - INFO - Using default tokenizer.
2025-05-03 10:59:05,190 - INFO - Paper 85123331 ROUGE-1 F1: 0.7880
2025-05-03 10:59:05,190 - INFO - Paper 85123331 ROUGE-2 F1: 0.6580
2025-05-03 10:59:05,190 - INFO - Paper 85123331 ROUGE-L F1: 0.6912
2025-05-03 10:59:05,190 - INFO - Using default tokenizer.
2025-05-03 10:59:05,768 - INFO - Paper 49333267 ROUGE-1 F1: 0.7617
2025-05-03 10:59:05,768 - INFO - Paper 49333267 ROUGE-2 F1: 0.4792
2025-05-03 10:59:05,768 - INFO - Paper 49333267 ROUGE-L F1: 0.5335
2025-05-03 10:59:05,769 - INFO - Using default tokenizer.
2025-05-03 10:59:06,356 - INFO - Paper 10587146 ROUGE-1 F1: 0.6997
2025-05-03 10:59:06,356 - INFO - Paper 10587146 ROUGE-2 F1: 0.3636
2025-05-03 10:59:06,356 - INFO - Paper 10587146 ROUGE-L F1: 0.4210
2025-05-03 10:59:06,356 - INFO - Using default tokenizer.
2025-05-03 10:59:06,853 - INFO - Paper 28727146 ROUGE-1 F1: 0.6780
2025-05-03 10:59:06,854 - INFO - Paper 28727146 ROUGE-2 F1: 0.3886
2025-05-03 10:59:06,854 - INFO - Paper 28727146 ROUGE-L F1: 0.4407
2025-05-03 10:59:06,854 - INFO - Using default tokenizer.
2025-05-03 10:59:07,257 - INFO - Paper 57114772 ROUGE-1 F1: 0.7096
2025-05-03 10:59:07,258 - INFO - Paper 57114772 ROUGE-2 F1: 0.4205
2025-05-03 10:59:07,258 - INFO - Paper 57114772 ROUGE-L F1: 0.4316
2025-05-03 10:59:07,258 - INFO - Using default tokenizer.
2025-05-03 10:59:07,340 - INFO - Paper 94730041 ROUGE-1 F1: 0.5169
2025-05-03 10:59:07,340 - INFO - Paper 94730041 ROUGE-2 F1: 0.1315
2025-05-03 10:59:07,340 - INFO - Paper 94730041 ROUGE-L F1: 0.2326
2025-05-03 10:59:07,341 - INFO - Using default tokenizer.
2025-05-03 10:59:07,931 - INFO - Paper 61298922 ROUGE-1 F1: 0.7439
2025-05-03 10:59:07,932 - INFO - Paper 61298922 ROUGE-2 F1: 0.4364
2025-05-03 10:59:07,932 - INFO - Paper 61298922 ROUGE-L F1: 0.4962
2025-05-03 10:59:07,932 - INFO - Using default tokenizer.
2025-05-03 10:59:08,365 - INFO - Paper 36051826 ROUGE-1 F1: 0.7244
2025-05-03 10:59:08,365 - INFO - Paper 36051826 ROUGE-2 F1: 0.4137
2025-05-03 10:59:08,365 - INFO - Paper 36051826 ROUGE-L F1: 0.4573
2025-05-03 10:59:08,365 - INFO - Using default tokenizer.
2025-05-03 10:59:08,540 - INFO - Paper 7912651 ROUGE-1 F1: 0.7482
2025-05-03 10:59:08,540 - INFO - Paper 7912651 ROUGE-2 F1: 0.5514
2025-05-03 10:59:08,541 - INFO - Paper 7912651 ROUGE-L F1: 0.6206
2025-05-03 10:59:08,541 - INFO - Using default tokenizer.
2025-05-03 10:59:08,615 - INFO - Paper 74164301 ROUGE-1 F1: 0.5623
2025-05-03 10:59:08,615 - INFO - Paper 74164301 ROUGE-2 F1: 0.2085
2025-05-03 10:59:08,615 - INFO - Paper 74164301 ROUGE-L F1: 0.2842
2025-05-03 10:59:08,615 - INFO - Using default tokenizer.
2025-05-03 10:59:08,670 - INFO - Paper 72788236 ROUGE-1 F1: 0.4727
2025-05-03 10:59:08,670 - INFO - Paper 72788236 ROUGE-2 F1: 0.1337
2025-05-03 10:59:08,670 - INFO - Paper 72788236 ROUGE-L F1: 0.2424
2025-05-03 10:59:08,671 - INFO - Using default tokenizer.
2025-05-03 10:59:09,140 - INFO - Paper 93025332 ROUGE-1 F1: 0.8119
2025-05-03 10:59:09,140 - INFO - Paper 93025332 ROUGE-2 F1: 0.6987
2025-05-03 10:59:09,141 - INFO - Paper 93025332 ROUGE-L F1: 0.7273
2025-05-03 10:59:09,141 - INFO - Using default tokenizer.
2025-05-03 10:59:09,284 - INFO - Paper 43650136 ROUGE-1 F1: 0.4485
2025-05-03 10:59:09,284 - INFO - Paper 43650136 ROUGE-2 F1: 0.1424
2025-05-03 10:59:09,284 - INFO - Paper 43650136 ROUGE-L F1: 0.2177
2025-05-03 10:59:09,284 - INFO - Using default tokenizer.
2025-05-03 10:59:09,317 - INFO - Paper 62769214 ROUGE-1 F1: 0.4458
2025-05-03 10:59:09,318 - INFO - Paper 62769214 ROUGE-2 F1: 0.0901
2025-05-03 10:59:09,318 - INFO - Paper 62769214 ROUGE-L F1: 0.2291
2025-05-03 10:59:09,318 - INFO - Using default tokenizer.
2025-05-03 10:59:09,343 - INFO - Paper 52492536 ROUGE-1 F1: 0.2888
2025-05-03 10:59:09,343 - INFO - Paper 52492536 ROUGE-2 F1: 0.0762
2025-05-03 10:59:09,343 - INFO - Paper 52492536 ROUGE-L F1: 0.1459
2025-05-03 10:59:09,343 - INFO - Using default tokenizer.
2025-05-03 10:59:09,882 - INFO - Paper 53935450 ROUGE-1 F1: 0.6598
2025-05-03 10:59:09,882 - INFO - Paper 53935450 ROUGE-2 F1: 0.3435
2025-05-03 10:59:09,882 - INFO - Paper 53935450 ROUGE-L F1: 0.3791
2025-05-03 10:59:09,883 - INFO - Using default tokenizer.
2025-05-03 10:59:09,948 - INFO - Paper 7120002 ROUGE-1 F1: 0.6149
2025-05-03 10:59:09,949 - INFO - Paper 7120002 ROUGE-2 F1: 0.2358
2025-05-03 10:59:09,949 - INFO - Paper 7120002 ROUGE-L F1: 0.3552
2025-05-03 10:59:09,949 - INFO - Using default tokenizer.
2025-05-03 10:59:10,350 - INFO - Paper 30995172 ROUGE-1 F1: 0.7882
2025-05-03 10:59:10,350 - INFO - Paper 30995172 ROUGE-2 F1: 0.5901
2025-05-03 10:59:10,350 - INFO - Paper 30995172 ROUGE-L F1: 0.6390
2025-05-03 10:59:10,351 - INFO - Using default tokenizer.
2025-05-03 10:59:10,579 - INFO - Paper 97703387 ROUGE-1 F1: 0.7842
2025-05-03 10:59:10,579 - INFO - Paper 97703387 ROUGE-2 F1: 0.6010
2025-05-03 10:59:10,579 - INFO - Paper 97703387 ROUGE-L F1: 0.6574
2025-05-03 10:59:10,580 - INFO - Using default tokenizer.
2025-05-03 10:59:10,678 - INFO - Paper 53721399 ROUGE-1 F1: 0.5958
2025-05-03 10:59:10,678 - INFO - Paper 53721399 ROUGE-2 F1: 0.2289
2025-05-03 10:59:10,678 - INFO - Paper 53721399 ROUGE-L F1: 0.3374
2025-05-03 10:59:10,678 - INFO - Using default tokenizer.
2025-05-03 10:59:10,784 - INFO - Paper 16124640 ROUGE-1 F1: 0.4684
2025-05-03 10:59:10,784 - INFO - Paper 16124640 ROUGE-2 F1: 0.1547
2025-05-03 10:59:10,785 - INFO - Paper 16124640 ROUGE-L F1: 0.2104
2025-05-03 10:59:10,785 - INFO - Using default tokenizer.
2025-05-03 10:59:10,857 - INFO - Paper 69976012 ROUGE-1 F1: 0.5681
2025-05-03 10:59:10,857 - INFO - Paper 69976012 ROUGE-2 F1: 0.2416
2025-05-03 10:59:10,857 - INFO - Paper 69976012 ROUGE-L F1: 0.3208
2025-05-03 10:59:10,857 - INFO - Using default tokenizer.
2025-05-03 10:59:11,066 - INFO - Paper 74547298 ROUGE-1 F1: 0.6302
2025-05-03 10:59:11,066 - INFO - Paper 74547298 ROUGE-2 F1: 0.3971
2025-05-03 10:59:11,066 - INFO - Paper 74547298 ROUGE-L F1: 0.4538
2025-05-03 10:59:11,066 - INFO - Using default tokenizer.
2025-05-03 10:59:11,164 - INFO - Paper 7255717 ROUGE-1 F1: 0.4166
2025-05-03 10:59:11,164 - INFO - Paper 7255717 ROUGE-2 F1: 0.0849
2025-05-03 10:59:11,164 - INFO - Paper 7255717 ROUGE-L F1: 0.1948
2025-05-03 10:59:11,164 - INFO - Using default tokenizer.
2025-05-03 10:59:11,183 - INFO - Paper 29962756 ROUGE-1 F1: 0.4946
2025-05-03 10:59:11,183 - INFO - Paper 29962756 ROUGE-2 F1: 0.1917
2025-05-03 10:59:11,183 - INFO - Paper 29962756 ROUGE-L F1: 0.2993
2025-05-03 10:59:11,183 - INFO - Using default tokenizer.
2025-05-03 10:59:11,318 - INFO - Paper 31303819 ROUGE-1 F1: 0.6844
2025-05-03 10:59:11,318 - INFO - Paper 31303819 ROUGE-2 F1: 0.3656
2025-05-03 10:59:11,318 - INFO - Paper 31303819 ROUGE-L F1: 0.4228
2025-05-03 10:59:11,318 - INFO - Using default tokenizer.
2025-05-03 10:59:11,331 - INFO - Paper 29981772 ROUGE-1 F1: 0.4362
2025-05-03 10:59:11,332 - INFO - Paper 29981772 ROUGE-2 F1: 0.1176
2025-05-03 10:59:11,332 - INFO - Paper 29981772 ROUGE-L F1: 0.2500
2025-05-03 10:59:11,332 - INFO - Using default tokenizer.
2025-05-03 10:59:11,383 - INFO - Paper 15643187 ROUGE-1 F1: 0.4170
2025-05-03 10:59:11,383 - INFO - Paper 15643187 ROUGE-2 F1: 0.1076
2025-05-03 10:59:11,384 - INFO - Paper 15643187 ROUGE-L F1: 0.2022
2025-05-03 10:59:11,384 - INFO - Using default tokenizer.
2025-05-03 10:59:11,430 - INFO - Paper 18322264 ROUGE-1 F1: 0.5901
2025-05-03 10:59:11,430 - INFO - Paper 18322264 ROUGE-2 F1: 0.1954
2025-05-03 10:59:11,431 - INFO - Paper 18322264 ROUGE-L F1: 0.3151
2025-05-03 10:59:11,431 - INFO - Using default tokenizer.
2025-05-03 10:59:11,485 - INFO - Paper 30748495 ROUGE-1 F1: 0.5854
2025-05-03 10:59:11,485 - INFO - Paper 30748495 ROUGE-2 F1: 0.2054
2025-05-03 10:59:11,486 - INFO - Paper 30748495 ROUGE-L F1: 0.2829
2025-05-03 10:59:11,486 - INFO - Using default tokenizer.
2025-05-03 10:59:11,765 - INFO - Paper 48091191 ROUGE-1 F1: 0.7083
2025-05-03 10:59:11,765 - INFO - Paper 48091191 ROUGE-2 F1: 0.4278
2025-05-03 10:59:11,766 - INFO - Paper 48091191 ROUGE-L F1: 0.4722
2025-05-03 10:59:11,766 - INFO - Using default tokenizer.
2025-05-03 10:59:11,940 - INFO - Paper 39353178 ROUGE-1 F1: 0.5652
2025-05-03 10:59:11,940 - INFO - Paper 39353178 ROUGE-2 F1: 0.1358
2025-05-03 10:59:11,940 - INFO - Paper 39353178 ROUGE-L F1: 0.2128
2025-05-03 10:59:11,940 - INFO - Using default tokenizer.
2025-05-03 10:59:11,996 - INFO - Paper 60516406 ROUGE-1 F1: 0.4419
2025-05-03 10:59:11,996 - INFO - Paper 60516406 ROUGE-2 F1: 0.0979
2025-05-03 10:59:11,996 - INFO - Paper 60516406 ROUGE-L F1: 0.1930
2025-05-03 10:59:11,997 - INFO - Using default tokenizer.
2025-05-03 10:59:12,108 - INFO - Paper 30789903 ROUGE-1 F1: 0.5969
2025-05-03 10:59:12,108 - INFO - Paper 30789903 ROUGE-2 F1: 0.2669
2025-05-03 10:59:12,108 - INFO - Paper 30789903 ROUGE-L F1: 0.3824
2025-05-03 10:59:12,108 - INFO - Using default tokenizer.
2025-05-03 10:59:12,210 - INFO - Paper 18521109 ROUGE-1 F1: 0.4889
2025-05-03 10:59:12,210 - INFO - Paper 18521109 ROUGE-2 F1: 0.1203
2025-05-03 10:59:12,210 - INFO - Paper 18521109 ROUGE-L F1: 0.2024
2025-05-03 10:59:12,211 - INFO - Using default tokenizer.
2025-05-03 10:59:12,664 - INFO - Paper 36197895 ROUGE-1 F1: 0.7359
2025-05-03 10:59:12,664 - INFO - Paper 36197895 ROUGE-2 F1: 0.5302
2025-05-03 10:59:12,664 - INFO - Paper 36197895 ROUGE-L F1: 0.5791
2025-05-03 10:59:12,664 - INFO - Using default tokenizer.
2025-05-03 10:59:12,763 - INFO - Paper 24753674 ROUGE-1 F1: 0.3532
2025-05-03 10:59:12,764 - INFO - Paper 24753674 ROUGE-2 F1: 0.1018
2025-05-03 10:59:12,764 - INFO - Paper 24753674 ROUGE-L F1: 0.1677
2025-05-03 10:59:12,764 - INFO - Using default tokenizer.
2025-05-03 10:59:12,782 - INFO - Paper 5681713 ROUGE-1 F1: 0.6161
2025-05-03 10:59:12,782 - INFO - Paper 5681713 ROUGE-2 F1: 0.4529
2025-05-03 10:59:12,782 - INFO - Paper 5681713 ROUGE-L F1: 0.5357
2025-05-03 10:59:12,782 - INFO - Using default tokenizer.
2025-05-03 10:59:12,786 - INFO - Paper 21919380 ROUGE-1 F1: 0.0000
2025-05-03 10:59:12,786 - INFO - Paper 21919380 ROUGE-2 F1: 0.0000
2025-05-03 10:59:12,786 - INFO - Paper 21919380 ROUGE-L F1: 0.0000
2025-05-03 10:59:12,786 - INFO - Using default tokenizer.
2025-05-03 10:59:13,039 - INFO - Paper 11354749 ROUGE-1 F1: 0.6527
2025-05-03 10:59:13,039 - INFO - Paper 11354749 ROUGE-2 F1: 0.4330
2025-05-03 10:59:13,040 - INFO - Paper 11354749 ROUGE-L F1: 0.5059
2025-05-03 10:59:13,040 - INFO - Using default tokenizer.
2025-05-03 10:59:13,724 - INFO - Paper 60253398 ROUGE-1 F1: 0.7687
2025-05-03 10:59:13,724 - INFO - Paper 60253398 ROUGE-2 F1: 0.4934
2025-05-03 10:59:13,724 - INFO - Paper 60253398 ROUGE-L F1: 0.5457
2025-05-03 10:59:13,724 - INFO - Using default tokenizer.
2025-05-03 10:59:13,753 - INFO - Paper 2774914 ROUGE-1 F1: 0.4662
2025-05-03 10:59:13,753 - INFO - Paper 2774914 ROUGE-2 F1: 0.0857
2025-05-03 10:59:13,753 - INFO - Paper 2774914 ROUGE-L F1: 0.2384
2025-05-03 10:59:13,753 - INFO - Using default tokenizer.
2025-05-03 10:59:14,378 - INFO - Paper 8455503 ROUGE-1 F1: 0.8180
2025-05-03 10:59:14,378 - INFO - Paper 8455503 ROUGE-2 F1: 0.6185
2025-05-03 10:59:14,378 - INFO - Paper 8455503 ROUGE-L F1: 0.6265
2025-05-03 10:59:14,379 - INFO - Using default tokenizer.
2025-05-03 10:59:14,393 - INFO - Paper 99440206 ROUGE-1 F1: 0.4925
2025-05-03 10:59:14,393 - INFO - Paper 99440206 ROUGE-2 F1: 0.1500
2025-05-03 10:59:14,394 - INFO - Paper 99440206 ROUGE-L F1: 0.2985
2025-05-03 10:59:14,394 - INFO - Using default tokenizer.
2025-05-03 10:59:14,889 - INFO - Paper 8984509 ROUGE-1 F1: 0.7356
2025-05-03 10:59:14,889 - INFO - Paper 8984509 ROUGE-2 F1: 0.4469
2025-05-03 10:59:14,889 - INFO - Paper 8984509 ROUGE-L F1: 0.5107
2025-05-03 10:59:14,889 - INFO - Using default tokenizer.
2025-05-03 10:59:15,054 - INFO - Paper 86508243 ROUGE-1 F1: 0.5308
2025-05-03 10:59:15,054 - INFO - Paper 86508243 ROUGE-2 F1: 0.1329
2025-05-03 10:59:15,054 - INFO - Paper 86508243 ROUGE-L F1: 0.2093
2025-05-03 10:59:15,054 - INFO - Using default tokenizer.
2025-05-03 10:59:15,059 - INFO - Paper 97592875 ROUGE-1 F1: 0.3188
2025-05-03 10:59:15,059 - INFO - Paper 97592875 ROUGE-2 F1: 0.0488
2025-05-03 10:59:15,059 - INFO - Paper 97592875 ROUGE-L F1: 0.1739
2025-05-03 10:59:15,059 - INFO - Using default tokenizer.
2025-05-03 10:59:15,142 - INFO - Paper 45186835 ROUGE-1 F1: 0.6482
2025-05-03 10:59:15,142 - INFO - Paper 45186835 ROUGE-2 F1: 0.4059
2025-05-03 10:59:15,142 - INFO - Paper 45186835 ROUGE-L F1: 0.4348
2025-05-03 10:59:15,142 - INFO - Using default tokenizer.
2025-05-03 10:59:15,219 - INFO - Paper 24312671 ROUGE-1 F1: 0.6346
2025-05-03 10:59:15,219 - INFO - Paper 24312671 ROUGE-2 F1: 0.3230
2025-05-03 10:59:15,219 - INFO - Paper 24312671 ROUGE-L F1: 0.4284
2025-05-03 10:59:15,220 - INFO - Using default tokenizer.
2025-05-03 10:59:15,518 - INFO - Paper 49139111 ROUGE-1 F1: 0.6092
2025-05-03 10:59:15,518 - INFO - Paper 49139111 ROUGE-2 F1: 0.1992
2025-05-03 10:59:15,518 - INFO - Paper 49139111 ROUGE-L F1: 0.2790
2025-05-03 10:59:15,518 - INFO - Using default tokenizer.
2025-05-03 10:59:15,550 - INFO - Paper 32560739 ROUGE-1 F1: 0.5879
2025-05-03 10:59:15,550 - INFO - Paper 32560739 ROUGE-2 F1: 0.2596
2025-05-03 10:59:15,550 - INFO - Paper 32560739 ROUGE-L F1: 0.3450
2025-05-03 10:59:15,550 - INFO - Using default tokenizer.
2025-05-03 10:59:15,753 - INFO - Paper 73414525 ROUGE-1 F1: 0.4872
2025-05-03 10:59:15,753 - INFO - Paper 73414525 ROUGE-2 F1: 0.1034
2025-05-03 10:59:15,754 - INFO - Paper 73414525 ROUGE-L F1: 0.2079
2025-05-03 10:59:15,754 - INFO - Using default tokenizer.
2025-05-03 10:59:15,837 - INFO - Paper 97980035 ROUGE-1 F1: 0.6513
2025-05-03 10:59:15,837 - INFO - Paper 97980035 ROUGE-2 F1: 0.3842
2025-05-03 10:59:15,837 - INFO - Paper 97980035 ROUGE-L F1: 0.4817
2025-05-03 10:59:15,837 - INFO - Using default tokenizer.
2025-05-03 10:59:16,135 - INFO - Paper 12625177 ROUGE-1 F1: 0.6947
2025-05-03 10:59:16,136 - INFO - Paper 12625177 ROUGE-2 F1: 0.4654
2025-05-03 10:59:16,136 - INFO - Paper 12625177 ROUGE-L F1: 0.5231
2025-05-03 10:59:16,136 - INFO - Using default tokenizer.
2025-05-03 10:59:16,200 - INFO - Paper 36278339 ROUGE-1 F1: 0.5702
2025-05-03 10:59:16,200 - INFO - Paper 36278339 ROUGE-2 F1: 0.2232
2025-05-03 10:59:16,200 - INFO - Paper 36278339 ROUGE-L F1: 0.3341
2025-05-03 10:59:16,200 - INFO - Using default tokenizer.
2025-05-03 10:59:16,404 - INFO - Paper 91633253 ROUGE-1 F1: 0.7876
2025-05-03 10:59:16,404 - INFO - Paper 91633253 ROUGE-2 F1: 0.5759
2025-05-03 10:59:16,404 - INFO - Paper 91633253 ROUGE-L F1: 0.6410
2025-05-03 10:59:16,405 - INFO - Using default tokenizer.
2025-05-03 10:59:16,421 - INFO - Paper 6799048 ROUGE-1 F1: 0.4419
2025-05-03 10:59:16,421 - INFO - Paper 6799048 ROUGE-2 F1: 0.0654
2025-05-03 10:59:16,421 - INFO - Paper 6799048 ROUGE-L F1: 0.2000
2025-05-03 10:59:16,421 - INFO - Using default tokenizer.
2025-05-03 10:59:16,474 - INFO - Paper 5180208 ROUGE-1 F1: 0.5746
2025-05-03 10:59:16,474 - INFO - Paper 5180208 ROUGE-2 F1: 0.2195
2025-05-03 10:59:16,474 - INFO - Paper 5180208 ROUGE-L F1: 0.3209
2025-05-03 10:59:16,474 - INFO - Using default tokenizer.
2025-05-03 10:59:16,746 - INFO - Paper 597051 ROUGE-1 F1: 0.5510
2025-05-03 10:59:16,746 - INFO - Paper 597051 ROUGE-2 F1: 0.1410
2025-05-03 10:59:16,747 - INFO - Paper 597051 ROUGE-L F1: 0.2106
2025-05-03 10:59:16,747 - INFO - Using default tokenizer.
2025-05-03 10:59:17,254 - INFO - Paper 23313716 ROUGE-1 F1: 0.7601
2025-05-03 10:59:17,254 - INFO - Paper 23313716 ROUGE-2 F1: 0.5282
2025-05-03 10:59:17,254 - INFO - Paper 23313716 ROUGE-L F1: 0.5798
2025-05-03 10:59:17,255 - INFO - Using default tokenizer.
2025-05-03 10:59:17,307 - INFO - Paper 88969640 ROUGE-1 F1: 0.5297
2025-05-03 10:59:17,307 - INFO - Paper 88969640 ROUGE-2 F1: 0.1787
2025-05-03 10:59:17,307 - INFO - Paper 88969640 ROUGE-L F1: 0.2723
2025-05-03 10:59:17,307 - INFO - Using default tokenizer.
2025-05-03 10:59:17,729 - INFO - Paper 83267919 ROUGE-1 F1: 0.6240
2025-05-03 10:59:17,729 - INFO - Paper 83267919 ROUGE-2 F1: 0.3574
2025-05-03 10:59:17,729 - INFO - Paper 83267919 ROUGE-L F1: 0.4244
2025-05-03 10:59:17,730 - INFO - Using default tokenizer.
2025-05-03 10:59:17,735 - INFO - Paper 73424952 ROUGE-1 F1: 0.2150
2025-05-03 10:59:17,735 - INFO - Paper 73424952 ROUGE-2 F1: 0.0943
2025-05-03 10:59:17,735 - INFO - Paper 73424952 ROUGE-L F1: 0.1495
2025-05-03 10:59:17,735 - INFO - Using default tokenizer.
2025-05-03 10:59:18,270 - INFO - Paper 66912872 ROUGE-1 F1: 0.7424
2025-05-03 10:59:18,270 - INFO - Paper 66912872 ROUGE-2 F1: 0.4462
2025-05-03 10:59:18,270 - INFO - Paper 66912872 ROUGE-L F1: 0.4929
2025-05-03 10:59:18,271 - INFO - Using default tokenizer.
2025-05-03 10:59:18,581 - INFO - Paper 2899329 ROUGE-1 F1: 0.5461
2025-05-03 10:59:18,581 - INFO - Paper 2899329 ROUGE-2 F1: 0.1658
2025-05-03 10:59:18,581 - INFO - Paper 2899329 ROUGE-L F1: 0.2494
2025-05-03 10:59:18,582 - INFO - Using default tokenizer.
2025-05-03 10:59:18,789 - INFO - Paper 56196 ROUGE-1 F1: 0.6094
2025-05-03 10:59:18,789 - INFO - Paper 56196 ROUGE-2 F1: 0.2574
2025-05-03 10:59:18,789 - INFO - Paper 56196 ROUGE-L F1: 0.3461
2025-05-03 10:59:18,789 - INFO - Using default tokenizer.
2025-05-03 10:59:18,959 - INFO - Paper 30189879 ROUGE-1 F1: 0.6314
2025-05-03 10:59:18,959 - INFO - Paper 30189879 ROUGE-2 F1: 0.2966
2025-05-03 10:59:18,959 - INFO - Paper 30189879 ROUGE-L F1: 0.4008
2025-05-03 10:59:18,960 - INFO - Using default tokenizer.
2025-05-03 10:59:19,184 - INFO - Paper 91451160 ROUGE-1 F1: 0.7350
2025-05-03 10:59:19,184 - INFO - Paper 91451160 ROUGE-2 F1: 0.5258
2025-05-03 10:59:19,184 - INFO - Paper 91451160 ROUGE-L F1: 0.5882
2025-05-03 10:59:19,184 - INFO - Using default tokenizer.
2025-05-03 10:59:19,195 - INFO - Paper 66403710 ROUGE-1 F1: 0.1704
2025-05-03 10:59:19,195 - INFO - Paper 66403710 ROUGE-2 F1: 0.0450
2025-05-03 10:59:19,195 - INFO - Paper 66403710 ROUGE-L F1: 0.1076
2025-05-03 10:59:19,195 - INFO - Using default tokenizer.
2025-05-03 10:59:19,286 - INFO - Paper 55410278 ROUGE-1 F1: 0.5478
2025-05-03 10:59:19,286 - INFO - Paper 55410278 ROUGE-2 F1: 0.1880
2025-05-03 10:59:19,287 - INFO - Paper 55410278 ROUGE-L F1: 0.2720
2025-05-03 10:59:19,287 - INFO - Using default tokenizer.
