2025-04-15 00:18:32,618 - INFO - Starting to process papers using heading extraction with keyword 'introduction'
2025-04-15 00:18:32,618 - INFO - Loading gold summaries
2025-04-15 00:18:32,622 - INFO - Loading existing results file: ./jaehyeok/results/summarization_heading_introduction.json
2025-04-15 00:18:32,622 - INFO - No existing results file found, creating new one
2025-04-15 00:18:32,623 - INFO - Found 522 JSON files to process
2025-04-15 00:18:32,632 - INFO - Using default tokenizer.
2025-04-15 00:18:32,679 - INFO - Successfully processed and saved results for 42731227
2025-04-15 00:18:32,680 - INFO - Using default tokenizer.
2025-04-15 00:18:32,801 - INFO - Successfully processed and saved results for 3913778
2025-04-15 00:18:32,803 - INFO - Using default tokenizer.
2025-04-15 00:18:33,006 - INFO - Successfully processed and saved results for 79305631
2025-04-15 00:18:33,007 - INFO - Using default tokenizer.
2025-04-15 00:18:33,073 - INFO - Successfully processed and saved results for 35928796
2025-04-15 00:18:33,074 - INFO - Using default tokenizer.
2025-04-15 00:18:33,151 - INFO - Successfully processed and saved results for 9563928
2025-04-15 00:18:33,152 - INFO - Using default tokenizer.
2025-04-15 00:18:33,207 - INFO - Successfully processed and saved results for 96002700
2025-04-15 00:18:33,208 - INFO - Using default tokenizer.
2025-04-15 00:18:33,228 - INFO - Successfully processed and saved results for 78190587
2025-04-15 00:18:33,228 - INFO - Using default tokenizer.
2025-04-15 00:18:33,246 - INFO - Successfully processed and saved results for 4216862
2025-04-15 00:18:33,247 - INFO - Using default tokenizer.
2025-04-15 00:18:33,291 - INFO - Successfully processed and saved results for 55410278
2025-04-15 00:18:33,291 - WARNING - No summary could be generated for 34187605 using method heading. Skipping...
2025-04-15 00:18:33,292 - INFO - Using default tokenizer.
2025-04-15 00:18:33,335 - INFO - Successfully processed and saved results for 99878837
2025-04-15 00:18:33,336 - INFO - Using default tokenizer.
2025-04-15 00:18:33,453 - INFO - Successfully processed and saved results for 84548548
2025-04-15 00:18:33,454 - INFO - Using default tokenizer.
2025-04-15 00:18:33,501 - INFO - Successfully processed and saved results for 94646863
2025-04-15 00:18:33,502 - INFO - Using default tokenizer.
2025-04-15 00:18:33,540 - INFO - Successfully processed and saved results for 58884367
2025-04-15 00:18:33,542 - INFO - Using default tokenizer.
2025-04-15 00:18:35,175 - INFO - Successfully processed and saved results for 97381495
2025-04-15 00:18:35,176 - INFO - Using default tokenizer.
2025-04-15 00:18:35,254 - INFO - Successfully processed and saved results for 74261188
2025-04-15 00:18:35,255 - INFO - Using default tokenizer.
2025-04-15 00:18:35,315 - INFO - Successfully processed and saved results for 11790475
2025-04-15 00:18:35,316 - INFO - Using default tokenizer.
2025-04-15 00:18:35,395 - INFO - Successfully processed and saved results for 57934330
2025-04-15 00:18:35,396 - INFO - Using default tokenizer.
2025-04-15 00:18:35,628 - INFO - Successfully processed and saved results for 35377831
2025-04-15 00:18:35,629 - INFO - Using default tokenizer.
2025-04-15 00:18:35,695 - INFO - Successfully processed and saved results for 27086937
2025-04-15 00:18:35,696 - INFO - Using default tokenizer.
2025-04-15 00:18:35,752 - INFO - Successfully processed and saved results for 33427271
2025-04-15 00:18:35,753 - INFO - Using default tokenizer.
2025-04-15 00:18:35,793 - INFO - Successfully processed and saved results for 68399070
2025-04-15 00:18:35,794 - INFO - Using default tokenizer.
2025-04-15 00:18:35,902 - INFO - Successfully processed and saved results for 2852538
2025-04-15 00:18:35,904 - INFO - Using default tokenizer.
2025-04-15 00:18:35,920 - INFO - Successfully processed and saved results for 85933068
2025-04-15 00:18:35,921 - INFO - Using default tokenizer.
2025-04-15 00:18:36,000 - INFO - Successfully processed and saved results for 14310989
2025-04-15 00:18:36,001 - INFO - Using default tokenizer.
2025-04-15 00:18:36,044 - INFO - Successfully processed and saved results for 2905851
2025-04-15 00:18:36,045 - INFO - Using default tokenizer.
2025-04-15 00:18:36,072 - INFO - Successfully processed and saved results for 96217072
2025-04-15 00:18:36,073 - INFO - Using default tokenizer.
2025-04-15 00:18:36,336 - INFO - Successfully processed and saved results for 73515355
2025-04-15 00:18:36,337 - INFO - Using default tokenizer.
2025-04-15 00:18:36,504 - INFO - Successfully processed and saved results for 36051826
2025-04-15 00:18:36,504 - INFO - Using default tokenizer.
2025-04-15 00:18:36,638 - INFO - Successfully processed and saved results for 33714440
2025-04-15 00:18:36,639 - INFO - Using default tokenizer.
2025-04-15 00:18:36,671 - INFO - Successfully processed and saved results for 4353776
2025-04-15 00:18:36,671 - INFO - Using default tokenizer.
2025-04-15 00:18:36,759 - INFO - Successfully processed and saved results for 7255717
2025-04-15 00:18:36,760 - INFO - Using default tokenizer.
2025-04-15 00:18:36,819 - INFO - Successfully processed and saved results for 82220044
2025-04-15 00:18:36,820 - INFO - Using default tokenizer.
2025-04-15 00:18:36,892 - INFO - Successfully processed and saved results for 38779502
2025-04-15 00:18:36,893 - INFO - Using default tokenizer.
2025-04-15 00:18:37,046 - INFO - Successfully processed and saved results for 34958521
2025-04-15 00:18:37,047 - INFO - Using default tokenizer.
2025-04-15 00:18:37,465 - INFO - Successfully processed and saved results for 38469042
2025-04-15 00:18:37,466 - INFO - Using default tokenizer.
2025-04-15 00:18:37,647 - INFO - Successfully processed and saved results for 82387857
2025-04-15 00:18:37,648 - INFO - Using default tokenizer.
2025-04-15 00:18:38,001 - INFO - Successfully processed and saved results for 24169489
2025-04-15 00:18:38,002 - INFO - Using default tokenizer.
2025-04-15 00:18:38,259 - INFO - Successfully processed and saved results for 65595064
2025-04-15 00:18:38,260 - INFO - Using default tokenizer.
2025-04-15 00:18:38,489 - INFO - Successfully processed and saved results for 52464539
2025-04-15 00:18:38,490 - INFO - Using default tokenizer.
2025-04-15 00:18:38,532 - INFO - Successfully processed and saved results for 38830210
2025-04-15 00:18:38,533 - INFO - Using default tokenizer.
2025-04-15 00:18:38,688 - INFO - Successfully processed and saved results for 41161677
2025-04-15 00:18:38,688 - INFO - Skipping 1077676 - not in valid_ids list
2025-04-15 00:18:38,689 - INFO - Using default tokenizer.
2025-04-15 00:18:38,856 - INFO - Successfully processed and saved results for 15062404
2025-04-15 00:18:38,857 - INFO - Using default tokenizer.
2025-04-15 00:18:38,946 - INFO - Successfully processed and saved results for 57983162
2025-04-15 00:18:38,947 - INFO - Using default tokenizer.
2025-04-15 00:18:38,974 - INFO - Successfully processed and saved results for 72788236
2025-04-15 00:18:38,974 - INFO - Using default tokenizer.
2025-04-15 00:18:39,000 - INFO - Successfully processed and saved results for 93218559
2025-04-15 00:18:39,000 - INFO - Skipping 24431610 - not in valid_ids list
2025-04-15 00:18:39,001 - INFO - Using default tokenizer.
2025-04-15 00:18:39,062 - INFO - Successfully processed and saved results for 45186835
2025-04-15 00:18:39,062 - INFO - Using default tokenizer.
2025-04-15 00:18:39,199 - INFO - Successfully processed and saved results for 15084340
2025-04-15 00:18:39,200 - INFO - Using default tokenizer.
2025-04-15 00:18:39,302 - INFO - Successfully processed and saved results for 76635514
2025-04-15 00:18:39,303 - INFO - Using default tokenizer.
2025-04-15 00:18:39,609 - INFO - Successfully processed and saved results for 73180675
2025-04-15 00:18:39,610 - INFO - Using default tokenizer.
2025-04-15 00:18:39,652 - INFO - Successfully processed and saved results for 47469397
2025-04-15 00:18:39,653 - WARNING - No summary could be generated for 43687503 using method heading. Skipping...
2025-04-15 00:18:39,653 - INFO - Using default tokenizer.
2025-04-15 00:18:39,850 - INFO - Successfully processed and saved results for 23313716
2025-04-15 00:18:39,850 - INFO - Skipping 70719243 - not in valid_ids list
2025-04-15 00:18:39,851 - INFO - Using default tokenizer.
2025-04-15 00:18:39,873 - INFO - Successfully processed and saved results for 85820029
2025-04-15 00:18:39,873 - INFO - Using default tokenizer.
2025-04-15 00:18:39,946 - INFO - Successfully processed and saved results for 87068449
2025-04-15 00:18:39,947 - INFO - Using default tokenizer.
2025-04-15 00:18:40,001 - INFO - Successfully processed and saved results for 59277766
2025-04-15 00:18:40,002 - INFO - Using default tokenizer.
2025-04-15 00:18:40,116 - INFO - Successfully processed and saved results for 81001972
2025-04-15 00:18:40,116 - INFO - Using default tokenizer.
2025-04-15 00:18:40,150 - INFO - Successfully processed and saved results for 7904666
2025-04-15 00:18:40,151 - INFO - Using default tokenizer.
2025-04-15 00:18:40,203 - INFO - Successfully processed and saved results for 50538257
2025-04-15 00:18:40,204 - INFO - Using default tokenizer.
2025-04-15 00:18:40,292 - INFO - Successfully processed and saved results for 23929837
2025-04-15 00:18:40,293 - INFO - Using default tokenizer.
2025-04-15 00:18:40,377 - INFO - Successfully processed and saved results for 86508243
2025-04-15 00:18:40,378 - INFO - Using default tokenizer.
2025-04-15 00:18:40,542 - INFO - Successfully processed and saved results for 51254358
2025-04-15 00:18:40,543 - INFO - Using default tokenizer.
2025-04-15 00:18:40,578 - INFO - Successfully processed and saved results for 70691684
2025-04-15 00:18:40,578 - INFO - Using default tokenizer.
2025-04-15 00:18:40,649 - INFO - Successfully processed and saved results for 62996279
2025-04-15 00:18:40,649 - INFO - Using default tokenizer.
2025-04-15 00:18:40,679 - INFO - Successfully processed and saved results for 62056200
2025-04-15 00:18:40,680 - INFO - Using default tokenizer.
2025-04-15 00:18:40,825 - INFO - Successfully processed and saved results for 17539393
2025-04-15 00:18:40,827 - INFO - Using default tokenizer.
2025-04-15 00:18:40,928 - INFO - Successfully processed and saved results for 91451160
2025-04-15 00:18:40,930 - INFO - Using default tokenizer.
2025-04-15 00:18:41,352 - INFO - Successfully processed and saved results for 90525296
2025-04-15 00:18:41,353 - INFO - Using default tokenizer.
2025-04-15 00:18:41,414 - INFO - Successfully processed and saved results for 26955055
2025-04-15 00:18:41,414 - INFO - Using default tokenizer.
2025-04-15 00:18:41,451 - INFO - Successfully processed and saved results for 42851012
2025-04-15 00:18:41,451 - INFO - Skipping 60641106 - not in valid_ids list
2025-04-15 00:18:41,452 - INFO - Using default tokenizer.
2025-04-15 00:18:41,486 - INFO - Successfully processed and saved results for 33015723
2025-04-15 00:18:41,488 - INFO - Using default tokenizer.
2025-04-15 00:18:41,517 - INFO - Successfully processed and saved results for 90011197
2025-04-15 00:18:41,518 - INFO - Using default tokenizer.
2025-04-15 00:18:41,720 - INFO - Successfully processed and saved results for 1873334
2025-04-15 00:18:41,720 - INFO - Using default tokenizer.
2025-04-15 00:18:41,763 - INFO - Successfully processed and saved results for 57613420
2025-04-15 00:18:41,764 - INFO - Using default tokenizer.
2025-04-15 00:18:41,961 - INFO - Successfully processed and saved results for 6827132
2025-04-15 00:18:41,962 - INFO - Using default tokenizer.
2025-04-15 00:18:42,027 - INFO - Successfully processed and saved results for 30485653
2025-04-15 00:18:42,028 - INFO - Using default tokenizer.
2025-04-15 00:18:42,118 - INFO - Successfully processed and saved results for 97923725
2025-04-15 00:18:42,119 - INFO - Using default tokenizer.
2025-04-15 00:18:42,179 - INFO - Successfully processed and saved results for 75442340
2025-04-15 00:18:42,180 - INFO - Using default tokenizer.
2025-04-15 00:18:42,313 - INFO - Successfully processed and saved results for 57228237
2025-04-15 00:18:42,314 - INFO - Using default tokenizer.
2025-04-15 00:18:42,330 - INFO - Successfully processed and saved results for 65062778
2025-04-15 00:18:42,331 - INFO - Using default tokenizer.
2025-04-15 00:18:42,557 - INFO - Successfully processed and saved results for 66357293
2025-04-15 00:18:42,558 - INFO - Using default tokenizer.
2025-04-15 00:18:42,596 - INFO - Successfully processed and saved results for 63511892
2025-04-15 00:18:42,597 - INFO - Using default tokenizer.
2025-04-15 00:18:42,656 - INFO - Successfully processed and saved results for 6777051
2025-04-15 00:18:42,656 - INFO - Skipping 28171009 - not in valid_ids list
2025-04-15 00:18:42,657 - INFO - Using default tokenizer.
2025-04-15 00:18:42,737 - INFO - Successfully processed and saved results for 47686356
2025-04-15 00:18:42,737 - INFO - Using default tokenizer.
2025-04-15 00:18:42,805 - INFO - Successfully processed and saved results for 81057283
2025-04-15 00:18:42,807 - INFO - Using default tokenizer.
2025-04-15 00:18:42,876 - INFO - Successfully processed and saved results for 19173630
2025-04-15 00:18:42,876 - INFO - Skipping 74971632 - not in valid_ids list
2025-04-15 00:18:42,877 - INFO - Using default tokenizer.
2025-04-15 00:18:43,052 - INFO - Successfully processed and saved results for 11542688
2025-04-15 00:18:43,054 - INFO - Using default tokenizer.
2025-04-15 00:18:43,159 - INFO - Successfully processed and saved results for 37010180
2025-04-15 00:18:43,160 - INFO - Using default tokenizer.
2025-04-15 00:18:43,236 - INFO - Successfully processed and saved results for 27300559
2025-04-15 00:18:43,237 - INFO - Using default tokenizer.
2025-04-15 00:18:43,440 - INFO - Successfully processed and saved results for 49333267
2025-04-15 00:18:43,440 - INFO - Using default tokenizer.
2025-04-15 00:18:43,660 - INFO - Successfully processed and saved results for 7305163
2025-04-15 00:18:43,661 - INFO - Using default tokenizer.
2025-04-15 00:18:43,704 - INFO - Successfully processed and saved results for 91637218
2025-04-15 00:18:43,705 - INFO - Using default tokenizer.
2025-04-15 00:18:43,876 - INFO - Successfully processed and saved results for 46507565
2025-04-15 00:18:43,877 - INFO - Using default tokenizer.
2025-04-15 00:18:43,931 - INFO - Successfully processed and saved results for 71370947
2025-04-15 00:18:43,934 - INFO - Using default tokenizer.
2025-04-15 00:18:43,997 - INFO - Successfully processed and saved results for 187460
2025-04-15 00:18:43,998 - INFO - Using default tokenizer.
2025-04-15 00:18:44,046 - INFO - Successfully processed and saved results for 94730041
2025-04-15 00:18:44,047 - INFO - Using default tokenizer.
2025-04-15 00:18:44,188 - INFO - Successfully processed and saved results for 37135417
2025-04-15 00:18:44,189 - INFO - Using default tokenizer.
2025-04-15 00:18:44,468 - INFO - Successfully processed and saved results for 66302705
2025-04-15 00:18:44,469 - INFO - Using default tokenizer.
2025-04-15 00:18:44,533 - INFO - Successfully processed and saved results for 74193008
2025-04-15 00:18:44,534 - INFO - Using default tokenizer.
2025-04-15 00:18:44,880 - INFO - Successfully processed and saved results for 84655302
2025-04-15 00:18:44,881 - INFO - Using default tokenizer.
2025-04-15 00:18:44,928 - INFO - Successfully processed and saved results for 78861774
2025-04-15 00:18:44,929 - INFO - Using default tokenizer.
2025-04-15 00:18:45,246 - INFO - Successfully processed and saved results for 32338938
2025-04-15 00:18:45,247 - INFO - Using default tokenizer.
2025-04-15 00:18:45,256 - INFO - Successfully processed and saved results for 80897282
2025-04-15 00:18:45,256 - INFO - Skipping 65847395 - not in valid_ids list
2025-04-15 00:18:45,257 - INFO - Using default tokenizer.
2025-04-15 00:18:45,279 - INFO - Successfully processed and saved results for 39382584
2025-04-15 00:18:45,280 - INFO - Using default tokenizer.
2025-04-15 00:18:45,480 - INFO - Successfully processed and saved results for 87411149
2025-04-15 00:18:45,481 - INFO - Using default tokenizer.
2025-04-15 00:18:45,585 - INFO - Successfully processed and saved results for 24928430
2025-04-15 00:18:45,586 - INFO - Using default tokenizer.
2025-04-15 00:18:45,637 - INFO - Successfully processed and saved results for 98238949
2025-04-15 00:18:45,638 - INFO - Using default tokenizer.
2025-04-15 00:18:45,699 - INFO - Successfully processed and saved results for 26277001
2025-04-15 00:18:45,700 - INFO - Using default tokenizer.
2025-04-15 00:18:45,825 - INFO - Successfully processed and saved results for 2899329
2025-04-15 00:18:45,826 - INFO - Using default tokenizer.
2025-04-15 00:18:45,902 - INFO - Successfully processed and saved results for 55048906
2025-04-15 00:18:45,903 - INFO - Using default tokenizer.
2025-04-15 00:18:46,007 - INFO - Successfully processed and saved results for 87208689
2025-04-15 00:18:46,008 - INFO - Using default tokenizer.
2025-04-15 00:18:46,174 - INFO - Successfully processed and saved results for 25710556
2025-04-15 00:18:46,175 - INFO - Using default tokenizer.
2025-04-15 00:18:46,387 - INFO - Successfully processed and saved results for 28727146
2025-04-15 00:18:46,388 - INFO - Using default tokenizer.
2025-04-15 00:18:46,704 - INFO - Successfully processed and saved results for 76874430
2025-04-15 00:18:46,705 - INFO - Using default tokenizer.
2025-04-15 00:18:46,753 - INFO - Successfully processed and saved results for 42045072
2025-04-15 00:18:46,754 - INFO - Using default tokenizer.
2025-04-15 00:18:46,778 - INFO - Successfully processed and saved results for 81465314
2025-04-15 00:18:46,779 - INFO - Using default tokenizer.
2025-04-15 00:18:46,855 - INFO - Successfully processed and saved results for 36200725
2025-04-15 00:18:46,855 - INFO - Skipping 72992946 - not in valid_ids list
2025-04-15 00:18:46,855 - INFO - Using default tokenizer.
2025-04-15 00:18:46,893 - INFO - Successfully processed and saved results for 97703387
2025-04-15 00:18:46,894 - INFO - Using default tokenizer.
2025-04-15 00:18:46,914 - INFO - Successfully processed and saved results for 99295545
2025-04-15 00:18:46,914 - INFO - Using default tokenizer.
2025-04-15 00:18:47,053 - INFO - Successfully processed and saved results for 88969640
2025-04-15 00:18:47,054 - INFO - Using default tokenizer.
2025-04-15 00:18:47,153 - INFO - Successfully processed and saved results for 13135318
2025-04-15 00:18:47,154 - INFO - Using default tokenizer.
2025-04-15 00:18:47,201 - INFO - Successfully processed and saved results for 45435119
2025-04-15 00:18:47,201 - INFO - Using default tokenizer.
2025-04-15 00:18:47,269 - INFO - Successfully processed and saved results for 47723293
2025-04-15 00:18:47,269 - INFO - Using default tokenizer.
2025-04-15 00:18:47,332 - INFO - Successfully processed and saved results for 31194274
2025-04-15 00:18:47,333 - INFO - Using default tokenizer.
2025-04-15 00:18:47,419 - INFO - Successfully processed and saved results for 97932426
2025-04-15 00:18:47,420 - INFO - Using default tokenizer.
2025-04-15 00:18:47,665 - INFO - Successfully processed and saved results for 11313245
2025-04-15 00:18:47,666 - INFO - Using default tokenizer.
2025-04-15 00:18:47,744 - INFO - Successfully processed and saved results for 69976012
2025-04-15 00:18:47,744 - INFO - Using default tokenizer.
2025-04-15 00:18:47,796 - INFO - Successfully processed and saved results for 30877354
2025-04-15 00:18:47,796 - INFO - Using default tokenizer.
2025-04-15 00:18:47,838 - INFO - Successfully processed and saved results for 26515037
2025-04-15 00:18:47,838 - INFO - Using default tokenizer.
2025-04-15 00:18:47,883 - INFO - Successfully processed and saved results for 93980002
2025-04-15 00:18:47,883 - INFO - Using default tokenizer.
2025-04-15 00:18:48,018 - INFO - Successfully processed and saved results for 83267919
2025-04-15 00:18:48,019 - INFO - Using default tokenizer.
2025-04-15 00:18:48,079 - INFO - Successfully processed and saved results for 17409856
2025-04-15 00:18:48,080 - INFO - Using default tokenizer.
2025-04-15 00:18:48,304 - INFO - Successfully processed and saved results for 92615357
2025-04-15 00:18:48,305 - INFO - Skipping 74977893 - not in valid_ids list
2025-04-15 00:18:48,306 - INFO - Using default tokenizer.
2025-04-15 00:18:48,503 - INFO - Successfully processed and saved results for 72529720
2025-04-15 00:18:48,503 - INFO - Using default tokenizer.
2025-04-15 00:18:48,675 - INFO - Successfully processed and saved results for 53935450
2025-04-15 00:18:48,676 - INFO - Using default tokenizer.
2025-04-15 00:18:48,775 - INFO - Successfully processed and saved results for 30189879
2025-04-15 00:18:48,775 - INFO - Skipping 8240954 - not in valid_ids list
2025-04-15 00:18:48,776 - INFO - Using default tokenizer.
2025-04-15 00:18:48,898 - INFO - Successfully processed and saved results for 11779349
2025-04-15 00:18:48,899 - INFO - Using default tokenizer.
2025-04-15 00:18:49,094 - INFO - Successfully processed and saved results for 36272485
2025-04-15 00:18:49,094 - INFO - Skipping 58600020 - not in valid_ids list
2025-04-15 00:18:49,095 - INFO - Using default tokenizer.
2025-04-15 00:18:49,168 - INFO - Successfully processed and saved results for 59485457
2025-04-15 00:18:49,169 - INFO - Using default tokenizer.
2025-04-15 00:18:49,261 - INFO - Successfully processed and saved results for 98262950
2025-04-15 00:18:49,262 - INFO - Skipping 963444 - not in valid_ids list
2025-04-15 00:18:49,262 - INFO - Using default tokenizer.
2025-04-15 00:18:49,290 - INFO - Successfully processed and saved results for 35704901
2025-04-15 00:18:49,290 - INFO - Using default tokenizer.
2025-04-15 00:18:49,480 - INFO - Successfully processed and saved results for 29474820
2025-04-15 00:18:49,481 - INFO - Using default tokenizer.
2025-04-15 00:18:49,549 - INFO - Successfully processed and saved results for 53809041
2025-04-15 00:18:49,549 - INFO - Using default tokenizer.
2025-04-15 00:18:49,580 - INFO - Successfully processed and saved results for 16973018
2025-04-15 00:18:49,581 - INFO - Using default tokenizer.
2025-04-15 00:18:49,633 - INFO - Successfully processed and saved results for 16124640
2025-04-15 00:18:49,634 - INFO - Using default tokenizer.
2025-04-15 00:18:49,766 - INFO - Successfully processed and saved results for 65756728
2025-04-15 00:18:49,767 - INFO - Using default tokenizer.
2025-04-15 00:18:49,896 - INFO - Successfully processed and saved results for 78499306
2025-04-15 00:18:49,897 - INFO - Using default tokenizer.
2025-04-15 00:18:49,948 - INFO - Successfully processed and saved results for 36278339
2025-04-15 00:18:49,948 - INFO - Using default tokenizer.
2025-04-15 00:18:49,994 - INFO - Successfully processed and saved results for 73414525
2025-04-15 00:18:49,994 - WARNING - No summary could be generated for 60516406 using method heading. Skipping...
2025-04-15 00:18:49,995 - INFO - Using default tokenizer.
2025-04-15 00:18:50,045 - INFO - Successfully processed and saved results for 87558652
2025-04-15 00:18:50,045 - WARNING - No summary could be generated for 13040160 using method heading. Skipping...
2025-04-15 00:18:50,045 - INFO - Skipping 4741660 - not in valid_ids list
2025-04-15 00:18:50,046 - INFO - Using default tokenizer.
2025-04-15 00:18:50,115 - INFO - Successfully processed and saved results for 89581601
2025-04-15 00:18:50,115 - INFO - Skipping 6469050 - not in valid_ids list
2025-04-15 00:18:50,115 - INFO - Using default tokenizer.
2025-04-15 00:18:50,484 - INFO - Successfully processed and saved results for 31021586
2025-04-15 00:18:50,485 - INFO - Using default tokenizer.
2025-04-15 00:18:50,570 - INFO - Successfully processed and saved results for 75937139
2025-04-15 00:18:50,570 - INFO - Using default tokenizer.
2025-04-15 00:18:50,606 - INFO - Successfully processed and saved results for 49519055
2025-04-15 00:18:50,606 - INFO - Using default tokenizer.
2025-04-15 00:18:50,632 - INFO - Successfully processed and saved results for 34524227
2025-04-15 00:18:50,633 - INFO - Using default tokenizer.
2025-04-15 00:18:50,676 - INFO - Successfully processed and saved results for 36779622
2025-04-15 00:18:50,677 - INFO - Using default tokenizer.
2025-04-15 00:18:50,711 - INFO - Successfully processed and saved results for 5180208
2025-04-15 00:18:50,711 - INFO - Using default tokenizer.
2025-04-15 00:18:50,791 - INFO - Successfully processed and saved results for 51458146
2025-04-15 00:18:50,792 - INFO - Using default tokenizer.
2025-04-15 00:18:50,915 - INFO - Successfully processed and saved results for 84030160
2025-04-15 00:18:50,916 - INFO - Using default tokenizer.
2025-04-15 00:18:50,935 - INFO - Successfully processed and saved results for 70481957
2025-04-15 00:18:50,936 - INFO - Using default tokenizer.
2025-04-15 00:18:50,978 - INFO - Successfully processed and saved results for 1055799
2025-04-15 00:18:50,979 - INFO - Using default tokenizer.
2025-04-15 00:18:51,008 - INFO - Successfully processed and saved results for 47798365
2025-04-15 00:18:51,009 - INFO - Using default tokenizer.
2025-04-15 00:18:51,086 - INFO - Successfully processed and saved results for 79471009
2025-04-15 00:18:51,087 - INFO - Using default tokenizer.
2025-04-15 00:18:51,295 - INFO - Successfully processed and saved results for 63188694
2025-04-15 00:18:51,296 - INFO - Using default tokenizer.
2025-04-15 00:18:51,399 - INFO - Successfully processed and saved results for 67744436
2025-04-15 00:18:51,400 - INFO - Using default tokenizer.
2025-04-15 00:18:51,478 - INFO - Successfully processed and saved results for 42443464
2025-04-15 00:18:51,479 - INFO - Using default tokenizer.
2025-04-15 00:18:51,579 - INFO - Successfully processed and saved results for 35247822
2025-04-15 00:18:51,580 - INFO - Using default tokenizer.
2025-04-15 00:18:51,711 - INFO - Successfully processed and saved results for 39674358
2025-04-15 00:18:51,712 - INFO - Using default tokenizer.
2025-04-15 00:18:51,864 - INFO - Successfully processed and saved results for 23675750
2025-04-15 00:18:51,865 - INFO - Using default tokenizer.
2025-04-15 00:18:51,907 - INFO - Successfully processed and saved results for 67930407
2025-04-15 00:18:51,908 - INFO - Using default tokenizer.
2025-04-15 00:18:51,960 - INFO - Successfully processed and saved results for 69694249
2025-04-15 00:18:51,961 - INFO - Using default tokenizer.
2025-04-15 00:18:52,033 - INFO - Successfully processed and saved results for 91325283
2025-04-15 00:18:52,034 - INFO - Using default tokenizer.
2025-04-15 00:18:52,074 - INFO - Successfully processed and saved results for 38867178
2025-04-15 00:18:52,075 - WARNING - No summary could be generated for 14819310 using method heading. Skipping...
2025-04-15 00:18:52,076 - INFO - Using default tokenizer.
2025-04-15 00:18:52,137 - INFO - Successfully processed and saved results for 86675541
2025-04-15 00:18:52,138 - INFO - Using default tokenizer.
2025-04-15 00:18:52,466 - INFO - Successfully processed and saved results for 45601881
2025-04-15 00:18:52,467 - INFO - Using default tokenizer.
2025-04-15 00:18:52,524 - INFO - Successfully processed and saved results for 68642594
2025-04-15 00:18:52,525 - INFO - Using default tokenizer.
2025-04-15 00:18:52,590 - INFO - Successfully processed and saved results for 90600191
2025-04-15 00:18:52,591 - INFO - Using default tokenizer.
2025-04-15 00:18:52,670 - INFO - Successfully processed and saved results for 26668230
2025-04-15 00:18:52,671 - INFO - Using default tokenizer.
2025-04-15 00:18:53,678 - INFO - Successfully processed and saved results for 75962230
2025-04-15 00:18:53,679 - INFO - Using default tokenizer.
2025-04-15 00:18:54,000 - INFO - Successfully processed and saved results for 50388820
2025-04-15 00:18:54,001 - WARNING - No summary could be generated for 37263635 using method heading. Skipping...
2025-04-15 00:18:54,003 - INFO - Using default tokenizer.
2025-04-15 00:18:54,099 - INFO - Successfully processed and saved results for 29703573
2025-04-15 00:18:54,100 - INFO - Using default tokenizer.
2025-04-15 00:18:54,123 - INFO - Successfully processed and saved results for 18322264
2025-04-15 00:18:54,123 - INFO - Using default tokenizer.
2025-04-15 00:18:54,154 - INFO - Successfully processed and saved results for 39357436
2025-04-15 00:18:54,156 - WARNING - No summary could be generated for 48091191 using method heading. Skipping...
2025-04-15 00:18:54,157 - INFO - Using default tokenizer.
2025-04-15 00:18:54,181 - INFO - Successfully processed and saved results for 30905451
2025-04-15 00:18:54,182 - INFO - Using default tokenizer.
2025-04-15 00:18:54,201 - INFO - Successfully processed and saved results for 29962756
2025-04-15 00:18:54,202 - INFO - Using default tokenizer.
2025-04-15 00:18:54,427 - INFO - Successfully processed and saved results for 28037079
2025-04-15 00:18:54,428 - INFO - Using default tokenizer.
2025-04-15 00:18:54,585 - INFO - Successfully processed and saved results for 24753674
2025-04-15 00:18:54,586 - INFO - Using default tokenizer.
2025-04-15 00:18:54,617 - INFO - Successfully processed and saved results for 92451519
2025-04-15 00:18:54,617 - INFO - Using default tokenizer.
2025-04-15 00:18:54,712 - INFO - Successfully processed and saved results for 7415123
2025-04-15 00:18:54,713 - INFO - Using default tokenizer.
2025-04-15 00:18:54,744 - INFO - Successfully processed and saved results for 48074885
2025-04-15 00:18:54,745 - INFO - Using default tokenizer.
2025-04-15 00:18:54,783 - INFO - Successfully processed and saved results for 22127536
2025-04-15 00:18:54,784 - INFO - Using default tokenizer.
2025-04-15 00:18:54,886 - INFO - Successfully processed and saved results for 45538669
2025-04-15 00:18:54,886 - INFO - Using default tokenizer.
2025-04-15 00:18:54,925 - INFO - Successfully processed and saved results for 4647896
2025-04-15 00:18:54,925 - INFO - Using default tokenizer.
2025-04-15 00:18:54,967 - INFO - Successfully processed and saved results for 70335565
2025-04-15 00:18:54,967 - INFO - Skipping 70176908 - not in valid_ids list
2025-04-15 00:18:54,968 - INFO - Using default tokenizer.
2025-04-15 00:18:55,001 - INFO - Successfully processed and saved results for 7590139
2025-04-15 00:18:55,002 - INFO - Using default tokenizer.
2025-04-15 00:18:55,059 - INFO - Successfully processed and saved results for 91929013
2025-04-15 00:18:55,060 - INFO - Using default tokenizer.
2025-04-15 00:18:55,610 - INFO - Successfully processed and saved results for 43791696
2025-04-15 00:18:55,611 - INFO - Using default tokenizer.
2025-04-15 00:18:55,739 - INFO - Successfully processed and saved results for 52208833
2025-04-15 00:18:55,740 - INFO - Using default tokenizer.
2025-04-15 00:18:55,790 - INFO - Successfully processed and saved results for 1540690
2025-04-15 00:18:55,791 - INFO - Using default tokenizer.
2025-04-15 00:18:55,875 - INFO - Successfully processed and saved results for 51116334
2025-04-15 00:18:55,876 - INFO - Using default tokenizer.
2025-04-15 00:18:55,940 - INFO - Successfully processed and saved results for 76817909
2025-04-15 00:18:55,941 - INFO - Using default tokenizer.
2025-04-15 00:18:55,975 - INFO - Successfully processed and saved results for 11006232
2025-04-15 00:18:55,977 - INFO - Using default tokenizer.
2025-04-15 00:18:56,023 - INFO - Successfully processed and saved results for 56472821
2025-04-15 00:18:56,024 - INFO - Using default tokenizer.
2025-04-15 00:18:56,228 - INFO - Successfully processed and saved results for 90421095
2025-04-15 00:18:56,229 - INFO - Using default tokenizer.
2025-04-15 00:18:56,968 - INFO - Successfully processed and saved results for 10374612
2025-04-15 00:18:56,969 - INFO - Using default tokenizer.
2025-04-15 00:18:57,017 - INFO - Successfully processed and saved results for 7120002
2025-04-15 00:18:57,017 - INFO - Using default tokenizer.
2025-04-15 00:18:57,089 - INFO - Successfully processed and saved results for 74164301
2025-04-15 00:18:57,089 - INFO - Using default tokenizer.
2025-04-15 00:18:57,114 - INFO - Successfully processed and saved results for 99668388
2025-04-15 00:18:57,115 - INFO - Using default tokenizer.
2025-04-15 00:18:57,156 - INFO - Successfully processed and saved results for 93060618
2025-04-15 00:18:57,157 - INFO - Using default tokenizer.
2025-04-15 00:18:57,209 - INFO - Successfully processed and saved results for 40883301
2025-04-15 00:18:57,209 - INFO - Using default tokenizer.
2025-04-15 00:18:57,301 - INFO - Successfully processed and saved results for 43650136
2025-04-15 00:18:57,302 - INFO - Using default tokenizer.
2025-04-15 00:18:57,339 - INFO - Successfully processed and saved results for 17980043
2025-04-15 00:18:57,339 - INFO - Using default tokenizer.
2025-04-15 00:18:57,469 - INFO - Successfully processed and saved results for 49139111
2025-04-15 00:18:57,469 - INFO - Using default tokenizer.
2025-04-15 00:18:57,490 - INFO - Successfully processed and saved results for 29981772
2025-04-15 00:18:57,491 - INFO - Using default tokenizer.
2025-04-15 00:18:57,565 - INFO - Successfully processed and saved results for 59320034
2025-04-15 00:18:57,566 - INFO - Using default tokenizer.
2025-04-15 00:18:57,678 - INFO - Successfully processed and saved results for 72744034
2025-04-15 00:18:57,679 - INFO - Using default tokenizer.
2025-04-15 00:18:57,955 - INFO - Successfully processed and saved results for 12625177
2025-04-15 00:18:57,956 - INFO - Using default tokenizer.
2025-04-15 00:18:58,103 - INFO - Successfully processed and saved results for 85839366
2025-04-15 00:18:58,104 - INFO - Using default tokenizer.
2025-04-15 00:18:58,183 - INFO - Successfully processed and saved results for 16057781
2025-04-15 00:18:58,184 - INFO - Using default tokenizer.
2025-04-15 00:18:58,220 - INFO - Successfully processed and saved results for 37796162
2025-04-15 00:18:58,221 - INFO - Using default tokenizer.
2025-04-15 00:18:58,233 - INFO - Successfully processed and saved results for 16280529
2025-04-15 00:18:58,233 - INFO - Using default tokenizer.
2025-04-15 00:18:58,254 - INFO - Successfully processed and saved results for 37775721
2025-04-15 00:18:58,255 - INFO - Using default tokenizer.
2025-04-15 00:18:58,336 - INFO - Successfully processed and saved results for 11112277
2025-04-15 00:18:58,337 - INFO - Using default tokenizer.
2025-04-15 00:18:58,376 - INFO - Successfully processed and saved results for 96831204
2025-04-15 00:18:58,376 - INFO - Using default tokenizer.
2025-04-15 00:18:58,418 - INFO - Successfully processed and saved results for 19050347
2025-04-15 00:18:58,419 - INFO - Using default tokenizer.
2025-04-15 00:18:58,671 - INFO - Successfully processed and saved results for 82043898
2025-04-15 00:18:58,672 - INFO - Using default tokenizer.
2025-04-15 00:18:58,713 - INFO - Successfully processed and saved results for 88049354
2025-04-15 00:18:58,713 - INFO - Skipping 93106503 - not in valid_ids list
2025-04-15 00:18:58,713 - INFO - Using default tokenizer.
2025-04-15 00:18:58,773 - INFO - Successfully processed and saved results for 15643187
2025-04-15 00:18:58,774 - INFO - Using default tokenizer.
2025-04-15 00:18:58,808 - INFO - Successfully processed and saved results for 68635574
2025-04-15 00:18:58,808 - INFO - Using default tokenizer.
2025-04-15 00:18:59,004 - INFO - Successfully processed and saved results for 68340528
2025-04-15 00:18:59,005 - INFO - Using default tokenizer.
2025-04-15 00:18:59,217 - INFO - Successfully processed and saved results for 17601393
2025-04-15 00:18:59,218 - INFO - Using default tokenizer.
2025-04-15 00:18:59,410 - INFO - Successfully processed and saved results for 81780960
2025-04-15 00:18:59,411 - INFO - Using default tokenizer.
2025-04-15 00:18:59,458 - INFO - Successfully processed and saved results for 71425952
2025-04-15 00:18:59,459 - INFO - Using default tokenizer.
2025-04-15 00:18:59,517 - INFO - Successfully processed and saved results for 66226432
2025-04-15 00:18:59,518 - INFO - Using default tokenizer.
2025-04-15 00:18:59,587 - INFO - Successfully processed and saved results for 32248697
2025-04-15 00:18:59,587 - INFO - Using default tokenizer.
2025-04-15 00:18:59,887 - INFO - Successfully processed and saved results for 23942242
2025-04-15 00:18:59,888 - INFO - Using default tokenizer.
2025-04-15 00:19:00,074 - INFO - Successfully processed and saved results for 98757756
2025-04-15 00:19:00,075 - INFO - Using default tokenizer.
2025-04-15 00:19:00,217 - INFO - Successfully processed and saved results for 61580548
2025-04-15 00:19:00,217 - INFO - Skipping 53851426 - not in valid_ids list
2025-04-15 00:19:00,217 - INFO - Using default tokenizer.
2025-04-15 00:19:00,288 - INFO - Successfully processed and saved results for 2774914
2025-04-15 00:19:00,289 - INFO - Using default tokenizer.
2025-04-15 00:19:00,362 - INFO - Successfully processed and saved results for 65102009
2025-04-15 00:19:00,363 - INFO - Using default tokenizer.
2025-04-15 00:19:00,484 - INFO - Successfully processed and saved results for 75865335
2025-04-15 00:19:00,484 - INFO - Using default tokenizer.
2025-04-15 00:19:00,525 - INFO - Successfully processed and saved results for 49439664
2025-04-15 00:19:00,526 - INFO - Using default tokenizer.
2025-04-15 00:19:00,736 - INFO - Successfully processed and saved results for 5225266
2025-04-15 00:19:00,737 - INFO - Using default tokenizer.
2025-04-15 00:19:00,767 - INFO - Successfully processed and saved results for 11481096
2025-04-15 00:19:00,768 - INFO - Using default tokenizer.
2025-04-15 00:19:00,909 - INFO - Successfully processed and saved results for 88548359
2025-04-15 00:19:00,910 - INFO - Using default tokenizer.
2025-04-15 00:19:00,971 - INFO - Successfully processed and saved results for 24312671
2025-04-15 00:19:00,971 - INFO - Using default tokenizer.
2025-04-15 00:19:01,049 - INFO - Successfully processed and saved results for 61360879
2025-04-15 00:19:01,050 - INFO - Using default tokenizer.
2025-04-15 00:19:01,188 - INFO - Successfully processed and saved results for 45612165
2025-04-15 00:19:01,188 - INFO - Using default tokenizer.
2025-04-15 00:19:01,250 - INFO - Successfully processed and saved results for 6799048
2025-04-15 00:19:01,251 - INFO - Using default tokenizer.
2025-04-15 00:19:01,308 - INFO - Successfully processed and saved results for 27051635
2025-04-15 00:19:01,309 - INFO - Using default tokenizer.
2025-04-15 00:19:01,455 - INFO - Successfully processed and saved results for 11773091
2025-04-15 00:19:01,456 - WARNING - No summary could be generated for 8151447 using method heading. Skipping...
2025-04-15 00:19:01,456 - INFO - Using default tokenizer.
2025-04-15 00:19:01,501 - INFO - Successfully processed and saved results for 62769214
2025-04-15 00:19:01,501 - INFO - Skipping 96599676 - not in valid_ids list
2025-04-15 00:19:01,502 - INFO - Using default tokenizer.
2025-04-15 00:19:01,744 - INFO - Successfully processed and saved results for 84480736
2025-04-15 00:19:01,745 - INFO - Using default tokenizer.
2025-04-15 00:19:01,781 - INFO - Successfully processed and saved results for 51450104
2025-04-15 00:19:01,782 - INFO - Using default tokenizer.
2025-04-15 00:19:01,943 - INFO - Successfully processed and saved results for 74156567
2025-04-15 00:19:01,944 - INFO - Using default tokenizer.
2025-04-15 00:19:02,034 - INFO - Successfully processed and saved results for 4728464
2025-04-15 00:19:02,035 - INFO - Using default tokenizer.
2025-04-15 00:19:02,146 - INFO - Successfully processed and saved results for 85123331
2025-04-15 00:19:02,148 - INFO - Using default tokenizer.
2025-04-15 00:19:02,385 - INFO - Successfully processed and saved results for 8984509
2025-04-15 00:19:02,387 - INFO - Using default tokenizer.
2025-04-15 00:19:02,403 - INFO - Successfully processed and saved results for 74547298
2025-04-15 00:19:02,404 - INFO - Using default tokenizer.
2025-04-15 00:19:02,629 - INFO - Successfully processed and saved results for 78860785
2025-04-15 00:19:02,630 - INFO - Using default tokenizer.
2025-04-15 00:19:02,780 - INFO - Successfully processed and saved results for 42200029
2025-04-15 00:19:02,780 - INFO - Using default tokenizer.
2025-04-15 00:19:03,056 - INFO - Successfully processed and saved results for 87460557
2025-04-15 00:19:03,060 - INFO - Using default tokenizer.
2025-04-15 00:19:03,100 - INFO - Successfully processed and saved results for 63755811
2025-04-15 00:19:03,101 - INFO - Using default tokenizer.
2025-04-15 00:19:03,198 - INFO - Successfully processed and saved results for 44148071
2025-04-15 00:19:03,199 - INFO - Using default tokenizer.
2025-04-15 00:19:03,287 - INFO - Successfully processed and saved results for 597051
2025-04-15 00:19:03,287 - INFO - Skipping 73705154 - not in valid_ids list
2025-04-15 00:19:03,287 - INFO - Using default tokenizer.
2025-04-15 00:19:03,336 - INFO - Successfully processed and saved results for 26105266
2025-04-15 00:19:03,337 - INFO - Using default tokenizer.
2025-04-15 00:19:03,382 - INFO - Successfully processed and saved results for 12279648
2025-04-15 00:19:03,382 - INFO - Using default tokenizer.
2025-04-15 00:19:03,526 - INFO - Successfully processed and saved results for 12239056
2025-04-15 00:19:03,529 - INFO - Using default tokenizer.
2025-04-15 00:19:03,908 - INFO - Successfully processed and saved results for 99341732
2025-04-15 00:19:03,908 - INFO - Using default tokenizer.
2025-04-15 00:19:04,009 - INFO - Successfully processed and saved results for 22744554
2025-04-15 00:19:04,009 - INFO - Skipping 13237217 - not in valid_ids list
2025-04-15 00:19:04,010 - INFO - Using default tokenizer.
2025-04-15 00:19:04,101 - INFO - Successfully processed and saved results for 21542239
2025-04-15 00:19:04,102 - INFO - Using default tokenizer.
2025-04-15 00:19:04,215 - INFO - Successfully processed and saved results for 89767636
2025-04-15 00:19:04,216 - INFO - Using default tokenizer.
2025-04-15 00:19:04,355 - INFO - Successfully processed and saved results for 7912651
2025-04-15 00:19:04,356 - INFO - Using default tokenizer.
2025-04-15 00:19:04,568 - INFO - Successfully processed and saved results for 21145042
2025-04-15 00:19:04,569 - INFO - Using default tokenizer.
2025-04-15 00:19:04,641 - INFO - Successfully processed and saved results for 21050319
2025-04-15 00:19:04,641 - INFO - Skipping 81034618 - not in valid_ids list
2025-04-15 00:19:04,642 - INFO - Using default tokenizer.
2025-04-15 00:19:04,961 - INFO - Successfully processed and saved results for 60253398
2025-04-15 00:19:04,962 - INFO - Using default tokenizer.
2025-04-15 00:19:05,089 - INFO - Successfully processed and saved results for 30621133
2025-04-15 00:19:05,089 - INFO - Using default tokenizer.
2025-04-15 00:19:05,137 - INFO - Successfully processed and saved results for 45043151
2025-04-15 00:19:05,138 - INFO - Using default tokenizer.
2025-04-15 00:19:05,180 - INFO - Successfully processed and saved results for 81916449
2025-04-15 00:19:05,180 - INFO - Skipping 95858167 - not in valid_ids list
2025-04-15 00:19:05,181 - INFO - Using default tokenizer.
2025-04-15 00:19:05,281 - INFO - Successfully processed and saved results for 69502658
2025-04-15 00:19:05,282 - INFO - Using default tokenizer.
2025-04-15 00:19:05,515 - INFO - Successfully processed and saved results for 8455503
2025-04-15 00:19:05,516 - INFO - Using default tokenizer.
2025-04-15 00:19:05,561 - INFO - Successfully processed and saved results for 76514111
2025-04-15 00:19:05,561 - INFO - Using default tokenizer.
2025-04-15 00:19:05,598 - INFO - Successfully processed and saved results for 87827594
2025-04-15 00:19:05,599 - INFO - Using default tokenizer.
2025-04-15 00:19:05,628 - INFO - Successfully processed and saved results for 97592875
2025-04-15 00:19:05,628 - INFO - Using default tokenizer.
2025-04-15 00:19:05,914 - INFO - Successfully processed and saved results for 25766140
2025-04-15 00:19:05,915 - INFO - Using default tokenizer.
2025-04-15 00:19:05,963 - INFO - Successfully processed and saved results for 66403710
2025-04-15 00:19:05,964 - WARNING - No summary could be generated for 96308075 using method heading. Skipping...
2025-04-15 00:19:05,964 - INFO - Using default tokenizer.
2025-04-15 00:19:06,111 - INFO - Successfully processed and saved results for 18958324
2025-04-15 00:19:06,111 - INFO - Skipping 81623492 - not in valid_ids list
2025-04-15 00:19:06,112 - INFO - Using default tokenizer.
2025-04-15 00:19:06,314 - INFO - Successfully processed and saved results for 39038842
2025-04-15 00:19:06,315 - INFO - Using default tokenizer.
2025-04-15 00:19:06,497 - INFO - Successfully processed and saved results for 85505359
2025-04-15 00:19:06,498 - INFO - Using default tokenizer.
2025-04-15 00:19:06,562 - INFO - Successfully processed and saved results for 52492536
2025-04-15 00:19:06,563 - INFO - Using default tokenizer.
2025-04-15 00:19:06,641 - INFO - Successfully processed and saved results for 66681632
2025-04-15 00:19:06,642 - INFO - Using default tokenizer.
2025-04-15 00:19:06,772 - INFO - Successfully processed and saved results for 92908954
2025-04-15 00:19:06,773 - INFO - Using default tokenizer.
2025-04-15 00:19:06,851 - INFO - Successfully processed and saved results for 78841597
2025-04-15 00:19:06,852 - INFO - Using default tokenizer.
2025-04-15 00:19:06,904 - INFO - Successfully processed and saved results for 58308538
2025-04-15 00:19:06,905 - INFO - Using default tokenizer.
2025-04-15 00:19:06,936 - INFO - Successfully processed and saved results for 18304114
2025-04-15 00:19:06,937 - INFO - Using default tokenizer.
2025-04-15 00:19:06,994 - INFO - Successfully processed and saved results for 435175
2025-04-15 00:19:06,994 - INFO - Using default tokenizer.
2025-04-15 00:19:07,041 - INFO - Successfully processed and saved results for 46416317
2025-04-15 00:19:07,042 - INFO - Using default tokenizer.
2025-04-15 00:19:07,107 - INFO - Successfully processed and saved results for 81535007
2025-04-15 00:19:07,108 - INFO - Using default tokenizer.
2025-04-15 00:19:07,186 - INFO - Successfully processed and saved results for 31303819
2025-04-15 00:19:07,187 - INFO - Using default tokenizer.
2025-04-15 00:19:07,699 - INFO - Successfully processed and saved results for 50524744
2025-04-15 00:19:07,700 - INFO - Using default tokenizer.
2025-04-15 00:19:07,788 - INFO - Successfully processed and saved results for 87885377
2025-04-15 00:19:07,789 - WARNING - No summary could be generated for 15765418 using method heading. Skipping...
2025-04-15 00:19:07,789 - INFO - Using default tokenizer.
2025-04-15 00:19:07,868 - INFO - Successfully processed and saved results for 13187019
2025-04-15 00:19:07,868 - INFO - Using default tokenizer.
2025-04-15 00:19:07,899 - INFO - Successfully processed and saved results for 31543932
2025-04-15 00:19:07,900 - INFO - Using default tokenizer.
2025-04-15 00:19:07,952 - INFO - Successfully processed and saved results for 17350626
2025-04-15 00:19:07,952 - INFO - Using default tokenizer.
2025-04-15 00:19:08,018 - INFO - Successfully processed and saved results for 66112363
2025-04-15 00:19:08,019 - INFO - Using default tokenizer.
2025-04-15 00:19:08,113 - INFO - Successfully processed and saved results for 80719489
2025-04-15 00:19:08,114 - INFO - Using default tokenizer.
2025-04-15 00:19:08,170 - INFO - Successfully processed and saved results for 2577868
2025-04-15 00:19:08,171 - INFO - Using default tokenizer.
2025-04-15 00:19:08,459 - INFO - Successfully processed and saved results for 16027177
2025-04-15 00:19:08,460 - INFO - Using default tokenizer.
2025-04-15 00:19:08,517 - INFO - Successfully processed and saved results for 58793266
2025-04-15 00:19:08,518 - INFO - Using default tokenizer.
2025-04-15 00:19:08,599 - INFO - Successfully processed and saved results for 77684000
2025-04-15 00:19:08,599 - INFO - Skipping 43813190 - not in valid_ids list
2025-04-15 00:19:08,600 - INFO - Using default tokenizer.
2025-04-15 00:19:08,648 - INFO - Successfully processed and saved results for 48411412
2025-04-15 00:19:08,649 - INFO - Using default tokenizer.
2025-04-15 00:19:08,688 - INFO - Successfully processed and saved results for 21532550
2025-04-15 00:19:08,689 - INFO - Using default tokenizer.
2025-04-15 00:19:08,725 - INFO - Successfully processed and saved results for 7570292
2025-04-15 00:19:08,726 - INFO - Using default tokenizer.
2025-04-15 00:19:08,792 - INFO - Successfully processed and saved results for 89628084
2025-04-15 00:19:08,793 - INFO - Using default tokenizer.
2025-04-15 00:19:09,073 - INFO - Successfully processed and saved results for 61298922
2025-04-15 00:19:09,073 - INFO - Using default tokenizer.
2025-04-15 00:19:09,185 - INFO - Successfully processed and saved results for 89853012
2025-04-15 00:19:09,186 - INFO - Using default tokenizer.
2025-04-15 00:19:09,292 - INFO - Successfully processed and saved results for 65123124
2025-04-15 00:19:09,293 - INFO - Using default tokenizer.
2025-04-15 00:19:09,332 - INFO - Successfully processed and saved results for 98781755
2025-04-15 00:19:09,332 - INFO - Using default tokenizer.
2025-04-15 00:19:09,420 - INFO - Successfully processed and saved results for 37171167
2025-04-15 00:19:09,420 - INFO - Using default tokenizer.
2025-04-15 00:19:09,529 - INFO - Successfully processed and saved results for 62302416
2025-04-15 00:19:09,529 - WARNING - No summary could be generated for 54139177 using method heading. Skipping...
2025-04-15 00:19:09,530 - INFO - Using default tokenizer.
2025-04-15 00:19:09,582 - INFO - Successfully processed and saved results for 47257042
2025-04-15 00:19:09,582 - INFO - Using default tokenizer.
2025-04-15 00:19:09,720 - INFO - Successfully processed and saved results for 80421460
2025-04-15 00:19:09,721 - INFO - Using default tokenizer.
2025-04-15 00:19:09,794 - INFO - Successfully processed and saved results for 60887948
2025-04-15 00:19:09,794 - INFO - Skipping 76854692 - not in valid_ids list
2025-04-15 00:19:09,795 - INFO - Using default tokenizer.
2025-04-15 00:19:09,850 - INFO - Successfully processed and saved results for 80770343
2025-04-15 00:19:09,851 - INFO - Using default tokenizer.
2025-04-15 00:19:10,058 - INFO - Successfully processed and saved results for 17754953
2025-04-15 00:19:10,058 - INFO - Using default tokenizer.
2025-04-15 00:19:10,092 - INFO - Successfully processed and saved results for 11636296
2025-04-15 00:19:10,093 - INFO - Using default tokenizer.
2025-04-15 00:19:10,118 - INFO - Successfully processed and saved results for 69119323
2025-04-15 00:19:10,118 - INFO - Using default tokenizer.
2025-04-15 00:19:10,147 - INFO - Successfully processed and saved results for 25809281
2025-04-15 00:19:10,148 - INFO - Using default tokenizer.
2025-04-15 00:19:10,242 - INFO - Successfully processed and saved results for 85853580
2025-04-15 00:19:10,242 - INFO - Using default tokenizer.
2025-04-15 00:19:10,284 - INFO - Successfully processed and saved results for 31183232
2025-04-15 00:19:10,285 - INFO - Using default tokenizer.
2025-04-15 00:19:10,338 - INFO - Successfully processed and saved results for 17675091
2025-04-15 00:19:10,339 - INFO - Using default tokenizer.
2025-04-15 00:19:10,430 - INFO - Successfully processed and saved results for 6726365
2025-04-15 00:19:10,431 - INFO - Using default tokenizer.
2025-04-15 00:19:10,634 - INFO - Successfully processed and saved results for 66006367
2025-04-15 00:19:10,635 - INFO - Using default tokenizer.
2025-04-15 00:19:10,861 - INFO - Successfully processed and saved results for 45795840
2025-04-15 00:19:10,862 - INFO - Using default tokenizer.
2025-04-15 00:19:11,012 - INFO - Successfully processed and saved results for 11836666
2025-04-15 00:19:11,013 - INFO - Using default tokenizer.
2025-04-15 00:19:11,205 - INFO - Successfully processed and saved results for 4536127
2025-04-15 00:19:11,206 - INFO - Using default tokenizer.
2025-04-15 00:19:11,331 - INFO - Successfully processed and saved results for 33126132
2025-04-15 00:19:11,332 - INFO - Using default tokenizer.
2025-04-15 00:19:11,401 - INFO - Successfully processed and saved results for 69481324
2025-04-15 00:19:11,401 - INFO - Skipping 79091650 - not in valid_ids list
2025-04-15 00:19:11,402 - INFO - Using default tokenizer.
2025-04-15 00:19:11,583 - INFO - Successfully processed and saved results for 22030520
2025-04-15 00:19:11,584 - INFO - Using default tokenizer.
2025-04-15 00:19:11,620 - INFO - Successfully processed and saved results for 43280550
2025-04-15 00:19:11,621 - INFO - Using default tokenizer.
2025-04-15 00:19:11,782 - INFO - Successfully processed and saved results for 91200961
2025-04-15 00:19:11,783 - INFO - Using default tokenizer.
2025-04-15 00:19:11,856 - INFO - Successfully processed and saved results for 11418476
2025-04-15 00:19:11,857 - INFO - Using default tokenizer.
2025-04-15 00:19:12,037 - INFO - Successfully processed and saved results for 97291551
2025-04-15 00:19:12,038 - INFO - Using default tokenizer.
2025-04-15 00:19:12,111 - INFO - Successfully processed and saved results for 39353178
2025-04-15 00:19:12,112 - INFO - Using default tokenizer.
2025-04-15 00:19:12,165 - INFO - Successfully processed and saved results for 18521109
2025-04-15 00:19:12,165 - INFO - Skipping 18000122 - not in valid_ids list
2025-04-15 00:19:12,165 - INFO - Using default tokenizer.
2025-04-15 00:19:12,209 - INFO - Successfully processed and saved results for 12711637
2025-04-15 00:19:12,210 - INFO - Using default tokenizer.
2025-04-15 00:19:12,271 - INFO - Successfully processed and saved results for 63621777
2025-04-15 00:19:12,271 - INFO - Skipping 27264933 - not in valid_ids list
2025-04-15 00:19:12,272 - INFO - Using default tokenizer.
2025-04-15 00:19:12,388 - INFO - Successfully processed and saved results for 91812941
2025-04-15 00:19:12,389 - INFO - Using default tokenizer.
2025-04-15 00:19:12,461 - INFO - Successfully processed and saved results for 91633253
2025-04-15 00:19:12,462 - INFO - Using default tokenizer.
2025-04-15 00:19:12,512 - INFO - Successfully processed and saved results for 77534612
2025-04-15 00:19:12,512 - INFO - Using default tokenizer.
2025-04-15 00:19:12,559 - INFO - Successfully processed and saved results for 93460473
2025-04-15 00:19:12,560 - INFO - Using default tokenizer.
2025-04-15 00:19:12,618 - INFO - Successfully processed and saved results for 10218080
2025-04-15 00:19:12,618 - INFO - Using default tokenizer.
2025-04-15 00:19:12,732 - INFO - Successfully processed and saved results for 78412080
2025-04-15 00:19:12,733 - INFO - Using default tokenizer.
2025-04-15 00:19:12,922 - INFO - Successfully processed and saved results for 40771210
2025-04-15 00:19:12,923 - INFO - Using default tokenizer.
2025-04-15 00:19:12,963 - INFO - Successfully processed and saved results for 8136900
2025-04-15 00:19:12,964 - INFO - Using default tokenizer.
2025-04-15 00:19:13,010 - INFO - Successfully processed and saved results for 94015576
2025-04-15 00:19:13,010 - INFO - Using default tokenizer.
2025-04-15 00:19:13,185 - INFO - Successfully processed and saved results for 88246188
2025-04-15 00:19:13,186 - INFO - Using default tokenizer.
2025-04-15 00:19:13,259 - INFO - Successfully processed and saved results for 61558513
2025-04-15 00:19:13,260 - INFO - Using default tokenizer.
2025-04-15 00:19:13,294 - INFO - Successfully processed and saved results for 79512250
2025-04-15 00:19:13,295 - INFO - Using default tokenizer.
2025-04-15 00:19:13,360 - INFO - Successfully processed and saved results for 56196
2025-04-15 00:19:13,360 - INFO - Using default tokenizer.
2025-04-15 00:19:13,618 - INFO - Successfully processed and saved results for 43018598
2025-04-15 00:19:13,618 - INFO - Using default tokenizer.
2025-04-15 00:19:13,691 - INFO - Successfully processed and saved results for 8601517
2025-04-15 00:19:13,691 - INFO - Using default tokenizer.
2025-04-15 00:19:13,736 - INFO - Successfully processed and saved results for 21919380
2025-04-15 00:19:13,737 - INFO - Using default tokenizer.
2025-04-15 00:19:13,871 - INFO - Successfully processed and saved results for 96747724
2025-04-15 00:19:13,872 - INFO - Using default tokenizer.
2025-04-15 00:19:13,926 - INFO - Successfully processed and saved results for 56843191
2025-04-15 00:19:13,926 - INFO - Using default tokenizer.
2025-04-15 00:19:13,969 - INFO - Successfully processed and saved results for 22528856
2025-04-15 00:19:13,970 - INFO - Using default tokenizer.
2025-04-15 00:19:14,034 - INFO - Successfully processed and saved results for 70889889
2025-04-15 00:19:14,035 - INFO - Using default tokenizer.
2025-04-15 00:19:14,151 - INFO - Successfully processed and saved results for 57956236
2025-04-15 00:19:14,152 - INFO - Using default tokenizer.
2025-04-15 00:19:14,199 - INFO - Successfully processed and saved results for 83248182
2025-04-15 00:19:14,200 - INFO - Using default tokenizer.
2025-04-15 00:19:14,395 - INFO - Successfully processed and saved results for 45765062
2025-04-15 00:19:14,396 - INFO - Using default tokenizer.
2025-04-15 00:19:14,531 - INFO - Successfully processed and saved results for 48141212
2025-04-15 00:19:14,532 - INFO - Using default tokenizer.
2025-04-15 00:19:14,589 - INFO - Successfully processed and saved results for 81262575
2025-04-15 00:19:14,590 - INFO - Using default tokenizer.
2025-04-15 00:19:14,661 - INFO - Successfully processed and saved results for 77737945
2025-04-15 00:19:14,662 - INFO - Using default tokenizer.
2025-04-15 00:19:14,697 - INFO - Successfully processed and saved results for 41467472
2025-04-15 00:19:14,697 - INFO - Skipping 63993374 - not in valid_ids list
2025-04-15 00:19:14,698 - INFO - Using default tokenizer.
2025-04-15 00:19:14,880 - INFO - Successfully processed and saved results for 67696398
2025-04-15 00:19:14,881 - INFO - Using default tokenizer.
2025-04-15 00:19:15,172 - INFO - Successfully processed and saved results for 3855110
2025-04-15 00:19:15,173 - INFO - Using default tokenizer.
2025-04-15 00:19:15,208 - INFO - Successfully processed and saved results for 80004741
2025-04-15 00:19:15,209 - INFO - Using default tokenizer.
2025-04-15 00:19:15,243 - INFO - Successfully processed and saved results for 5262509
2025-04-15 00:19:15,244 - INFO - Using default tokenizer.
2025-04-15 00:19:15,438 - INFO - Successfully processed and saved results for 93195231
2025-04-15 00:19:15,439 - INFO - Using default tokenizer.
2025-04-15 00:19:15,463 - INFO - Successfully processed and saved results for 22546727
2025-04-15 00:19:15,464 - INFO - Using default tokenizer.
2025-04-15 00:19:15,591 - INFO - Successfully processed and saved results for 8784223
2025-04-15 00:19:15,591 - INFO - Using default tokenizer.
2025-04-15 00:19:15,677 - INFO - Successfully processed and saved results for 30789903
2025-04-15 00:19:15,677 - INFO - Skipping 70140653 - not in valid_ids list
2025-04-15 00:19:15,677 - INFO - Using default tokenizer.
2025-04-15 00:19:15,940 - INFO - Successfully processed and saved results for 71546396
2025-04-15 00:19:15,941 - INFO - Using default tokenizer.
2025-04-15 00:19:15,991 - INFO - Successfully processed and saved results for 5674972
2025-04-15 00:19:15,992 - INFO - Using default tokenizer.
2025-04-15 00:19:16,076 - INFO - Successfully processed and saved results for 69013017
2025-04-15 00:19:16,077 - INFO - Using default tokenizer.
2025-04-15 00:19:16,226 - INFO - Successfully processed and saved results for 27321339
2025-04-15 00:19:16,227 - INFO - Using default tokenizer.
2025-04-15 00:19:16,347 - INFO - Successfully processed and saved results for 263861
2025-04-15 00:19:16,348 - INFO - Using default tokenizer.
2025-04-15 00:19:16,431 - INFO - Successfully processed and saved results for 31459000
2025-04-15 00:19:16,432 - INFO - Using default tokenizer.
2025-04-15 00:19:16,516 - INFO - Successfully processed and saved results for 93598871
2025-04-15 00:19:16,517 - WARNING - No summary could be generated for 8799962 using method heading. Skipping...
2025-04-15 00:19:16,518 - INFO - Using default tokenizer.
2025-04-15 00:19:16,581 - INFO - Successfully processed and saved results for 26262723
2025-04-15 00:19:16,582 - INFO - Using default tokenizer.
2025-04-15 00:19:16,628 - INFO - Successfully processed and saved results for 88532041
2025-04-15 00:19:16,629 - INFO - Using default tokenizer.
2025-04-15 00:19:16,687 - INFO - Successfully processed and saved results for 16973657
2025-04-15 00:19:16,688 - INFO - Using default tokenizer.
2025-04-15 00:19:16,898 - INFO - Successfully processed and saved results for 518237
2025-04-15 00:19:16,901 - INFO - Using default tokenizer.
2025-04-15 00:19:16,947 - INFO - Successfully processed and saved results for 687757
2025-04-15 00:19:16,947 - INFO - Using default tokenizer.
2025-04-15 00:19:17,180 - INFO - Successfully processed and saved results for 24824894
2025-04-15 00:19:17,181 - INFO - Using default tokenizer.
2025-04-15 00:19:17,294 - INFO - Successfully processed and saved results for 82821959
2025-04-15 00:19:17,294 - INFO - Skipping 59963771 - not in valid_ids list
2025-04-15 00:19:17,295 - INFO - Using default tokenizer.
2025-04-15 00:19:17,377 - INFO - Successfully processed and saved results for 63848470
2025-04-15 00:19:17,378 - INFO - Using default tokenizer.
2025-04-15 00:19:17,480 - INFO - Successfully processed and saved results for 61603670
2025-04-15 00:19:17,481 - INFO - Using default tokenizer.
2025-04-15 00:19:17,623 - INFO - Successfully processed and saved results for 53721399
2025-04-15 00:19:17,624 - INFO - Using default tokenizer.
2025-04-15 00:19:17,910 - INFO - Successfully processed and saved results for 57114772
2025-04-15 00:19:17,911 - INFO - Using default tokenizer.
2025-04-15 00:19:17,982 - INFO - Successfully processed and saved results for 30748495
2025-04-15 00:19:17,982 - INFO - Using default tokenizer.
2025-04-15 00:19:18,004 - INFO - Successfully processed and saved results for 69537377
2025-04-15 00:19:18,005 - INFO - Using default tokenizer.
2025-04-15 00:19:18,269 - INFO - Successfully processed and saved results for 82626355
2025-04-15 00:19:18,270 - INFO - Using default tokenizer.
2025-04-15 00:19:18,335 - INFO - Successfully processed and saved results for 7157784
2025-04-15 00:19:18,336 - INFO - Using default tokenizer.
2025-04-15 00:19:18,494 - INFO - Successfully processed and saved results for 30995172
2025-04-15 00:19:18,494 - INFO - Skipping 74374635 - not in valid_ids list
2025-04-15 00:19:18,495 - INFO - Using default tokenizer.
2025-04-15 00:19:18,601 - INFO - Successfully processed and saved results for 8264189
2025-04-15 00:19:18,602 - INFO - Using default tokenizer.
2025-04-15 00:19:18,657 - INFO - Successfully processed and saved results for 5681713
2025-04-15 00:19:18,659 - INFO - Using default tokenizer.
2025-04-15 00:19:18,858 - INFO - Successfully processed and saved results for 45518901
2025-04-15 00:19:18,859 - INFO - Using default tokenizer.
2025-04-15 00:19:18,908 - INFO - Successfully processed and saved results for 24000799
2025-04-15 00:19:18,909 - WARNING - No summary could be generated for 26473847 using method heading. Skipping...
2025-04-15 00:19:18,909 - INFO - Using default tokenizer.
2025-04-15 00:19:19,115 - INFO - Successfully processed and saved results for 99384474
2025-04-15 00:19:19,117 - INFO - Using default tokenizer.
2025-04-15 00:19:19,384 - INFO - Successfully processed and saved results for 5550259
2025-04-15 00:19:19,385 - INFO - Using default tokenizer.
2025-04-15 00:19:19,433 - INFO - Successfully processed and saved results for 47698609
2025-04-15 00:19:19,434 - INFO - Using default tokenizer.
2025-04-15 00:19:19,513 - INFO - Successfully processed and saved results for 12175403
2025-04-15 00:19:19,514 - INFO - Using default tokenizer.
2025-04-15 00:19:19,720 - INFO - Successfully processed and saved results for 69467563
2025-04-15 00:19:19,721 - INFO - Using default tokenizer.
2025-04-15 00:19:19,800 - INFO - Successfully processed and saved results for 53269747
2025-04-15 00:19:19,801 - INFO - Using default tokenizer.
2025-04-15 00:19:20,112 - INFO - Successfully processed and saved results for 37479343
2025-04-15 00:19:20,113 - INFO - Using default tokenizer.
2025-04-15 00:19:20,380 - INFO - Successfully processed and saved results for 11791786
2025-04-15 00:19:20,381 - INFO - Using default tokenizer.
2025-04-15 00:19:20,492 - INFO - Successfully processed and saved results for 41840073
2025-04-15 00:19:20,493 - INFO - Using default tokenizer.
2025-04-15 00:19:20,667 - INFO - Successfully processed and saved results for 75779006
2025-04-15 00:19:20,668 - INFO - Using default tokenizer.
2025-04-15 00:19:20,752 - INFO - Successfully processed and saved results for 46342402
2025-04-15 00:19:20,752 - INFO - Using default tokenizer.
2025-04-15 00:19:20,854 - INFO - Successfully processed and saved results for 23426061
2025-04-15 00:19:20,854 - INFO - Using default tokenizer.
2025-04-15 00:19:20,937 - INFO - Successfully processed and saved results for 72922440
2025-04-15 00:19:20,937 - INFO - Skipping 1050101 - not in valid_ids list
2025-04-15 00:19:20,938 - INFO - Using default tokenizer.
2025-04-15 00:19:20,967 - INFO - Successfully processed and saved results for 80262838
2025-04-15 00:19:20,968 - INFO - Using default tokenizer.
2025-04-15 00:19:21,024 - INFO - Successfully processed and saved results for 1907968
2025-04-15 00:19:21,025 - INFO - Using default tokenizer.
2025-04-15 00:19:21,437 - INFO - Successfully processed and saved results for 13655370
2025-04-15 00:19:21,438 - INFO - Using default tokenizer.
2025-04-15 00:19:21,472 - INFO - Successfully processed and saved results for 32560739
2025-04-15 00:19:21,473 - INFO - Using default tokenizer.
2025-04-15 00:19:21,756 - INFO - Successfully processed and saved results for 202387
2025-04-15 00:19:21,757 - INFO - Using default tokenizer.
2025-04-15 00:19:21,791 - INFO - Successfully processed and saved results for 78339451
2025-04-15 00:19:21,792 - INFO - Using default tokenizer.
2025-04-15 00:19:21,926 - INFO - Successfully processed and saved results for 13793499
2025-04-15 00:19:21,927 - INFO - Using default tokenizer.
2025-04-15 00:19:22,052 - INFO - Successfully processed and saved results for 11684235
2025-04-15 00:19:22,053 - INFO - Using default tokenizer.
2025-04-15 00:19:22,119 - INFO - Successfully processed and saved results for 8087311
2025-04-15 00:19:22,120 - INFO - Using default tokenizer.
2025-04-15 00:19:22,188 - INFO - Successfully processed and saved results for 66099843
2025-04-15 00:19:22,189 - INFO - Using default tokenizer.
2025-04-15 00:19:22,264 - INFO - Successfully processed and saved results for 11354749
2025-04-15 00:19:22,265 - INFO - Using default tokenizer.
2025-04-15 00:19:22,347 - INFO - Successfully processed and saved results for 75389943
2025-04-15 00:19:22,347 - INFO - Using default tokenizer.
2025-04-15 00:19:22,390 - INFO - Successfully processed and saved results for 47397989
2025-04-15 00:19:22,391 - INFO - Using default tokenizer.
2025-04-15 00:19:22,850 - INFO - Successfully processed and saved results for 36197895
2025-04-15 00:19:22,852 - INFO - Using default tokenizer.
2025-04-15 00:19:22,935 - INFO - Successfully processed and saved results for 3953515
2025-04-15 00:19:22,936 - INFO - Using default tokenizer.
2025-04-15 00:19:23,098 - INFO - Successfully processed and saved results for 4830217
2025-04-15 00:19:23,099 - INFO - Using default tokenizer.
2025-04-15 00:19:23,132 - INFO - Successfully processed and saved results for 93142771
2025-04-15 00:19:23,132 - WARNING - No summary could be generated for 99440206 using method heading. Skipping...
2025-04-15 00:19:23,133 - INFO - Using default tokenizer.
2025-04-15 00:19:23,352 - INFO - Successfully processed and saved results for 87041789
2025-04-15 00:19:23,353 - INFO - Using default tokenizer.
2025-04-15 00:19:23,408 - INFO - Successfully processed and saved results for 71225651
2025-04-15 00:19:23,411 - INFO - Using default tokenizer.
2025-04-15 00:19:23,542 - INFO - Successfully processed and saved results for 4784102
2025-04-15 00:19:23,543 - INFO - Using default tokenizer.
2025-04-15 00:19:23,688 - INFO - Successfully processed and saved results for 8363020
2025-04-15 00:19:23,689 - INFO - Using default tokenizer.
2025-04-15 00:19:23,727 - INFO - Successfully processed and saved results for 24950879
2025-04-15 00:19:23,728 - INFO - Using default tokenizer.
2025-04-15 00:19:23,768 - INFO - Successfully processed and saved results for 4206973
2025-04-15 00:19:23,768 - INFO - Using default tokenizer.
2025-04-15 00:19:23,812 - INFO - Successfully processed and saved results for 44210578
2025-04-15 00:19:23,813 - INFO - Using default tokenizer.
2025-04-15 00:19:23,892 - INFO - Successfully processed and saved results for 39570633
2025-04-15 00:19:23,893 - INFO - Using default tokenizer.
2025-04-15 00:19:24,014 - INFO - Successfully processed and saved results for 93025332
2025-04-15 00:19:24,015 - INFO - Using default tokenizer.
2025-04-15 00:19:24,063 - INFO - Successfully processed and saved results for 414696
2025-04-15 00:19:24,064 - INFO - Using default tokenizer.
2025-04-15 00:19:24,161 - INFO - Successfully processed and saved results for 24510148
2025-04-15 00:19:24,162 - INFO - Using default tokenizer.
2025-04-15 00:19:24,266 - INFO - Successfully processed and saved results for 66883240
2025-04-15 00:19:24,267 - INFO - Using default tokenizer.
2025-04-15 00:19:24,361 - INFO - Successfully processed and saved results for 82314288
2025-04-15 00:19:24,362 - INFO - Using default tokenizer.
2025-04-15 00:19:24,579 - INFO - Successfully processed and saved results for 88655260
2025-04-15 00:19:24,580 - INFO - Using default tokenizer.
2025-04-15 00:19:24,697 - INFO - Successfully processed and saved results for 86524123
2025-04-15 00:19:24,698 - INFO - Using default tokenizer.
2025-04-15 00:19:24,871 - INFO - Successfully processed and saved results for 64175585
2025-04-15 00:19:24,872 - INFO - Using default tokenizer.
2025-04-15 00:19:24,955 - INFO - Successfully processed and saved results for 63531440
2025-04-15 00:19:24,956 - INFO - Using default tokenizer.
2025-04-15 00:19:24,999 - INFO - Successfully processed and saved results for 20550713
2025-04-15 00:19:24,999 - INFO - Using default tokenizer.
2025-04-15 00:19:25,108 - INFO - Successfully processed and saved results for 15757806
2025-04-15 00:19:25,108 - INFO - Skipping 43514018 - not in valid_ids list
2025-04-15 00:19:25,109 - INFO - Using default tokenizer.
2025-04-15 00:19:25,150 - INFO - Successfully processed and saved results for 63758896
2025-04-15 00:19:25,152 - INFO - Using default tokenizer.
2025-04-15 00:19:25,229 - INFO - Successfully processed and saved results for 73424952
2025-04-15 00:19:25,230 - INFO - Using default tokenizer.
2025-04-15 00:19:25,302 - INFO - Successfully processed and saved results for 3517250
2025-04-15 00:19:25,303 - INFO - Using default tokenizer.
2025-04-15 00:19:25,460 - INFO - Successfully processed and saved results for 10587146
2025-04-15 00:19:25,460 - INFO - Using default tokenizer.
2025-04-15 00:19:25,522 - INFO - Successfully processed and saved results for 35973587
2025-04-15 00:19:25,523 - INFO - Using default tokenizer.
2025-04-15 00:19:25,641 - INFO - Successfully processed and saved results for 97980035
2025-04-15 00:19:25,641 - WARNING - No summary could be generated for 29796623 using method heading. Skipping...
2025-04-15 00:19:25,642 - INFO - Using default tokenizer.
2025-04-15 00:19:25,689 - INFO - Successfully processed and saved results for 36679338
2025-04-15 00:19:25,690 - INFO - Using default tokenizer.
2025-04-15 00:19:25,912 - INFO - Successfully processed and saved results for 66912872
2025-04-15 00:19:25,913 - INFO - Using default tokenizer.
2025-04-15 00:19:29,255 - INFO - Successfully processed and saved results for 75952682
2025-04-15 00:19:29,256 - INFO - Using default tokenizer.
2025-04-15 00:19:29,316 - INFO - Successfully processed and saved results for 23242120
2025-04-15 00:19:29,317 - INFO - Using default tokenizer.
2025-04-15 00:19:29,430 - INFO - Successfully processed and saved results for 50897768
2025-04-15 00:19:29,431 - WARNING - No summary could be generated for 32533290 using method heading. Skipping...
2025-04-15 00:19:29,432 - INFO - Using default tokenizer.
2025-04-15 00:19:29,487 - INFO - Successfully processed and saved results for 50438213
2025-04-15 00:19:29,489 - INFO - Using default tokenizer.
2025-04-15 00:19:29,570 - INFO - Successfully processed and saved results for 86423785
2025-04-15 00:19:29,571 - INFO - Using default tokenizer.
2025-04-15 00:19:29,615 - INFO - Successfully processed and saved results for 40774761
2025-04-15 00:19:29,616 - INFO - Using default tokenizer.
2025-04-15 00:19:29,666 - INFO - Successfully processed and saved results for 93544751
2025-04-15 00:19:29,667 - INFO - Using default tokenizer.
2025-04-15 00:19:29,771 - INFO - Successfully processed and saved results for 58874274
2025-04-15 00:19:29,771 - INFO - Completed processing papers using heading method
2025-04-15 00:19:29,771 - INFO - Calculating average ROUGE scores
2025-04-15 00:19:29,771 - INFO - Average ROUGE scores across 472 papers: {'rouge1': 0.4177819752870854, 'rouge2': 0.12453503764746084, 'rougeL': 0.1664867222030375}
2025-04-15 00:19:29,791 - INFO - Saved all evaluation results to ./jaehyeok/results/all_results_heading_introduction.json
2025-04-15 00:19:29,791 - INFO - Extraction process completed using heading method
2025-04-15 00:19:29,791 - INFO - Extracted sections with headings containing 'introduction'
2025-04-15 00:19:29,791 - INFO - Average ROUGE scores: {'rouge1': 0.4177819752870854, 'rouge2': 0.12453503764746084, 'rougeL': 0.1664867222030375}
2025-04-15 00:19:29,791 - INFO - All individual paper results saved to ./jaehyeok/results/all_results_heading_introduction.json
