2025-04-15 00:07:14,176 - INFO - Starting to process papers using first method with 2 sentences
2025-04-15 00:07:14,176 - INFO - Loading gold summaries
2025-04-15 00:07:14,181 - INFO - Loading existing results file: ./jaehyeok/results/summarization_first_2.json
2025-04-15 00:07:14,181 - INFO - No existing results file found, creating new one
2025-04-15 00:07:14,181 - INFO - Found 522 JSON files to process
2025-04-15 00:07:14,209 - INFO - Using default tokenizer.
2025-04-15 00:07:14,284 - INFO - Successfully processed and saved results for 42731227
2025-04-15 00:07:14,287 - INFO - Using default tokenizer.
2025-04-15 00:07:14,409 - INFO - Successfully processed and saved results for 3913778
2025-04-15 00:07:14,412 - INFO - Using default tokenizer.
2025-04-15 00:07:14,513 - INFO - Successfully processed and saved results for 79305631
2025-04-15 00:07:14,516 - INFO - Using default tokenizer.
2025-04-15 00:07:14,546 - INFO - Successfully processed and saved results for 35928796
2025-04-15 00:07:14,547 - INFO - Using default tokenizer.
2025-04-15 00:07:14,610 - INFO - Successfully processed and saved results for 9563928
2025-04-15 00:07:14,616 - INFO - Using default tokenizer.
2025-04-15 00:07:14,674 - INFO - Successfully processed and saved results for 96002700
2025-04-15 00:07:14,676 - INFO - Using default tokenizer.
2025-04-15 00:07:14,688 - INFO - Successfully processed and saved results for 78190587
2025-04-15 00:07:14,690 - INFO - Using default tokenizer.
2025-04-15 00:07:14,699 - INFO - Successfully processed and saved results for 4216862
2025-04-15 00:07:14,701 - INFO - Using default tokenizer.
2025-04-15 00:07:14,748 - INFO - Successfully processed and saved results for 55410278
2025-04-15 00:07:14,750 - INFO - Using default tokenizer.
2025-04-15 00:07:14,773 - INFO - Successfully processed and saved results for 34187605
2025-04-15 00:07:14,776 - INFO - Using default tokenizer.
2025-04-15 00:07:14,811 - INFO - Successfully processed and saved results for 99878837
2025-04-15 00:07:14,815 - INFO - Using default tokenizer.
2025-04-15 00:07:14,902 - INFO - Successfully processed and saved results for 84548548
2025-04-15 00:07:14,905 - INFO - Using default tokenizer.
2025-04-15 00:07:14,942 - INFO - Successfully processed and saved results for 94646863
2025-04-15 00:07:14,944 - INFO - Using default tokenizer.
2025-04-15 00:07:14,994 - INFO - Successfully processed and saved results for 58884367
2025-04-15 00:07:15,001 - INFO - Using default tokenizer.
2025-04-15 00:07:15,011 - INFO - Successfully processed and saved results for 97381495
2025-04-15 00:07:15,016 - INFO - Using default tokenizer.
2025-04-15 00:07:15,048 - INFO - Successfully processed and saved results for 74261188
2025-04-15 00:07:15,052 - INFO - Using default tokenizer.
2025-04-15 00:07:15,077 - INFO - Successfully processed and saved results for 11790475
2025-04-15 00:07:15,080 - INFO - Using default tokenizer.
2025-04-15 00:07:15,124 - INFO - Successfully processed and saved results for 57934330
2025-04-15 00:07:15,128 - INFO - Using default tokenizer.
2025-04-15 00:07:15,282 - INFO - Successfully processed and saved results for 35377831
2025-04-15 00:07:15,285 - INFO - Using default tokenizer.
2025-04-15 00:07:15,333 - INFO - Successfully processed and saved results for 27086937
2025-04-15 00:07:15,336 - INFO - Using default tokenizer.
2025-04-15 00:07:15,383 - INFO - Successfully processed and saved results for 33427271
2025-04-15 00:07:15,387 - INFO - Using default tokenizer.
2025-04-15 00:07:15,519 - INFO - Successfully processed and saved results for 68399070
2025-04-15 00:07:15,522 - INFO - Using default tokenizer.
2025-04-15 00:07:15,600 - INFO - Successfully processed and saved results for 2852538
2025-04-15 00:07:15,602 - INFO - Using default tokenizer.
2025-04-15 00:07:15,632 - INFO - Successfully processed and saved results for 85933068
2025-04-15 00:07:15,638 - INFO - Using default tokenizer.
2025-04-15 00:07:15,690 - INFO - Successfully processed and saved results for 14310989
2025-04-15 00:07:15,694 - INFO - Using default tokenizer.
2025-04-15 00:07:15,734 - INFO - Successfully processed and saved results for 2905851
2025-04-15 00:07:15,736 - INFO - Using default tokenizer.
2025-04-15 00:07:15,769 - INFO - Successfully processed and saved results for 96217072
2025-04-15 00:07:15,776 - INFO - Using default tokenizer.
2025-04-15 00:07:15,887 - INFO - Successfully processed and saved results for 73515355
2025-04-15 00:07:15,892 - INFO - Using default tokenizer.
2025-04-15 00:07:16,023 - INFO - Successfully processed and saved results for 36051826
2025-04-15 00:07:16,025 - INFO - Using default tokenizer.
2025-04-15 00:07:16,147 - INFO - Successfully processed and saved results for 33714440
2025-04-15 00:07:16,151 - INFO - Using default tokenizer.
2025-04-15 00:07:16,200 - INFO - Successfully processed and saved results for 4353776
2025-04-15 00:07:16,204 - INFO - Using default tokenizer.
2025-04-15 00:07:16,238 - INFO - Successfully processed and saved results for 7255717
2025-04-15 00:07:16,243 - INFO - Using default tokenizer.
2025-04-15 00:07:16,324 - INFO - Successfully processed and saved results for 82220044
2025-04-15 00:07:16,326 - INFO - Using default tokenizer.
2025-04-15 00:07:16,362 - INFO - Successfully processed and saved results for 38779502
2025-04-15 00:07:16,366 - INFO - Using default tokenizer.
2025-04-15 00:07:16,487 - INFO - Successfully processed and saved results for 34958521
2025-04-15 00:07:16,490 - INFO - Using default tokenizer.
2025-04-15 00:07:16,506 - INFO - Successfully processed and saved results for 38469042
2025-04-15 00:07:16,513 - INFO - Using default tokenizer.
2025-04-15 00:07:16,618 - INFO - Successfully processed and saved results for 82387857
2025-04-15 00:07:16,624 - INFO - Using default tokenizer.
2025-04-15 00:07:16,845 - INFO - Successfully processed and saved results for 24169489
2025-04-15 00:07:16,850 - INFO - Using default tokenizer.
2025-04-15 00:07:16,982 - INFO - Successfully processed and saved results for 65595064
2025-04-15 00:07:16,989 - INFO - Using default tokenizer.
2025-04-15 00:07:17,127 - INFO - Successfully processed and saved results for 52464539
2025-04-15 00:07:17,130 - INFO - Using default tokenizer.
2025-04-15 00:07:17,168 - INFO - Successfully processed and saved results for 38830210
2025-04-15 00:07:17,179 - INFO - Using default tokenizer.
2025-04-15 00:07:17,283 - INFO - Successfully processed and saved results for 41161677
2025-04-15 00:07:17,283 - INFO - Skipping 1077676 - not in valid_ids list
2025-04-15 00:07:17,286 - INFO - Using default tokenizer.
2025-04-15 00:07:17,323 - INFO - Successfully processed and saved results for 15062404
2025-04-15 00:07:17,326 - INFO - Using default tokenizer.
2025-04-15 00:07:17,370 - INFO - Successfully processed and saved results for 57983162
2025-04-15 00:07:17,373 - INFO - Using default tokenizer.
2025-04-15 00:07:17,408 - INFO - Successfully processed and saved results for 72788236
2025-04-15 00:07:17,411 - INFO - Using default tokenizer.
2025-04-15 00:07:17,429 - INFO - Successfully processed and saved results for 93218559
2025-04-15 00:07:17,430 - INFO - Skipping 24431610 - not in valid_ids list
2025-04-15 00:07:17,433 - INFO - Using default tokenizer.
2025-04-15 00:07:17,511 - INFO - Successfully processed and saved results for 45186835
2025-04-15 00:07:17,515 - INFO - Using default tokenizer.
2025-04-15 00:07:17,596 - INFO - Successfully processed and saved results for 15084340
2025-04-15 00:07:17,599 - INFO - Using default tokenizer.
2025-04-15 00:07:17,741 - INFO - Successfully processed and saved results for 76635514
2025-04-15 00:07:17,744 - INFO - Using default tokenizer.
2025-04-15 00:07:17,791 - INFO - Successfully processed and saved results for 73180675
2025-04-15 00:07:17,794 - INFO - Using default tokenizer.
2025-04-15 00:07:17,836 - INFO - Successfully processed and saved results for 47469397
2025-04-15 00:07:17,839 - INFO - Using default tokenizer.
2025-04-15 00:07:17,848 - INFO - Successfully processed and saved results for 43687503
2025-04-15 00:07:17,852 - INFO - Using default tokenizer.
2025-04-15 00:07:18,071 - INFO - Successfully processed and saved results for 23313716
2025-04-15 00:07:18,072 - INFO - Skipping 70719243 - not in valid_ids list
2025-04-15 00:07:18,074 - INFO - Using default tokenizer.
2025-04-15 00:07:18,094 - INFO - Successfully processed and saved results for 85820029
2025-04-15 00:07:18,096 - INFO - Using default tokenizer.
2025-04-15 00:07:18,112 - INFO - Successfully processed and saved results for 87068449
2025-04-15 00:07:18,115 - INFO - Using default tokenizer.
2025-04-15 00:07:18,183 - INFO - Successfully processed and saved results for 59277766
2025-04-15 00:07:18,188 - INFO - Using default tokenizer.
2025-04-15 00:07:18,407 - INFO - Successfully processed and saved results for 81001972
2025-04-15 00:07:18,410 - INFO - Using default tokenizer.
2025-04-15 00:07:18,433 - INFO - Successfully processed and saved results for 7904666
2025-04-15 00:07:18,436 - INFO - Using default tokenizer.
2025-04-15 00:07:18,513 - INFO - Successfully processed and saved results for 50538257
2025-04-15 00:07:18,515 - INFO - Using default tokenizer.
2025-04-15 00:07:18,594 - INFO - Successfully processed and saved results for 23929837
2025-04-15 00:07:18,597 - INFO - Using default tokenizer.
2025-04-15 00:07:18,663 - INFO - Successfully processed and saved results for 86508243
2025-04-15 00:07:18,666 - INFO - Using default tokenizer.
2025-04-15 00:07:18,819 - INFO - Successfully processed and saved results for 51254358
2025-04-15 00:07:18,821 - INFO - Using default tokenizer.
2025-04-15 00:07:18,849 - INFO - Successfully processed and saved results for 70691684
2025-04-15 00:07:18,851 - INFO - Using default tokenizer.
2025-04-15 00:07:18,868 - INFO - Successfully processed and saved results for 62996279
2025-04-15 00:07:18,871 - INFO - Using default tokenizer.
2025-04-15 00:07:18,886 - INFO - Successfully processed and saved results for 62056200
2025-04-15 00:07:18,891 - INFO - Using default tokenizer.
2025-04-15 00:07:19,030 - INFO - Successfully processed and saved results for 17539393
2025-04-15 00:07:19,037 - INFO - Using default tokenizer.
2025-04-15 00:07:19,144 - INFO - Successfully processed and saved results for 91451160
2025-04-15 00:07:19,148 - INFO - Using default tokenizer.
2025-04-15 00:07:19,321 - INFO - Successfully processed and saved results for 90525296
2025-04-15 00:07:19,324 - INFO - Using default tokenizer.
2025-04-15 00:07:19,372 - INFO - Successfully processed and saved results for 26955055
2025-04-15 00:07:19,374 - INFO - Using default tokenizer.
2025-04-15 00:07:19,402 - INFO - Successfully processed and saved results for 42851012
2025-04-15 00:07:19,402 - INFO - Skipping 60641106 - not in valid_ids list
2025-04-15 00:07:19,407 - INFO - Using default tokenizer.
2025-04-15 00:07:19,418 - INFO - Successfully processed and saved results for 33015723
2025-04-15 00:07:19,421 - INFO - Using default tokenizer.
2025-04-15 00:07:19,465 - INFO - Successfully processed and saved results for 90011197
2025-04-15 00:07:19,469 - INFO - Using default tokenizer.
2025-04-15 00:07:19,650 - INFO - Successfully processed and saved results for 1873334
2025-04-15 00:07:19,656 - INFO - Using default tokenizer.
2025-04-15 00:07:19,686 - INFO - Successfully processed and saved results for 57613420
2025-04-15 00:07:19,690 - INFO - Using default tokenizer.
2025-04-15 00:07:19,800 - INFO - Successfully processed and saved results for 6827132
2025-04-15 00:07:19,802 - INFO - Using default tokenizer.
2025-04-15 00:07:19,860 - INFO - Successfully processed and saved results for 30485653
2025-04-15 00:07:19,865 - INFO - Using default tokenizer.
2025-04-15 00:07:19,979 - INFO - Successfully processed and saved results for 97923725
2025-04-15 00:07:19,980 - INFO - Using default tokenizer.
2025-04-15 00:07:20,041 - INFO - Successfully processed and saved results for 75442340
2025-04-15 00:07:20,046 - INFO - Using default tokenizer.
2025-04-15 00:07:20,169 - INFO - Successfully processed and saved results for 57228237
2025-04-15 00:07:20,170 - INFO - Using default tokenizer.
2025-04-15 00:07:20,202 - INFO - Successfully processed and saved results for 65062778
2025-04-15 00:07:20,210 - INFO - Using default tokenizer.
2025-04-15 00:07:20,403 - INFO - Successfully processed and saved results for 66357293
2025-04-15 00:07:20,406 - INFO - Using default tokenizer.
2025-04-15 00:07:20,460 - INFO - Successfully processed and saved results for 63511892
2025-04-15 00:07:20,464 - INFO - Using default tokenizer.
2025-04-15 00:07:20,555 - INFO - Successfully processed and saved results for 6777051
2025-04-15 00:07:20,555 - INFO - Skipping 28171009 - not in valid_ids list
2025-04-15 00:07:20,558 - INFO - Using default tokenizer.
2025-04-15 00:07:20,610 - INFO - Successfully processed and saved results for 47686356
2025-04-15 00:07:20,612 - INFO - Using default tokenizer.
2025-04-15 00:07:20,643 - INFO - Successfully processed and saved results for 81057283
2025-04-15 00:07:20,645 - INFO - Using default tokenizer.
2025-04-15 00:07:20,728 - INFO - Successfully processed and saved results for 19173630
2025-04-15 00:07:20,728 - INFO - Skipping 74971632 - not in valid_ids list
2025-04-15 00:07:20,733 - INFO - Using default tokenizer.
2025-04-15 00:07:20,909 - INFO - Successfully processed and saved results for 11542688
2025-04-15 00:07:20,912 - INFO - Using default tokenizer.
2025-04-15 00:07:20,961 - INFO - Successfully processed and saved results for 37010180
2025-04-15 00:07:20,965 - INFO - Using default tokenizer.
2025-04-15 00:07:21,048 - INFO - Successfully processed and saved results for 27300559
2025-04-15 00:07:21,052 - INFO - Using default tokenizer.
2025-04-15 00:07:21,207 - INFO - Successfully processed and saved results for 49333267
2025-04-15 00:07:21,214 - INFO - Using default tokenizer.
2025-04-15 00:07:21,350 - INFO - Successfully processed and saved results for 7305163
2025-04-15 00:07:21,353 - INFO - Using default tokenizer.
2025-04-15 00:07:21,394 - INFO - Successfully processed and saved results for 91637218
2025-04-15 00:07:21,399 - INFO - Using default tokenizer.
2025-04-15 00:07:21,520 - INFO - Successfully processed and saved results for 46507565
2025-04-15 00:07:21,522 - INFO - Using default tokenizer.
2025-04-15 00:07:21,556 - INFO - Successfully processed and saved results for 71370947
2025-04-15 00:07:21,560 - INFO - Using default tokenizer.
2025-04-15 00:07:21,649 - INFO - Successfully processed and saved results for 187460
2025-04-15 00:07:21,652 - INFO - Using default tokenizer.
2025-04-15 00:07:21,696 - INFO - Successfully processed and saved results for 94730041
2025-04-15 00:07:21,701 - INFO - Using default tokenizer.
2025-04-15 00:07:21,838 - INFO - Successfully processed and saved results for 37135417
2025-04-15 00:07:21,842 - INFO - Using default tokenizer.
2025-04-15 00:07:22,024 - INFO - Successfully processed and saved results for 66302705
2025-04-15 00:07:22,027 - INFO - Using default tokenizer.
2025-04-15 00:07:22,104 - INFO - Successfully processed and saved results for 74193008
2025-04-15 00:07:22,108 - INFO - Using default tokenizer.
2025-04-15 00:07:22,291 - INFO - Successfully processed and saved results for 84655302
2025-04-15 00:07:22,294 - INFO - Using default tokenizer.
2025-04-15 00:07:22,428 - INFO - Successfully processed and saved results for 78861774
2025-04-15 00:07:22,432 - INFO - Using default tokenizer.
2025-04-15 00:07:22,548 - INFO - Successfully processed and saved results for 32338938
2025-04-15 00:07:22,550 - INFO - Using default tokenizer.
2025-04-15 00:07:22,566 - INFO - Successfully processed and saved results for 80897282
2025-04-15 00:07:22,566 - INFO - Skipping 65847395 - not in valid_ids list
2025-04-15 00:07:22,568 - INFO - Using default tokenizer.
2025-04-15 00:07:22,626 - INFO - Successfully processed and saved results for 39382584
2025-04-15 00:07:22,634 - INFO - Using default tokenizer.
2025-04-15 00:07:22,821 - INFO - Successfully processed and saved results for 87411149
2025-04-15 00:07:22,828 - INFO - Using default tokenizer.
2025-04-15 00:07:22,904 - INFO - Successfully processed and saved results for 24928430
2025-04-15 00:07:22,907 - INFO - Using default tokenizer.
2025-04-15 00:07:22,961 - INFO - Successfully processed and saved results for 98238949
2025-04-15 00:07:22,966 - INFO - Using default tokenizer.
2025-04-15 00:07:23,051 - INFO - Successfully processed and saved results for 26277001
2025-04-15 00:07:23,054 - INFO - Using default tokenizer.
2025-04-15 00:07:23,223 - INFO - Successfully processed and saved results for 2899329
2025-04-15 00:07:23,225 - INFO - Using default tokenizer.
2025-04-15 00:07:23,253 - INFO - Successfully processed and saved results for 55048906
2025-04-15 00:07:23,256 - INFO - Using default tokenizer.
2025-04-15 00:07:23,449 - INFO - Successfully processed and saved results for 87208689
2025-04-15 00:07:23,452 - INFO - Using default tokenizer.
2025-04-15 00:07:23,570 - INFO - Successfully processed and saved results for 25710556
2025-04-15 00:07:23,573 - INFO - Using default tokenizer.
2025-04-15 00:07:23,693 - INFO - Successfully processed and saved results for 28727146
2025-04-15 00:07:23,703 - INFO - Using default tokenizer.
2025-04-15 00:07:23,943 - INFO - Successfully processed and saved results for 76874430
2025-04-15 00:07:23,946 - INFO - Using default tokenizer.
2025-04-15 00:07:23,979 - INFO - Successfully processed and saved results for 42045072
2025-04-15 00:07:23,981 - INFO - Using default tokenizer.
2025-04-15 00:07:24,002 - INFO - Successfully processed and saved results for 81465314
2025-04-15 00:07:24,004 - INFO - Using default tokenizer.
2025-04-15 00:07:24,064 - INFO - Successfully processed and saved results for 36200725
2025-04-15 00:07:24,064 - INFO - Skipping 72992946 - not in valid_ids list
2025-04-15 00:07:24,066 - INFO - Using default tokenizer.
2025-04-15 00:07:24,131 - INFO - Successfully processed and saved results for 97703387
2025-04-15 00:07:24,133 - INFO - Using default tokenizer.
2025-04-15 00:07:24,152 - INFO - Successfully processed and saved results for 99295545
2025-04-15 00:07:24,154 - INFO - Using default tokenizer.
2025-04-15 00:07:24,186 - INFO - Successfully processed and saved results for 88969640
2025-04-15 00:07:24,190 - INFO - Using default tokenizer.
2025-04-15 00:07:24,357 - INFO - Successfully processed and saved results for 13135318
2025-04-15 00:07:24,359 - INFO - Using default tokenizer.
2025-04-15 00:07:24,398 - INFO - Successfully processed and saved results for 45435119
2025-04-15 00:07:24,400 - INFO - Using default tokenizer.
2025-04-15 00:07:24,452 - INFO - Successfully processed and saved results for 47723293
2025-04-15 00:07:24,455 - INFO - Using default tokenizer.
2025-04-15 00:07:24,510 - INFO - Successfully processed and saved results for 31194274
2025-04-15 00:07:24,512 - INFO - Using default tokenizer.
2025-04-15 00:07:24,586 - INFO - Successfully processed and saved results for 97932426
2025-04-15 00:07:24,591 - INFO - Using default tokenizer.
2025-04-15 00:07:24,855 - INFO - Successfully processed and saved results for 11313245
2025-04-15 00:07:24,859 - INFO - Using default tokenizer.
2025-04-15 00:07:24,914 - INFO - Successfully processed and saved results for 69976012
2025-04-15 00:07:24,916 - INFO - Using default tokenizer.
2025-04-15 00:07:24,937 - INFO - Successfully processed and saved results for 30877354
2025-04-15 00:07:24,939 - INFO - Using default tokenizer.
2025-04-15 00:07:24,998 - INFO - Successfully processed and saved results for 26515037
2025-04-15 00:07:25,001 - INFO - Using default tokenizer.
2025-04-15 00:07:25,075 - INFO - Successfully processed and saved results for 93980002
2025-04-15 00:07:25,078 - INFO - Using default tokenizer.
2025-04-15 00:07:25,162 - INFO - Successfully processed and saved results for 83267919
2025-04-15 00:07:25,165 - INFO - Using default tokenizer.
2025-04-15 00:07:25,231 - INFO - Successfully processed and saved results for 17409856
2025-04-15 00:07:25,236 - INFO - Using default tokenizer.
2025-04-15 00:07:25,336 - INFO - Successfully processed and saved results for 92615357
2025-04-15 00:07:25,336 - INFO - Skipping 74977893 - not in valid_ids list
2025-04-15 00:07:25,340 - INFO - Using default tokenizer.
2025-04-15 00:07:25,423 - INFO - Successfully processed and saved results for 72529720
2025-04-15 00:07:25,428 - INFO - Using default tokenizer.
2025-04-15 00:07:25,521 - INFO - Successfully processed and saved results for 53935450
2025-04-15 00:07:25,524 - INFO - Using default tokenizer.
2025-04-15 00:07:25,581 - INFO - Successfully processed and saved results for 30189879
2025-04-15 00:07:25,581 - INFO - Skipping 8240954 - not in valid_ids list
2025-04-15 00:07:25,586 - INFO - Using default tokenizer.
2025-04-15 00:07:25,682 - INFO - Successfully processed and saved results for 11779349
2025-04-15 00:07:25,685 - INFO - Using default tokenizer.
2025-04-15 00:07:25,728 - INFO - Successfully processed and saved results for 36272485
2025-04-15 00:07:25,728 - INFO - Skipping 58600020 - not in valid_ids list
2025-04-15 00:07:25,731 - INFO - Using default tokenizer.
2025-04-15 00:07:25,764 - INFO - Successfully processed and saved results for 59485457
2025-04-15 00:07:25,766 - INFO - Using default tokenizer.
2025-04-15 00:07:25,796 - INFO - Successfully processed and saved results for 98262950
2025-04-15 00:07:25,797 - INFO - Skipping 963444 - not in valid_ids list
2025-04-15 00:07:25,798 - INFO - Using default tokenizer.
2025-04-15 00:07:25,842 - INFO - Successfully processed and saved results for 35704901
2025-04-15 00:07:25,845 - INFO - Using default tokenizer.
2025-04-15 00:07:25,973 - INFO - Successfully processed and saved results for 29474820
2025-04-15 00:07:25,978 - INFO - Using default tokenizer.
2025-04-15 00:07:26,078 - INFO - Successfully processed and saved results for 53809041
2025-04-15 00:07:26,080 - INFO - Using default tokenizer.
2025-04-15 00:07:26,115 - INFO - Successfully processed and saved results for 16973018
2025-04-15 00:07:26,118 - INFO - Using default tokenizer.
2025-04-15 00:07:26,178 - INFO - Successfully processed and saved results for 16124640
2025-04-15 00:07:26,181 - INFO - Using default tokenizer.
2025-04-15 00:07:26,285 - INFO - Successfully processed and saved results for 65756728
2025-04-15 00:07:26,294 - INFO - Using default tokenizer.
2025-04-15 00:07:26,428 - INFO - Successfully processed and saved results for 78499306
2025-04-15 00:07:26,430 - INFO - Using default tokenizer.
2025-04-15 00:07:26,480 - INFO - Successfully processed and saved results for 36278339
2025-04-15 00:07:26,481 - INFO - Using default tokenizer.
2025-04-15 00:07:26,558 - INFO - Successfully processed and saved results for 73414525
2025-04-15 00:07:26,561 - INFO - Using default tokenizer.
2025-04-15 00:07:26,613 - INFO - Successfully processed and saved results for 60516406
2025-04-15 00:07:26,616 - INFO - Using default tokenizer.
2025-04-15 00:07:26,645 - INFO - Successfully processed and saved results for 87558652
2025-04-15 00:07:26,647 - INFO - Using default tokenizer.
2025-04-15 00:07:26,776 - INFO - Successfully processed and saved results for 13040160
2025-04-15 00:07:26,776 - INFO - Skipping 4741660 - not in valid_ids list
2025-04-15 00:07:26,778 - INFO - Using default tokenizer.
2025-04-15 00:07:26,810 - INFO - Successfully processed and saved results for 89581601
2025-04-15 00:07:26,810 - INFO - Skipping 6469050 - not in valid_ids list
2025-04-15 00:07:26,814 - INFO - Using default tokenizer.
2025-04-15 00:07:26,988 - INFO - Successfully processed and saved results for 31021586
2025-04-15 00:07:26,991 - INFO - Using default tokenizer.
2025-04-15 00:07:27,043 - INFO - Successfully processed and saved results for 75937139
2025-04-15 00:07:27,048 - INFO - Using default tokenizer.
2025-04-15 00:07:27,067 - INFO - Successfully processed and saved results for 49519055
2025-04-15 00:07:27,070 - INFO - Using default tokenizer.
2025-04-15 00:07:27,102 - INFO - Successfully processed and saved results for 34524227
2025-04-15 00:07:27,104 - INFO - Using default tokenizer.
2025-04-15 00:07:27,141 - INFO - Successfully processed and saved results for 36779622
2025-04-15 00:07:27,143 - INFO - Using default tokenizer.
2025-04-15 00:07:27,185 - INFO - Successfully processed and saved results for 5180208
2025-04-15 00:07:27,188 - INFO - Using default tokenizer.
2025-04-15 00:07:27,246 - INFO - Successfully processed and saved results for 51458146
2025-04-15 00:07:27,249 - INFO - Using default tokenizer.
2025-04-15 00:07:27,294 - INFO - Successfully processed and saved results for 84030160
2025-04-15 00:07:27,296 - INFO - Using default tokenizer.
2025-04-15 00:07:27,318 - INFO - Successfully processed and saved results for 70481957
2025-04-15 00:07:27,322 - INFO - Using default tokenizer.
2025-04-15 00:07:27,385 - INFO - Successfully processed and saved results for 1055799
2025-04-15 00:07:27,388 - INFO - Using default tokenizer.
2025-04-15 00:07:27,410 - INFO - Successfully processed and saved results for 47798365
2025-04-15 00:07:27,413 - INFO - Using default tokenizer.
2025-04-15 00:07:27,477 - INFO - Successfully processed and saved results for 79471009
2025-04-15 00:07:27,480 - INFO - Using default tokenizer.
2025-04-15 00:07:27,642 - INFO - Successfully processed and saved results for 63188694
2025-04-15 00:07:27,644 - INFO - Using default tokenizer.
2025-04-15 00:07:27,754 - INFO - Successfully processed and saved results for 67744436
2025-04-15 00:07:27,756 - INFO - Using default tokenizer.
2025-04-15 00:07:27,889 - INFO - Successfully processed and saved results for 42443464
2025-04-15 00:07:27,892 - INFO - Using default tokenizer.
2025-04-15 00:07:27,970 - INFO - Successfully processed and saved results for 35247822
2025-04-15 00:07:27,974 - INFO - Using default tokenizer.
2025-04-15 00:07:28,133 - INFO - Successfully processed and saved results for 39674358
2025-04-15 00:07:28,138 - INFO - Using default tokenizer.
2025-04-15 00:07:28,331 - INFO - Successfully processed and saved results for 23675750
2025-04-15 00:07:28,334 - INFO - Using default tokenizer.
2025-04-15 00:07:28,377 - INFO - Successfully processed and saved results for 67930407
2025-04-15 00:07:28,381 - INFO - Using default tokenizer.
2025-04-15 00:07:28,462 - INFO - Successfully processed and saved results for 69694249
2025-04-15 00:07:28,465 - INFO - Using default tokenizer.
2025-04-15 00:07:28,513 - INFO - Successfully processed and saved results for 91325283
2025-04-15 00:07:28,516 - INFO - Using default tokenizer.
2025-04-15 00:07:28,546 - INFO - Successfully processed and saved results for 38867178
2025-04-15 00:07:28,551 - INFO - Using default tokenizer.
2025-04-15 00:07:28,733 - INFO - Successfully processed and saved results for 14819310
2025-04-15 00:07:28,735 - INFO - Using default tokenizer.
2025-04-15 00:07:28,760 - INFO - Successfully processed and saved results for 86675541
2025-04-15 00:07:28,765 - INFO - Using default tokenizer.
2025-04-15 00:07:28,902 - INFO - Successfully processed and saved results for 45601881
2025-04-15 00:07:28,908 - INFO - Using default tokenizer.
2025-04-15 00:07:28,967 - INFO - Successfully processed and saved results for 68642594
2025-04-15 00:07:28,970 - INFO - Using default tokenizer.
2025-04-15 00:07:29,039 - INFO - Successfully processed and saved results for 90600191
2025-04-15 00:07:29,043 - INFO - Using default tokenizer.
2025-04-15 00:07:29,126 - INFO - Successfully processed and saved results for 26668230
2025-04-15 00:07:29,130 - INFO - Using default tokenizer.
2025-04-15 00:07:29,159 - INFO - Successfully processed and saved results for 75962230
2025-04-15 00:07:29,164 - INFO - Using default tokenizer.
2025-04-15 00:07:29,357 - INFO - Successfully processed and saved results for 50388820
2025-04-15 00:07:29,361 - INFO - Using default tokenizer.
2025-04-15 00:07:29,483 - INFO - Successfully processed and saved results for 37263635
2025-04-15 00:07:29,485 - INFO - Using default tokenizer.
2025-04-15 00:07:29,620 - INFO - Successfully processed and saved results for 29703573
2025-04-15 00:07:29,622 - INFO - Using default tokenizer.
2025-04-15 00:07:29,659 - INFO - Successfully processed and saved results for 18322264
2025-04-15 00:07:29,661 - INFO - Using default tokenizer.
2025-04-15 00:07:29,702 - INFO - Successfully processed and saved results for 39357436
2025-04-15 00:07:29,703 - INFO - Using default tokenizer.
2025-04-15 00:07:29,815 - INFO - Successfully processed and saved results for 48091191
2025-04-15 00:07:29,817 - INFO - Using default tokenizer.
2025-04-15 00:07:29,882 - INFO - Successfully processed and saved results for 30905451
2025-04-15 00:07:29,885 - INFO - Using default tokenizer.
2025-04-15 00:07:29,907 - INFO - Successfully processed and saved results for 29962756
2025-04-15 00:07:29,910 - INFO - Using default tokenizer.
2025-04-15 00:07:29,988 - INFO - Successfully processed and saved results for 28037079
2025-04-15 00:07:29,992 - INFO - Using default tokenizer.
2025-04-15 00:07:30,083 - INFO - Successfully processed and saved results for 24753674
2025-04-15 00:07:30,085 - INFO - Using default tokenizer.
2025-04-15 00:07:30,122 - INFO - Successfully processed and saved results for 92451519
2025-04-15 00:07:30,124 - INFO - Using default tokenizer.
2025-04-15 00:07:30,194 - INFO - Successfully processed and saved results for 7415123
2025-04-15 00:07:30,196 - INFO - Using default tokenizer.
2025-04-15 00:07:30,229 - INFO - Successfully processed and saved results for 48074885
2025-04-15 00:07:30,230 - INFO - Using default tokenizer.
2025-04-15 00:07:30,253 - INFO - Successfully processed and saved results for 22127536
2025-04-15 00:07:30,255 - INFO - Using default tokenizer.
2025-04-15 00:07:30,324 - INFO - Successfully processed and saved results for 45538669
2025-04-15 00:07:30,326 - INFO - Using default tokenizer.
2025-04-15 00:07:30,354 - INFO - Successfully processed and saved results for 4647896
2025-04-15 00:07:30,357 - INFO - Using default tokenizer.
2025-04-15 00:07:30,394 - INFO - Successfully processed and saved results for 70335565
2025-04-15 00:07:30,394 - INFO - Skipping 70176908 - not in valid_ids list
2025-04-15 00:07:30,397 - INFO - Using default tokenizer.
2025-04-15 00:07:30,417 - INFO - Successfully processed and saved results for 7590139
2025-04-15 00:07:30,419 - INFO - Using default tokenizer.
2025-04-15 00:07:30,485 - INFO - Successfully processed and saved results for 91929013
2025-04-15 00:07:30,490 - INFO - Using default tokenizer.
2025-04-15 00:07:30,502 - INFO - Successfully processed and saved results for 43791696
2025-04-15 00:07:30,505 - INFO - Using default tokenizer.
2025-04-15 00:07:30,626 - INFO - Successfully processed and saved results for 52208833
2025-04-15 00:07:30,629 - INFO - Using default tokenizer.
2025-04-15 00:07:30,663 - INFO - Successfully processed and saved results for 1540690
2025-04-15 00:07:30,666 - INFO - Using default tokenizer.
2025-04-15 00:07:30,768 - INFO - Successfully processed and saved results for 51116334
2025-04-15 00:07:30,771 - INFO - Using default tokenizer.
2025-04-15 00:07:30,832 - INFO - Successfully processed and saved results for 76817909
2025-04-15 00:07:30,837 - INFO - Using default tokenizer.
2025-04-15 00:07:30,871 - INFO - Successfully processed and saved results for 11006232
2025-04-15 00:07:30,877 - INFO - Using default tokenizer.
2025-04-15 00:07:30,963 - INFO - Successfully processed and saved results for 56472821
2025-04-15 00:07:30,968 - INFO - Using default tokenizer.
2025-04-15 00:07:31,153 - INFO - Successfully processed and saved results for 90421095
2025-04-15 00:07:31,158 - INFO - Using default tokenizer.
2025-04-15 00:07:31,172 - INFO - Successfully processed and saved results for 10374612
2025-04-15 00:07:31,174 - INFO - Using default tokenizer.
2025-04-15 00:07:31,213 - INFO - Successfully processed and saved results for 7120002
2025-04-15 00:07:31,215 - INFO - Using default tokenizer.
2025-04-15 00:07:31,288 - INFO - Successfully processed and saved results for 74164301
2025-04-15 00:07:31,289 - INFO - Using default tokenizer.
2025-04-15 00:07:31,308 - INFO - Successfully processed and saved results for 99668388
2025-04-15 00:07:31,310 - INFO - Using default tokenizer.
2025-04-15 00:07:31,337 - INFO - Successfully processed and saved results for 93060618
2025-04-15 00:07:31,339 - INFO - Using default tokenizer.
2025-04-15 00:07:31,431 - INFO - Successfully processed and saved results for 40883301
2025-04-15 00:07:31,433 - INFO - Using default tokenizer.
2025-04-15 00:07:31,550 - INFO - Successfully processed and saved results for 43650136
2025-04-15 00:07:31,552 - INFO - Using default tokenizer.
2025-04-15 00:07:31,578 - INFO - Successfully processed and saved results for 17980043
2025-04-15 00:07:31,580 - INFO - Using default tokenizer.
2025-04-15 00:07:31,695 - INFO - Successfully processed and saved results for 49139111
2025-04-15 00:07:31,696 - INFO - Using default tokenizer.
2025-04-15 00:07:31,710 - INFO - Successfully processed and saved results for 29981772
2025-04-15 00:07:31,713 - INFO - Using default tokenizer.
2025-04-15 00:07:31,778 - INFO - Successfully processed and saved results for 59320034
2025-04-15 00:07:31,782 - INFO - Using default tokenizer.
2025-04-15 00:07:31,845 - INFO - Successfully processed and saved results for 72744034
2025-04-15 00:07:31,852 - INFO - Using default tokenizer.
2025-04-15 00:07:31,939 - INFO - Successfully processed and saved results for 12625177
2025-04-15 00:07:31,943 - INFO - Using default tokenizer.
2025-04-15 00:07:32,074 - INFO - Successfully processed and saved results for 85839366
2025-04-15 00:07:32,077 - INFO - Using default tokenizer.
2025-04-15 00:07:32,131 - INFO - Successfully processed and saved results for 16057781
2025-04-15 00:07:32,134 - INFO - Using default tokenizer.
2025-04-15 00:07:32,166 - INFO - Successfully processed and saved results for 37796162
2025-04-15 00:07:32,167 - INFO - Using default tokenizer.
2025-04-15 00:07:32,189 - INFO - Successfully processed and saved results for 16280529
2025-04-15 00:07:32,191 - INFO - Using default tokenizer.
2025-04-15 00:07:32,206 - INFO - Successfully processed and saved results for 37775721
2025-04-15 00:07:32,209 - INFO - Using default tokenizer.
2025-04-15 00:07:32,325 - INFO - Successfully processed and saved results for 11112277
2025-04-15 00:07:32,327 - INFO - Using default tokenizer.
2025-04-15 00:07:32,372 - INFO - Successfully processed and saved results for 96831204
2025-04-15 00:07:32,373 - INFO - Using default tokenizer.
2025-04-15 00:07:32,399 - INFO - Successfully processed and saved results for 19050347
2025-04-15 00:07:32,404 - INFO - Using default tokenizer.
2025-04-15 00:07:32,462 - INFO - Successfully processed and saved results for 82043898
2025-04-15 00:07:32,465 - INFO - Using default tokenizer.
2025-04-15 00:07:32,499 - INFO - Successfully processed and saved results for 88049354
2025-04-15 00:07:32,499 - INFO - Skipping 93106503 - not in valid_ids list
2025-04-15 00:07:32,502 - INFO - Using default tokenizer.
2025-04-15 00:07:32,554 - INFO - Successfully processed and saved results for 15643187
2025-04-15 00:07:32,560 - INFO - Using default tokenizer.
2025-04-15 00:07:32,604 - INFO - Successfully processed and saved results for 68635574
2025-04-15 00:07:32,606 - INFO - Using default tokenizer.
2025-04-15 00:07:32,787 - INFO - Successfully processed and saved results for 68340528
2025-04-15 00:07:32,789 - INFO - Using default tokenizer.
2025-04-15 00:07:32,883 - INFO - Successfully processed and saved results for 17601393
2025-04-15 00:07:32,887 - INFO - Using default tokenizer.
2025-04-15 00:07:33,209 - INFO - Successfully processed and saved results for 81780960
2025-04-15 00:07:33,216 - INFO - Using default tokenizer.
2025-04-15 00:07:33,229 - INFO - Successfully processed and saved results for 71425952
2025-04-15 00:07:33,231 - INFO - Using default tokenizer.
2025-04-15 00:07:33,278 - INFO - Successfully processed and saved results for 66226432
2025-04-15 00:07:33,280 - INFO - Using default tokenizer.
2025-04-15 00:07:33,328 - INFO - Successfully processed and saved results for 32248697
2025-04-15 00:07:33,330 - INFO - Using default tokenizer.
2025-04-15 00:07:33,424 - INFO - Successfully processed and saved results for 23942242
2025-04-15 00:07:33,427 - INFO - Using default tokenizer.
2025-04-15 00:07:33,537 - INFO - Successfully processed and saved results for 98757756
2025-04-15 00:07:33,541 - INFO - Using default tokenizer.
2025-04-15 00:07:33,618 - INFO - Successfully processed and saved results for 61580548
2025-04-15 00:07:33,618 - INFO - Skipping 53851426 - not in valid_ids list
2025-04-15 00:07:33,620 - INFO - Using default tokenizer.
2025-04-15 00:07:33,649 - INFO - Successfully processed and saved results for 2774914
2025-04-15 00:07:33,652 - INFO - Using default tokenizer.
2025-04-15 00:07:33,709 - INFO - Successfully processed and saved results for 65102009
2025-04-15 00:07:33,713 - INFO - Using default tokenizer.
2025-04-15 00:07:33,844 - INFO - Successfully processed and saved results for 75865335
2025-04-15 00:07:33,849 - INFO - Using default tokenizer.
2025-04-15 00:07:33,869 - INFO - Successfully processed and saved results for 49439664
2025-04-15 00:07:33,872 - INFO - Using default tokenizer.
2025-04-15 00:07:34,098 - INFO - Successfully processed and saved results for 5225266
2025-04-15 00:07:34,100 - INFO - Using default tokenizer.
2025-04-15 00:07:34,140 - INFO - Successfully processed and saved results for 11481096
2025-04-15 00:07:34,143 - INFO - Using default tokenizer.
2025-04-15 00:07:34,194 - INFO - Successfully processed and saved results for 88548359
2025-04-15 00:07:34,200 - INFO - Using default tokenizer.
2025-04-15 00:07:34,266 - INFO - Successfully processed and saved results for 24312671
2025-04-15 00:07:34,268 - INFO - Using default tokenizer.
2025-04-15 00:07:34,347 - INFO - Successfully processed and saved results for 61360879
2025-04-15 00:07:34,350 - INFO - Using default tokenizer.
2025-04-15 00:07:34,474 - INFO - Successfully processed and saved results for 45612165
2025-04-15 00:07:34,477 - INFO - Using default tokenizer.
2025-04-15 00:07:34,511 - INFO - Successfully processed and saved results for 6799048
2025-04-15 00:07:34,513 - INFO - Using default tokenizer.
2025-04-15 00:07:34,549 - INFO - Successfully processed and saved results for 27051635
2025-04-15 00:07:34,553 - INFO - Using default tokenizer.
2025-04-15 00:07:34,738 - INFO - Successfully processed and saved results for 11773091
2025-04-15 00:07:34,741 - INFO - Using default tokenizer.
2025-04-15 00:07:34,811 - INFO - Successfully processed and saved results for 8151447
2025-04-15 00:07:34,813 - INFO - Using default tokenizer.
2025-04-15 00:07:34,842 - INFO - Successfully processed and saved results for 62769214
2025-04-15 00:07:34,843 - INFO - Skipping 96599676 - not in valid_ids list
2025-04-15 00:07:34,846 - INFO - Using default tokenizer.
2025-04-15 00:07:35,025 - INFO - Successfully processed and saved results for 84480736
2025-04-15 00:07:35,027 - INFO - Using default tokenizer.
2025-04-15 00:07:35,065 - INFO - Successfully processed and saved results for 51450104
2025-04-15 00:07:35,069 - INFO - Using default tokenizer.
2025-04-15 00:07:35,274 - INFO - Successfully processed and saved results for 74156567
2025-04-15 00:07:35,277 - INFO - Using default tokenizer.
2025-04-15 00:07:35,316 - INFO - Successfully processed and saved results for 4728464
2025-04-15 00:07:35,322 - INFO - Using default tokenizer.
2025-04-15 00:07:35,443 - INFO - Successfully processed and saved results for 85123331
2025-04-15 00:07:35,447 - INFO - Using default tokenizer.
2025-04-15 00:07:35,611 - INFO - Successfully processed and saved results for 8984509
2025-04-15 00:07:35,613 - INFO - Using default tokenizer.
2025-04-15 00:07:35,674 - INFO - Successfully processed and saved results for 74547298
2025-04-15 00:07:35,686 - INFO - Using default tokenizer.
2025-04-15 00:07:35,704 - INFO - Successfully processed and saved results for 78860785
2025-04-15 00:07:35,706 - INFO - Using default tokenizer.
2025-04-15 00:07:35,827 - INFO - Successfully processed and saved results for 42200029
2025-04-15 00:07:35,833 - INFO - Using default tokenizer.
2025-04-15 00:07:35,945 - INFO - Successfully processed and saved results for 87460557
2025-04-15 00:07:35,948 - INFO - Using default tokenizer.
2025-04-15 00:07:35,982 - INFO - Successfully processed and saved results for 63755811
2025-04-15 00:07:35,990 - INFO - Using default tokenizer.
2025-04-15 00:07:36,079 - INFO - Successfully processed and saved results for 44148071
2025-04-15 00:07:36,082 - INFO - Using default tokenizer.
2025-04-15 00:07:36,145 - INFO - Successfully processed and saved results for 597051
2025-04-15 00:07:36,145 - INFO - Skipping 73705154 - not in valid_ids list
2025-04-15 00:07:36,147 - INFO - Using default tokenizer.
2025-04-15 00:07:36,239 - INFO - Successfully processed and saved results for 26105266
2025-04-15 00:07:36,241 - INFO - Using default tokenizer.
2025-04-15 00:07:36,278 - INFO - Successfully processed and saved results for 12279648
2025-04-15 00:07:36,281 - INFO - Using default tokenizer.
2025-04-15 00:07:36,372 - INFO - Successfully processed and saved results for 12239056
2025-04-15 00:07:36,377 - INFO - Using default tokenizer.
2025-04-15 00:07:36,471 - INFO - Successfully processed and saved results for 99341732
2025-04-15 00:07:36,474 - INFO - Using default tokenizer.
2025-04-15 00:07:36,574 - INFO - Successfully processed and saved results for 22744554
2025-04-15 00:07:36,574 - INFO - Skipping 13237217 - not in valid_ids list
2025-04-15 00:07:36,577 - INFO - Using default tokenizer.
2025-04-15 00:07:36,617 - INFO - Successfully processed and saved results for 21542239
2025-04-15 00:07:36,623 - INFO - Using default tokenizer.
2025-04-15 00:07:36,730 - INFO - Successfully processed and saved results for 89767636
2025-04-15 00:07:36,734 - INFO - Using default tokenizer.
2025-04-15 00:07:36,894 - INFO - Successfully processed and saved results for 7912651
2025-04-15 00:07:36,899 - INFO - Using default tokenizer.
2025-04-15 00:07:37,089 - INFO - Successfully processed and saved results for 21145042
2025-04-15 00:07:37,093 - INFO - Using default tokenizer.
2025-04-15 00:07:37,186 - INFO - Successfully processed and saved results for 21050319
2025-04-15 00:07:37,187 - INFO - Skipping 81034618 - not in valid_ids list
2025-04-15 00:07:37,191 - INFO - Using default tokenizer.
2025-04-15 00:07:37,417 - INFO - Successfully processed and saved results for 60253398
2025-04-15 00:07:37,419 - INFO - Using default tokenizer.
2025-04-15 00:07:37,507 - INFO - Successfully processed and saved results for 30621133
2025-04-15 00:07:37,509 - INFO - Using default tokenizer.
2025-04-15 00:07:37,541 - INFO - Successfully processed and saved results for 45043151
2025-04-15 00:07:37,544 - INFO - Using default tokenizer.
2025-04-15 00:07:37,609 - INFO - Successfully processed and saved results for 81916449
2025-04-15 00:07:37,609 - INFO - Skipping 95858167 - not in valid_ids list
2025-04-15 00:07:37,613 - INFO - Using default tokenizer.
2025-04-15 00:07:37,694 - INFO - Successfully processed and saved results for 69502658
2025-04-15 00:07:37,698 - INFO - Using default tokenizer.
2025-04-15 00:07:37,844 - INFO - Successfully processed and saved results for 8455503
2025-04-15 00:07:37,845 - INFO - Using default tokenizer.
2025-04-15 00:07:37,875 - INFO - Successfully processed and saved results for 76514111
2025-04-15 00:07:37,877 - INFO - Using default tokenizer.
2025-04-15 00:07:37,941 - INFO - Successfully processed and saved results for 87827594
2025-04-15 00:07:37,946 - INFO - Using default tokenizer.
2025-04-15 00:07:37,971 - INFO - Successfully processed and saved results for 97592875
2025-04-15 00:07:37,975 - INFO - Using default tokenizer.
2025-04-15 00:07:38,101 - INFO - Successfully processed and saved results for 25766140
2025-04-15 00:07:38,103 - INFO - Using default tokenizer.
2025-04-15 00:07:38,163 - INFO - Successfully processed and saved results for 66403710
2025-04-15 00:07:38,167 - INFO - Using default tokenizer.
2025-04-15 00:07:38,355 - INFO - Successfully processed and saved results for 96308075
2025-04-15 00:07:38,359 - INFO - Using default tokenizer.
2025-04-15 00:07:38,406 - INFO - Successfully processed and saved results for 18958324
2025-04-15 00:07:38,406 - INFO - Skipping 81623492 - not in valid_ids list
2025-04-15 00:07:38,409 - INFO - Using default tokenizer.
2025-04-15 00:07:38,681 - INFO - Successfully processed and saved results for 39038842
2025-04-15 00:07:38,685 - INFO - Using default tokenizer.
2025-04-15 00:07:38,835 - INFO - Successfully processed and saved results for 85505359
2025-04-15 00:07:38,838 - INFO - Using default tokenizer.
2025-04-15 00:07:38,872 - INFO - Successfully processed and saved results for 52492536
2025-04-15 00:07:38,875 - INFO - Using default tokenizer.
2025-04-15 00:07:38,917 - INFO - Successfully processed and saved results for 66681632
2025-04-15 00:07:38,921 - INFO - Using default tokenizer.
2025-04-15 00:07:39,079 - INFO - Successfully processed and saved results for 92908954
2025-04-15 00:07:39,083 - INFO - Using default tokenizer.
2025-04-15 00:07:39,170 - INFO - Successfully processed and saved results for 78841597
2025-04-15 00:07:39,172 - INFO - Using default tokenizer.
2025-04-15 00:07:39,264 - INFO - Successfully processed and saved results for 58308538
2025-04-15 00:07:39,267 - INFO - Using default tokenizer.
2025-04-15 00:07:39,286 - INFO - Successfully processed and saved results for 18304114
2025-04-15 00:07:39,288 - INFO - Using default tokenizer.
2025-04-15 00:07:39,333 - INFO - Successfully processed and saved results for 435175
2025-04-15 00:07:39,336 - INFO - Using default tokenizer.
2025-04-15 00:07:39,404 - INFO - Successfully processed and saved results for 46416317
2025-04-15 00:07:39,407 - INFO - Using default tokenizer.
2025-04-15 00:07:39,466 - INFO - Successfully processed and saved results for 81535007
2025-04-15 00:07:39,468 - INFO - Using default tokenizer.
2025-04-15 00:07:39,538 - INFO - Successfully processed and saved results for 31303819
2025-04-15 00:07:39,544 - INFO - Using default tokenizer.
2025-04-15 00:07:39,705 - INFO - Successfully processed and saved results for 50524744
2025-04-15 00:07:39,707 - INFO - Using default tokenizer.
2025-04-15 00:07:39,791 - INFO - Successfully processed and saved results for 87885377
2025-04-15 00:07:39,794 - INFO - Using default tokenizer.
2025-04-15 00:07:39,853 - INFO - Successfully processed and saved results for 15765418
2025-04-15 00:07:39,854 - INFO - Using default tokenizer.
2025-04-15 00:07:39,920 - INFO - Successfully processed and saved results for 13187019
2025-04-15 00:07:39,923 - INFO - Using default tokenizer.
2025-04-15 00:07:39,947 - INFO - Successfully processed and saved results for 31543932
2025-04-15 00:07:39,949 - INFO - Using default tokenizer.
2025-04-15 00:07:40,044 - INFO - Successfully processed and saved results for 17350626
2025-04-15 00:07:40,046 - INFO - Using default tokenizer.
2025-04-15 00:07:40,138 - INFO - Successfully processed and saved results for 66112363
2025-04-15 00:07:40,141 - INFO - Using default tokenizer.
2025-04-15 00:07:40,209 - INFO - Successfully processed and saved results for 80719489
2025-04-15 00:07:40,211 - INFO - Using default tokenizer.
2025-04-15 00:07:40,262 - INFO - Successfully processed and saved results for 2577868
2025-04-15 00:07:40,265 - INFO - Using default tokenizer.
2025-04-15 00:07:40,412 - INFO - Successfully processed and saved results for 16027177
2025-04-15 00:07:40,414 - INFO - Using default tokenizer.
2025-04-15 00:07:40,493 - INFO - Successfully processed and saved results for 58793266
2025-04-15 00:07:40,495 - INFO - Using default tokenizer.
2025-04-15 00:07:40,548 - INFO - Successfully processed and saved results for 77684000
2025-04-15 00:07:40,548 - INFO - Skipping 43813190 - not in valid_ids list
2025-04-15 00:07:40,552 - INFO - Using default tokenizer.
2025-04-15 00:07:40,579 - INFO - Successfully processed and saved results for 48411412
2025-04-15 00:07:40,582 - INFO - Using default tokenizer.
2025-04-15 00:07:40,620 - INFO - Successfully processed and saved results for 21532550
2025-04-15 00:07:40,623 - INFO - Using default tokenizer.
2025-04-15 00:07:40,662 - INFO - Successfully processed and saved results for 7570292
2025-04-15 00:07:40,665 - INFO - Using default tokenizer.
2025-04-15 00:07:40,771 - INFO - Successfully processed and saved results for 89628084
2025-04-15 00:07:40,776 - INFO - Using default tokenizer.
2025-04-15 00:07:41,138 - INFO - Successfully processed and saved results for 61298922
2025-04-15 00:07:41,141 - INFO - Using default tokenizer.
2025-04-15 00:07:41,213 - INFO - Successfully processed and saved results for 89853012
2025-04-15 00:07:41,217 - INFO - Using default tokenizer.
2025-04-15 00:07:41,254 - INFO - Successfully processed and saved results for 65123124
2025-04-15 00:07:41,256 - INFO - Using default tokenizer.
2025-04-15 00:07:41,286 - INFO - Successfully processed and saved results for 98781755
2025-04-15 00:07:41,288 - INFO - Using default tokenizer.
2025-04-15 00:07:41,336 - INFO - Successfully processed and saved results for 37171167
2025-04-15 00:07:41,340 - INFO - Using default tokenizer.
2025-04-15 00:07:41,391 - INFO - Successfully processed and saved results for 62302416
2025-04-15 00:07:41,396 - INFO - Using default tokenizer.
2025-04-15 00:07:41,469 - INFO - Successfully processed and saved results for 54139177
2025-04-15 00:07:41,472 - INFO - Using default tokenizer.
2025-04-15 00:07:41,532 - INFO - Successfully processed and saved results for 47257042
2025-04-15 00:07:41,537 - INFO - Using default tokenizer.
2025-04-15 00:07:41,649 - INFO - Successfully processed and saved results for 80421460
2025-04-15 00:07:41,652 - INFO - Using default tokenizer.
2025-04-15 00:07:41,727 - INFO - Successfully processed and saved results for 60887948
2025-04-15 00:07:41,728 - INFO - Skipping 76854692 - not in valid_ids list
2025-04-15 00:07:41,729 - INFO - Using default tokenizer.
2025-04-15 00:07:41,841 - INFO - Successfully processed and saved results for 80770343
2025-04-15 00:07:41,845 - INFO - Using default tokenizer.
2025-04-15 00:07:41,964 - INFO - Successfully processed and saved results for 17754953
2025-04-15 00:07:41,967 - INFO - Using default tokenizer.
2025-04-15 00:07:42,043 - INFO - Successfully processed and saved results for 11636296
2025-04-15 00:07:42,046 - INFO - Using default tokenizer.
2025-04-15 00:07:42,078 - INFO - Successfully processed and saved results for 69119323
2025-04-15 00:07:42,079 - INFO - Using default tokenizer.
2025-04-15 00:07:42,106 - INFO - Successfully processed and saved results for 25809281
2025-04-15 00:07:42,108 - INFO - Using default tokenizer.
2025-04-15 00:07:42,159 - INFO - Successfully processed and saved results for 85853580
2025-04-15 00:07:42,163 - INFO - Using default tokenizer.
2025-04-15 00:07:42,223 - INFO - Successfully processed and saved results for 31183232
2025-04-15 00:07:42,225 - INFO - Using default tokenizer.
2025-04-15 00:07:42,257 - INFO - Successfully processed and saved results for 17675091
2025-04-15 00:07:42,260 - INFO - Using default tokenizer.
2025-04-15 00:07:42,369 - INFO - Successfully processed and saved results for 6726365
2025-04-15 00:07:42,375 - INFO - Using default tokenizer.
2025-04-15 00:07:42,457 - INFO - Successfully processed and saved results for 66006367
2025-04-15 00:07:42,462 - INFO - Using default tokenizer.
2025-04-15 00:07:42,625 - INFO - Successfully processed and saved results for 45795840
2025-04-15 00:07:42,628 - INFO - Using default tokenizer.
2025-04-15 00:07:42,676 - INFO - Successfully processed and saved results for 11836666
2025-04-15 00:07:42,679 - INFO - Using default tokenizer.
2025-04-15 00:07:42,803 - INFO - Successfully processed and saved results for 4536127
2025-04-15 00:07:42,807 - INFO - Using default tokenizer.
2025-04-15 00:07:42,904 - INFO - Successfully processed and saved results for 33126132
2025-04-15 00:07:42,906 - INFO - Using default tokenizer.
2025-04-15 00:07:42,962 - INFO - Successfully processed and saved results for 69481324
2025-04-15 00:07:42,962 - INFO - Skipping 79091650 - not in valid_ids list
2025-04-15 00:07:42,967 - INFO - Using default tokenizer.
2025-04-15 00:07:43,123 - INFO - Successfully processed and saved results for 22030520
2025-04-15 00:07:43,126 - INFO - Using default tokenizer.
2025-04-15 00:07:43,187 - INFO - Successfully processed and saved results for 43280550
2025-04-15 00:07:43,189 - INFO - Using default tokenizer.
2025-04-15 00:07:43,279 - INFO - Successfully processed and saved results for 91200961
2025-04-15 00:07:43,282 - INFO - Using default tokenizer.
2025-04-15 00:07:43,362 - INFO - Successfully processed and saved results for 11418476
2025-04-15 00:07:43,367 - INFO - Using default tokenizer.
2025-04-15 00:07:43,465 - INFO - Successfully processed and saved results for 97291551
2025-04-15 00:07:43,467 - INFO - Using default tokenizer.
2025-04-15 00:07:43,502 - INFO - Successfully processed and saved results for 39353178
2025-04-15 00:07:43,504 - INFO - Using default tokenizer.
2025-04-15 00:07:43,548 - INFO - Successfully processed and saved results for 18521109
2025-04-15 00:07:43,548 - INFO - Skipping 18000122 - not in valid_ids list
2025-04-15 00:07:43,549 - INFO - Using default tokenizer.
2025-04-15 00:07:43,583 - INFO - Successfully processed and saved results for 12711637
2025-04-15 00:07:43,587 - INFO - Using default tokenizer.
2025-04-15 00:07:43,664 - INFO - Successfully processed and saved results for 63621777
2025-04-15 00:07:43,664 - INFO - Skipping 27264933 - not in valid_ids list
2025-04-15 00:07:43,667 - INFO - Using default tokenizer.
2025-04-15 00:07:43,734 - INFO - Successfully processed and saved results for 91812941
2025-04-15 00:07:43,736 - INFO - Using default tokenizer.
2025-04-15 00:07:43,800 - INFO - Successfully processed and saved results for 91633253
2025-04-15 00:07:43,803 - INFO - Using default tokenizer.
2025-04-15 00:07:43,839 - INFO - Successfully processed and saved results for 77534612
2025-04-15 00:07:43,841 - INFO - Using default tokenizer.
2025-04-15 00:07:43,890 - INFO - Successfully processed and saved results for 93460473
2025-04-15 00:07:43,893 - INFO - Using default tokenizer.
2025-04-15 00:07:43,948 - INFO - Successfully processed and saved results for 10218080
2025-04-15 00:07:43,952 - INFO - Using default tokenizer.
2025-04-15 00:07:44,153 - INFO - Successfully processed and saved results for 78412080
2025-04-15 00:07:44,157 - INFO - Using default tokenizer.
2025-04-15 00:07:44,297 - INFO - Successfully processed and saved results for 40771210
2025-04-15 00:07:44,300 - INFO - Using default tokenizer.
2025-04-15 00:07:44,329 - INFO - Successfully processed and saved results for 8136900
2025-04-15 00:07:44,331 - INFO - Using default tokenizer.
2025-04-15 00:07:44,370 - INFO - Successfully processed and saved results for 94015576
2025-04-15 00:07:44,374 - INFO - Using default tokenizer.
2025-04-15 00:07:44,459 - INFO - Successfully processed and saved results for 88246188
2025-04-15 00:07:44,462 - INFO - Using default tokenizer.
2025-04-15 00:07:44,544 - INFO - Successfully processed and saved results for 61558513
2025-04-15 00:07:44,547 - INFO - Using default tokenizer.
2025-04-15 00:07:44,573 - INFO - Successfully processed and saved results for 79512250
2025-04-15 00:07:44,575 - INFO - Using default tokenizer.
2025-04-15 00:07:44,665 - INFO - Successfully processed and saved results for 56196
2025-04-15 00:07:44,669 - INFO - Using default tokenizer.
2025-04-15 00:07:44,880 - INFO - Successfully processed and saved results for 43018598
2025-04-15 00:07:44,882 - INFO - Using default tokenizer.
2025-04-15 00:07:44,941 - INFO - Successfully processed and saved results for 8601517
2025-04-15 00:07:44,943 - INFO - Using default tokenizer.
2025-04-15 00:07:44,987 - INFO - Successfully processed and saved results for 21919380
2025-04-15 00:07:44,992 - INFO - Using default tokenizer.
2025-04-15 00:07:45,178 - INFO - Successfully processed and saved results for 96747724
2025-04-15 00:07:45,181 - INFO - Using default tokenizer.
2025-04-15 00:07:45,218 - INFO - Successfully processed and saved results for 56843191
2025-04-15 00:07:45,222 - INFO - Using default tokenizer.
2025-04-15 00:07:45,263 - INFO - Successfully processed and saved results for 22528856
2025-04-15 00:07:45,265 - INFO - Using default tokenizer.
2025-04-15 00:07:45,334 - INFO - Successfully processed and saved results for 70889889
2025-04-15 00:07:45,338 - INFO - Using default tokenizer.
2025-04-15 00:07:45,448 - INFO - Successfully processed and saved results for 57956236
2025-04-15 00:07:45,451 - INFO - Using default tokenizer.
2025-04-15 00:07:45,492 - INFO - Successfully processed and saved results for 83248182
2025-04-15 00:07:45,497 - INFO - Using default tokenizer.
2025-04-15 00:07:45,610 - INFO - Successfully processed and saved results for 45765062
2025-04-15 00:07:45,614 - INFO - Using default tokenizer.
2025-04-15 00:07:45,808 - INFO - Successfully processed and saved results for 48141212
2025-04-15 00:07:45,809 - INFO - Using default tokenizer.
2025-04-15 00:07:45,846 - INFO - Successfully processed and saved results for 81262575
2025-04-15 00:07:45,848 - INFO - Using default tokenizer.
2025-04-15 00:07:45,896 - INFO - Successfully processed and saved results for 77737945
2025-04-15 00:07:45,899 - INFO - Using default tokenizer.
2025-04-15 00:07:45,921 - INFO - Successfully processed and saved results for 41467472
2025-04-15 00:07:45,922 - INFO - Skipping 63993374 - not in valid_ids list
2025-04-15 00:07:45,926 - INFO - Using default tokenizer.
2025-04-15 00:07:46,174 - INFO - Successfully processed and saved results for 67696398
2025-04-15 00:07:46,194 - INFO - Using default tokenizer.
2025-04-15 00:07:46,249 - INFO - Successfully processed and saved results for 3855110
2025-04-15 00:07:46,252 - INFO - Using default tokenizer.
2025-04-15 00:07:46,280 - INFO - Successfully processed and saved results for 80004741
2025-04-15 00:07:46,285 - INFO - Using default tokenizer.
2025-04-15 00:07:46,323 - INFO - Successfully processed and saved results for 5262509
2025-04-15 00:07:46,326 - INFO - Using default tokenizer.
2025-04-15 00:07:46,413 - INFO - Successfully processed and saved results for 93195231
2025-04-15 00:07:46,416 - INFO - Using default tokenizer.
2025-04-15 00:07:46,443 - INFO - Successfully processed and saved results for 22546727
2025-04-15 00:07:46,446 - INFO - Using default tokenizer.
2025-04-15 00:07:46,505 - INFO - Successfully processed and saved results for 8784223
2025-04-15 00:07:46,507 - INFO - Using default tokenizer.
2025-04-15 00:07:46,575 - INFO - Successfully processed and saved results for 30789903
2025-04-15 00:07:46,575 - INFO - Skipping 70140653 - not in valid_ids list
2025-04-15 00:07:46,579 - INFO - Using default tokenizer.
2025-04-15 00:07:46,869 - INFO - Successfully processed and saved results for 71546396
2025-04-15 00:07:46,873 - INFO - Using default tokenizer.
2025-04-15 00:07:46,930 - INFO - Successfully processed and saved results for 5674972
2025-04-15 00:07:46,932 - INFO - Using default tokenizer.
2025-04-15 00:07:46,978 - INFO - Successfully processed and saved results for 69013017
2025-04-15 00:07:46,981 - INFO - Using default tokenizer.
2025-04-15 00:07:47,079 - INFO - Successfully processed and saved results for 27321339
2025-04-15 00:07:47,083 - INFO - Using default tokenizer.
2025-04-15 00:07:47,331 - INFO - Successfully processed and saved results for 263861
2025-04-15 00:07:47,333 - INFO - Using default tokenizer.
2025-04-15 00:07:47,416 - INFO - Successfully processed and saved results for 31459000
2025-04-15 00:07:47,419 - INFO - Using default tokenizer.
2025-04-15 00:07:47,512 - INFO - Successfully processed and saved results for 93598871
2025-04-15 00:07:47,515 - INFO - Using default tokenizer.
2025-04-15 00:07:47,551 - INFO - Successfully processed and saved results for 8799962
2025-04-15 00:07:47,553 - INFO - Using default tokenizer.
2025-04-15 00:07:47,640 - INFO - Successfully processed and saved results for 26262723
2025-04-15 00:07:47,642 - INFO - Using default tokenizer.
2025-04-15 00:07:47,713 - INFO - Successfully processed and saved results for 88532041
2025-04-15 00:07:47,715 - INFO - Using default tokenizer.
2025-04-15 00:07:47,769 - INFO - Successfully processed and saved results for 16973657
2025-04-15 00:07:47,773 - INFO - Using default tokenizer.
2025-04-15 00:07:47,904 - INFO - Successfully processed and saved results for 518237
2025-04-15 00:07:47,906 - INFO - Using default tokenizer.
2025-04-15 00:07:47,941 - INFO - Successfully processed and saved results for 687757
2025-04-15 00:07:47,945 - INFO - Using default tokenizer.
2025-04-15 00:07:48,062 - INFO - Successfully processed and saved results for 24824894
2025-04-15 00:07:48,067 - INFO - Using default tokenizer.
2025-04-15 00:07:48,179 - INFO - Successfully processed and saved results for 82821959
2025-04-15 00:07:48,179 - INFO - Skipping 59963771 - not in valid_ids list
2025-04-15 00:07:48,181 - INFO - Using default tokenizer.
2025-04-15 00:07:48,245 - INFO - Successfully processed and saved results for 63848470
2025-04-15 00:07:48,249 - INFO - Using default tokenizer.
2025-04-15 00:07:48,373 - INFO - Successfully processed and saved results for 61603670
2025-04-15 00:07:48,375 - INFO - Using default tokenizer.
2025-04-15 00:07:48,408 - INFO - Successfully processed and saved results for 53721399
2025-04-15 00:07:48,415 - INFO - Using default tokenizer.
2025-04-15 00:07:48,635 - INFO - Successfully processed and saved results for 57114772
2025-04-15 00:07:48,638 - INFO - Using default tokenizer.
2025-04-15 00:07:48,669 - INFO - Successfully processed and saved results for 30748495
2025-04-15 00:07:48,671 - INFO - Using default tokenizer.
2025-04-15 00:07:48,702 - INFO - Successfully processed and saved results for 69537377
2025-04-15 00:07:48,714 - INFO - Using default tokenizer.
2025-04-15 00:07:48,869 - INFO - Successfully processed and saved results for 82626355
2025-04-15 00:07:48,872 - INFO - Using default tokenizer.
2025-04-15 00:07:48,926 - INFO - Successfully processed and saved results for 7157784
2025-04-15 00:07:48,931 - INFO - Using default tokenizer.
2025-04-15 00:07:49,121 - INFO - Successfully processed and saved results for 30995172
2025-04-15 00:07:49,121 - INFO - Skipping 74374635 - not in valid_ids list
2025-04-15 00:07:49,124 - INFO - Using default tokenizer.
2025-04-15 00:07:49,221 - INFO - Successfully processed and saved results for 8264189
2025-04-15 00:07:49,226 - INFO - Using default tokenizer.
2025-04-15 00:07:49,290 - INFO - Successfully processed and saved results for 5681713
2025-04-15 00:07:49,295 - INFO - Using default tokenizer.
2025-04-15 00:07:49,469 - INFO - Successfully processed and saved results for 45518901
2025-04-15 00:07:49,471 - INFO - Using default tokenizer.
2025-04-15 00:07:49,510 - INFO - Successfully processed and saved results for 24000799
2025-04-15 00:07:49,513 - INFO - Using default tokenizer.
2025-04-15 00:07:49,548 - INFO - Successfully processed and saved results for 26473847
2025-04-15 00:07:49,554 - INFO - Using default tokenizer.
2025-04-15 00:07:49,761 - INFO - Successfully processed and saved results for 99384474
2025-04-15 00:07:49,767 - INFO - Using default tokenizer.
2025-04-15 00:07:49,954 - INFO - Successfully processed and saved results for 5550259
2025-04-15 00:07:49,955 - INFO - Using default tokenizer.
2025-04-15 00:07:50,013 - INFO - Successfully processed and saved results for 47698609
2025-04-15 00:07:50,016 - INFO - Using default tokenizer.
2025-04-15 00:07:50,032 - INFO - Successfully processed and saved results for 12175403
2025-04-15 00:07:50,035 - INFO - Using default tokenizer.
2025-04-15 00:07:50,157 - INFO - Successfully processed and saved results for 69467563
2025-04-15 00:07:50,164 - INFO - Using default tokenizer.
2025-04-15 00:07:50,286 - INFO - Successfully processed and saved results for 53269747
2025-04-15 00:07:50,292 - INFO - Using default tokenizer.
2025-04-15 00:07:50,478 - INFO - Successfully processed and saved results for 37479343
2025-04-15 00:07:50,483 - INFO - Using default tokenizer.
2025-04-15 00:07:50,619 - INFO - Successfully processed and saved results for 11791786
2025-04-15 00:07:50,622 - INFO - Using default tokenizer.
2025-04-15 00:07:50,745 - INFO - Successfully processed and saved results for 41840073
2025-04-15 00:07:50,747 - INFO - Using default tokenizer.
2025-04-15 00:07:50,816 - INFO - Successfully processed and saved results for 75779006
2025-04-15 00:07:50,819 - INFO - Using default tokenizer.
2025-04-15 00:07:50,885 - INFO - Successfully processed and saved results for 46342402
2025-04-15 00:07:50,887 - INFO - Using default tokenizer.
2025-04-15 00:07:50,958 - INFO - Successfully processed and saved results for 23426061
2025-04-15 00:07:50,961 - INFO - Using default tokenizer.
2025-04-15 00:07:51,011 - INFO - Successfully processed and saved results for 72922440
2025-04-15 00:07:51,011 - INFO - Skipping 1050101 - not in valid_ids list
2025-04-15 00:07:51,013 - INFO - Using default tokenizer.
2025-04-15 00:07:51,065 - INFO - Successfully processed and saved results for 80262838
2025-04-15 00:07:51,066 - INFO - Using default tokenizer.
2025-04-15 00:07:51,101 - INFO - Successfully processed and saved results for 1907968
2025-04-15 00:07:51,103 - INFO - Using default tokenizer.
2025-04-15 00:07:51,180 - INFO - Successfully processed and saved results for 13655370
2025-04-15 00:07:51,184 - INFO - Using default tokenizer.
2025-04-15 00:07:51,258 - INFO - Successfully processed and saved results for 32560739
2025-04-15 00:07:51,266 - INFO - Using default tokenizer.
2025-04-15 00:07:51,515 - INFO - Successfully processed and saved results for 202387
2025-04-15 00:07:51,518 - INFO - Using default tokenizer.
2025-04-15 00:07:51,572 - INFO - Successfully processed and saved results for 78339451
2025-04-15 00:07:51,576 - INFO - Using default tokenizer.
2025-04-15 00:07:51,881 - INFO - Successfully processed and saved results for 13793499
2025-04-15 00:07:51,884 - INFO - Using default tokenizer.
2025-04-15 00:07:51,922 - INFO - Successfully processed and saved results for 11684235
2025-04-15 00:07:51,924 - INFO - Using default tokenizer.
2025-04-15 00:07:51,993 - INFO - Successfully processed and saved results for 8087311
2025-04-15 00:07:51,996 - INFO - Using default tokenizer.
2025-04-15 00:07:52,038 - INFO - Successfully processed and saved results for 66099843
2025-04-15 00:07:52,039 - INFO - Using default tokenizer.
2025-04-15 00:07:52,117 - INFO - Successfully processed and saved results for 11354749
2025-04-15 00:07:52,120 - INFO - Using default tokenizer.
2025-04-15 00:07:52,192 - INFO - Successfully processed and saved results for 75389943
2025-04-15 00:07:52,194 - INFO - Using default tokenizer.
2025-04-15 00:07:52,245 - INFO - Successfully processed and saved results for 47397989
2025-04-15 00:07:52,253 - INFO - Using default tokenizer.
2025-04-15 00:07:52,349 - INFO - Successfully processed and saved results for 36197895
2025-04-15 00:07:52,352 - INFO - Using default tokenizer.
2025-04-15 00:07:52,413 - INFO - Successfully processed and saved results for 3953515
2025-04-15 00:07:52,417 - INFO - Using default tokenizer.
2025-04-15 00:07:52,516 - INFO - Successfully processed and saved results for 4830217
2025-04-15 00:07:52,518 - INFO - Using default tokenizer.
2025-04-15 00:07:52,549 - INFO - Successfully processed and saved results for 93142771
2025-04-15 00:07:52,551 - INFO - Using default tokenizer.
2025-04-15 00:07:52,571 - INFO - Successfully processed and saved results for 99440206
2025-04-15 00:07:52,580 - INFO - Using default tokenizer.
2025-04-15 00:07:52,784 - INFO - Successfully processed and saved results for 87041789
2025-04-15 00:07:52,786 - INFO - Using default tokenizer.
2025-04-15 00:07:52,826 - INFO - Successfully processed and saved results for 71225651
2025-04-15 00:07:52,835 - INFO - Using default tokenizer.
2025-04-15 00:07:52,952 - INFO - Successfully processed and saved results for 4784102
2025-04-15 00:07:52,955 - INFO - Using default tokenizer.
2025-04-15 00:07:53,083 - INFO - Successfully processed and saved results for 8363020
2025-04-15 00:07:53,087 - INFO - Using default tokenizer.
2025-04-15 00:07:53,125 - INFO - Successfully processed and saved results for 24950879
2025-04-15 00:07:53,128 - INFO - Using default tokenizer.
2025-04-15 00:07:53,161 - INFO - Successfully processed and saved results for 4206973
2025-04-15 00:07:53,163 - INFO - Using default tokenizer.
2025-04-15 00:07:53,226 - INFO - Successfully processed and saved results for 44210578
2025-04-15 00:07:53,228 - INFO - Using default tokenizer.
2025-04-15 00:07:53,266 - INFO - Successfully processed and saved results for 39570633
2025-04-15 00:07:53,269 - INFO - Using default tokenizer.
2025-04-15 00:07:53,339 - INFO - Successfully processed and saved results for 93025332
2025-04-15 00:07:53,348 - INFO - Using default tokenizer.
2025-04-15 00:07:53,389 - INFO - Successfully processed and saved results for 414696
2025-04-15 00:07:53,392 - INFO - Using default tokenizer.
2025-04-15 00:07:53,428 - INFO - Successfully processed and saved results for 24510148
2025-04-15 00:07:53,433 - INFO - Using default tokenizer.
2025-04-15 00:07:53,513 - INFO - Successfully processed and saved results for 66883240
2025-04-15 00:07:53,516 - INFO - Using default tokenizer.
2025-04-15 00:07:53,579 - INFO - Successfully processed and saved results for 82314288
2025-04-15 00:07:53,583 - INFO - Using default tokenizer.
2025-04-15 00:07:53,816 - INFO - Successfully processed and saved results for 88655260
2025-04-15 00:07:53,819 - INFO - Using default tokenizer.
2025-04-15 00:07:53,885 - INFO - Successfully processed and saved results for 86524123
2025-04-15 00:07:53,890 - INFO - Using default tokenizer.
2025-04-15 00:07:54,002 - INFO - Successfully processed and saved results for 64175585
2025-04-15 00:07:54,004 - INFO - Using default tokenizer.
2025-04-15 00:07:54,048 - INFO - Successfully processed and saved results for 63531440
2025-04-15 00:07:54,054 - INFO - Using default tokenizer.
2025-04-15 00:07:54,086 - INFO - Successfully processed and saved results for 20550713
2025-04-15 00:07:54,089 - INFO - Using default tokenizer.
2025-04-15 00:07:54,181 - INFO - Successfully processed and saved results for 15757806
2025-04-15 00:07:54,181 - INFO - Skipping 43514018 - not in valid_ids list
2025-04-15 00:07:54,183 - INFO - Using default tokenizer.
2025-04-15 00:07:54,234 - INFO - Successfully processed and saved results for 63758896
2025-04-15 00:07:54,279 - INFO - Using default tokenizer.
2025-04-15 00:07:54,488 - INFO - Successfully processed and saved results for 73424952
2025-04-15 00:07:54,491 - INFO - Using default tokenizer.
2025-04-15 00:07:54,535 - INFO - Successfully processed and saved results for 3517250
2025-04-15 00:07:54,539 - INFO - Using default tokenizer.
2025-04-15 00:07:54,655 - INFO - Successfully processed and saved results for 10587146
2025-04-15 00:07:54,657 - INFO - Using default tokenizer.
2025-04-15 00:07:54,727 - INFO - Successfully processed and saved results for 35973587
2025-04-15 00:07:54,732 - INFO - Using default tokenizer.
2025-04-15 00:07:54,775 - INFO - Successfully processed and saved results for 97980035
2025-04-15 00:07:54,777 - INFO - Using default tokenizer.
2025-04-15 00:07:54,885 - INFO - Successfully processed and saved results for 29796623
2025-04-15 00:07:54,888 - INFO - Using default tokenizer.
2025-04-15 00:07:54,937 - INFO - Successfully processed and saved results for 36679338
2025-04-15 00:07:54,941 - INFO - Using default tokenizer.
2025-04-15 00:07:55,091 - INFO - Successfully processed and saved results for 66912872
2025-04-15 00:07:55,108 - INFO - Using default tokenizer.
2025-04-15 00:07:55,129 - INFO - Successfully processed and saved results for 75952682
2025-04-15 00:07:55,132 - INFO - Using default tokenizer.
2025-04-15 00:07:55,172 - INFO - Successfully processed and saved results for 23242120
2025-04-15 00:07:55,174 - INFO - Using default tokenizer.
2025-04-15 00:07:55,268 - INFO - Successfully processed and saved results for 50897768
2025-04-15 00:07:55,270 - INFO - Using default tokenizer.
2025-04-15 00:07:55,330 - INFO - Successfully processed and saved results for 32533290
2025-04-15 00:07:55,335 - INFO - Using default tokenizer.
2025-04-15 00:07:55,404 - INFO - Successfully processed and saved results for 50438213
2025-04-15 00:07:55,406 - INFO - Using default tokenizer.
2025-04-15 00:07:55,461 - INFO - Successfully processed and saved results for 86423785
2025-04-15 00:07:55,466 - INFO - Using default tokenizer.
2025-04-15 00:07:55,520 - INFO - Successfully processed and saved results for 40774761
2025-04-15 00:07:55,524 - INFO - Using default tokenizer.
2025-04-15 00:07:55,646 - INFO - Successfully processed and saved results for 93544751
2025-04-15 00:07:55,651 - INFO - Using default tokenizer.
2025-04-15 00:07:55,739 - INFO - Successfully processed and saved results for 58874274
2025-04-15 00:07:55,739 - INFO - Completed processing papers using first method
2025-04-15 00:07:55,739 - INFO - Calculating average ROUGE scores
2025-04-15 00:07:55,739 - INFO - Average ROUGE scores across 488 papers: {'rouge1': 0.40665618704863155, 'rouge2': 0.1109557772723363, 'rougeL': 0.1624037166728536}
2025-04-15 00:07:55,756 - INFO - Saved all evaluation results to ./jaehyeok/results/all_results_first_2.json
2025-04-15 00:07:55,756 - INFO - Extraction process completed using first method with 2 sentences
2025-04-15 00:07:55,756 - INFO - Average ROUGE scores: {'rouge1': 0.40665618704863155, 'rouge2': 0.1109557772723363, 'rougeL': 0.1624037166728536}
2025-04-15 00:07:55,756 - INFO - All individual paper results saved to ./jaehyeok/results/all_results_first_2.json
