2025-04-14 23:25:22,918 - INFO - Starting to process papers using first method with 1 sentences
2025-04-14 23:25:22,918 - INFO - Loading gold summaries
2025-04-14 23:25:22,922 - INFO - Loading existing results file: ./jaehyeok/results/summarization_first_1.json
2025-04-14 23:25:22,923 - INFO - Loaded 61 existing results
2025-04-14 23:25:22,923 - INFO - Found 525 JSON files to process
2025-04-14 23:25:22,931 - INFO - Skipping 42731227 - already processed
2025-04-14 23:25:22,932 - WARNING - No sections found in 3913778. Skipping...
2025-04-14 23:25:22,932 - INFO - Skipping 79305631 - already processed
2025-04-14 23:25:22,932 - INFO - Skipping 35928796 - already processed
2025-04-14 23:25:22,932 - WARNING - No sections found in 9563928. Skipping...
2025-04-14 23:25:22,932 - INFO - Skipping 96002700 - already processed
2025-04-14 23:25:22,932 - INFO - Skipping 78190587 - already processed
2025-04-14 23:25:22,932 - INFO - Skipping 4216862 - already processed
2025-04-14 23:25:22,932 - INFO - Skipping 55410278 - already processed
2025-04-14 23:25:22,932 - INFO - Skipping 34187605 - already processed
2025-04-14 23:25:22,932 - INFO - Skipping 99878837 - already processed
2025-04-14 23:25:22,932 - INFO - Skipping 84548548 - already processed
2025-04-14 23:25:22,932 - INFO - Skipping 94646863 - already processed
2025-04-14 23:25:22,932 - INFO - Skipping 58884367 - already processed
2025-04-14 23:25:22,932 - INFO - Skipping 97381495 - already processed
2025-04-14 23:25:22,932 - WARNING - No sections found in 74261188. Skipping...
2025-04-14 23:25:22,932 - INFO - Skipping 11790475 - already processed
2025-04-14 23:25:22,932 - INFO - Skipping 57934330 - already processed
2025-04-14 23:25:22,932 - WARNING - No sections found in 35377831. Skipping...
2025-04-14 23:25:22,932 - INFO - Skipping 27086937 - already processed
2025-04-14 23:25:22,932 - INFO - Skipping 31277852 - not in valid_ids list
2025-04-14 23:25:22,933 - INFO - Skipping 33427271 - already processed
2025-04-14 23:25:22,933 - INFO - Skipping 68399070 - already processed
2025-04-14 23:25:22,933 - INFO - Skipping 2852538 - already processed
2025-04-14 23:25:22,933 - INFO - Skipping 85933068 - already processed
2025-04-14 23:25:22,933 - INFO - Skipping 14310989 - already processed
2025-04-14 23:25:22,933 - INFO - Skipping 2905851 - already processed
2025-04-14 23:25:22,933 - INFO - Skipping 96217072 - already processed
2025-04-14 23:25:22,933 - INFO - Skipping 73515355 - already processed
2025-04-14 23:25:22,933 - INFO - Skipping 17349212 - not in valid_ids list
2025-04-14 23:25:22,933 - INFO - Skipping 36051826 - already processed
2025-04-14 23:25:22,933 - INFO - Skipping 33714440 - already processed
2025-04-14 23:25:22,933 - INFO - Skipping 4353776 - already processed
2025-04-14 23:25:22,933 - INFO - Skipping 7255717 - already processed
2025-04-14 23:25:22,933 - INFO - Skipping 82220044 - already processed
2025-04-14 23:25:22,933 - INFO - Skipping 38779502 - already processed
2025-04-14 23:25:22,933 - INFO - Skipping 34958521 - already processed
2025-04-14 23:25:22,933 - INFO - Skipping 38469042 - already processed
2025-04-14 23:25:22,933 - WARNING - No sections found in 82387857. Skipping...
2025-04-14 23:25:22,933 - WARNING - No sections found in 24169489. Skipping...
2025-04-14 23:25:22,933 - INFO - Skipping 65595064 - already processed
2025-04-14 23:25:22,933 - INFO - Skipping 52464539 - already processed
2025-04-14 23:25:22,933 - INFO - Skipping 38830210 - already processed
2025-04-14 23:25:22,933 - WARNING - No sections found in 41161677. Skipping...
2025-04-14 23:25:22,933 - INFO - Skipping 1077676 - not in valid_ids list
2025-04-14 23:25:22,933 - INFO - Skipping 15062404 - already processed
2025-04-14 23:25:22,933 - INFO - Skipping 57983162 - already processed
2025-04-14 23:25:22,933 - INFO - Skipping 72788236 - already processed
2025-04-14 23:25:22,933 - INFO - Skipping 93218559 - already processed
2025-04-14 23:25:22,934 - INFO - Skipping 24431610 - not in valid_ids list
2025-04-14 23:25:22,934 - WARNING - No sections found in 45186835. Skipping...
2025-04-14 23:25:22,934 - INFO - Skipping 15084340 - already processed
2025-04-14 23:25:22,934 - WARNING - No sections found in 76635514. Skipping...
2025-04-14 23:25:22,934 - INFO - Skipping 73180675 - already processed
2025-04-14 23:25:22,934 - INFO - Skipping 47469397 - already processed
2025-04-14 23:25:22,934 - INFO - Skipping 43687503 - already processed
2025-04-14 23:25:22,934 - WARNING - No sections found in 23313716. Skipping...
2025-04-14 23:25:22,934 - INFO - Skipping 70719243 - not in valid_ids list
2025-04-14 23:25:22,934 - INFO - Skipping 85820029 - already processed
2025-04-14 23:25:22,934 - INFO - Skipping 87068449 - already processed
2025-04-14 23:25:22,934 - INFO - Skipping 59277766 - already processed
2025-04-14 23:25:22,934 - WARNING - No sections found in 81001972. Skipping...
2025-04-14 23:25:22,934 - INFO - Skipping 7904666 - already processed
2025-04-14 23:25:22,934 - INFO - Skipping 50538257 - already processed
2025-04-14 23:25:22,934 - INFO - Skipping 23929837 - already processed
2025-04-14 23:25:22,934 - INFO - Skipping 86508243 - already processed
2025-04-14 23:25:22,934 - INFO - Skipping 51254358 - already processed
2025-04-14 23:25:22,934 - INFO - Skipping 70691684 - already processed
2025-04-14 23:25:22,934 - INFO - Skipping 62996279 - already processed
2025-04-14 23:25:22,934 - INFO - Skipping 62056200 - already processed
2025-04-14 23:25:22,935 - WARNING - No sections found in 17539393. Skipping...
2025-04-14 23:25:22,935 - INFO - Skipping 91451160 - already processed
2025-04-14 23:25:22,935 - INFO - Skipping 90525296 - already processed
2025-04-14 23:25:22,935 - INFO - Skipping 26955055 - already processed
2025-04-14 23:25:22,935 - INFO - Skipping 42851012 - already processed
2025-04-14 23:25:22,935 - INFO - Skipping 60641106 - not in valid_ids list
2025-04-14 23:25:22,935 - INFO - Skipping 33015723 - already processed
2025-04-14 23:25:22,935 - INFO - Skipping 90011197 - already processed
2025-04-14 23:25:22,935 - INFO - Skipping 57613420 - already processed
2025-04-14 23:25:22,935 - WARNING - No sections found in 6827132. Skipping...
2025-04-14 23:25:22,956 - INFO - Using default tokenizer.
2025-04-14 23:25:22,992 - INFO - Successfully processed and saved results for 30485653
2025-04-14 23:25:22,997 - INFO - Using default tokenizer.
2025-04-14 23:25:23,069 - INFO - Successfully processed and saved results for 97923725
2025-04-14 23:25:23,071 - INFO - Using default tokenizer.
2025-04-14 23:25:23,111 - INFO - Successfully processed and saved results for 75442340
2025-04-14 23:25:23,111 - WARNING - No sections found in 57228237. Skipping...
2025-04-14 23:25:23,113 - INFO - Using default tokenizer.
2025-04-14 23:25:23,134 - INFO - Successfully processed and saved results for 65062778
2025-04-14 23:25:23,144 - INFO - Using default tokenizer.
2025-04-14 23:25:23,254 - INFO - Successfully processed and saved results for 66357293
2025-04-14 23:25:23,257 - INFO - Using default tokenizer.
2025-04-14 23:25:23,287 - INFO - Successfully processed and saved results for 63511892
2025-04-14 23:25:23,290 - INFO - Using default tokenizer.
2025-04-14 23:25:23,351 - INFO - Successfully processed and saved results for 6777051
2025-04-14 23:25:23,352 - INFO - Skipping 28171009 - not in valid_ids list
2025-04-14 23:25:23,354 - INFO - Using default tokenizer.
2025-04-14 23:25:23,384 - INFO - Successfully processed and saved results for 47686356
2025-04-14 23:25:23,384 - INFO - Using default tokenizer.
2025-04-14 23:25:23,403 - INFO - Successfully processed and saved results for 81057283
2025-04-14 23:25:23,405 - INFO - Using default tokenizer.
2025-04-14 23:25:23,449 - INFO - Successfully processed and saved results for 19173630
2025-04-14 23:25:23,449 - INFO - Skipping 74971632 - not in valid_ids list
2025-04-14 23:25:23,454 - INFO - Using default tokenizer.
2025-04-14 23:25:23,553 - INFO - Successfully processed and saved results for 11542688
2025-04-14 23:25:23,555 - INFO - Using default tokenizer.
2025-04-14 23:25:23,590 - INFO - Successfully processed and saved results for 37010180
2025-04-14 23:25:23,591 - WARNING - No sections found in 27300559. Skipping...
2025-04-14 23:25:23,591 - WARNING - No sections found in 49333267. Skipping...
2025-04-14 23:25:23,598 - INFO - Using default tokenizer.
2025-04-14 23:25:23,671 - INFO - Successfully processed and saved results for 7305163
2025-04-14 23:25:23,674 - INFO - Using default tokenizer.
2025-04-14 23:25:23,705 - INFO - Successfully processed and saved results for 91637218
2025-04-14 23:25:23,710 - INFO - Using default tokenizer.
2025-04-14 23:25:23,804 - INFO - Successfully processed and saved results for 46507565
2025-04-14 23:25:23,806 - INFO - Using default tokenizer.
2025-04-14 23:25:23,823 - INFO - Successfully processed and saved results for 71370947
2025-04-14 23:25:23,823 - WARNING - No sections found in 187460. Skipping...
2025-04-14 23:25:23,825 - INFO - Using default tokenizer.
2025-04-14 23:25:23,848 - INFO - Successfully processed and saved results for 94730041
2025-04-14 23:25:23,849 - WARNING - No sections found in 37135417. Skipping...
2025-04-14 23:25:23,849 - WARNING - No sections found in 66302705. Skipping...
2025-04-14 23:25:23,851 - INFO - Using default tokenizer.
2025-04-14 23:25:23,901 - INFO - Successfully processed and saved results for 74193008
2025-04-14 23:25:23,905 - INFO - Using default tokenizer.
2025-04-14 23:25:24,033 - INFO - Successfully processed and saved results for 84655302
2025-04-14 23:25:24,033 - WARNING - No sections found in 78861774. Skipping...
2025-04-14 23:25:24,037 - INFO - Using default tokenizer.
2025-04-14 23:25:24,099 - INFO - Successfully processed and saved results for 32338938
2025-04-14 23:25:24,100 - INFO - Using default tokenizer.
2025-04-14 23:25:24,110 - INFO - Successfully processed and saved results for 80897282
2025-04-14 23:25:24,110 - INFO - Skipping 65847395 - not in valid_ids list
2025-04-14 23:25:24,112 - INFO - Using default tokenizer.
2025-04-14 23:25:24,149 - INFO - Successfully processed and saved results for 39382584
2025-04-14 23:25:24,156 - INFO - Using default tokenizer.
2025-04-14 23:25:24,296 - INFO - Successfully processed and saved results for 87411149
2025-04-14 23:25:24,303 - INFO - Using default tokenizer.
2025-04-14 23:25:24,347 - INFO - Successfully processed and saved results for 24928430
2025-04-14 23:25:24,349 - INFO - Using default tokenizer.
2025-04-14 23:25:24,380 - INFO - Successfully processed and saved results for 98238949
2025-04-14 23:25:24,385 - INFO - Using default tokenizer.
2025-04-14 23:25:24,444 - INFO - Successfully processed and saved results for 26277001
2025-04-14 23:25:24,447 - INFO - Using default tokenizer.
2025-04-14 23:25:24,542 - INFO - Successfully processed and saved results for 2899329
2025-04-14 23:25:24,544 - INFO - Using default tokenizer.
2025-04-14 23:25:24,556 - INFO - Successfully processed and saved results for 55048906
2025-04-14 23:25:24,559 - INFO - Using default tokenizer.
2025-04-14 23:25:24,666 - INFO - Successfully processed and saved results for 87208689
2025-04-14 23:25:24,669 - INFO - Using default tokenizer.
2025-04-14 23:25:24,768 - INFO - Successfully processed and saved results for 25710556
2025-04-14 23:25:24,768 - WARNING - No sections found in 28727146. Skipping...
2025-04-14 23:25:24,779 - INFO - Using default tokenizer.
2025-04-14 23:25:24,881 - INFO - Successfully processed and saved results for 76874430
2025-04-14 23:25:24,883 - INFO - Using default tokenizer.
2025-04-14 23:25:24,900 - INFO - Successfully processed and saved results for 42045072
2025-04-14 23:25:24,902 - INFO - Using default tokenizer.
2025-04-14 23:25:24,913 - INFO - Successfully processed and saved results for 81465314
2025-04-14 23:25:24,916 - INFO - Using default tokenizer.
2025-04-14 23:25:24,950 - INFO - Successfully processed and saved results for 36200725
2025-04-14 23:25:24,950 - INFO - Skipping 72992946 - not in valid_ids list
2025-04-14 23:25:24,951 - INFO - Using default tokenizer.
2025-04-14 23:25:24,988 - INFO - Successfully processed and saved results for 97703387
2025-04-14 23:25:24,989 - INFO - Using default tokenizer.
2025-04-14 23:25:25,004 - INFO - Successfully processed and saved results for 99295545
2025-04-14 23:25:25,005 - WARNING - No sections found in 88969640. Skipping...
2025-04-14 23:25:25,011 - INFO - Using default tokenizer.
2025-04-14 23:25:25,100 - INFO - Successfully processed and saved results for 13135318
2025-04-14 23:25:25,102 - INFO - Using default tokenizer.
2025-04-14 23:25:25,125 - INFO - Successfully processed and saved results for 45435119
2025-04-14 23:25:25,127 - INFO - Using default tokenizer.
2025-04-14 23:25:25,164 - INFO - Successfully processed and saved results for 47723293
2025-04-14 23:25:25,167 - INFO - Using default tokenizer.
2025-04-14 23:25:25,201 - INFO - Successfully processed and saved results for 31194274
2025-04-14 23:25:25,202 - INFO - Using default tokenizer.
2025-04-14 23:25:25,234 - INFO - Successfully processed and saved results for 97932426
2025-04-14 23:25:25,239 - INFO - Using default tokenizer.
2025-04-14 23:25:25,384 - INFO - Successfully processed and saved results for 11313245
2025-04-14 23:25:25,388 - INFO - Using default tokenizer.
2025-04-14 23:25:25,429 - INFO - Successfully processed and saved results for 69976012
2025-04-14 23:25:25,431 - INFO - Using default tokenizer.
2025-04-14 23:25:25,443 - INFO - Successfully processed and saved results for 30877354
2025-04-14 23:25:25,445 - INFO - Using default tokenizer.
2025-04-14 23:25:25,482 - INFO - Successfully processed and saved results for 26515037
2025-04-14 23:25:25,485 - INFO - Using default tokenizer.
2025-04-14 23:25:25,524 - INFO - Successfully processed and saved results for 93980002
2025-04-14 23:25:25,527 - INFO - Using default tokenizer.
2025-04-14 23:25:25,583 - INFO - Successfully processed and saved results for 83267919
2025-04-14 23:25:25,586 - INFO - Using default tokenizer.
2025-04-14 23:25:25,626 - INFO - Successfully processed and saved results for 17409856
2025-04-14 23:25:25,626 - WARNING - No sections found in 92615357. Skipping...
2025-04-14 23:25:25,626 - INFO - Skipping 74977893 - not in valid_ids list
2025-04-14 23:25:25,630 - INFO - Using default tokenizer.
2025-04-14 23:25:25,693 - INFO - Successfully processed and saved results for 72529720
2025-04-14 23:25:25,697 - INFO - Using default tokenizer.
2025-04-14 23:25:25,757 - INFO - Successfully processed and saved results for 53935450
2025-04-14 23:25:25,759 - INFO - Using default tokenizer.
2025-04-14 23:25:25,795 - INFO - Successfully processed and saved results for 30189879
2025-04-14 23:25:25,795 - INFO - Skipping 8240954 - not in valid_ids list
2025-04-14 23:25:25,799 - INFO - Using default tokenizer.
2025-04-14 23:25:25,864 - INFO - Successfully processed and saved results for 11779349
2025-04-14 23:25:25,867 - INFO - Using default tokenizer.
2025-04-14 23:25:25,892 - INFO - Successfully processed and saved results for 36272485
2025-04-14 23:25:25,892 - INFO - Skipping 58600020 - not in valid_ids list
2025-04-14 23:25:25,895 - INFO - Using default tokenizer.
2025-04-14 23:25:25,912 - INFO - Successfully processed and saved results for 59485457
2025-04-14 23:25:25,915 - INFO - Using default tokenizer.
2025-04-14 23:25:25,932 - INFO - Successfully processed and saved results for 98262950
2025-04-14 23:25:25,932 - INFO - Skipping 963444 - not in valid_ids list
2025-04-14 23:25:25,934 - INFO - Using default tokenizer.
2025-04-14 23:25:25,960 - INFO - Successfully processed and saved results for 35704901
2025-04-14 23:25:25,962 - INFO - Using default tokenizer.
2025-04-14 23:25:26,025 - INFO - Successfully processed and saved results for 29474820
2025-04-14 23:25:26,029 - INFO - Using default tokenizer.
2025-04-14 23:25:26,104 - INFO - Successfully processed and saved results for 53809041
2025-04-14 23:25:26,106 - INFO - Using default tokenizer.
2025-04-14 23:25:26,127 - INFO - Successfully processed and saved results for 16973018
2025-04-14 23:25:26,129 - INFO - Using default tokenizer.
2025-04-14 23:25:26,182 - INFO - Successfully processed and saved results for 16124640
2025-04-14 23:25:26,184 - WARNING - No sections found in 65756728. Skipping...
2025-04-14 23:25:26,192 - INFO - Using default tokenizer.
2025-04-14 23:25:26,298 - INFO - Successfully processed and saved results for 78499306
2025-04-14 23:25:26,301 - INFO - Using default tokenizer.
2025-04-14 23:25:26,327 - INFO - Successfully processed and saved results for 36278339
2025-04-14 23:25:26,328 - INFO - Using default tokenizer.
2025-04-14 23:25:26,381 - INFO - Successfully processed and saved results for 73414525
2025-04-14 23:25:26,383 - INFO - Using default tokenizer.
2025-04-14 23:25:26,442 - INFO - Successfully processed and saved results for 60516406
2025-04-14 23:25:26,445 - INFO - Using default tokenizer.
2025-04-14 23:25:26,461 - INFO - Successfully processed and saved results for 87558652
2025-04-14 23:25:26,461 - WARNING - No sections found in 13040160. Skipping...
2025-04-14 23:25:26,461 - INFO - Skipping 4741660 - not in valid_ids list
2025-04-14 23:25:26,463 - INFO - Using default tokenizer.
2025-04-14 23:25:26,481 - INFO - Successfully processed and saved results for 89581601
2025-04-14 23:25:26,481 - INFO - Skipping 6469050 - not in valid_ids list
2025-04-14 23:25:26,485 - INFO - Using default tokenizer.
2025-04-14 23:25:26,629 - INFO - Successfully processed and saved results for 31021586
2025-04-14 23:25:26,633 - INFO - Using default tokenizer.
2025-04-14 23:25:26,663 - INFO - Successfully processed and saved results for 75937139
2025-04-14 23:25:26,667 - INFO - Using default tokenizer.
2025-04-14 23:25:26,678 - INFO - Successfully processed and saved results for 49519055
2025-04-14 23:25:26,680 - INFO - Using default tokenizer.
2025-04-14 23:25:26,704 - INFO - Successfully processed and saved results for 36779622
2025-04-14 23:25:26,706 - INFO - Using default tokenizer.
2025-04-14 23:25:26,729 - INFO - Successfully processed and saved results for 5180208
2025-04-14 23:25:26,730 - WARNING - No sections found in 51458146. Skipping...
2025-04-14 23:25:26,732 - INFO - Using default tokenizer.
2025-04-14 23:25:26,768 - INFO - Successfully processed and saved results for 84030160
2025-04-14 23:25:26,770 - INFO - Using default tokenizer.
2025-04-14 23:25:26,786 - INFO - Successfully processed and saved results for 70481957
2025-04-14 23:25:26,790 - INFO - Using default tokenizer.
2025-04-14 23:25:26,845 - INFO - Successfully processed and saved results for 1055799
2025-04-14 23:25:26,846 - WARNING - No sections found in 47798365. Skipping...
2025-04-14 23:25:26,849 - INFO - Using default tokenizer.
2025-04-14 23:25:26,891 - INFO - Successfully processed and saved results for 79471009
2025-04-14 23:25:26,894 - INFO - Using default tokenizer.
2025-04-14 23:25:26,986 - INFO - Successfully processed and saved results for 63188694
2025-04-14 23:25:26,988 - INFO - Using default tokenizer.
2025-04-14 23:25:27,069 - INFO - Successfully processed and saved results for 67744436
2025-04-14 23:25:27,071 - INFO - Using default tokenizer.
2025-04-14 23:25:27,132 - INFO - Successfully processed and saved results for 42443464
2025-04-14 23:25:27,135 - INFO - Using default tokenizer.
2025-04-14 23:25:27,190 - INFO - Successfully processed and saved results for 35247822
2025-04-14 23:25:27,193 - INFO - Using default tokenizer.
2025-04-14 23:25:27,309 - INFO - Successfully processed and saved results for 39674358
2025-04-14 23:25:27,315 - INFO - Using default tokenizer.
2025-04-14 23:25:27,431 - INFO - Successfully processed and saved results for 23675750
2025-04-14 23:25:27,434 - INFO - Using default tokenizer.
2025-04-14 23:25:27,464 - INFO - Successfully processed and saved results for 67930407
2025-04-14 23:25:27,468 - INFO - Using default tokenizer.
2025-04-14 23:25:27,526 - INFO - Successfully processed and saved results for 69694249
2025-04-14 23:25:27,526 - INFO - Skipping 18027931 - not in valid_ids list
2025-04-14 23:25:27,529 - INFO - Using default tokenizer.
2025-04-14 23:25:27,556 - INFO - Successfully processed and saved results for 91325283
2025-04-14 23:25:27,558 - INFO - Using default tokenizer.
2025-04-14 23:25:27,582 - INFO - Successfully processed and saved results for 38867178
2025-04-14 23:25:27,587 - INFO - Using default tokenizer.
2025-04-14 23:25:27,685 - INFO - Successfully processed and saved results for 14819310
2025-04-14 23:25:27,687 - INFO - Using default tokenizer.
2025-04-14 23:25:27,704 - INFO - Successfully processed and saved results for 86675541
2025-04-14 23:25:27,709 - INFO - Using default tokenizer.
2025-04-14 23:25:27,813 - INFO - Successfully processed and saved results for 45601881
2025-04-14 23:25:27,818 - INFO - Using default tokenizer.
2025-04-14 23:25:27,866 - INFO - Successfully processed and saved results for 68642594
2025-04-14 23:25:27,869 - INFO - Using default tokenizer.
2025-04-14 23:25:27,910 - INFO - Successfully processed and saved results for 90600191
2025-04-14 23:25:27,914 - INFO - Using default tokenizer.
2025-04-14 23:25:27,964 - INFO - Successfully processed and saved results for 26668230
2025-04-14 23:25:27,964 - WARNING - No sections found in 75962230. Skipping...
2025-04-14 23:25:27,969 - INFO - Using default tokenizer.
2025-04-14 23:25:28,093 - INFO - Successfully processed and saved results for 50388820
2025-04-14 23:25:28,097 - INFO - Using default tokenizer.
2025-04-14 23:25:28,159 - INFO - Successfully processed and saved results for 37263635
2025-04-14 23:25:28,161 - INFO - Using default tokenizer.
2025-04-14 23:25:28,266 - INFO - Successfully processed and saved results for 29703573
2025-04-14 23:25:28,269 - INFO - Using default tokenizer.
2025-04-14 23:25:28,289 - INFO - Successfully processed and saved results for 18322264
2025-04-14 23:25:28,291 - INFO - Using default tokenizer.
2025-04-14 23:25:28,319 - INFO - Successfully processed and saved results for 39357436
2025-04-14 23:25:28,321 - INFO - Using default tokenizer.
2025-04-14 23:25:28,388 - INFO - Successfully processed and saved results for 48091191
2025-04-14 23:25:28,391 - INFO - Using default tokenizer.
2025-04-14 23:25:28,436 - INFO - Successfully processed and saved results for 30905451
2025-04-14 23:25:28,439 - INFO - Using default tokenizer.
2025-04-14 23:25:28,453 - INFO - Successfully processed and saved results for 29962756
2025-04-14 23:25:28,454 - WARNING - No sections found in 28037079. Skipping...
2025-04-14 23:25:28,457 - INFO - Using default tokenizer.
2025-04-14 23:25:28,521 - INFO - Successfully processed and saved results for 24753674
2025-04-14 23:25:28,524 - INFO - Using default tokenizer.
2025-04-14 23:25:28,543 - INFO - Successfully processed and saved results for 92451519
2025-04-14 23:25:28,545 - INFO - Using default tokenizer.
2025-04-14 23:25:28,594 - INFO - Successfully processed and saved results for 7415123
2025-04-14 23:25:28,595 - INFO - Using default tokenizer.
2025-04-14 23:25:28,615 - INFO - Successfully processed and saved results for 48074885
2025-04-14 23:25:28,616 - INFO - Using default tokenizer.
2025-04-14 23:25:28,631 - INFO - Successfully processed and saved results for 22127536
2025-04-14 23:25:28,634 - INFO - Using default tokenizer.
2025-04-14 23:25:28,673 - INFO - Successfully processed and saved results for 45538669
2025-04-14 23:25:28,674 - INFO - Using default tokenizer.
2025-04-14 23:25:28,695 - INFO - Successfully processed and saved results for 4647896
2025-04-14 23:25:28,697 - INFO - Using default tokenizer.
2025-04-14 23:25:28,718 - INFO - Successfully processed and saved results for 70335565
2025-04-14 23:25:28,718 - INFO - Skipping 70176908 - not in valid_ids list
2025-04-14 23:25:28,721 - INFO - Using default tokenizer.
2025-04-14 23:25:28,735 - INFO - Successfully processed and saved results for 7590139
2025-04-14 23:25:28,737 - INFO - Using default tokenizer.
2025-04-14 23:25:28,770 - INFO - Successfully processed and saved results for 91929013
2025-04-14 23:25:28,774 - INFO - Using default tokenizer.
2025-04-14 23:25:28,782 - INFO - Successfully processed and saved results for 43791696
2025-04-14 23:25:28,785 - INFO - Using default tokenizer.
2025-04-14 23:25:28,864 - INFO - Successfully processed and saved results for 52208833
2025-04-14 23:25:28,867 - INFO - Using default tokenizer.
2025-04-14 23:25:28,887 - INFO - Successfully processed and saved results for 1540690
2025-04-14 23:25:28,888 - INFO - Using default tokenizer.
2025-04-14 23:25:28,974 - INFO - Successfully processed and saved results for 51116334
2025-04-14 23:25:28,978 - INFO - Using default tokenizer.
2025-04-14 23:25:29,018 - INFO - Successfully processed and saved results for 76817909
2025-04-14 23:25:29,023 - INFO - Using default tokenizer.
2025-04-14 23:25:29,047 - INFO - Successfully processed and saved results for 11006232
2025-04-14 23:25:29,053 - INFO - Using default tokenizer.
2025-04-14 23:25:29,104 - INFO - Successfully processed and saved results for 56472821
2025-04-14 23:25:29,109 - INFO - Using default tokenizer.
2025-04-14 23:25:29,224 - INFO - Successfully processed and saved results for 90421095
2025-04-14 23:25:29,225 - WARNING - No sections found in 10374612. Skipping...
2025-04-14 23:25:29,226 - INFO - Using default tokenizer.
2025-04-14 23:25:29,250 - INFO - Successfully processed and saved results for 7120002
2025-04-14 23:25:29,252 - INFO - Using default tokenizer.
2025-04-14 23:25:29,300 - INFO - Successfully processed and saved results for 74164301
2025-04-14 23:25:29,301 - INFO - Using default tokenizer.
2025-04-14 23:25:29,312 - INFO - Successfully processed and saved results for 99668388
2025-04-14 23:25:29,315 - INFO - Using default tokenizer.
2025-04-14 23:25:29,333 - INFO - Successfully processed and saved results for 93060618
2025-04-14 23:25:29,335 - INFO - Using default tokenizer.
2025-04-14 23:25:29,393 - INFO - Successfully processed and saved results for 40883301
2025-04-14 23:25:29,396 - INFO - Using default tokenizer.
2025-04-14 23:25:29,457 - INFO - Successfully processed and saved results for 43650136
2025-04-14 23:25:29,460 - INFO - Using default tokenizer.
2025-04-14 23:25:29,475 - INFO - Successfully processed and saved results for 17980043
2025-04-14 23:25:29,475 - WARNING - No sections found in 49139111. Skipping...
2025-04-14 23:25:29,477 - INFO - Using default tokenizer.
2025-04-14 23:25:29,485 - INFO - Successfully processed and saved results for 29981772
2025-04-14 23:25:29,488 - INFO - Using default tokenizer.
2025-04-14 23:25:29,533 - INFO - Successfully processed and saved results for 59320034
2025-04-14 23:25:29,536 - INFO - Using default tokenizer.
2025-04-14 23:25:29,575 - INFO - Successfully processed and saved results for 72744034
2025-04-14 23:25:29,582 - INFO - Using default tokenizer.
2025-04-14 23:25:29,648 - INFO - Successfully processed and saved results for 12625177
2025-04-14 23:25:29,652 - INFO - Using default tokenizer.
2025-04-14 23:25:29,737 - INFO - Successfully processed and saved results for 85839366
2025-04-14 23:25:29,740 - INFO - Using default tokenizer.
2025-04-14 23:25:29,771 - INFO - Successfully processed and saved results for 16057781
2025-04-14 23:25:29,773 - INFO - Using default tokenizer.
2025-04-14 23:25:29,798 - INFO - Successfully processed and saved results for 37796162
2025-04-14 23:25:29,798 - INFO - Skipping 74642936 - not in valid_ids list
2025-04-14 23:25:29,799 - INFO - Using default tokenizer.
2025-04-14 23:25:29,816 - INFO - Successfully processed and saved results for 16280529
2025-04-14 23:25:29,817 - INFO - Using default tokenizer.
2025-04-14 23:25:29,827 - INFO - Successfully processed and saved results for 37775721
2025-04-14 23:25:29,829 - INFO - Using default tokenizer.
2025-04-14 23:25:29,916 - INFO - Successfully processed and saved results for 11112277
2025-04-14 23:25:29,918 - INFO - Using default tokenizer.
2025-04-14 23:25:29,942 - INFO - Successfully processed and saved results for 96831204
2025-04-14 23:25:29,943 - INFO - Using default tokenizer.
2025-04-14 23:25:29,961 - INFO - Successfully processed and saved results for 19050347
2025-04-14 23:25:29,967 - INFO - Using default tokenizer.
2025-04-14 23:25:30,004 - INFO - Successfully processed and saved results for 82043898
2025-04-14 23:25:30,007 - INFO - Using default tokenizer.
2025-04-14 23:25:30,027 - INFO - Successfully processed and saved results for 88049354
2025-04-14 23:25:30,027 - INFO - Skipping 93106503 - not in valid_ids list
2025-04-14 23:25:30,030 - INFO - Using default tokenizer.
2025-04-14 23:25:30,064 - INFO - Successfully processed and saved results for 15643187
2025-04-14 23:25:30,068 - INFO - Using default tokenizer.
2025-04-14 23:25:30,096 - INFO - Successfully processed and saved results for 68635574
2025-04-14 23:25:30,096 - WARNING - No sections found in 68340528. Skipping...
2025-04-14 23:25:30,096 - WARNING - No sections found in 17601393. Skipping...
2025-04-14 23:25:30,100 - INFO - Using default tokenizer.
2025-04-14 23:25:30,282 - INFO - Successfully processed and saved results for 81780960
2025-04-14 23:25:30,288 - INFO - Using default tokenizer.
2025-04-14 23:25:30,302 - INFO - Successfully processed and saved results for 71425952
2025-04-14 23:25:30,304 - INFO - Using default tokenizer.
2025-04-14 23:25:30,331 - INFO - Successfully processed and saved results for 66226432
2025-04-14 23:25:30,333 - INFO - Using default tokenizer.
2025-04-14 23:25:30,359 - INFO - Successfully processed and saved results for 32248697
2025-04-14 23:25:30,361 - INFO - Using default tokenizer.
2025-04-14 23:25:30,424 - INFO - Successfully processed and saved results for 23942242
2025-04-14 23:25:30,427 - INFO - Using default tokenizer.
2025-04-14 23:25:30,518 - INFO - Successfully processed and saved results for 98757756
2025-04-14 23:25:30,521 - INFO - Using default tokenizer.
2025-04-14 23:25:30,561 - INFO - Successfully processed and saved results for 61580548
2025-04-14 23:25:30,561 - INFO - Skipping 53851426 - not in valid_ids list
2025-04-14 23:25:30,564 - INFO - Using default tokenizer.
2025-04-14 23:25:30,581 - INFO - Successfully processed and saved results for 2774914
2025-04-14 23:25:30,584 - INFO - Using default tokenizer.
2025-04-14 23:25:30,616 - INFO - Successfully processed and saved results for 65102009
2025-04-14 23:25:30,620 - INFO - Using default tokenizer.
2025-04-14 23:25:30,675 - INFO - Successfully processed and saved results for 75865335
2025-04-14 23:25:30,675 - INFO - Skipping 12642073 - not in valid_ids list
2025-04-14 23:25:30,679 - INFO - Using default tokenizer.
2025-04-14 23:25:30,691 - INFO - Successfully processed and saved results for 49439664
2025-04-14 23:25:30,694 - INFO - Using default tokenizer.
2025-04-14 23:25:30,827 - INFO - Successfully processed and saved results for 5225266
2025-04-14 23:25:30,827 - WARNING - No sections found in 11481096. Skipping...
2025-04-14 23:25:30,830 - INFO - Using default tokenizer.
2025-04-14 23:25:30,862 - INFO - Successfully processed and saved results for 88548359
2025-04-14 23:25:30,865 - INFO - Using default tokenizer.
2025-04-14 23:25:30,901 - INFO - Successfully processed and saved results for 24312671
2025-04-14 23:25:30,903 - INFO - Using default tokenizer.
2025-04-14 23:25:30,964 - INFO - Successfully processed and saved results for 61360879
2025-04-14 23:25:30,967 - INFO - Using default tokenizer.
2025-04-14 23:25:31,051 - INFO - Successfully processed and saved results for 45612165
2025-04-14 23:25:31,054 - INFO - Using default tokenizer.
2025-04-14 23:25:31,077 - INFO - Successfully processed and saved results for 6799048
2025-04-14 23:25:31,077 - WARNING - No sections found in 27051635. Skipping...
2025-04-14 23:25:31,081 - INFO - Using default tokenizer.
2025-04-14 23:25:31,194 - INFO - Successfully processed and saved results for 11773091
2025-04-14 23:25:31,197 - INFO - Using default tokenizer.
2025-04-14 23:25:31,247 - INFO - Successfully processed and saved results for 8151447
2025-04-14 23:25:31,248 - INFO - Using default tokenizer.
2025-04-14 23:25:31,267 - INFO - Successfully processed and saved results for 62769214
2025-04-14 23:25:31,267 - INFO - Skipping 96599676 - not in valid_ids list
2025-04-14 23:25:31,271 - INFO - Using default tokenizer.
2025-04-14 23:25:31,389 - INFO - Successfully processed and saved results for 84480736
2025-04-14 23:25:31,390 - INFO - Using default tokenizer.
2025-04-14 23:25:31,413 - INFO - Successfully processed and saved results for 51450104
2025-04-14 23:25:31,417 - INFO - Using default tokenizer.
2025-04-14 23:25:31,546 - INFO - Successfully processed and saved results for 74156567
2025-04-14 23:25:31,548 - INFO - Using default tokenizer.
2025-04-14 23:25:31,571 - INFO - Successfully processed and saved results for 4728464
2025-04-14 23:25:31,571 - WARNING - No sections found in 85123331. Skipping...
2025-04-14 23:25:31,572 - WARNING - No sections found in 8984509. Skipping...
2025-04-14 23:25:31,583 - INFO - Using default tokenizer.
2025-04-14 23:25:31,603 - INFO - Successfully processed and saved results for 78860785
2025-04-14 23:25:31,606 - INFO - Using default tokenizer.
2025-04-14 23:25:31,669 - INFO - Successfully processed and saved results for 42200029
2025-04-14 23:25:31,675 - INFO - Using default tokenizer.
2025-04-14 23:25:31,735 - INFO - Successfully processed and saved results for 87460557
2025-04-14 23:25:31,736 - WARNING - No sections found in 63755811. Skipping...
2025-04-14 23:25:31,744 - INFO - Using default tokenizer.
2025-04-14 23:25:31,840 - INFO - Successfully processed and saved results for 44148071
2025-04-14 23:25:31,843 - INFO - Using default tokenizer.
2025-04-14 23:25:31,888 - INFO - Successfully processed and saved results for 597051
2025-04-14 23:25:31,888 - INFO - Skipping 73705154 - not in valid_ids list
2025-04-14 23:25:31,890 - INFO - Using default tokenizer.
2025-04-14 23:25:31,952 - INFO - Successfully processed and saved results for 26105266
2025-04-14 23:25:31,954 - INFO - Using default tokenizer.
2025-04-14 23:25:31,976 - INFO - Successfully processed and saved results for 12279648
2025-04-14 23:25:31,979 - INFO - Using default tokenizer.
2025-04-14 23:25:32,032 - INFO - Successfully processed and saved results for 12239056
2025-04-14 23:25:32,038 - INFO - Using default tokenizer.
2025-04-14 23:25:32,102 - INFO - Successfully processed and saved results for 99341732
2025-04-14 23:25:32,105 - INFO - Using default tokenizer.
2025-04-14 23:25:32,170 - INFO - Successfully processed and saved results for 22744554
2025-04-14 23:25:32,171 - INFO - Skipping 13237217 - not in valid_ids list
2025-04-14 23:25:32,174 - INFO - Using default tokenizer.
2025-04-14 23:25:32,208 - INFO - Successfully processed and saved results for 21542239
2025-04-14 23:25:32,213 - INFO - Using default tokenizer.
2025-04-14 23:25:32,269 - INFO - Successfully processed and saved results for 89767636
2025-04-14 23:25:32,273 - INFO - Using default tokenizer.
2025-04-14 23:25:32,352 - INFO - Successfully processed and saved results for 7912651
2025-04-14 23:25:32,358 - INFO - Using default tokenizer.
2025-04-14 23:25:32,464 - INFO - Successfully processed and saved results for 21145042
2025-04-14 23:25:32,467 - INFO - Using default tokenizer.
2025-04-14 23:25:32,539 - INFO - Successfully processed and saved results for 21050319
2025-04-14 23:25:32,539 - INFO - Skipping 81034618 - not in valid_ids list
2025-04-14 23:25:32,544 - INFO - Using default tokenizer.
2025-04-14 23:25:32,644 - INFO - Successfully processed and saved results for 60253398
2025-04-14 23:25:32,646 - INFO - Using default tokenizer.
2025-04-14 23:25:32,694 - INFO - Successfully processed and saved results for 30621133
2025-04-14 23:25:32,697 - INFO - Using default tokenizer.
2025-04-14 23:25:32,713 - INFO - Successfully processed and saved results for 45043151
2025-04-14 23:25:32,716 - INFO - Using default tokenizer.
2025-04-14 23:25:32,756 - INFO - Successfully processed and saved results for 81916449
2025-04-14 23:25:32,756 - INFO - Skipping 95858167 - not in valid_ids list
2025-04-14 23:25:32,757 - WARNING - No sections found in 69502658. Skipping...
2025-04-14 23:25:32,757 - WARNING - No sections found in 8455503. Skipping...
2025-04-14 23:25:32,758 - INFO - Using default tokenizer.
2025-04-14 23:25:32,779 - INFO - Successfully processed and saved results for 76514111
2025-04-14 23:25:32,781 - INFO - Using default tokenizer.
2025-04-14 23:25:32,825 - INFO - Successfully processed and saved results for 87827594
2025-04-14 23:25:32,830 - INFO - Using default tokenizer.
2025-04-14 23:25:32,847 - INFO - Successfully processed and saved results for 97592875
2025-04-14 23:25:32,851 - INFO - Using default tokenizer.
2025-04-14 23:25:32,937 - INFO - Successfully processed and saved results for 25766140
2025-04-14 23:25:32,940 - INFO - Using default tokenizer.
2025-04-14 23:25:32,975 - INFO - Successfully processed and saved results for 66403710
2025-04-14 23:25:32,979 - INFO - Using default tokenizer.
2025-04-14 23:25:33,094 - INFO - Successfully processed and saved results for 96308075
2025-04-14 23:25:33,098 - INFO - Using default tokenizer.
2025-04-14 23:25:33,140 - INFO - Successfully processed and saved results for 18958324
2025-04-14 23:25:33,140 - INFO - Skipping 81623492 - not in valid_ids list
2025-04-14 23:25:33,144 - INFO - Using default tokenizer.
2025-04-14 23:25:33,304 - INFO - Successfully processed and saved results for 39038842
2025-04-14 23:25:33,304 - WARNING - No sections found in 85505359. Skipping...
2025-04-14 23:25:33,307 - INFO - Using default tokenizer.
2025-04-14 23:25:33,331 - INFO - Successfully processed and saved results for 52492536
2025-04-14 23:25:33,334 - INFO - Using default tokenizer.
2025-04-14 23:25:33,359 - INFO - Successfully processed and saved results for 66681632
2025-04-14 23:25:33,359 - WARNING - No sections found in 92908954. Skipping...
2025-04-14 23:25:33,363 - INFO - Using default tokenizer.
2025-04-14 23:25:33,402 - INFO - Successfully processed and saved results for 78841597
2025-04-14 23:25:33,403 - INFO - Using default tokenizer.
2025-04-14 23:25:33,455 - INFO - Successfully processed and saved results for 58308538
2025-04-14 23:25:33,457 - INFO - Using default tokenizer.
2025-04-14 23:25:33,470 - INFO - Successfully processed and saved results for 18304114
2025-04-14 23:25:33,472 - INFO - Using default tokenizer.
2025-04-14 23:25:33,503 - INFO - Successfully processed and saved results for 435175
2025-04-14 23:25:33,506 - INFO - Using default tokenizer.
2025-04-14 23:25:33,547 - INFO - Successfully processed and saved results for 46416317
2025-04-14 23:25:33,550 - INFO - Using default tokenizer.
2025-04-14 23:25:33,584 - INFO - Successfully processed and saved results for 81535007
2025-04-14 23:25:33,587 - INFO - Using default tokenizer.
2025-04-14 23:25:33,628 - INFO - Successfully processed and saved results for 31303819
2025-04-14 23:25:33,628 - WARNING - No sections found in 50524744. Skipping...
2025-04-14 23:25:33,631 - INFO - Using default tokenizer.
2025-04-14 23:25:33,680 - INFO - Successfully processed and saved results for 87885377
2025-04-14 23:25:33,683 - INFO - Using default tokenizer.
2025-04-14 23:25:33,719 - INFO - Successfully processed and saved results for 15765418
2025-04-14 23:25:33,720 - WARNING - No sections found in 13187019. Skipping...
2025-04-14 23:25:33,722 - INFO - Using default tokenizer.
2025-04-14 23:25:33,742 - INFO - Successfully processed and saved results for 31543932
2025-04-14 23:25:33,744 - INFO - Using default tokenizer.
2025-04-14 23:25:33,803 - INFO - Successfully processed and saved results for 17350626
2025-04-14 23:25:33,805 - INFO - Using default tokenizer.
2025-04-14 23:25:33,850 - INFO - Successfully processed and saved results for 66112363
2025-04-14 23:25:33,852 - INFO - Using default tokenizer.
2025-04-14 23:25:33,890 - INFO - Successfully processed and saved results for 80719489
2025-04-14 23:25:33,892 - INFO - Using default tokenizer.
2025-04-14 23:25:33,922 - INFO - Successfully processed and saved results for 2577868
2025-04-14 23:25:33,926 - INFO - Using default tokenizer.
2025-04-14 23:25:34,019 - INFO - Successfully processed and saved results for 16027177
2025-04-14 23:25:34,021 - INFO - Using default tokenizer.
2025-04-14 23:25:34,078 - INFO - Successfully processed and saved results for 58793266
2025-04-14 23:25:34,081 - INFO - Using default tokenizer.
2025-04-14 23:25:34,113 - INFO - Successfully processed and saved results for 77684000
2025-04-14 23:25:34,113 - INFO - Skipping 43813190 - not in valid_ids list
2025-04-14 23:25:34,115 - INFO - Using default tokenizer.
2025-04-14 23:25:34,132 - INFO - Successfully processed and saved results for 48411412
2025-04-14 23:25:34,135 - INFO - Using default tokenizer.
2025-04-14 23:25:34,155 - INFO - Successfully processed and saved results for 21532550
2025-04-14 23:25:34,158 - INFO - Using default tokenizer.
2025-04-14 23:25:34,183 - INFO - Successfully processed and saved results for 7570292
2025-04-14 23:25:34,183 - WARNING - No sections found in 89628084. Skipping...
2025-04-14 23:25:34,188 - INFO - Using default tokenizer.
2025-04-14 23:25:34,362 - INFO - Successfully processed and saved results for 61298922
2025-04-14 23:25:34,364 - INFO - Using default tokenizer.
2025-04-14 23:25:34,413 - INFO - Successfully processed and saved results for 89853012
2025-04-14 23:25:34,417 - INFO - Using default tokenizer.
2025-04-14 23:25:34,469 - INFO - Successfully processed and saved results for 65123124
2025-04-14 23:25:34,473 - INFO - Using default tokenizer.
2025-04-14 23:25:34,490 - INFO - Successfully processed and saved results for 98781755
2025-04-14 23:25:34,493 - INFO - Using default tokenizer.
2025-04-14 23:25:34,521 - INFO - Successfully processed and saved results for 37171167
2025-04-14 23:25:34,525 - INFO - Using default tokenizer.
2025-04-14 23:25:34,557 - INFO - Successfully processed and saved results for 62302416
2025-04-14 23:25:34,561 - INFO - Using default tokenizer.
2025-04-14 23:25:34,621 - INFO - Successfully processed and saved results for 54139177
2025-04-14 23:25:34,625 - INFO - Using default tokenizer.
2025-04-14 23:25:34,663 - INFO - Successfully processed and saved results for 47257042
2025-04-14 23:25:34,667 - INFO - Using default tokenizer.
2025-04-14 23:25:34,764 - INFO - Successfully processed and saved results for 80421460
2025-04-14 23:25:34,766 - INFO - Using default tokenizer.
2025-04-14 23:25:34,823 - INFO - Successfully processed and saved results for 60887948
2025-04-14 23:25:34,823 - INFO - Skipping 76854692 - not in valid_ids list
2025-04-14 23:25:34,826 - INFO - Using default tokenizer.
2025-04-14 23:25:34,889 - INFO - Successfully processed and saved results for 80770343
2025-04-14 23:25:34,889 - WARNING - No sections found in 17754953. Skipping...
2025-04-14 23:25:34,892 - INFO - Using default tokenizer.
2025-04-14 23:25:34,934 - INFO - Successfully processed and saved results for 11636296
2025-04-14 23:25:34,937 - INFO - Using default tokenizer.
2025-04-14 23:25:34,956 - INFO - Successfully processed and saved results for 69119323
2025-04-14 23:25:34,958 - INFO - Using default tokenizer.
2025-04-14 23:25:34,976 - INFO - Successfully processed and saved results for 25809281
2025-04-14 23:25:34,978 - INFO - Using default tokenizer.
2025-04-14 23:25:35,020 - INFO - Successfully processed and saved results for 85853580
2025-04-14 23:25:35,023 - INFO - Using default tokenizer.
2025-04-14 23:25:35,057 - INFO - Successfully processed and saved results for 31183232
2025-04-14 23:25:35,060 - INFO - Using default tokenizer.
2025-04-14 23:25:35,080 - INFO - Successfully processed and saved results for 17675091
2025-04-14 23:25:35,083 - INFO - Using default tokenizer.
2025-04-14 23:25:35,152 - INFO - Successfully processed and saved results for 6726365
2025-04-14 23:25:35,157 - INFO - Using default tokenizer.
2025-04-14 23:25:35,258 - INFO - Successfully processed and saved results for 66006367
2025-04-14 23:25:35,263 - INFO - Using default tokenizer.
2025-04-14 23:25:35,353 - INFO - Successfully processed and saved results for 45795840
2025-04-14 23:25:35,356 - INFO - Using default tokenizer.
2025-04-14 23:25:35,385 - INFO - Successfully processed and saved results for 11836666
2025-04-14 23:25:35,389 - INFO - Using default tokenizer.
2025-04-14 23:25:35,467 - INFO - Successfully processed and saved results for 4536127
2025-04-14 23:25:35,471 - INFO - Using default tokenizer.
2025-04-14 23:25:35,525 - INFO - Successfully processed and saved results for 33126132
2025-04-14 23:25:35,527 - INFO - Using default tokenizer.
2025-04-14 23:25:35,566 - INFO - Successfully processed and saved results for 69481324
2025-04-14 23:25:35,566 - INFO - Skipping 79091650 - not in valid_ids list
2025-04-14 23:25:35,566 - WARNING - No sections found in 22030520. Skipping...
2025-04-14 23:25:35,568 - INFO - Using default tokenizer.
2025-04-14 23:25:35,602 - INFO - Successfully processed and saved results for 43280550
2025-04-14 23:25:35,605 - INFO - Using default tokenizer.
2025-04-14 23:25:35,657 - INFO - Successfully processed and saved results for 91200961
2025-04-14 23:25:35,660 - INFO - Using default tokenizer.
2025-04-14 23:25:35,708 - INFO - Successfully processed and saved results for 11418476
2025-04-14 23:25:35,713 - INFO - Using default tokenizer.
2025-04-14 23:25:35,763 - INFO - Successfully processed and saved results for 97291551
2025-04-14 23:25:35,767 - INFO - Using default tokenizer.
2025-04-14 23:25:35,798 - INFO - Successfully processed and saved results for 39353178
2025-04-14 23:25:35,800 - INFO - Using default tokenizer.
2025-04-14 23:25:35,826 - INFO - Successfully processed and saved results for 18521109
2025-04-14 23:25:35,826 - INFO - Skipping 18000122 - not in valid_ids list
2025-04-14 23:25:35,828 - INFO - Using default tokenizer.
2025-04-14 23:25:35,848 - INFO - Successfully processed and saved results for 12711637
2025-04-14 23:25:35,850 - INFO - Using default tokenizer.
2025-04-14 23:25:35,895 - INFO - Successfully processed and saved results for 63621777
2025-04-14 23:25:35,895 - INFO - Skipping 27264933 - not in valid_ids list
2025-04-14 23:25:35,899 - INFO - Using default tokenizer.
2025-04-14 23:25:35,934 - INFO - Successfully processed and saved results for 91812941
2025-04-14 23:25:35,935 - INFO - Using default tokenizer.
2025-04-14 23:25:35,972 - INFO - Successfully processed and saved results for 91633253
2025-04-14 23:25:35,973 - WARNING - No sections found in 77534612. Skipping...
2025-04-14 23:25:35,974 - INFO - Using default tokenizer.
2025-04-14 23:25:36,011 - INFO - Successfully processed and saved results for 93460473
2025-04-14 23:25:36,013 - INFO - Using default tokenizer.
2025-04-14 23:25:36,057 - INFO - Successfully processed and saved results for 10218080
2025-04-14 23:25:36,061 - INFO - Using default tokenizer.
2025-04-14 23:25:36,183 - INFO - Successfully processed and saved results for 78412080
2025-04-14 23:25:36,188 - INFO - Using default tokenizer.
2025-04-14 23:25:36,269 - INFO - Successfully processed and saved results for 40771210
2025-04-14 23:25:36,272 - INFO - Using default tokenizer.
2025-04-14 23:25:36,292 - INFO - Successfully processed and saved results for 8136900
2025-04-14 23:25:36,294 - INFO - Using default tokenizer.
2025-04-14 23:25:36,316 - INFO - Successfully processed and saved results for 94015576
2025-04-14 23:25:36,320 - INFO - Using default tokenizer.
2025-04-14 23:25:36,369 - INFO - Successfully processed and saved results for 88246188
2025-04-14 23:25:36,371 - INFO - Using default tokenizer.
2025-04-14 23:25:36,418 - INFO - Successfully processed and saved results for 61558513
2025-04-14 23:25:36,420 - INFO - Using default tokenizer.
2025-04-14 23:25:36,440 - INFO - Successfully processed and saved results for 79512250
2025-04-14 23:25:36,442 - INFO - Using default tokenizer.
2025-04-14 23:25:36,498 - INFO - Successfully processed and saved results for 56196
2025-04-14 23:25:36,502 - INFO - Using default tokenizer.
2025-04-14 23:25:36,616 - INFO - Successfully processed and saved results for 43018598
2025-04-14 23:25:36,618 - INFO - Using default tokenizer.
2025-04-14 23:25:36,659 - INFO - Successfully processed and saved results for 8601517
2025-04-14 23:25:36,661 - INFO - Using default tokenizer.
2025-04-14 23:25:36,690 - INFO - Successfully processed and saved results for 21919380
2025-04-14 23:25:36,695 - INFO - Using default tokenizer.
2025-04-14 23:25:36,824 - INFO - Successfully processed and saved results for 96747724
2025-04-14 23:25:36,826 - INFO - Using default tokenizer.
2025-04-14 23:25:36,854 - INFO - Successfully processed and saved results for 56843191
2025-04-14 23:25:36,857 - INFO - Using default tokenizer.
2025-04-14 23:25:36,885 - INFO - Successfully processed and saved results for 22528856
2025-04-14 23:25:36,887 - INFO - Using default tokenizer.
2025-04-14 23:25:36,931 - INFO - Successfully processed and saved results for 70889889
2025-04-14 23:25:36,935 - INFO - Using default tokenizer.
2025-04-14 23:25:37,001 - INFO - Successfully processed and saved results for 57956236
2025-04-14 23:25:37,004 - INFO - Using default tokenizer.
2025-04-14 23:25:37,033 - INFO - Successfully processed and saved results for 83248182
2025-04-14 23:25:37,038 - INFO - Using default tokenizer.
2025-04-14 23:25:37,106 - INFO - Successfully processed and saved results for 45765062
2025-04-14 23:25:37,107 - WARNING - No sections found in 48141212. Skipping...
2025-04-14 23:25:37,108 - INFO - Using default tokenizer.
2025-04-14 23:25:37,133 - INFO - Successfully processed and saved results for 81262575
2025-04-14 23:25:37,135 - INFO - Using default tokenizer.
2025-04-14 23:25:37,164 - INFO - Successfully processed and saved results for 77737945
2025-04-14 23:25:37,167 - INFO - Using default tokenizer.
2025-04-14 23:25:37,185 - INFO - Successfully processed and saved results for 41467472
2025-04-14 23:25:37,185 - INFO - Skipping 63993374 - not in valid_ids list
2025-04-14 23:25:37,190 - INFO - Using default tokenizer.
2025-04-14 23:25:37,337 - INFO - Successfully processed and saved results for 67696398
2025-04-14 23:25:37,338 - WARNING - No sections found in 3855110. Skipping...
2025-04-14 23:25:37,341 - INFO - Using default tokenizer.
2025-04-14 23:25:37,359 - INFO - Successfully processed and saved results for 80004741
2025-04-14 23:25:37,363 - INFO - Using default tokenizer.
2025-04-14 23:25:37,388 - INFO - Successfully processed and saved results for 5262509
2025-04-14 23:25:37,388 - WARNING - No sections found in 93195231. Skipping...
2025-04-14 23:25:37,391 - INFO - Using default tokenizer.
2025-04-14 23:25:37,407 - INFO - Successfully processed and saved results for 22546727
2025-04-14 23:25:37,410 - INFO - Using default tokenizer.
2025-04-14 23:25:37,452 - INFO - Successfully processed and saved results for 8784223
2025-04-14 23:25:37,454 - INFO - Using default tokenizer.
2025-04-14 23:25:37,489 - INFO - Successfully processed and saved results for 30789903
2025-04-14 23:25:37,489 - INFO - Skipping 70140653 - not in valid_ids list
2025-04-14 23:25:37,493 - INFO - Using default tokenizer.
2025-04-14 23:25:37,626 - INFO - Successfully processed and saved results for 71546396
2025-04-14 23:25:37,630 - INFO - Using default tokenizer.
2025-04-14 23:25:37,693 - INFO - Successfully processed and saved results for 5674972
2025-04-14 23:25:37,695 - INFO - Using default tokenizer.
2025-04-14 23:25:37,725 - INFO - Successfully processed and saved results for 69013017
2025-04-14 23:25:37,729 - INFO - Using default tokenizer.
2025-04-14 23:25:37,783 - INFO - Successfully processed and saved results for 27321339
2025-04-14 23:25:37,787 - INFO - Using default tokenizer.
2025-04-14 23:25:37,912 - INFO - Successfully processed and saved results for 263861
2025-04-14 23:25:37,914 - INFO - Using default tokenizer.
2025-04-14 23:25:37,969 - INFO - Successfully processed and saved results for 31459000
2025-04-14 23:25:37,972 - INFO - Using default tokenizer.
2025-04-14 23:25:38,018 - INFO - Successfully processed and saved results for 93598871
2025-04-14 23:25:38,022 - INFO - Using default tokenizer.
2025-04-14 23:25:38,049 - INFO - Successfully processed and saved results for 8799962
2025-04-14 23:25:38,050 - WARNING - No sections found in 26262723. Skipping...
2025-04-14 23:25:38,052 - INFO - Using default tokenizer.
2025-04-14 23:25:38,093 - INFO - Successfully processed and saved results for 88532041
2025-04-14 23:25:38,096 - INFO - Using default tokenizer.
2025-04-14 23:25:38,133 - INFO - Successfully processed and saved results for 16973657
2025-04-14 23:25:38,137 - INFO - Using default tokenizer.
2025-04-14 23:25:38,230 - INFO - Successfully processed and saved results for 518237
2025-04-14 23:25:38,232 - INFO - Using default tokenizer.
2025-04-14 23:25:38,256 - INFO - Successfully processed and saved results for 687757
2025-04-14 23:25:38,259 - INFO - Using default tokenizer.
2025-04-14 23:25:38,329 - INFO - Successfully processed and saved results for 24824894
2025-04-14 23:25:38,329 - WARNING - No sections found in 82821959. Skipping...
2025-04-14 23:25:38,329 - INFO - Skipping 59963771 - not in valid_ids list
2025-04-14 23:25:38,331 - INFO - Using default tokenizer.
2025-04-14 23:25:38,369 - INFO - Successfully processed and saved results for 63848470
2025-04-14 23:25:38,373 - INFO - Using default tokenizer.
2025-04-14 23:25:38,437 - INFO - Successfully processed and saved results for 61603670
2025-04-14 23:25:38,440 - INFO - Using default tokenizer.
2025-04-14 23:25:38,465 - INFO - Successfully processed and saved results for 53721399
2025-04-14 23:25:38,473 - INFO - Using default tokenizer.
2025-04-14 23:25:38,600 - INFO - Successfully processed and saved results for 57114772
2025-04-14 23:25:38,603 - INFO - Using default tokenizer.
2025-04-14 23:25:38,625 - INFO - Successfully processed and saved results for 30748495
2025-04-14 23:25:38,626 - INFO - Using default tokenizer.
2025-04-14 23:25:38,644 - INFO - Successfully processed and saved results for 69537377
2025-04-14 23:25:38,654 - INFO - Using default tokenizer.
2025-04-14 23:25:38,747 - INFO - Successfully processed and saved results for 82626355
2025-04-14 23:25:38,750 - INFO - Using default tokenizer.
2025-04-14 23:25:38,785 - INFO - Successfully processed and saved results for 7157784
2025-04-14 23:25:38,789 - INFO - Using default tokenizer.
2025-04-14 23:25:38,904 - INFO - Successfully processed and saved results for 30995172
2025-04-14 23:25:38,904 - INFO - Skipping 74374635 - not in valid_ids list
2025-04-14 23:25:38,907 - INFO - Using default tokenizer.
2025-04-14 23:25:38,960 - INFO - Successfully processed and saved results for 8264189
2025-04-14 23:25:38,965 - INFO - Using default tokenizer.
2025-04-14 23:25:38,998 - INFO - Successfully processed and saved results for 5681713
2025-04-14 23:25:39,002 - INFO - Using default tokenizer.
2025-04-14 23:25:39,099 - INFO - Successfully processed and saved results for 45518901
2025-04-14 23:25:39,100 - WARNING - No sections found in 24000799. Skipping...
2025-04-14 23:25:39,102 - INFO - Using default tokenizer.
2025-04-14 23:25:39,126 - INFO - Successfully processed and saved results for 26473847
2025-04-14 23:25:39,133 - INFO - Using default tokenizer.
2025-04-14 23:25:39,244 - INFO - Successfully processed and saved results for 99384474
2025-04-14 23:25:39,250 - INFO - Using default tokenizer.
2025-04-14 23:25:39,367 - INFO - Successfully processed and saved results for 5550259
2025-04-14 23:25:39,369 - INFO - Using default tokenizer.
2025-04-14 23:25:39,407 - INFO - Successfully processed and saved results for 47698609
2025-04-14 23:25:39,410 - INFO - Using default tokenizer.
2025-04-14 23:25:39,421 - INFO - Successfully processed and saved results for 12175403
2025-04-14 23:25:39,424 - INFO - Using default tokenizer.
2025-04-14 23:25:39,496 - INFO - Successfully processed and saved results for 69467563
2025-04-14 23:25:39,503 - INFO - Using default tokenizer.
2025-04-14 23:25:39,569 - INFO - Successfully processed and saved results for 53269747
2025-04-14 23:25:39,569 - WARNING - No sections found in 37479343. Skipping...
2025-04-14 23:25:39,575 - INFO - Using default tokenizer.
2025-04-14 23:25:39,695 - INFO - Successfully processed and saved results for 11791786
2025-04-14 23:25:39,698 - INFO - Using default tokenizer.
2025-04-14 23:25:39,796 - INFO - Successfully processed and saved results for 41840073
2025-04-14 23:25:39,798 - INFO - Using default tokenizer.
2025-04-14 23:25:39,835 - INFO - Successfully processed and saved results for 46342402
2025-04-14 23:25:39,838 - INFO - Using default tokenizer.
2025-04-14 23:25:39,879 - INFO - Successfully processed and saved results for 23426061
2025-04-14 23:25:39,882 - INFO - Using default tokenizer.
2025-04-14 23:25:39,918 - INFO - Successfully processed and saved results for 72922440
2025-04-14 23:25:39,918 - INFO - Skipping 1050101 - not in valid_ids list
2025-04-14 23:25:39,921 - INFO - Using default tokenizer.
2025-04-14 23:25:39,952 - INFO - Successfully processed and saved results for 80262838
2025-04-14 23:25:39,953 - INFO - Using default tokenizer.
2025-04-14 23:25:39,985 - INFO - Successfully processed and saved results for 1907968
2025-04-14 23:25:39,987 - INFO - Using default tokenizer.
2025-04-14 23:25:40,037 - INFO - Successfully processed and saved results for 13655370
2025-04-14 23:25:40,042 - INFO - Using default tokenizer.
2025-04-14 23:25:40,095 - INFO - Successfully processed and saved results for 32560739
2025-04-14 23:25:40,104 - INFO - Using default tokenizer.
2025-04-14 23:25:40,238 - INFO - Successfully processed and saved results for 202387
2025-04-14 23:25:40,240 - INFO - Using default tokenizer.
2025-04-14 23:25:40,278 - INFO - Successfully processed and saved results for 78339451
2025-04-14 23:25:40,278 - WARNING - No sections found in 13793499. Skipping...
2025-04-14 23:25:40,281 - INFO - Using default tokenizer.
2025-04-14 23:25:40,306 - INFO - Successfully processed and saved results for 11684235
2025-04-14 23:25:40,309 - INFO - Using default tokenizer.
2025-04-14 23:25:40,355 - INFO - Successfully processed and saved results for 8087311
2025-04-14 23:25:40,357 - INFO - Using default tokenizer.
2025-04-14 23:25:40,384 - INFO - Successfully processed and saved results for 66099843
2025-04-14 23:25:40,385 - WARNING - No sections found in 11354749. Skipping...
2025-04-14 23:25:40,388 - INFO - Using default tokenizer.
2025-04-14 23:25:40,437 - INFO - Successfully processed and saved results for 75389943
2025-04-14 23:25:40,439 - INFO - Using default tokenizer.
2025-04-14 23:25:40,474 - INFO - Successfully processed and saved results for 47397989
2025-04-14 23:25:40,475 - WARNING - No sections found in 36197895. Skipping...
2025-04-14 23:25:40,478 - INFO - Using default tokenizer.
2025-04-14 23:25:40,527 - INFO - Successfully processed and saved results for 3953515
2025-04-14 23:25:40,532 - INFO - Using default tokenizer.
2025-04-14 23:25:40,588 - INFO - Successfully processed and saved results for 4830217
2025-04-14 23:25:40,589 - INFO - Using default tokenizer.
2025-04-14 23:25:40,612 - INFO - Successfully processed and saved results for 93142771
2025-04-14 23:25:40,613 - WARNING - No sections found in 99440206. Skipping...
2025-04-14 23:25:40,623 - INFO - Using default tokenizer.
2025-04-14 23:25:40,729 - INFO - Successfully processed and saved results for 87041789
2025-04-14 23:25:40,731 - INFO - Using default tokenizer.
2025-04-14 23:25:40,757 - INFO - Successfully processed and saved results for 71225651
2025-04-14 23:25:40,767 - INFO - Using default tokenizer.
2025-04-14 23:25:40,852 - INFO - Successfully processed and saved results for 4784102
2025-04-14 23:25:40,855 - INFO - Using default tokenizer.
2025-04-14 23:25:40,923 - INFO - Successfully processed and saved results for 8363020
2025-04-14 23:25:40,927 - INFO - Using default tokenizer.
2025-04-14 23:25:40,959 - INFO - Successfully processed and saved results for 24950879
2025-04-14 23:25:40,961 - INFO - Using default tokenizer.
2025-04-14 23:25:40,989 - INFO - Successfully processed and saved results for 4206973
2025-04-14 23:25:40,990 - INFO - Using default tokenizer.
2025-04-14 23:25:41,035 - INFO - Successfully processed and saved results for 44210578
2025-04-14 23:25:41,037 - INFO - Using default tokenizer.
2025-04-14 23:25:41,060 - INFO - Successfully processed and saved results for 39570633
2025-04-14 23:25:41,061 - WARNING - No sections found in 93025332. Skipping...
2025-04-14 23:25:41,069 - INFO - Using default tokenizer.
2025-04-14 23:25:41,098 - INFO - Successfully processed and saved results for 414696
2025-04-14 23:25:41,101 - INFO - Using default tokenizer.
2025-04-14 23:25:41,123 - INFO - Successfully processed and saved results for 24510148
2025-04-14 23:25:41,127 - INFO - Using default tokenizer.
2025-04-14 23:25:41,168 - INFO - Successfully processed and saved results for 66883240
2025-04-14 23:25:41,172 - INFO - Using default tokenizer.
2025-04-14 23:25:41,215 - INFO - Successfully processed and saved results for 82314288
2025-04-14 23:25:41,215 - WARNING - No sections found in 88655260. Skipping...
2025-04-14 23:25:41,218 - INFO - Using default tokenizer.
2025-04-14 23:25:41,253 - INFO - Successfully processed and saved results for 86524123
2025-04-14 23:25:41,258 - INFO - Using default tokenizer.
2025-04-14 23:25:41,331 - INFO - Successfully processed and saved results for 64175585
2025-04-14 23:25:41,333 - INFO - Using default tokenizer.
2025-04-14 23:25:41,360 - INFO - Successfully processed and saved results for 63531440
2025-04-14 23:25:41,366 - INFO - Using default tokenizer.
2025-04-14 23:25:41,390 - INFO - Successfully processed and saved results for 20550713
2025-04-14 23:25:41,393 - INFO - Using default tokenizer.
2025-04-14 23:25:41,445 - INFO - Successfully processed and saved results for 15757806
2025-04-14 23:25:41,445 - INFO - Skipping 43514018 - not in valid_ids list
2025-04-14 23:25:41,445 - INFO - Skipping 88700162 - not in valid_ids list
2025-04-14 23:25:41,449 - INFO - Using default tokenizer.
2025-04-14 23:25:41,478 - INFO - Successfully processed and saved results for 63758896
2025-04-14 23:25:41,523 - INFO - Using default tokenizer.
2025-04-14 23:25:41,684 - INFO - Successfully processed and saved results for 73424952
2025-04-14 23:25:41,686 - INFO - Using default tokenizer.
2025-04-14 23:25:41,710 - INFO - Successfully processed and saved results for 3517250
2025-04-14 23:25:41,713 - INFO - Using default tokenizer.
2025-04-14 23:25:41,791 - INFO - Successfully processed and saved results for 10587146
2025-04-14 23:25:41,793 - INFO - Using default tokenizer.
2025-04-14 23:25:41,831 - INFO - Successfully processed and saved results for 35973587
2025-04-14 23:25:41,836 - INFO - Using default tokenizer.
2025-04-14 23:25:41,866 - INFO - Successfully processed and saved results for 97980035
2025-04-14 23:25:41,869 - INFO - Using default tokenizer.
2025-04-14 23:25:41,936 - INFO - Successfully processed and saved results for 29796623
2025-04-14 23:25:41,940 - INFO - Using default tokenizer.
2025-04-14 23:25:41,970 - INFO - Successfully processed and saved results for 36679338
2025-04-14 23:25:41,973 - INFO - Using default tokenizer.
2025-04-14 23:25:42,069 - INFO - Successfully processed and saved results for 66912872
2025-04-14 23:25:42,086 - INFO - Using default tokenizer.
2025-04-14 23:25:42,102 - INFO - Successfully processed and saved results for 75952682
2025-04-14 23:25:42,104 - INFO - Using default tokenizer.
2025-04-14 23:25:42,134 - INFO - Successfully processed and saved results for 23242120
2025-04-14 23:25:42,136 - INFO - Using default tokenizer.
2025-04-14 23:25:42,185 - INFO - Successfully processed and saved results for 50897768
2025-04-14 23:25:42,187 - INFO - Using default tokenizer.
2025-04-14 23:25:42,227 - INFO - Successfully processed and saved results for 32533290
2025-04-14 23:25:42,227 - INFO - Skipping 40561438 - not in valid_ids list
2025-04-14 23:25:42,231 - INFO - Using default tokenizer.
2025-04-14 23:25:42,274 - INFO - Successfully processed and saved results for 50438213
2025-04-14 23:25:42,276 - INFO - Using default tokenizer.
2025-04-14 23:25:42,314 - INFO - Successfully processed and saved results for 86423785
2025-04-14 23:25:42,318 - INFO - Using default tokenizer.
2025-04-14 23:25:42,346 - INFO - Successfully processed and saved results for 40774761
2025-04-14 23:25:42,347 - WARNING - No sections found in 93544751. Skipping...
2025-04-14 23:25:42,347 - WARNING - No sections found in 58874274. Skipping...
2025-04-14 23:25:42,347 - INFO - Completed processing papers using first method
2025-04-14 23:25:42,347 - INFO - Calculating average ROUGE scores
2025-04-14 23:25:42,347 - INFO - Average ROUGE scores across 421 papers: {'rouge1': 0.3428701331615676, 'rouge2': 0.085116390585726, 'rougeL': 0.1474730646019877}
2025-04-14 23:25:42,359 - INFO - Saved all evaluation results to ./jaehyeok/results/all_results_first_1.json
2025-04-14 23:25:42,359 - INFO - Extraction process completed using first method with 1 sentences
2025-04-14 23:25:42,359 - INFO - Average ROUGE scores: {'rouge1': 0.3428701331615676, 'rouge2': 0.085116390585726, 'rougeL': 0.1474730646019877}
2025-04-14 23:25:42,359 - INFO - All individual paper results saved to ./jaehyeok/results/all_results_first_1.json
