2025-05-25 07:07:41,856 - INFO - Using device: cuda:3 (rank 3)
2025-05-25 07:07:41,917 - INFO - Using device: cuda:0 (rank 0)
2025-05-25 07:07:42,293 - INFO - Using device: cuda:2 (rank 2)
2025-05-25 07:07:42,380 - INFO - Using device: cuda:1 (rank 1)
2025-05-25 07:07:47,330 - INFO - Loaded 22 documents from ./extractive_summaries/test4_output.json
2025-05-25 07:07:47,339 - INFO - Loaded 22 documents from ./extractive_summaries/test4_output.json
2025-05-25 07:07:47,340 - INFO - Checking 3 random samples from dataset:
2025-05-25 07:07:47,374 - INFO - Sample 1 (paper_id: 1004):
2025-05-25 07:07:47,375 - INFO -   Input tokens: torch.Size([30000])
2025-05-25 07:07:47,375 - INFO -   No gold summary available
2025-05-25 07:07:47,375 - INFO -   Input text preview: Summarize the following scientific paper:

An interesting use case for social media is customer support that can now take place over public social media channels. Using this medium has its advantages as described, for example, in (DeMers, 20...
2025-05-25 07:07:47,375 - INFO - --------------------------------------------------
2025-05-25 07:07:47,396 - INFO - Sample 2 (paper_id: 1003):
2025-05-25 07:07:47,396 - INFO -   Input tokens: torch.Size([30000])
2025-05-25 07:07:47,396 - INFO -   No gold summary available
2025-05-25 07:07:47,396 - INFO -   Input text preview: Summarize the following scientific paper:

Emotions are an important element of human nature and detecting them in the textual messages written by users has many applications in information retrieval  and human-computer interaction . A common approach to emotion analysis and modeling is categor...
2025-05-25 07:07:47,396 - INFO - --------------------------------------------------
2025-05-25 07:07:47,423 - INFO - Sample 3 (paper_id: 1013):
2025-05-25 07:07:47,423 - INFO -   Input tokens: torch.Size([30000])
2025-05-25 07:07:47,423 - INFO -   No gold summary available
2025-05-25 07:07:47,424 - INFO -   Input text preview: Summarize the following scientific paper:

The use of features from deep convolutional neural networks (DCNNs) pretrained on ImageNet  has led to important advances in computer vision. DCNN features, usually called perceptual features (PFs),...
2025-05-25 07:07:47,424 - INFO - --------------------------------------------------
2025-05-25 07:07:47,540 - INFO - Loaded 22 documents from ./extractive_summaries/test4_output.json
2025-05-25 07:07:47,575 - INFO - Loaded 22 documents from ./extractive_summaries/test4_output.json
2025-05-25 11:40:27,261 - INFO - Generated 6 summaries in rank 2 (no gold summaries).
2025-05-25 11:40:27,262 - INFO - Saved generated summaries to ./jaehyeok/results/generated_summaries_tes_rank2_20250525_114027.json
2025-05-25 12:16:17,983 - INFO - Generated 6 summaries in rank 1 (no gold summaries).
2025-05-25 12:16:17,984 - INFO - Saved generated summaries to ./jaehyeok/results/generated_summaries_tes_rank1_20250525_121617.json
2025-05-25 12:22:04,484 - INFO - Generated 6 summaries in rank 3 (no gold summaries).
2025-05-25 12:22:04,485 - INFO - Saved generated summaries to ./jaehyeok/results/generated_summaries_tes_rank3_20250525_122204.json
2025-05-25 12:22:23,256 - INFO - Generated 6 summaries in rank 0 (no gold summaries).
2025-05-25 12:22:23,257 - INFO - Saved generated summaries to ./jaehyeok/results/generated_summaries_tes_rank0_20250525_122223.json
