2025-05-17 16:51:57,683 - INFO - Starting fine-tuning process
2025-05-17 16:51:57,683 - INFO - LoRA is enabled with the following configuration:
2025-05-17 16:51:57,683 - INFO -   LoRA rank (r): 8
2025-05-17 16:51:57,683 - INFO -   LoRA alpha: 32
2025-05-17 16:51:57,683 - INFO -   LoRA dropout: 0.05
2025-05-17 16:51:57,683 - INFO -   LoRA target modules: ['q_proj', 'k_proj', 'v_proj', 'o_proj']
2025-05-17 16:51:57,683 - INFO - Loading data...
2025-05-17 16:51:57,683 - INFO - Found 522 paper files
2025-05-17 16:51:57,684 - INFO - Loading gold summaries
2025-05-17 16:51:57,691 - INFO - Found 530 gold summaries
2025-05-17 16:51:57,691 - INFO - Preparing dataset...
2025-05-17 16:51:57,691 - INFO - Loaded 488 valid paper IDs for filtering
2025-05-17 16:51:57,695 - INFO - Filtering statistics:
2025-05-17 16:51:57,695 - INFO -   total_papers: 522
2025-05-17 16:51:57,695 - INFO -   no_gold_summary: 0
2025-05-17 16:51:57,695 - INFO -   not_in_valid_ids: 34
2025-05-17 16:51:57,695 - INFO -   paper_too_long: 0
2025-05-17 16:51:57,695 - INFO -   summary_too_long: 0
2025-05-17 16:51:57,695 - INFO -   accepted: 488
2025-05-17 16:51:57,695 - INFO - Created dataset with 488 paper-summary pairs after filtering
2025-05-17 16:51:57,712 - INFO - Splitting dataset: 95.0% train, 5.000000000000004% validation
2025-05-17 16:51:57,716 - INFO - Training set: 463 examples
2025-05-17 16:51:57,716 - INFO - Validation set: 25 examples
2025-05-17 16:51:57,716 - INFO - Loading model/tokenizer on rank 2
2025-05-17 16:51:57,805 - INFO - Starting fine-tuning process
2025-05-17 16:51:57,805 - INFO - LoRA is enabled with the following configuration:
2025-05-17 16:51:57,805 - INFO -   LoRA rank (r): 8
2025-05-17 16:51:57,805 - INFO -   LoRA alpha: 32
2025-05-17 16:51:57,805 - INFO -   LoRA dropout: 0.05
2025-05-17 16:51:57,806 - INFO -   LoRA target modules: ['q_proj', 'k_proj', 'v_proj', 'o_proj']
2025-05-17 16:51:57,993 - INFO - Starting fine-tuning process
2025-05-17 16:51:57,993 - INFO - LoRA is enabled with the following configuration:
2025-05-17 16:51:57,993 - INFO -   LoRA rank (r): 8
2025-05-17 16:51:57,993 - INFO -   LoRA alpha: 32
2025-05-17 16:51:57,993 - INFO -   LoRA dropout: 0.05
2025-05-17 16:51:57,993 - INFO -   LoRA target modules: ['q_proj', 'k_proj', 'v_proj', 'o_proj']
2025-05-17 16:51:57,993 - INFO - Loading data...
2025-05-17 16:51:57,994 - INFO - Found 522 paper files
2025-05-17 16:51:57,994 - INFO - Loading gold summaries
2025-05-17 16:51:58,002 - INFO - Found 530 gold summaries
2025-05-17 16:51:58,002 - INFO - Preparing dataset...
2025-05-17 16:51:58,002 - INFO - Loaded 488 valid paper IDs for filtering
2025-05-17 16:51:58,005 - INFO - Filtering statistics:
2025-05-17 16:51:58,005 - INFO -   total_papers: 522
2025-05-17 16:51:58,006 - INFO -   no_gold_summary: 0
2025-05-17 16:51:58,006 - INFO -   not_in_valid_ids: 34
2025-05-17 16:51:58,006 - INFO -   paper_too_long: 0
2025-05-17 16:51:58,006 - INFO -   summary_too_long: 0
2025-05-17 16:51:58,006 - INFO -   accepted: 488
2025-05-17 16:51:58,006 - INFO - Created dataset with 488 paper-summary pairs after filtering
2025-05-17 16:51:58,026 - INFO - Splitting dataset: 95.0% train, 5.000000000000004% validation
2025-05-17 16:51:58,030 - INFO - Training set: 463 examples
2025-05-17 16:51:58,030 - INFO - Validation set: 25 examples
2025-05-17 16:51:58,030 - INFO - Loading model/tokenizer on rank 1
2025-05-17 16:51:58,073 - INFO - Starting fine-tuning process
2025-05-17 16:51:58,074 - INFO - LoRA is enabled with the following configuration:
2025-05-17 16:51:58,074 - INFO -   LoRA rank (r): 8
2025-05-17 16:51:58,074 - INFO -   LoRA alpha: 32
2025-05-17 16:51:58,074 - INFO -   LoRA dropout: 0.05
2025-05-17 16:51:58,074 - INFO -   LoRA target modules: ['q_proj', 'k_proj', 'v_proj', 'o_proj']
2025-05-17 16:51:58,074 - INFO - Loading data...
2025-05-17 16:51:58,074 - INFO - Found 522 paper files
2025-05-17 16:51:58,075 - INFO - Loading gold summaries
2025-05-17 16:51:58,082 - INFO - Found 530 gold summaries
2025-05-17 16:51:58,082 - INFO - Preparing dataset...
2025-05-17 16:51:58,082 - INFO - Loaded 488 valid paper IDs for filtering
2025-05-17 16:51:58,086 - INFO - Filtering statistics:
2025-05-17 16:51:58,086 - INFO -   total_papers: 522
2025-05-17 16:51:58,086 - INFO -   no_gold_summary: 0
2025-05-17 16:51:58,086 - INFO -   not_in_valid_ids: 34
2025-05-17 16:51:58,086 - INFO -   paper_too_long: 0
2025-05-17 16:51:58,086 - INFO -   summary_too_long: 0
2025-05-17 16:51:58,086 - INFO -   accepted: 488
2025-05-17 16:51:58,086 - INFO - Created dataset with 488 paper-summary pairs after filtering
2025-05-17 16:51:58,103 - INFO - Splitting dataset: 95.0% train, 5.000000000000004% validation
2025-05-17 16:51:58,107 - INFO - Training set: 463 examples
2025-05-17 16:51:58,107 - INFO - Validation set: 25 examples
2025-05-17 16:51:58,107 - INFO - Loading model/tokenizer on rank 3
2025-05-17 16:51:59,500 - INFO - Loading data...
2025-05-17 16:51:59,501 - INFO - Found 522 paper files
2025-05-17 16:51:59,501 - INFO - Loading gold summaries
2025-05-17 16:51:59,509 - INFO - Found 530 gold summaries
2025-05-17 16:51:59,510 - INFO - Preparing dataset...
2025-05-17 16:51:59,510 - INFO - Loaded 488 valid paper IDs for filtering
2025-05-17 16:51:59,516 - INFO - Filtering statistics:
2025-05-17 16:51:59,517 - INFO -   total_papers: 522
2025-05-17 16:51:59,517 - INFO -   no_gold_summary: 0
2025-05-17 16:51:59,517 - INFO -   not_in_valid_ids: 34
2025-05-17 16:51:59,517 - INFO -   paper_too_long: 0
2025-05-17 16:51:59,517 - INFO -   summary_too_long: 0
2025-05-17 16:51:59,517 - INFO -   accepted: 488
2025-05-17 16:51:59,517 - INFO - Created dataset with 488 paper-summary pairs after filtering
2025-05-17 16:51:59,538 - INFO - Splitting dataset: 95.0% train, 5.000000000000004% validation
2025-05-17 16:51:59,543 - INFO - Training set: 463 examples
2025-05-17 16:51:59,544 - INFO - Validation set: 25 examples
2025-05-17 16:51:59,544 - INFO - Loading model/tokenizer on rank 0
2025-05-17 16:52:10,442 - INFO - Applying LoRA adapters to the model
2025-05-17 16:52:10,661 - INFO - Tokenizing datasets
2025-05-17 16:52:10,796 - INFO - Applying LoRA adapters to the model
2025-05-17 16:52:11,014 - INFO - Tokenizing datasets
2025-05-17 16:52:19,881 - INFO - Applying LoRA adapters to the model
2025-05-17 16:52:20,102 - INFO - Tokenizing datasets
2025-05-17 16:52:20,278 - INFO - Setting up training configuration
2025-05-17 16:52:20,347 - INFO - Starting training
2025-05-17 16:52:20,730 - INFO - Setting up training configuration
2025-05-17 16:52:20,800 - INFO - Starting training
2025-05-17 16:52:21,651 - INFO - Applying LoRA adapters to the model
2025-05-17 16:52:21,868 - INFO - Tokenizing datasets
2025-05-17 16:52:29,576 - INFO - Setting up training configuration
2025-05-17 16:52:29,641 - INFO - Starting training
2025-05-17 16:52:31,277 - INFO - Setting up training configuration
2025-05-17 16:52:31,345 - INFO - Starting training
2025-05-17 16:55:30,125 - INFO - [Step 1] Training loss: 2.7359
2025-05-17 16:55:30,125 - INFO - [Step 1] Training loss: 2.7359
2025-05-17 16:55:30,125 - INFO - [Step 1] Training loss: 2.7359
2025-05-17 16:55:30,126 - INFO - [Step 1] Training loss: 2.7359
2025-05-17 16:58:24,989 - INFO - [Step 2] Training loss: 2.6911
2025-05-17 16:58:24,989 - INFO - [Step 2] Training loss: 2.6911
2025-05-17 16:58:24,989 - INFO - [Step 2] Training loss: 2.6911
2025-05-17 16:58:24,990 - INFO - [Step 2] Training loss: 2.6911
2025-05-17 17:01:19,897 - INFO - [Step 3] Training loss: 2.8474
2025-05-17 17:01:19,897 - INFO - [Step 3] Training loss: 2.8474
2025-05-17 17:01:19,897 - INFO - [Step 3] Training loss: 2.8474
2025-05-17 17:01:19,898 - INFO - [Step 3] Training loss: 2.8474
2025-05-17 17:04:14,802 - INFO - [Step 4] Training loss: 2.7223
2025-05-17 17:04:14,802 - INFO - [Step 4] Training loss: 2.7223
2025-05-17 17:04:14,802 - INFO - [Step 4] Training loss: 2.7223
2025-05-17 17:04:14,803 - INFO - [Step 4] Training loss: 2.7223
2025-05-17 17:07:09,718 - INFO - [Step 5] Training loss: 2.5946
2025-05-17 17:07:09,718 - INFO - [Step 5] Training loss: 2.5946
2025-05-17 17:07:09,718 - INFO - [Step 5] Training loss: 2.5946
2025-05-17 17:07:09,719 - INFO - [Step 5] Training loss: 2.5946
2025-05-17 17:10:04,655 - INFO - [Step 6] Training loss: 2.8252
2025-05-17 17:10:04,655 - INFO - [Step 6] Training loss: 2.8252
2025-05-17 17:10:04,655 - INFO - [Step 6] Training loss: 2.8252
2025-05-17 17:10:04,655 - INFO - [Step 6] Training loss: 2.8252
2025-05-17 17:12:59,593 - INFO - [Step 7] Training loss: 2.6865
2025-05-17 17:12:59,593 - INFO - [Step 7] Training loss: 2.6865
2025-05-17 17:12:59,593 - INFO - [Step 7] Training loss: 2.6865
2025-05-17 17:12:59,594 - INFO - [Step 7] Training loss: 2.6865
2025-05-17 17:15:54,519 - INFO - [Step 8] Training loss: 2.7185
2025-05-17 17:15:54,519 - INFO - [Step 8] Training loss: 2.7185
2025-05-17 17:15:54,519 - INFO - [Step 8] Training loss: 2.7185
2025-05-17 17:15:54,520 - INFO - [Step 8] Training loss: 2.7185
2025-05-17 17:18:49,362 - INFO - [Step 9] Training loss: 2.6365
2025-05-17 17:18:49,362 - INFO - [Step 9] Training loss: 2.6365
2025-05-17 17:18:49,362 - INFO - [Step 9] Training loss: 2.6365
2025-05-17 17:18:49,364 - INFO - [Step 9] Training loss: 2.6365
2025-05-17 17:21:44,239 - INFO - [Step 10] Training loss: 2.7078
2025-05-17 17:21:44,239 - INFO - [Step 10] Training loss: 2.7078
2025-05-17 17:21:44,239 - INFO - [Step 10] Training loss: 2.7078
2025-05-17 17:21:44,240 - INFO - [Step 10] Training loss: 2.7078
2025-05-17 17:24:54,280 - INFO - [Step 11] Training loss: 2.6415
2025-05-17 17:24:54,280 - INFO - [Step 11] Training loss: 2.6415
2025-05-17 17:24:54,280 - INFO - [Step 11] Training loss: 2.6415
2025-05-17 17:24:54,281 - INFO - [Step 11] Training loss: 2.6415
2025-05-17 17:27:49,167 - INFO - [Step 12] Training loss: 2.6800
2025-05-17 17:27:49,167 - INFO - [Step 12] Training loss: 2.6800
2025-05-17 17:27:49,167 - INFO - [Step 12] Training loss: 2.6800
2025-05-17 17:27:49,168 - INFO - [Step 12] Training loss: 2.6800
2025-05-17 17:30:44,071 - INFO - [Step 13] Training loss: 2.7425
2025-05-17 17:30:44,071 - INFO - [Step 13] Training loss: 2.7425
2025-05-17 17:30:44,071 - INFO - [Step 13] Training loss: 2.7425
2025-05-17 17:30:44,072 - INFO - [Step 13] Training loss: 2.7425
2025-05-17 17:33:38,926 - INFO - [Step 14] Training loss: 2.6912
2025-05-17 17:33:38,926 - INFO - [Step 14] Training loss: 2.6912
2025-05-17 17:33:38,926 - INFO - [Step 14] Training loss: 2.6912
2025-05-17 17:33:38,927 - INFO - [Step 14] Training loss: 2.6912
2025-05-17 17:36:33,828 - INFO - [Step 15] Training loss: 2.6213
2025-05-17 17:36:33,828 - INFO - [Step 15] Training loss: 2.6213
2025-05-17 17:36:33,828 - INFO - [Step 15] Training loss: 2.6213
2025-05-17 17:36:33,829 - INFO - [Step 15] Training loss: 2.6213
2025-05-17 17:39:28,721 - INFO - [Step 16] Training loss: 2.6585
2025-05-17 17:39:28,721 - INFO - [Step 16] Training loss: 2.6585
2025-05-17 17:39:28,721 - INFO - [Step 16] Training loss: 2.6585
2025-05-17 17:39:28,722 - INFO - [Step 16] Training loss: 2.6585
2025-05-17 17:42:23,648 - INFO - [Step 17] Training loss: 2.7050
2025-05-17 17:42:23,648 - INFO - [Step 17] Training loss: 2.7050
2025-05-17 17:42:23,648 - INFO - [Step 17] Training loss: 2.7050
2025-05-17 17:42:23,649 - INFO - [Step 17] Training loss: 2.7050
2025-05-17 17:45:18,529 - INFO - [Step 18] Training loss: 2.6447
2025-05-17 17:45:18,529 - INFO - [Step 18] Training loss: 2.6447
2025-05-17 17:45:18,529 - INFO - [Step 18] Training loss: 2.6447
2025-05-17 17:45:18,530 - INFO - [Step 18] Training loss: 2.6447
2025-05-17 17:48:13,464 - INFO - [Step 19] Training loss: 2.8010
2025-05-17 17:48:13,464 - INFO - [Step 19] Training loss: 2.8010
2025-05-17 17:48:13,464 - INFO - [Step 19] Training loss: 2.8010
2025-05-17 17:48:13,465 - INFO - [Step 19] Training loss: 2.8010
2025-05-17 17:51:08,421 - INFO - [Step 20] Training loss: 2.5001
2025-05-17 17:51:08,421 - INFO - [Step 20] Training loss: 2.5001
2025-05-17 17:51:08,421 - INFO - [Step 20] Training loss: 2.5001
2025-05-17 17:51:08,421 - INFO - [Step 20] Training loss: 2.5001
2025-05-17 17:54:18,445 - INFO - [Step 21] Training loss: 2.7374
2025-05-17 17:54:18,445 - INFO - [Step 21] Training loss: 2.7374
2025-05-17 17:54:18,445 - INFO - [Step 21] Training loss: 2.7374
2025-05-17 17:54:18,446 - INFO - [Step 21] Training loss: 2.7374
2025-05-17 17:57:13,359 - INFO - [Step 22] Training loss: 2.7057
2025-05-17 17:57:13,359 - INFO - [Step 22] Training loss: 2.7057
2025-05-17 17:57:13,359 - INFO - [Step 22] Training loss: 2.7057
2025-05-17 17:57:13,360 - INFO - [Step 22] Training loss: 2.7057
2025-05-17 18:00:08,302 - INFO - [Step 23] Training loss: 2.6980
2025-05-17 18:00:08,302 - INFO - [Step 23] Training loss: 2.6980
2025-05-17 18:00:08,302 - INFO - [Step 23] Training loss: 2.6980
2025-05-17 18:00:08,303 - INFO - [Step 23] Training loss: 2.6980
2025-05-17 18:03:03,252 - INFO - [Step 24] Training loss: 2.6484
2025-05-17 18:03:03,252 - INFO - [Step 24] Training loss: 2.6484
2025-05-17 18:03:03,252 - INFO - [Step 24] Training loss: 2.6484
2025-05-17 18:03:03,253 - INFO - [Step 24] Training loss: 2.6484
2025-05-17 18:05:58,151 - INFO - [Step 25] Training loss: 2.6841
2025-05-17 18:05:58,151 - INFO - [Step 25] Training loss: 2.6841
2025-05-17 18:05:58,151 - INFO - [Step 25] Training loss: 2.6841
2025-05-17 18:05:58,152 - INFO - [Step 25] Training loss: 2.6841
2025-05-17 18:08:53,081 - INFO - [Step 26] Training loss: 2.7407
2025-05-17 18:08:53,081 - INFO - [Step 26] Training loss: 2.7407
2025-05-17 18:08:53,081 - INFO - [Step 26] Training loss: 2.7407
2025-05-17 18:08:53,082 - INFO - [Step 26] Training loss: 2.7407
2025-05-17 18:11:48,010 - INFO - [Step 27] Training loss: 2.6726
2025-05-17 18:11:48,010 - INFO - [Step 27] Training loss: 2.6726
2025-05-17 18:11:48,010 - INFO - [Step 27] Training loss: 2.6726
2025-05-17 18:11:48,011 - INFO - [Step 27] Training loss: 2.6726
2025-05-17 18:14:42,936 - INFO - [Step 28] Training loss: 2.5449
2025-05-17 18:14:42,936 - INFO - [Step 28] Training loss: 2.5449
2025-05-17 18:14:42,936 - INFO - [Step 28] Training loss: 2.5449
2025-05-17 18:14:42,937 - INFO - [Step 28] Training loss: 2.5449
2025-05-17 18:17:37,764 - INFO - [Step 29] Training loss: 2.5982
2025-05-17 18:17:37,764 - INFO - [Step 29] Training loss: 2.5982
2025-05-17 18:17:37,764 - INFO - [Step 29] Training loss: 2.5982
2025-05-17 18:17:37,765 - INFO - [Step 29] Training loss: 2.5982
2025-05-17 18:20:32,735 - INFO - [Step 30] Training loss: 2.5568
2025-05-17 18:20:32,735 - INFO - [Step 30] Training loss: 2.5568
2025-05-17 18:20:32,735 - INFO - [Step 30] Training loss: 2.5568
2025-05-17 18:20:32,736 - INFO - [Step 30] Training loss: 2.5568
2025-05-17 18:23:42,780 - INFO - [Step 31] Training loss: 2.5384
2025-05-17 18:23:42,780 - INFO - [Step 31] Training loss: 2.5384
2025-05-17 18:23:42,780 - INFO - [Step 31] Training loss: 2.5384
2025-05-17 18:23:42,781 - INFO - [Step 31] Training loss: 2.5384
2025-05-17 18:26:37,696 - INFO - [Step 32] Training loss: 2.5558
2025-05-17 18:26:37,696 - INFO - [Step 32] Training loss: 2.5558
2025-05-17 18:26:37,696 - INFO - [Step 32] Training loss: 2.5558
2025-05-17 18:26:37,697 - INFO - [Step 32] Training loss: 2.5558
2025-05-17 18:29:32,602 - INFO - [Step 33] Training loss: 2.6401
2025-05-17 18:29:32,602 - INFO - [Step 33] Training loss: 2.6401
2025-05-17 18:29:32,602 - INFO - [Step 33] Training loss: 2.6401
2025-05-17 18:29:32,603 - INFO - [Step 33] Training loss: 2.6401
2025-05-17 18:32:27,477 - INFO - [Step 34] Training loss: 2.5286
2025-05-17 18:32:27,477 - INFO - [Step 34] Training loss: 2.5286
2025-05-17 18:32:27,477 - INFO - [Step 34] Training loss: 2.5286
2025-05-17 18:32:27,478 - INFO - [Step 34] Training loss: 2.5286
2025-05-17 18:35:22,393 - INFO - [Step 35] Training loss: 2.5437
2025-05-17 18:35:22,393 - INFO - [Step 35] Training loss: 2.5437
2025-05-17 18:35:22,393 - INFO - [Step 35] Training loss: 2.5437
2025-05-17 18:35:22,394 - INFO - [Step 35] Training loss: 2.5437
2025-05-17 18:38:17,286 - INFO - [Step 36] Training loss: 2.5344
2025-05-17 18:38:17,286 - INFO - [Step 36] Training loss: 2.5344
2025-05-17 18:38:17,286 - INFO - [Step 36] Training loss: 2.5344
2025-05-17 18:38:17,287 - INFO - [Step 36] Training loss: 2.5344
2025-05-17 18:41:12,186 - INFO - [Step 37] Training loss: 2.6005
2025-05-17 18:41:12,186 - INFO - [Step 37] Training loss: 2.6005
2025-05-17 18:41:12,186 - INFO - [Step 37] Training loss: 2.6005
2025-05-17 18:41:12,187 - INFO - [Step 37] Training loss: 2.6005
2025-05-17 18:44:07,076 - INFO - [Step 38] Training loss: 2.5353
2025-05-17 18:44:07,076 - INFO - [Step 38] Training loss: 2.5353
2025-05-17 18:44:07,076 - INFO - [Step 38] Training loss: 2.5353
2025-05-17 18:44:07,077 - INFO - [Step 38] Training loss: 2.5353
2025-05-17 18:47:01,986 - INFO - [Step 39] Training loss: 2.6530
2025-05-17 18:47:01,986 - INFO - [Step 39] Training loss: 2.6530
2025-05-17 18:47:01,986 - INFO - [Step 39] Training loss: 2.6530
2025-05-17 18:47:01,987 - INFO - [Step 39] Training loss: 2.6530
2025-05-17 18:49:56,837 - INFO - [Step 40] Training loss: 2.5896
2025-05-17 18:49:56,837 - INFO - [Step 40] Training loss: 2.5896
2025-05-17 18:49:56,838 - INFO - [Step 40] Training loss: 2.5896
2025-05-17 18:49:56,838 - INFO - [Step 40] Training loss: 2.5896
2025-05-17 18:53:06,645 - INFO - [Step 41] Training loss: 2.6069
2025-05-17 18:53:06,645 - INFO - [Step 41] Training loss: 2.6069
2025-05-17 18:53:06,645 - INFO - [Step 41] Training loss: 2.6069
2025-05-17 18:53:06,646 - INFO - [Step 41] Training loss: 2.6069
2025-05-17 18:56:01,604 - INFO - [Step 42] Training loss: 2.4839
2025-05-17 18:56:01,604 - INFO - [Step 42] Training loss: 2.4839
2025-05-17 18:56:01,604 - INFO - [Step 42] Training loss: 2.4839
2025-05-17 18:56:01,605 - INFO - [Step 42] Training loss: 2.4839
2025-05-17 18:58:56,500 - INFO - [Step 43] Training loss: 2.4837
2025-05-17 18:58:56,500 - INFO - [Step 43] Training loss: 2.4837
2025-05-17 18:58:56,500 - INFO - [Step 43] Training loss: 2.4837
2025-05-17 18:58:56,501 - INFO - [Step 43] Training loss: 2.4837
2025-05-17 19:01:51,430 - INFO - [Step 44] Training loss: 2.4795
2025-05-17 19:01:51,430 - INFO - [Step 44] Training loss: 2.4795
2025-05-17 19:01:51,430 - INFO - [Step 44] Training loss: 2.4795
2025-05-17 19:01:51,431 - INFO - [Step 44] Training loss: 2.4795
2025-05-17 19:04:46,371 - INFO - [Step 45] Training loss: 2.4977
2025-05-17 19:04:46,371 - INFO - [Step 45] Training loss: 2.4977
2025-05-17 19:04:46,371 - INFO - [Step 45] Training loss: 2.4977
2025-05-17 19:04:46,372 - INFO - [Step 45] Training loss: 2.4977
2025-05-17 19:07:41,220 - INFO - [Step 46] Training loss: 2.5292
2025-05-17 19:07:41,220 - INFO - [Step 46] Training loss: 2.5292
2025-05-17 19:07:41,220 - INFO - [Step 46] Training loss: 2.5292
2025-05-17 19:07:41,221 - INFO - [Step 46] Training loss: 2.5292
2025-05-17 19:10:36,110 - INFO - [Step 47] Training loss: 2.5929
2025-05-17 19:10:36,110 - INFO - [Step 47] Training loss: 2.5929
2025-05-17 19:10:36,110 - INFO - [Step 47] Training loss: 2.5929
2025-05-17 19:10:36,111 - INFO - [Step 47] Training loss: 2.5929
2025-05-17 19:13:31,027 - INFO - [Step 48] Training loss: 2.5687
2025-05-17 19:13:31,027 - INFO - [Step 48] Training loss: 2.5687
2025-05-17 19:13:31,027 - INFO - [Step 48] Training loss: 2.5687
2025-05-17 19:13:31,028 - INFO - [Step 48] Training loss: 2.5687
2025-05-17 19:16:25,970 - INFO - [Step 49] Training loss: 2.5173
2025-05-17 19:16:25,970 - INFO - [Step 49] Training loss: 2.5173
2025-05-17 19:16:25,970 - INFO - [Step 49] Training loss: 2.5173
2025-05-17 19:16:25,971 - INFO - [Step 49] Training loss: 2.5173
2025-05-17 19:19:20,822 - INFO - [Step 50] Training loss: 2.6215
2025-05-17 19:19:20,822 - INFO - [Step 50] Training loss: 2.6215
2025-05-17 19:19:20,822 - INFO - [Step 50] Training loss: 2.6215
2025-05-17 19:19:20,823 - INFO - [Step 50] Training loss: 2.6215
2025-05-17 19:22:31,208 - INFO - [Step 51] Training loss: 2.5547
2025-05-17 19:22:31,208 - INFO - [Step 51] Training loss: 2.5547
2025-05-17 19:22:31,208 - INFO - [Step 51] Training loss: 2.5547
2025-05-17 19:22:31,209 - INFO - [Step 51] Training loss: 2.5547
2025-05-17 19:25:26,101 - INFO - [Step 52] Training loss: 2.5995
2025-05-17 19:25:26,101 - INFO - [Step 52] Training loss: 2.5995
2025-05-17 19:25:26,101 - INFO - [Step 52] Training loss: 2.5995
2025-05-17 19:25:26,102 - INFO - [Step 52] Training loss: 2.5995
2025-05-17 19:28:20,952 - INFO - [Step 53] Training loss: 2.5784
2025-05-17 19:28:20,952 - INFO - [Step 53] Training loss: 2.5784
2025-05-17 19:28:20,952 - INFO - [Step 53] Training loss: 2.5784
2025-05-17 19:28:20,953 - INFO - [Step 53] Training loss: 2.5784
2025-05-17 19:31:15,876 - INFO - [Step 54] Training loss: 2.5025
2025-05-17 19:31:15,876 - INFO - [Step 54] Training loss: 2.5025
2025-05-17 19:31:15,876 - INFO - [Step 54] Training loss: 2.5025
2025-05-17 19:31:15,877 - INFO - [Step 54] Training loss: 2.5025
2025-05-17 19:34:10,790 - INFO - [Step 55] Training loss: 2.4585
2025-05-17 19:34:10,790 - INFO - [Step 55] Training loss: 2.4585
2025-05-17 19:34:10,790 - INFO - [Step 55] Training loss: 2.4585
2025-05-17 19:34:10,791 - INFO - [Step 55] Training loss: 2.4585
2025-05-17 19:37:05,662 - INFO - [Step 56] Training loss: 2.5487
2025-05-17 19:37:05,662 - INFO - [Step 56] Training loss: 2.5487
2025-05-17 19:37:05,662 - INFO - [Step 56] Training loss: 2.5487
2025-05-17 19:37:05,663 - INFO - [Step 56] Training loss: 2.5487
2025-05-17 19:40:00,582 - INFO - [Step 57] Training loss: 2.5817
2025-05-17 19:40:00,582 - INFO - [Step 57] Training loss: 2.5817
2025-05-17 19:40:00,582 - INFO - [Step 57] Training loss: 2.5817
2025-05-17 19:40:00,583 - INFO - [Step 57] Training loss: 2.5817
2025-05-17 19:42:55,374 - INFO - [Step 58] Training loss: 2.4900
2025-05-17 19:42:55,374 - INFO - [Step 58] Training loss: 2.4900
2025-05-17 19:42:55,374 - INFO - [Step 58] Training loss: 2.4900
2025-05-17 19:42:55,375 - INFO - [Step 58] Training loss: 2.4900
2025-05-17 19:45:50,322 - INFO - [Step 59] Training loss: 2.4084
2025-05-17 19:45:50,322 - INFO - [Step 59] Training loss: 2.4084
2025-05-17 19:45:50,322 - INFO - [Step 59] Training loss: 2.4084
2025-05-17 19:45:50,323 - INFO - [Step 59] Training loss: 2.4084
2025-05-17 19:48:45,245 - INFO - [Step 60] Training loss: 2.5667
2025-05-17 19:48:45,245 - INFO - [Step 60] Training loss: 2.5667
2025-05-17 19:48:45,245 - INFO - [Step 60] Training loss: 2.5667
2025-05-17 19:48:45,246 - INFO - [Step 60] Training loss: 2.5667
2025-05-17 19:51:54,882 - INFO - [Step 61] Training loss: 2.4164
2025-05-17 19:51:54,882 - INFO - [Step 61] Training loss: 2.4164
2025-05-17 19:51:54,882 - INFO - [Step 61] Training loss: 2.4164
2025-05-17 19:51:54,883 - INFO - [Step 61] Training loss: 2.4164
2025-05-17 19:54:49,795 - INFO - [Step 62] Training loss: 2.5282
2025-05-17 19:54:49,795 - INFO - [Step 62] Training loss: 2.5282
2025-05-17 19:54:49,795 - INFO - [Step 62] Training loss: 2.5282
2025-05-17 19:54:49,796 - INFO - [Step 62] Training loss: 2.5282
2025-05-17 19:57:44,677 - INFO - [Step 63] Training loss: 2.5074
2025-05-17 19:57:44,677 - INFO - [Step 63] Training loss: 2.5074
2025-05-17 19:57:44,677 - INFO - [Step 63] Training loss: 2.5074
2025-05-17 19:57:44,678 - INFO - [Step 63] Training loss: 2.5074
2025-05-17 20:00:39,593 - INFO - [Step 64] Training loss: 2.4881
2025-05-17 20:00:39,593 - INFO - [Step 64] Training loss: 2.4881
2025-05-17 20:00:39,593 - INFO - [Step 64] Training loss: 2.4881
2025-05-17 20:00:39,594 - INFO - [Step 64] Training loss: 2.4881
2025-05-17 20:03:34,487 - INFO - [Step 65] Training loss: 2.4715
2025-05-17 20:03:34,487 - INFO - [Step 65] Training loss: 2.4715
2025-05-17 20:03:34,487 - INFO - [Step 65] Training loss: 2.4715
2025-05-17 20:03:34,488 - INFO - [Step 65] Training loss: 2.4715
2025-05-17 20:06:29,390 - INFO - [Step 66] Training loss: 2.5413
2025-05-17 20:06:29,390 - INFO - [Step 66] Training loss: 2.5413
2025-05-17 20:06:29,390 - INFO - [Step 66] Training loss: 2.5413
2025-05-17 20:06:29,391 - INFO - [Step 66] Training loss: 2.5413
2025-05-17 20:09:24,254 - INFO - [Step 67] Training loss: 2.3815
2025-05-17 20:09:24,254 - INFO - [Step 67] Training loss: 2.3815
2025-05-17 20:09:24,254 - INFO - [Step 67] Training loss: 2.3815
2025-05-17 20:09:24,255 - INFO - [Step 67] Training loss: 2.3815
2025-05-17 20:12:19,094 - INFO - [Step 68] Training loss: 2.5727
2025-05-17 20:12:19,094 - INFO - [Step 68] Training loss: 2.5727
2025-05-17 20:12:19,094 - INFO - [Step 68] Training loss: 2.5727
2025-05-17 20:12:19,095 - INFO - [Step 68] Training loss: 2.5727
2025-05-17 20:15:13,993 - INFO - [Step 69] Training loss: 2.5132
2025-05-17 20:15:13,993 - INFO - [Step 69] Training loss: 2.5132
2025-05-17 20:15:13,993 - INFO - [Step 69] Training loss: 2.5132
2025-05-17 20:15:13,994 - INFO - [Step 69] Training loss: 2.5132
2025-05-17 20:18:08,883 - INFO - [Step 70] Training loss: 2.4745
2025-05-17 20:18:08,883 - INFO - [Step 70] Training loss: 2.4745
2025-05-17 20:18:08,883 - INFO - [Step 70] Training loss: 2.4745
2025-05-17 20:18:08,884 - INFO - [Step 70] Training loss: 2.4745
2025-05-17 20:21:18,265 - INFO - [Step 71] Training loss: 2.5334
2025-05-17 20:21:18,265 - INFO - [Step 71] Training loss: 2.5334
2025-05-17 20:21:18,265 - INFO - [Step 71] Training loss: 2.5334
2025-05-17 20:21:18,266 - INFO - [Step 71] Training loss: 2.5334
2025-05-17 20:24:13,164 - INFO - [Step 72] Training loss: 2.5059
2025-05-17 20:24:13,164 - INFO - [Step 72] Training loss: 2.5059
2025-05-17 20:24:13,164 - INFO - [Step 72] Training loss: 2.5059
2025-05-17 20:24:13,165 - INFO - [Step 72] Training loss: 2.5059
2025-05-17 20:27:08,027 - INFO - [Step 73] Training loss: 2.5087
2025-05-17 20:27:08,027 - INFO - [Step 73] Training loss: 2.5087
2025-05-17 20:27:08,027 - INFO - [Step 73] Training loss: 2.5087
2025-05-17 20:27:08,028 - INFO - [Step 73] Training loss: 2.5087
2025-05-17 20:30:02,939 - INFO - [Step 74] Training loss: 2.5251
2025-05-17 20:30:02,939 - INFO - [Step 74] Training loss: 2.5251
2025-05-17 20:30:02,939 - INFO - [Step 74] Training loss: 2.5251
2025-05-17 20:30:02,940 - INFO - [Step 74] Training loss: 2.5251
2025-05-17 20:32:57,836 - INFO - [Step 75] Training loss: 2.4927
2025-05-17 20:32:57,836 - INFO - [Step 75] Training loss: 2.4927
2025-05-17 20:32:57,836 - INFO - [Step 75] Training loss: 2.4927
2025-05-17 20:32:57,837 - INFO - [Step 75] Training loss: 2.4927
2025-05-17 20:35:52,738 - INFO - [Step 76] Training loss: 2.4501
2025-05-17 20:35:52,738 - INFO - [Step 76] Training loss: 2.4501
2025-05-17 20:35:52,738 - INFO - [Step 76] Training loss: 2.4501
2025-05-17 20:35:52,739 - INFO - [Step 76] Training loss: 2.4501
2025-05-17 20:38:47,654 - INFO - [Step 77] Training loss: 2.4631
2025-05-17 20:38:47,654 - INFO - [Step 77] Training loss: 2.4631
2025-05-17 20:38:47,654 - INFO - [Step 77] Training loss: 2.4631
2025-05-17 20:38:47,655 - INFO - [Step 77] Training loss: 2.4631
2025-05-17 20:41:42,616 - INFO - [Step 78] Training loss: 2.5689
2025-05-17 20:41:42,616 - INFO - [Step 78] Training loss: 2.5689
2025-05-17 20:41:42,616 - INFO - [Step 78] Training loss: 2.5689
2025-05-17 20:41:42,617 - INFO - [Step 78] Training loss: 2.5689
2025-05-17 20:44:37,529 - INFO - [Step 79] Training loss: 2.3987
2025-05-17 20:44:37,529 - INFO - [Step 79] Training loss: 2.3987
2025-05-17 20:44:37,529 - INFO - [Step 79] Training loss: 2.3987
2025-05-17 20:44:37,530 - INFO - [Step 79] Training loss: 2.3987
2025-05-17 20:47:32,457 - INFO - [Step 80] Training loss: 2.4532
2025-05-17 20:47:32,457 - INFO - [Step 80] Training loss: 2.4532
2025-05-17 20:47:32,457 - INFO - [Step 80] Training loss: 2.4532
2025-05-17 20:47:32,458 - INFO - [Step 80] Training loss: 2.4532
2025-05-17 20:50:42,947 - INFO - [Step 81] Training loss: 2.5563
2025-05-17 20:50:42,947 - INFO - [Step 81] Training loss: 2.5563
2025-05-17 20:50:42,947 - INFO - [Step 81] Training loss: 2.5563
2025-05-17 20:50:42,948 - INFO - [Step 81] Training loss: 2.5563
2025-05-17 20:53:37,915 - INFO - [Step 82] Training loss: 2.4373
2025-05-17 20:53:37,915 - INFO - [Step 82] Training loss: 2.4373
2025-05-17 20:53:37,915 - INFO - [Step 82] Training loss: 2.4373
2025-05-17 20:53:37,916 - INFO - [Step 82] Training loss: 2.4373
2025-05-17 20:56:32,846 - INFO - [Step 83] Training loss: 2.4038
2025-05-17 20:56:32,846 - INFO - [Step 83] Training loss: 2.4038
2025-05-17 20:56:32,846 - INFO - [Step 83] Training loss: 2.4038
2025-05-17 20:56:32,847 - INFO - [Step 83] Training loss: 2.4038
2025-05-17 20:59:27,804 - INFO - [Step 84] Training loss: 2.5438
2025-05-17 20:59:27,804 - INFO - [Step 84] Training loss: 2.5438
2025-05-17 20:59:27,804 - INFO - [Step 84] Training loss: 2.5438
2025-05-17 20:59:27,805 - INFO - [Step 84] Training loss: 2.5438
2025-05-17 21:02:22,714 - INFO - [Step 85] Training loss: 2.3594
2025-05-17 21:02:22,714 - INFO - [Step 85] Training loss: 2.3594
2025-05-17 21:02:22,714 - INFO - [Step 85] Training loss: 2.3594
2025-05-17 21:02:22,715 - INFO - [Step 85] Training loss: 2.3594
2025-05-17 21:05:17,627 - INFO - [Step 86] Training loss: 2.5363
2025-05-17 21:05:17,627 - INFO - [Step 86] Training loss: 2.5363
2025-05-17 21:05:17,627 - INFO - [Step 86] Training loss: 2.5363
2025-05-17 21:05:17,628 - INFO - [Step 86] Training loss: 2.5363
2025-05-17 21:08:12,490 - INFO - [Step 87] Training loss: 2.4312
2025-05-17 21:08:12,490 - INFO - [Step 87] Training loss: 2.4312
2025-05-17 21:08:12,490 - INFO - [Step 87] Training loss: 2.4312
2025-05-17 21:08:12,491 - INFO - [Step 87] Training loss: 2.4312
2025-05-17 21:08:27,447 - INFO - Fine-tuning process completed
2025-05-17 21:08:27,447 - INFO - Fine-tuning process completed
2025-05-17 21:08:27,448 - INFO - Fine-tuning process completed
2025-05-17 21:08:27,449 - INFO - Training completed, saving final model
2025-05-17 21:08:29,433 - INFO - Pushing model to HuggingFace Hub at step final
2025-05-17 21:08:31,980 - ERROR - Failed to push model to Hub: PeftModel.from_pretrained() missing 1 required positional argument: 'model_id'
2025-05-17 21:08:33,692 - INFO - Fine-tuning process completed
