2025-05-17 14:30:23,187 - INFO - Starting fine-tuning process
2025-05-17 14:30:23,187 - INFO - LoRA is enabled with the following configuration:
2025-05-17 14:30:23,187 - INFO -   LoRA rank (r): 8
2025-05-17 14:30:23,187 - INFO -   LoRA alpha: 32
2025-05-17 14:30:23,187 - INFO -   LoRA dropout: 0.05
2025-05-17 14:30:23,187 - INFO -   LoRA target modules: ['q_proj', 'k_proj', 'v_proj', 'o_proj']
2025-05-17 14:30:23,903 - INFO - Starting fine-tuning process
2025-05-17 14:30:23,903 - INFO - LoRA is enabled with the following configuration:
2025-05-17 14:30:23,904 - INFO -   LoRA rank (r): 8
2025-05-17 14:30:23,904 - INFO -   LoRA alpha: 32
2025-05-17 14:30:23,904 - INFO -   LoRA dropout: 0.05
2025-05-17 14:30:23,904 - INFO -   LoRA target modules: ['q_proj', 'k_proj', 'v_proj', 'o_proj']
2025-05-17 14:30:23,904 - INFO - Loading data...
2025-05-17 14:30:23,904 - INFO - Found 522 paper files
2025-05-17 14:30:23,905 - INFO - Loading gold summaries
2025-05-17 14:30:23,912 - INFO - Found 530 gold summaries
2025-05-17 14:30:23,912 - INFO - Preparing dataset...
2025-05-17 14:30:23,913 - INFO - Loaded 488 valid paper IDs for filtering
2025-05-17 14:30:23,916 - INFO - Filtering statistics:
2025-05-17 14:30:23,916 - INFO -   total_papers: 522
2025-05-17 14:30:23,916 - INFO -   no_gold_summary: 0
2025-05-17 14:30:23,916 - INFO -   not_in_valid_ids: 34
2025-05-17 14:30:23,916 - INFO -   paper_too_long: 0
2025-05-17 14:30:23,916 - INFO -   summary_too_long: 0
2025-05-17 14:30:23,916 - INFO -   accepted: 488
2025-05-17 14:30:23,916 - INFO - Created dataset with 488 paper-summary pairs after filtering
2025-05-17 14:30:23,936 - INFO - Splitting dataset: 95.0% train, 5.000000000000004% validation
2025-05-17 14:30:23,940 - INFO - Training set: 463 examples
2025-05-17 14:30:23,940 - INFO - Validation set: 25 examples
2025-05-17 14:30:23,940 - INFO - Loading model/tokenizer on rank 3
2025-05-17 14:30:23,949 - INFO - Starting fine-tuning process
2025-05-17 14:30:23,949 - INFO - LoRA is enabled with the following configuration:
2025-05-17 14:30:23,949 - INFO -   LoRA rank (r): 8
2025-05-17 14:30:23,949 - INFO -   LoRA alpha: 32
2025-05-17 14:30:23,949 - INFO -   LoRA dropout: 0.05
2025-05-17 14:30:23,949 - INFO -   LoRA target modules: ['q_proj', 'k_proj', 'v_proj', 'o_proj']
2025-05-17 14:30:23,949 - INFO - Loading data...
2025-05-17 14:30:23,949 - INFO - Found 522 paper files
2025-05-17 14:30:23,950 - INFO - Loading gold summaries
2025-05-17 14:30:23,958 - INFO - Found 530 gold summaries
2025-05-17 14:30:23,958 - INFO - Preparing dataset...
2025-05-17 14:30:23,958 - INFO - Loaded 488 valid paper IDs for filtering
2025-05-17 14:30:23,961 - INFO - Filtering statistics:
2025-05-17 14:30:23,961 - INFO -   total_papers: 522
2025-05-17 14:30:23,961 - INFO -   no_gold_summary: 0
2025-05-17 14:30:23,961 - INFO -   not_in_valid_ids: 34
2025-05-17 14:30:23,961 - INFO -   paper_too_long: 0
2025-05-17 14:30:23,961 - INFO -   summary_too_long: 0
2025-05-17 14:30:23,962 - INFO -   accepted: 488
2025-05-17 14:30:23,962 - INFO - Created dataset with 488 paper-summary pairs after filtering
2025-05-17 14:30:23,981 - INFO - Splitting dataset: 95.0% train, 5.000000000000004% validation
2025-05-17 14:30:23,985 - INFO - Training set: 463 examples
2025-05-17 14:30:23,985 - INFO - Validation set: 25 examples
2025-05-17 14:30:23,985 - INFO - Loading model/tokenizer on rank 1
2025-05-17 14:30:25,078 - INFO - Loading data...
2025-05-17 14:30:25,079 - INFO - Found 522 paper files
2025-05-17 14:30:25,079 - INFO - Loading gold summaries
2025-05-17 14:30:25,087 - INFO - Found 530 gold summaries
2025-05-17 14:30:25,087 - INFO - Preparing dataset...
2025-05-17 14:30:25,087 - INFO - Loaded 488 valid paper IDs for filtering
2025-05-17 14:30:25,092 - INFO - Filtering statistics:
2025-05-17 14:30:25,092 - INFO -   total_papers: 522
2025-05-17 14:30:25,092 - INFO -   no_gold_summary: 0
2025-05-17 14:30:25,093 - INFO -   not_in_valid_ids: 34
2025-05-17 14:30:25,093 - INFO -   paper_too_long: 0
2025-05-17 14:30:25,093 - INFO -   summary_too_long: 0
2025-05-17 14:30:25,093 - INFO -   accepted: 488
2025-05-17 14:30:25,093 - INFO - Created dataset with 488 paper-summary pairs after filtering
2025-05-17 14:30:25,112 - INFO - Splitting dataset: 95.0% train, 5.000000000000004% validation
2025-05-17 14:30:25,116 - INFO - Training set: 463 examples
2025-05-17 14:30:25,117 - INFO - Validation set: 25 examples
2025-05-17 14:30:25,117 - INFO - Loading model/tokenizer on rank 0
2025-05-17 14:30:36,858 - INFO - Applying LoRA adapters to the model
2025-05-17 14:30:37,156 - INFO - Tokenizing datasets
2025-05-17 14:30:45,387 - INFO - Applying LoRA adapters to the model
2025-05-17 14:30:45,565 - INFO - Applying LoRA adapters to the model
2025-05-17 14:30:45,603 - INFO - Tokenizing datasets
2025-05-17 14:30:45,784 - INFO - Tokenizing datasets
2025-05-17 14:30:47,257 - INFO - Setting up training configuration
2025-05-17 14:30:47,338 - INFO - Starting training
2025-05-17 14:30:55,351 - INFO - Setting up training configuration
2025-05-17 14:30:55,417 - INFO - Starting training
2025-05-17 14:30:55,606 - INFO - Setting up training configuration
2025-05-17 14:30:55,673 - INFO - Starting training
2025-05-17 14:33:54,403 - INFO - [Step 1] Training loss: 2.7359
2025-05-17 14:33:54,403 - INFO - [Step 1] Training loss: 2.7359
2025-05-17 14:33:54,404 - INFO - [Step 1] Training loss: 2.7359
2025-05-17 14:36:49,364 - INFO - [Step 2] Training loss: 2.6911
2025-05-17 14:36:49,364 - INFO - [Step 2] Training loss: 2.6911
2025-05-17 14:36:49,365 - INFO - [Step 2] Training loss: 2.6911
2025-05-17 14:39:44,282 - INFO - [Step 3] Training loss: 2.8474
2025-05-17 14:39:44,282 - INFO - [Step 3] Training loss: 2.8474
2025-05-17 14:39:44,283 - INFO - [Step 3] Training loss: 2.8474
2025-05-17 14:42:39,237 - INFO - [Step 4] Training loss: 2.7224
2025-05-17 14:42:39,237 - INFO - [Step 4] Training loss: 2.7224
2025-05-17 14:42:39,238 - INFO - [Step 4] Training loss: 2.7224
2025-05-17 14:45:34,165 - INFO - [Step 5] Training loss: 2.5944
2025-05-17 14:45:34,165 - INFO - [Step 5] Training loss: 2.5944
2025-05-17 14:45:34,166 - INFO - [Step 5] Training loss: 2.5944
2025-05-17 14:48:29,091 - INFO - [Step 6] Training loss: 2.8263
2025-05-17 14:48:29,091 - INFO - [Step 6] Training loss: 2.8263
2025-05-17 14:48:29,092 - INFO - [Step 6] Training loss: 2.8263
2025-05-17 14:51:23,983 - INFO - [Step 7] Training loss: 2.6863
2025-05-17 14:51:23,983 - INFO - [Step 7] Training loss: 2.6863
2025-05-17 14:51:23,983 - INFO - [Step 7] Training loss: 2.6863
2025-05-17 14:54:18,910 - INFO - [Step 8] Training loss: 2.7192
2025-05-17 14:54:18,910 - INFO - [Step 8] Training loss: 2.7192
2025-05-17 14:54:18,911 - INFO - [Step 8] Training loss: 2.7192
2025-05-17 14:57:13,790 - INFO - [Step 9] Training loss: 2.6370
2025-05-17 14:57:13,790 - INFO - [Step 9] Training loss: 2.6370
2025-05-17 14:57:13,791 - INFO - [Step 9] Training loss: 2.6370
2025-05-17 15:00:08,686 - INFO - [Step 10] Training loss: 2.7065
2025-05-17 15:00:08,686 - INFO - [Step 10] Training loss: 2.7065
2025-05-17 15:00:08,687 - INFO - [Step 10] Training loss: 2.7065
