2025-05-23 07:37:48,294 - INFO - Using device: cuda:3 (rank 3)
2025-05-23 07:37:48,297 - INFO - Using device: cuda:2 (rank 2)
2025-05-23 07:37:48,308 - INFO - Using device: cuda:1 (rank 1)
2025-05-23 07:37:58,427 - INFO - Loading data...
2025-05-23 07:37:58,428 - INFO - Loading paper texts from JSON
2025-05-23 07:37:58,531 - INFO - Found 518 paper texts
2025-05-23 07:37:58,531 - INFO - Loading gold summaries
2025-05-23 07:37:58,542 - INFO - Found 530 gold summaries
2025-05-23 07:37:58,542 - INFO - Preparing dataset...
2025-05-23 07:37:58,543 - INFO - Loaded 488 valid paper IDs for filtering
2025-05-23 07:37:58,546 - INFO - Skipping 73424952 - paper too long (208151 characters)
2025-05-23 07:37:58,547 - INFO - Filtering statistics:
2025-05-23 07:37:58,547 - INFO -   total_papers: 518
2025-05-23 07:37:58,548 - INFO -   no_gold_summary: 0
2025-05-23 07:37:58,548 - INFO -   not_in_valid_ids: 34
2025-05-23 07:37:58,548 - INFO -   paper_too_long: 1
2025-05-23 07:37:58,548 - INFO -   summary_too_long: 0
2025-05-23 07:37:58,548 - INFO -   accepted: 483
2025-05-23 07:37:58,548 - INFO - Created dataset with 483 paper-summary pairs after filtering
2025-05-23 07:37:58,612 - INFO - Splitting dataset: 95.0% train, 5.000000000000004% validation
2025-05-23 07:37:59,793 - INFO - Loading data...
2025-05-23 07:37:59,794 - INFO - Loading paper texts from JSON
2025-05-23 07:37:59,899 - INFO - Found 518 paper texts
2025-05-23 07:37:59,899 - INFO - Loading gold summaries
2025-05-23 07:37:59,907 - INFO - Found 530 gold summaries
2025-05-23 07:37:59,908 - INFO - Preparing dataset...
2025-05-23 07:37:59,908 - INFO - Loaded 488 valid paper IDs for filtering
2025-05-23 07:37:59,911 - INFO - Skipping 73424952 - paper too long (208151 characters)
2025-05-23 07:37:59,912 - INFO - Filtering statistics:
2025-05-23 07:37:59,912 - INFO -   total_papers: 518
2025-05-23 07:37:59,912 - INFO -   no_gold_summary: 0
2025-05-23 07:37:59,912 - INFO -   not_in_valid_ids: 34
2025-05-23 07:37:59,912 - INFO -   paper_too_long: 1
2025-05-23 07:37:59,912 - INFO -   summary_too_long: 0
2025-05-23 07:37:59,912 - INFO -   accepted: 483
2025-05-23 07:37:59,912 - INFO - Created dataset with 483 paper-summary pairs after filtering
2025-05-23 07:37:59,978 - INFO - Splitting dataset: 95.0% train, 5.000000000000004% validation
2025-05-23 07:38:00,178 - INFO - Loading data...
2025-05-23 07:38:00,179 - INFO - Loading paper texts from JSON
2025-05-23 07:38:00,271 - INFO - Found 518 paper texts
2025-05-23 07:38:00,272 - INFO - Loading gold summaries
2025-05-23 07:38:00,281 - INFO - Found 530 gold summaries
2025-05-23 07:38:00,282 - INFO - Preparing dataset...
2025-05-23 07:38:00,282 - INFO - Loaded 488 valid paper IDs for filtering
2025-05-23 07:38:00,285 - INFO - Skipping 73424952 - paper too long (208151 characters)
2025-05-23 07:38:00,285 - INFO - Filtering statistics:
2025-05-23 07:38:00,286 - INFO -   total_papers: 518
2025-05-23 07:38:00,286 - INFO -   no_gold_summary: 0
2025-05-23 07:38:00,286 - INFO -   not_in_valid_ids: 34
2025-05-23 07:38:00,286 - INFO -   paper_too_long: 1
2025-05-23 07:38:00,286 - INFO -   summary_too_long: 0
2025-05-23 07:38:00,286 - INFO -   accepted: 483
2025-05-23 07:38:00,286 - INFO - Created dataset with 483 paper-summary pairs after filtering
2025-05-23 07:38:00,352 - INFO - Splitting dataset: 95.0% train, 5.000000000000004% validation
2025-05-23 10:46:22,751 - INFO - Using default tokenizer.
