2025-05-23 07:12:09,913 - INFO - Loading data...
2025-05-23 07:12:09,913 - INFO - Found 522 paper files
2025-05-23 07:12:09,914 - INFO - Loading gold summaries
2025-05-23 07:12:09,922 - INFO - Found 530 gold summaries
2025-05-23 07:12:09,922 - INFO - Preparing dataset...
2025-05-23 07:12:09,922 - INFO - Loaded 488 valid paper IDs for filtering
2025-05-23 07:12:09,968 - INFO - Filtering statistics:
2025-05-23 07:12:09,968 - INFO -   total_papers: 522
2025-05-23 07:12:09,968 - INFO -   no_gold_summary: 0
2025-05-23 07:12:09,968 - INFO -   not_in_valid_ids: 34
2025-05-23 07:12:09,968 - INFO -   accepted: 488
2025-05-23 07:12:09,968 - INFO - Created dataset with 488 paper-summary pairs after filtering
2025-05-23 07:12:09,968 - INFO - 전체 데이터에 대해 Rouge 점수 계산을 시작합니다.
2025-05-23 07:12:09,968 - INFO - Using default tokenizer.
2025-05-23 07:12:10,107 - INFO - Using default tokenizer.
2025-05-23 07:12:10,426 - INFO - Using default tokenizer.
2025-05-23 07:12:10,920 - INFO - Using default tokenizer.
2025-05-23 07:12:13,140 - INFO - Using default tokenizer.
2025-05-23 07:12:13,938 - INFO - Using default tokenizer.
2025-05-23 07:12:14,447 - INFO - Using default tokenizer.
2025-05-23 07:12:18,325 - INFO - Using default tokenizer.
2025-05-23 07:12:18,967 - INFO - Using default tokenizer.
2025-05-23 07:12:19,524 - INFO - Using default tokenizer.
2025-05-23 07:12:20,560 - INFO - Using default tokenizer.
2025-05-23 07:12:22,860 - INFO - Using default tokenizer.
2025-05-23 07:12:23,826 - INFO - Using default tokenizer.
2025-05-23 07:12:25,321 - INFO - Using default tokenizer.
2025-05-23 07:12:28,920 - INFO - Using default tokenizer.
2025-05-23 07:12:29,933 - INFO - Using default tokenizer.
2025-05-23 07:12:30,125 - INFO - Using default tokenizer.
2025-05-23 07:12:35,359 - INFO - Using default tokenizer.
2025-05-23 07:12:35,709 - INFO - Using default tokenizer.
2025-05-23 07:12:38,764 - INFO - Using default tokenizer.
2025-05-23 07:12:44,000 - INFO - Using default tokenizer.
2025-05-23 07:12:48,272 - INFO - Using default tokenizer.
2025-05-23 07:12:54,134 - INFO - Using default tokenizer.
2025-05-23 07:12:57,221 - INFO - Using default tokenizer.
2025-05-23 07:12:58,308 - INFO - Using default tokenizer.
2025-05-23 07:13:02,304 - INFO - Using default tokenizer.
2025-05-23 07:13:04,285 - INFO - Using default tokenizer.
2025-05-23 07:13:08,754 - INFO - Using default tokenizer.
2025-05-23 07:13:11,060 - INFO - Using default tokenizer.
2025-05-23 07:13:11,632 - INFO - Using default tokenizer.
2025-05-23 07:13:14,418 - INFO - Using default tokenizer.
2025-05-23 07:13:16,165 - INFO - Using default tokenizer.
2025-05-23 07:13:17,081 - INFO - Using default tokenizer.
2025-05-23 07:13:22,203 - INFO - Using default tokenizer.
2025-05-23 07:13:24,196 - INFO - Using default tokenizer.
2025-05-23 07:13:24,727 - INFO - Using default tokenizer.
2025-05-23 07:13:25,896 - INFO - Using default tokenizer.
2025-05-23 07:13:28,560 - INFO - Using default tokenizer.
2025-05-23 07:13:29,147 - INFO - Using default tokenizer.
2025-05-23 07:13:30,740 - INFO - Using default tokenizer.
2025-05-23 07:13:32,465 - INFO - Using default tokenizer.
2025-05-23 07:13:33,391 - INFO - Using default tokenizer.
2025-05-23 07:13:34,521 - INFO - Using default tokenizer.
2025-05-23 07:13:39,338 - INFO - Using default tokenizer.
2025-05-23 07:13:39,753 - INFO - Using default tokenizer.
2025-05-23 07:13:42,520 - INFO - Using default tokenizer.
2025-05-23 07:13:43,310 - INFO - Using default tokenizer.
2025-05-23 07:13:44,056 - INFO - Using default tokenizer.
2025-05-23 07:13:44,730 - INFO - Using default tokenizer.
2025-05-23 07:13:47,973 - INFO - Using default tokenizer.
2025-05-23 07:13:49,661 - INFO - Using default tokenizer.
2025-05-23 07:13:50,858 - INFO - Using default tokenizer.
2025-05-23 07:13:52,147 - INFO - Using default tokenizer.
2025-05-23 07:13:53,118 - INFO - Using default tokenizer.
2025-05-23 07:13:54,065 - INFO - Using default tokenizer.
2025-05-23 07:13:56,779 - INFO - Using default tokenizer.
2025-05-23 07:13:58,212 - INFO - Using default tokenizer.
2025-05-23 07:14:02,633 - INFO - Using default tokenizer.
2025-05-23 07:14:04,827 - INFO - Using default tokenizer.
2025-05-23 07:14:05,519 - INFO - Using default tokenizer.
2025-05-23 07:14:14,639 - INFO - Using default tokenizer.
2025-05-23 07:14:15,404 - INFO - Using default tokenizer.
2025-05-23 07:14:16,247 - INFO - Using default tokenizer.
2025-05-23 07:14:21,973 - INFO - Using default tokenizer.
2025-05-23 07:14:24,186 - INFO - Using default tokenizer.
2025-05-23 07:14:26,798 - INFO - Using default tokenizer.
2025-05-23 07:14:29,392 - INFO - Using default tokenizer.
2025-05-23 07:14:29,805 - INFO - Using default tokenizer.
2025-05-23 07:14:34,062 - INFO - Using default tokenizer.
2025-05-23 07:14:34,686 - INFO - Using default tokenizer.
2025-05-23 07:14:37,934 - INFO - Using default tokenizer.
2025-05-23 07:14:38,751 - INFO - Using default tokenizer.
2025-05-23 07:14:39,434 - INFO - Using default tokenizer.
2025-05-23 07:14:41,046 - INFO - Using default tokenizer.
2025-05-23 07:14:42,673 - INFO - Using default tokenizer.
2025-05-23 07:14:43,988 - INFO - Using default tokenizer.
2025-05-23 07:14:44,464 - INFO - Using default tokenizer.
2025-05-23 07:14:46,991 - INFO - Using default tokenizer.
2025-05-23 07:14:47,477 - INFO - Using default tokenizer.
2025-05-23 07:14:50,249 - INFO - Using default tokenizer.
2025-05-23 07:14:54,425 - INFO - Using default tokenizer.
2025-05-23 07:14:58,329 - INFO - Using default tokenizer.
2025-05-23 07:14:58,828 - INFO - Using default tokenizer.
2025-05-23 07:14:59,736 - INFO - Using default tokenizer.
2025-05-23 07:15:00,156 - INFO - Using default tokenizer.
2025-05-23 07:15:01,063 - INFO - Using default tokenizer.
2025-05-23 07:15:01,733 - INFO - Using default tokenizer.
2025-05-23 07:15:04,329 - INFO - Using default tokenizer.
2025-05-23 07:15:12,045 - INFO - Using default tokenizer.
2025-05-23 07:15:12,694 - INFO - Using default tokenizer.
2025-05-23 07:15:13,132 - INFO - Using default tokenizer.
2025-05-23 07:15:14,146 - INFO - Using default tokenizer.
2025-05-23 07:15:17,816 - INFO - Using default tokenizer.
2025-05-23 07:15:18,244 - INFO - Using default tokenizer.
2025-05-23 07:15:19,867 - INFO - Using default tokenizer.
2025-05-23 07:15:23,884 - INFO - Using default tokenizer.
2025-05-23 07:15:26,962 - INFO - Using default tokenizer.
2025-05-23 07:15:29,132 - INFO - Using default tokenizer.
2025-05-23 07:15:30,864 - INFO - Using default tokenizer.
2025-05-23 07:15:32,500 - INFO - Using default tokenizer.
2025-05-23 07:15:33,153 - INFO - Using default tokenizer.
2025-05-23 07:15:33,722 - INFO - Using default tokenizer.
2025-05-23 07:15:34,274 - INFO - Using default tokenizer.
2025-05-23 07:15:37,253 - INFO - Using default tokenizer.
2025-05-23 07:15:39,623 - INFO - Using default tokenizer.
2025-05-23 07:15:40,826 - INFO - Using default tokenizer.
2025-05-23 07:15:44,179 - INFO - Using default tokenizer.
2025-05-23 07:15:45,081 - INFO - Using default tokenizer.
2025-05-23 07:15:46,236 - INFO - Using default tokenizer.
2025-05-23 07:15:49,499 - INFO - Using default tokenizer.
2025-05-23 07:15:50,988 - INFO - Using default tokenizer.
2025-05-23 07:15:51,203 - INFO - Using default tokenizer.
2025-05-23 07:15:52,336 - INFO - Using default tokenizer.
2025-05-23 07:15:53,655 - INFO - Using default tokenizer.
2025-05-23 07:15:56,044 - INFO - Using default tokenizer.
2025-05-23 07:15:56,594 - INFO - Using default tokenizer.
2025-05-23 07:15:57,098 - INFO - Using default tokenizer.
2025-05-23 07:15:57,748 - INFO - Using default tokenizer.
2025-05-23 07:15:59,751 - INFO - Using default tokenizer.
2025-05-23 07:16:01,110 - INFO - Using default tokenizer.
2025-05-23 07:16:06,757 - INFO - Using default tokenizer.
2025-05-23 07:16:07,563 - INFO - Using default tokenizer.
2025-05-23 07:16:09,017 - INFO - Using default tokenizer.
2025-05-23 07:16:09,667 - INFO - Using default tokenizer.
2025-05-23 07:16:10,644 - INFO - Using default tokenizer.
2025-05-23 07:16:11,648 - INFO - Using default tokenizer.
2025-05-23 07:16:14,155 - INFO - Using default tokenizer.
2025-05-23 07:16:21,854 - INFO - Using default tokenizer.
2025-05-23 07:16:22,556 - INFO - Using default tokenizer.
2025-05-23 07:16:26,593 - INFO - Using default tokenizer.
2025-05-23 07:16:27,865 - INFO - Using default tokenizer.
2025-05-23 07:16:29,179 - INFO - Using default tokenizer.
2025-05-23 07:16:34,841 - INFO - Using default tokenizer.
2025-05-23 07:16:37,863 - INFO - Using default tokenizer.
2025-05-23 07:16:38,580 - INFO - Using default tokenizer.
2025-05-23 07:16:43,086 - INFO - Using default tokenizer.
2025-05-23 07:16:46,018 - INFO - Using default tokenizer.
2025-05-23 07:16:49,434 - INFO - Using default tokenizer.
2025-05-23 07:16:50,087 - INFO - Using default tokenizer.
2025-05-23 07:16:50,535 - INFO - Using default tokenizer.
2025-05-23 07:16:51,712 - INFO - Using default tokenizer.
2025-05-23 07:16:52,139 - INFO - Using default tokenizer.
2025-05-23 07:16:52,392 - INFO - Using default tokenizer.
2025-05-23 07:16:53,523 - INFO - Using default tokenizer.
2025-05-23 07:16:54,118 - INFO - Using default tokenizer.
2025-05-23 07:16:58,129 - INFO - Using default tokenizer.
2025-05-23 07:16:58,837 - INFO - Using default tokenizer.
2025-05-23 07:17:02,817 - INFO - Using default tokenizer.
2025-05-23 07:17:07,531 - INFO - Using default tokenizer.
2025-05-23 07:17:08,311 - INFO - Using default tokenizer.
2025-05-23 07:17:09,045 - INFO - Using default tokenizer.
2025-05-23 07:17:09,591 - INFO - Using default tokenizer.
2025-05-23 07:17:10,362 - INFO - Using default tokenizer.
2025-05-23 07:17:11,462 - INFO - Using default tokenizer.
2025-05-23 07:17:12,740 - INFO - Using default tokenizer.
2025-05-23 07:17:15,034 - INFO - Using default tokenizer.
2025-05-23 07:17:21,363 - INFO - Using default tokenizer.
2025-05-23 07:17:21,920 - INFO - Using default tokenizer.
2025-05-23 07:17:28,982 - INFO - Using default tokenizer.
2025-05-23 07:17:29,462 - INFO - Using default tokenizer.
2025-05-23 07:17:32,356 - INFO - Using default tokenizer.
2025-05-23 07:17:33,355 - INFO - Using default tokenizer.
2025-05-23 07:17:40,256 - INFO - Using default tokenizer.
2025-05-23 07:17:40,684 - INFO - Using default tokenizer.
2025-05-23 07:17:42,062 - INFO - Using default tokenizer.
2025-05-23 07:17:43,205 - INFO - Using default tokenizer.
2025-05-23 07:17:44,647 - INFO - Using default tokenizer.
2025-05-23 07:17:45,051 - INFO - Using default tokenizer.
2025-05-23 07:17:45,433 - INFO - Using default tokenizer.
2025-05-23 07:17:46,151 - INFO - Using default tokenizer.
2025-05-23 07:17:50,514 - INFO - Using default tokenizer.
2025-05-23 07:17:54,888 - INFO - Using default tokenizer.
2025-05-23 07:17:55,790 - INFO - Using default tokenizer.
2025-05-23 07:17:56,523 - INFO - Using default tokenizer.
2025-05-23 07:17:58,199 - INFO - Using default tokenizer.
2025-05-23 07:17:59,039 - INFO - Using default tokenizer.
2025-05-23 07:17:59,965 - INFO - Using default tokenizer.
2025-05-23 07:18:01,174 - INFO - Using default tokenizer.
2025-05-23 07:18:02,892 - INFO - Using default tokenizer.
2025-05-23 07:18:04,370 - INFO - Using default tokenizer.
2025-05-23 07:18:04,822 - INFO - Using default tokenizer.
2025-05-23 07:18:07,667 - INFO - Using default tokenizer.
2025-05-23 07:18:08,269 - INFO - Using default tokenizer.
2025-05-23 07:18:08,745 - INFO - Using default tokenizer.
2025-05-23 07:18:10,046 - INFO - Using default tokenizer.
2025-05-23 07:18:10,892 - INFO - Using default tokenizer.
2025-05-23 07:18:11,728 - INFO - Using default tokenizer.
2025-05-23 07:18:12,835 - INFO - Using default tokenizer.
2025-05-23 07:18:12,993 - INFO - Using default tokenizer.
2025-05-23 07:18:13,524 - INFO - Using default tokenizer.
2025-05-23 07:18:14,535 - INFO - Using default tokenizer.
2025-05-23 07:18:19,092 - INFO - Using default tokenizer.
2025-05-23 07:18:19,362 - INFO - Using default tokenizer.
2025-05-23 07:18:23,169 - INFO - Using default tokenizer.
2025-05-23 07:18:24,058 - INFO - Using default tokenizer.
2025-05-23 07:18:30,439 - INFO - Using default tokenizer.
2025-05-23 07:18:33,201 - INFO - Using default tokenizer.
2025-05-23 07:18:33,662 - INFO - Using default tokenizer.
2025-05-23 07:18:34,658 - INFO - Using default tokenizer.
2025-05-23 07:18:36,645 - INFO - Using default tokenizer.
2025-05-23 07:18:40,362 - INFO - Using default tokenizer.
2025-05-23 07:18:40,837 - INFO - Using default tokenizer.
2025-05-23 07:18:41,291 - INFO - Using default tokenizer.
2025-05-23 07:18:42,268 - INFO - Using default tokenizer.
2025-05-23 07:18:43,185 - INFO - Using default tokenizer.
2025-05-23 07:18:43,809 - INFO - Using default tokenizer.
2025-05-23 07:18:46,309 - INFO - Using default tokenizer.
2025-05-23 07:18:47,142 - INFO - Using default tokenizer.
2025-05-23 07:18:49,194 - INFO - Using default tokenizer.
2025-05-23 07:18:51,817 - INFO - Using default tokenizer.
2025-05-23 07:18:53,559 - INFO - Using default tokenizer.
2025-05-23 07:18:55,068 - INFO - Using default tokenizer.
2025-05-23 07:18:57,047 - INFO - Using default tokenizer.
2025-05-23 07:18:58,500 - INFO - Using default tokenizer.
2025-05-23 07:19:02,262 - INFO - Using default tokenizer.
2025-05-23 07:19:03,067 - INFO - Using default tokenizer.
2025-05-23 07:19:05,989 - INFO - Using default tokenizer.
2025-05-23 07:19:09,199 - INFO - Using default tokenizer.
2025-05-23 07:19:10,556 - INFO - Using default tokenizer.
2025-05-23 07:19:14,685 - INFO - Using default tokenizer.
2025-05-23 07:19:19,258 - INFO - Using default tokenizer.
2025-05-23 07:19:20,274 - INFO - Using default tokenizer.
2025-05-23 07:19:21,498 - INFO - Using default tokenizer.
2025-05-23 07:19:25,137 - INFO - Using default tokenizer.
2025-05-23 07:19:25,748 - INFO - Using default tokenizer.
2025-05-23 07:19:26,728 - INFO - Using default tokenizer.
2025-05-23 07:19:28,013 - INFO - Using default tokenizer.
2025-05-23 07:19:28,465 - INFO - Using default tokenizer.
2025-05-23 07:19:29,083 - INFO - Using default tokenizer.
2025-05-23 07:19:30,657 - INFO - Using default tokenizer.
2025-05-23 07:19:34,060 - INFO - Using default tokenizer.
2025-05-23 07:19:37,725 - INFO - Using default tokenizer.
2025-05-23 07:19:38,508 - INFO - Using default tokenizer.
2025-05-23 07:19:42,909 - INFO - Using default tokenizer.
2025-05-23 07:19:43,491 - INFO - Using default tokenizer.
2025-05-23 07:19:47,321 - INFO - Using default tokenizer.
2025-05-23 07:19:49,472 - INFO - Using default tokenizer.
2025-05-23 07:19:51,033 - INFO - Using default tokenizer.
2025-05-23 07:19:51,689 - INFO - Using default tokenizer.
2025-05-23 07:19:51,990 - INFO - Using default tokenizer.
2025-05-23 07:19:53,263 - INFO - Using default tokenizer.
2025-05-23 07:19:53,990 - INFO - Using default tokenizer.
2025-05-23 07:19:58,339 - INFO - Using default tokenizer.
2025-05-23 07:19:58,904 - INFO - Using default tokenizer.
2025-05-23 07:20:01,772 - INFO - Using default tokenizer.
2025-05-23 07:20:03,562 - INFO - Using default tokenizer.
2025-05-23 07:20:04,747 - INFO - Using default tokenizer.
2025-05-23 07:20:09,442 - INFO - Using default tokenizer.
2025-05-23 07:20:10,515 - INFO - Using default tokenizer.
2025-05-23 07:20:11,651 - INFO - Using default tokenizer.
2025-05-23 07:20:13,387 - INFO - Using default tokenizer.
2025-05-23 07:20:13,628 - INFO - Using default tokenizer.
2025-05-23 07:20:16,043 - INFO - Using default tokenizer.
2025-05-23 07:20:19,038 - INFO - Using default tokenizer.
2025-05-23 07:20:19,617 - INFO - Using default tokenizer.
2025-05-23 07:20:20,746 - INFO - Using default tokenizer.
2025-05-23 07:20:23,977 - INFO - Using default tokenizer.
2025-05-23 07:20:26,159 - INFO - Using default tokenizer.
2025-05-23 07:20:29,878 - INFO - Using default tokenizer.
2025-05-23 07:20:30,220 - INFO - Using default tokenizer.
2025-05-23 07:20:31,403 - INFO - Using default tokenizer.
2025-05-23 07:20:34,174 - INFO - Using default tokenizer.
2025-05-23 07:20:35,609 - INFO - Using default tokenizer.
2025-05-23 07:20:36,792 - INFO - Using default tokenizer.
2025-05-23 07:20:41,337 - INFO - Using default tokenizer.
2025-05-23 07:20:43,489 - INFO - Using default tokenizer.
2025-05-23 07:20:43,630 - INFO - Using default tokenizer.
2025-05-23 07:20:44,199 - INFO - Using default tokenizer.
2025-05-23 07:20:49,989 - INFO - Using default tokenizer.
2025-05-23 07:20:50,349 - INFO - Using default tokenizer.
2025-05-23 07:20:52,159 - INFO - Using default tokenizer.
2025-05-23 07:20:54,480 - INFO - Using default tokenizer.
2025-05-23 07:20:55,159 - INFO - Using default tokenizer.
2025-05-23 07:20:56,477 - INFO - Using default tokenizer.
2025-05-23 07:20:59,899 - INFO - Using default tokenizer.
2025-05-23 07:21:00,607 - INFO - Using default tokenizer.
2025-05-23 07:21:01,310 - INFO - Using default tokenizer.
2025-05-23 07:21:01,830 - INFO - Using default tokenizer.
2025-05-23 07:21:04,083 - INFO - Using default tokenizer.
2025-05-23 07:21:05,130 - INFO - Using default tokenizer.
2025-05-23 07:21:06,096 - INFO - Using default tokenizer.
2025-05-23 07:21:06,752 - INFO - Using default tokenizer.
2025-05-23 07:21:07,451 - INFO - Using default tokenizer.
2025-05-23 07:21:10,128 - INFO - Using default tokenizer.
2025-05-23 07:21:10,376 - INFO - Using default tokenizer.
2025-05-23 07:21:12,125 - INFO - Using default tokenizer.
2025-05-23 07:21:15,155 - INFO - Using default tokenizer.
2025-05-23 07:21:19,325 - INFO - Using default tokenizer.
2025-05-23 07:21:24,966 - INFO - Using default tokenizer.
2025-05-23 07:21:27,577 - INFO - Using default tokenizer.
2025-05-23 07:21:28,879 - INFO - Using default tokenizer.
2025-05-23 07:21:29,189 - INFO - Using default tokenizer.
2025-05-23 07:21:29,517 - INFO - Using default tokenizer.
2025-05-23 07:21:30,464 - INFO - Using default tokenizer.
2025-05-23 07:21:31,430 - INFO - Using default tokenizer.
2025-05-23 07:21:35,991 - INFO - Using default tokenizer.
2025-05-23 07:21:36,533 - INFO - Using default tokenizer.
2025-05-23 07:21:37,463 - INFO - Using default tokenizer.
2025-05-23 07:21:42,553 - INFO - Using default tokenizer.
2025-05-23 07:21:43,769 - INFO - Using default tokenizer.
2025-05-23 07:21:44,527 - INFO - Using default tokenizer.
2025-05-23 07:21:50,587 - INFO - Using default tokenizer.
2025-05-23 07:21:54,164 - INFO - Using default tokenizer.
2025-05-23 07:21:55,656 - INFO - Using default tokenizer.
2025-05-23 07:21:57,061 - INFO - Using default tokenizer.
2025-05-23 07:21:59,794 - INFO - Using default tokenizer.
2025-05-23 07:22:00,637 - INFO - Using default tokenizer.
2025-05-23 07:22:00,943 - INFO - Using default tokenizer.
2025-05-23 07:22:01,324 - INFO - Using default tokenizer.
2025-05-23 07:22:01,885 - INFO - Using default tokenizer.
2025-05-23 07:22:03,741 - INFO - Using default tokenizer.
2025-05-23 07:22:04,664 - INFO - Using default tokenizer.
2025-05-23 07:22:05,014 - INFO - Using default tokenizer.
2025-05-23 07:22:07,070 - INFO - Using default tokenizer.
2025-05-23 07:22:08,136 - INFO - Using default tokenizer.
2025-05-23 07:22:09,711 - INFO - Using default tokenizer.
2025-05-23 07:22:11,557 - INFO - Using default tokenizer.
2025-05-23 07:22:13,132 - INFO - Using default tokenizer.
2025-05-23 07:22:13,835 - INFO - Using default tokenizer.
2025-05-23 07:22:14,790 - INFO - Using default tokenizer.
2025-05-23 07:22:15,715 - INFO - Using default tokenizer.
2025-05-23 07:22:18,715 - INFO - Using default tokenizer.
2025-05-23 07:22:19,821 - INFO - Using default tokenizer.
2025-05-23 07:22:22,756 - INFO - Using default tokenizer.
2025-05-23 07:22:26,325 - INFO - Using default tokenizer.
2025-05-23 07:22:26,765 - INFO - Using default tokenizer.
2025-05-23 07:22:27,559 - INFO - Using default tokenizer.
2025-05-23 07:22:27,780 - INFO - Using default tokenizer.
2025-05-23 07:22:29,329 - INFO - Using default tokenizer.
2025-05-23 07:22:30,583 - INFO - Using default tokenizer.
2025-05-23 07:22:34,997 - INFO - Using default tokenizer.
2025-05-23 07:22:37,207 - INFO - Using default tokenizer.
2025-05-23 07:22:41,205 - INFO - Using default tokenizer.
2025-05-23 07:22:42,795 - INFO - Using default tokenizer.
2025-05-23 07:22:43,666 - INFO - Using default tokenizer.
2025-05-23 07:22:44,438 - INFO - Using default tokenizer.
2025-05-23 07:22:45,182 - INFO - Using default tokenizer.
2025-05-23 07:22:49,070 - INFO - Using default tokenizer.
2025-05-23 07:22:50,153 - INFO - Using default tokenizer.
2025-05-23 07:22:51,160 - INFO - Using default tokenizer.
2025-05-23 07:22:51,976 - INFO - Using default tokenizer.
2025-05-23 07:22:52,518 - INFO - Using default tokenizer.
2025-05-23 07:22:54,605 - INFO - Using default tokenizer.
2025-05-23 07:22:55,978 - INFO - Using default tokenizer.
2025-05-23 07:22:56,114 - INFO - Using default tokenizer.
2025-05-23 07:22:58,325 - INFO - Using default tokenizer.
2025-05-23 07:22:58,986 - INFO - Using default tokenizer.
2025-05-23 07:23:00,084 - INFO - Using default tokenizer.
2025-05-23 07:23:03,293 - INFO - Using default tokenizer.
2025-05-23 07:23:12,051 - INFO - Using default tokenizer.
2025-05-23 07:23:13,881 - INFO - Using default tokenizer.
2025-05-23 07:23:15,494 - INFO - Using default tokenizer.
2025-05-23 07:23:16,266 - INFO - Using default tokenizer.
2025-05-23 07:23:18,263 - INFO - Using default tokenizer.
2025-05-23 07:23:19,396 - INFO - Using default tokenizer.
2025-05-23 07:23:21,100 - INFO - Using default tokenizer.
2025-05-23 07:23:25,389 - INFO - Using default tokenizer.
2025-05-23 07:23:31,566 - INFO - Using default tokenizer.
2025-05-23 07:23:33,059 - INFO - Using default tokenizer.
2025-05-23 07:23:37,801 - INFO - Using default tokenizer.
2025-05-23 07:23:38,489 - INFO - Using default tokenizer.
2025-05-23 07:23:38,938 - INFO - Using default tokenizer.
2025-05-23 07:23:39,672 - INFO - Using default tokenizer.
2025-05-23 07:23:41,106 - INFO - Using default tokenizer.
2025-05-23 07:23:42,117 - INFO - Using default tokenizer.
2025-05-23 07:23:43,830 - INFO - Using default tokenizer.
2025-05-23 07:23:44,698 - INFO - Using default tokenizer.
2025-05-23 07:23:45,033 - INFO - Using default tokenizer.
2025-05-23 07:23:50,116 - INFO - Using default tokenizer.
2025-05-23 07:23:52,653 - INFO - Using default tokenizer.
2025-05-23 07:23:56,691 - INFO - Using default tokenizer.
2025-05-23 07:23:57,318 - INFO - Using default tokenizer.
2025-05-23 07:24:01,630 - INFO - Using default tokenizer.
2025-05-23 07:24:02,808 - INFO - Using default tokenizer.
2025-05-23 07:24:04,002 - INFO - Using default tokenizer.
2025-05-23 07:24:06,485 - INFO - Using default tokenizer.
2025-05-23 07:24:07,894 - INFO - Using default tokenizer.
2025-05-23 07:24:08,410 - INFO - Using default tokenizer.
2025-05-23 07:24:09,620 - INFO - Using default tokenizer.
2025-05-23 07:24:13,536 - INFO - Using default tokenizer.
2025-05-23 07:24:15,177 - INFO - Using default tokenizer.
2025-05-23 07:24:17,868 - INFO - Using default tokenizer.
2025-05-23 07:24:19,407 - INFO - Using default tokenizer.
2025-05-23 07:24:20,816 - INFO - Using default tokenizer.
2025-05-23 07:24:24,395 - INFO - Using default tokenizer.
2025-05-23 07:24:24,779 - INFO - Using default tokenizer.
2025-05-23 07:24:25,766 - INFO - Using default tokenizer.
2025-05-23 07:24:30,198 - INFO - Using default tokenizer.
2025-05-23 07:24:31,410 - INFO - Using default tokenizer.
2025-05-23 07:24:31,929 - INFO - Using default tokenizer.
2025-05-23 07:24:32,105 - INFO - Using default tokenizer.
2025-05-23 07:24:34,019 - INFO - Using default tokenizer.
2025-05-23 07:24:37,830 - INFO - Using default tokenizer.
2025-05-23 07:24:38,474 - INFO - Using default tokenizer.
2025-05-23 07:24:39,675 - INFO - Using default tokenizer.
2025-05-23 07:24:40,578 - INFO - Using default tokenizer.
2025-05-23 07:24:42,135 - INFO - Using default tokenizer.
2025-05-23 07:24:42,769 - INFO - Using default tokenizer.
2025-05-23 07:24:47,331 - INFO - Using default tokenizer.
2025-05-23 07:24:48,193 - INFO - Using default tokenizer.
2025-05-23 07:24:49,053 - INFO - Using default tokenizer.
2025-05-23 07:24:50,656 - INFO - Using default tokenizer.
2025-05-23 07:24:53,658 - INFO - Using default tokenizer.
2025-05-23 07:24:55,050 - INFO - Using default tokenizer.
2025-05-23 07:24:56,059 - INFO - Using default tokenizer.
2025-05-23 07:25:00,845 - INFO - Using default tokenizer.
2025-05-23 07:25:02,034 - INFO - Using default tokenizer.
2025-05-23 07:25:03,190 - INFO - Using default tokenizer.
2025-05-23 07:25:03,919 - INFO - Using default tokenizer.
2025-05-23 07:25:08,332 - INFO - Using default tokenizer.
2025-05-23 07:25:09,985 - INFO - Using default tokenizer.
2025-05-23 07:25:15,652 - INFO - Using default tokenizer.
2025-05-23 07:25:17,023 - INFO - Using default tokenizer.
2025-05-23 07:25:17,838 - INFO - Using default tokenizer.
2025-05-23 07:25:18,161 - INFO - Using default tokenizer.
2025-05-23 07:25:22,350 - INFO - Using default tokenizer.
2025-05-23 07:25:22,901 - INFO - Using default tokenizer.
2025-05-23 07:25:23,996 - INFO - Using default tokenizer.
2025-05-23 07:25:25,078 - INFO - Using default tokenizer.
2025-05-23 07:25:26,076 - INFO - Using default tokenizer.
2025-05-23 07:25:26,927 - INFO - Using default tokenizer.
2025-05-23 07:25:29,174 - INFO - Using default tokenizer.
2025-05-23 07:25:30,108 - INFO - Using default tokenizer.
2025-05-23 07:25:30,619 - INFO - Using default tokenizer.
2025-05-23 07:25:33,674 - INFO - Using default tokenizer.
2025-05-23 07:25:34,826 - INFO - Using default tokenizer.
2025-05-23 07:25:35,833 - INFO - Using default tokenizer.
2025-05-23 07:25:36,773 - INFO - Using default tokenizer.
2025-05-23 07:25:37,713 - INFO - Using default tokenizer.
2025-05-23 07:25:43,359 - INFO - Using default tokenizer.
2025-05-23 07:25:48,085 - INFO - Using default tokenizer.
2025-05-23 07:25:48,569 - INFO - Using default tokenizer.
2025-05-23 07:25:49,294 - INFO - Using default tokenizer.
2025-05-23 07:25:51,294 - INFO - Using default tokenizer.
2025-05-23 07:25:54,292 - INFO - Using default tokenizer.
2025-05-23 07:25:56,345 - INFO - Using default tokenizer.
2025-05-23 07:25:56,512 - INFO - Using default tokenizer.
2025-05-23 07:26:00,154 - INFO - Using default tokenizer.
2025-05-23 07:26:00,585 - INFO - Using default tokenizer.
2025-05-23 07:26:03,254 - INFO - Using default tokenizer.
2025-05-23 07:26:04,170 - INFO - Using default tokenizer.
2025-05-23 07:26:04,413 - INFO - Using default tokenizer.
2025-05-23 07:26:06,182 - INFO - Using default tokenizer.
2025-05-23 07:26:06,636 - INFO - Using default tokenizer.
2025-05-23 07:26:10,992 - INFO - Using default tokenizer.
2025-05-23 07:26:15,980 - INFO - Using default tokenizer.
2025-05-23 07:26:16,557 - INFO - Using default tokenizer.
2025-05-23 07:26:18,569 - INFO - Using default tokenizer.
2025-05-23 07:26:20,996 - INFO - Using default tokenizer.
2025-05-23 07:26:21,932 - INFO - Using default tokenizer.
2025-05-23 07:26:25,029 - INFO - Using default tokenizer.
2025-05-23 07:26:26,305 - INFO - Using default tokenizer.
2025-05-23 07:26:29,478 - INFO - Using default tokenizer.
2025-05-23 07:26:31,483 - INFO - Using default tokenizer.
2025-05-23 07:26:35,747 - INFO - Using default tokenizer.
2025-05-23 07:26:36,942 - INFO - Using default tokenizer.
2025-05-23 07:26:38,015 - INFO - Using default tokenizer.
2025-05-23 07:26:38,497 - INFO - Using default tokenizer.
2025-05-23 07:26:41,713 - INFO - Using default tokenizer.
2025-05-23 07:26:43,019 - INFO - Using default tokenizer.
2025-05-23 07:26:46,188 - INFO - Using default tokenizer.
2025-05-23 07:26:50,476 - INFO - Using default tokenizer.
2025-05-23 07:26:51,316 - INFO - Using default tokenizer.
2025-05-23 07:26:53,067 - INFO - Using default tokenizer.
2025-05-23 07:26:57,833 - INFO - Using default tokenizer.
2025-05-23 07:26:59,283 - INFO - Using default tokenizer.
2025-05-23 07:26:59,795 - INFO - Using default tokenizer.
2025-05-23 07:27:00,236 - INFO - Using default tokenizer.
2025-05-23 07:27:01,200 - INFO - Using default tokenizer.
2025-05-23 07:27:01,525 - INFO - Using default tokenizer.
2025-05-23 07:27:02,521 - INFO - Using default tokenizer.
2025-05-23 07:27:03,566 - INFO - Using default tokenizer.
2025-05-23 07:27:05,453 - INFO - Using default tokenizer.
2025-05-23 07:27:08,027 - INFO - Using default tokenizer.
2025-05-23 07:27:10,393 - INFO - Using default tokenizer.
2025-05-23 07:27:13,590 - INFO - Using default tokenizer.
2025-05-23 07:27:15,554 - INFO - Using default tokenizer.
2025-05-23 07:27:16,733 - INFO - Using default tokenizer.
2025-05-23 07:27:18,121 - INFO - Using default tokenizer.
2025-05-23 07:27:18,844 - INFO - Using default tokenizer.
2025-05-23 07:27:19,822 - INFO - Using default tokenizer.
2025-05-23 07:27:20,669 - INFO - Using default tokenizer.
2025-05-23 07:27:21,544 - INFO - Using default tokenizer.
2025-05-23 07:27:21,837 - INFO - Using default tokenizer.
2025-05-23 07:27:27,006 - INFO - Using default tokenizer.
2025-05-23 07:27:27,811 - INFO - Using default tokenizer.
2025-05-23 07:27:31,934 - INFO - Using default tokenizer.
2025-05-23 07:27:32,040 - INFO - Using default tokenizer.
2025-05-23 07:27:33,087 - INFO - Average Rouge scores: rouge1: 0.187694261679204, rouge2: 0.10185594651727606, rougeL: 0.11087432150073388
