2025-04-21 16:12:25,208 - INFO - Loading model: all-MiniLM-L6-v2
2025-04-21 16:12:25,219 - INFO - Use pytorch device_name: cuda:0
2025-04-21 16:12:25,219 - INFO - Load pretrained SentenceTransformer: all-MiniLM-L6-v2
2025-04-21 16:12:27,940 - INFO - Loading papers from ./papers/json_files
2025-04-21 16:12:27,940 - INFO - Loading valid paper IDs
2025-04-21 16:12:27,940 - INFO - Loaded 488 valid paper IDs
2025-04-21 16:12:27,940 - INFO - Found 525 JSON files
2025-04-21 16:12:28,019 - INFO - Loaded 484 papers
2025-04-21 16:12:28,020 - INFO - Loading existing results file
2025-04-21 16:12:28,020 - INFO - No existing results file found, creating new one
2025-04-21 16:12:28,020 - INFO - Loading gold summaries
2025-04-21 16:12:28,020 - INFO - Loading gold summaries from ./abstractive_summaries/id_summary_map.json
2025-04-21 16:12:28,026 - INFO - Loaded 530 gold summaries
2025-04-21 16:12:28,632 - INFO - Paper 58793266: analyzed 14 sections with 32 summary sentences
2025-04-21 16:12:28,633 - WARNING - No sections found in paper
2025-04-21 16:12:28,633 - INFO - Paper 82387857: analyzed 0 sections with 36 summary sentences
2025-04-21 16:12:28,913 - INFO - Paper 5180208: analyzed 15 sections with 15 summary sentences
2025-04-21 16:12:29,114 - INFO - Paper 43791696: analyzed 1 sections with 17 summary sentences
2025-04-21 16:12:29,794 - INFO - Paper 78841597: analyzed 25 sections with 25 summary sentences
2025-04-21 16:12:30,144 - INFO - Paper 90600191: analyzed 16 sections with 29 summary sentences
2025-04-21 16:12:30,447 - INFO - Paper 66226432: analyzed 13 sections with 19 summary sentences
2025-04-21 16:12:31,089 - INFO - Paper 64175585: analyzed 19 sections with 42 summary sentences
2025-04-21 16:12:31,432 - INFO - Paper 21542239: analyzed 16 sections with 28 summary sentences
2025-04-21 16:12:31,776 - INFO - Paper 88049354: analyzed 12 sections with 35 summary sentences
2025-04-21 16:12:32,011 - INFO - Paper 1907968: analyzed 10 sections with 35 summary sentences
2025-04-21 16:12:32,369 - INFO - Paper 59485457: analyzed 10 sections with 30 summary sentences
2025-04-21 16:12:33,093 - INFO - Paper 69976012: analyzed 26 sections with 28 summary sentences
2025-04-21 16:12:33,468 - INFO - Paper 86524123: analyzed 13 sections with 32 summary sentences
2025-04-21 16:12:33,469 - WARNING - No sections found in paper
2025-04-21 16:12:33,469 - INFO - Paper 48141212: analyzed 0 sections with 57 summary sentences
2025-04-21 16:12:34,083 - INFO - Paper 1055799: analyzed 22 sections with 18 summary sentences
2025-04-21 16:12:34,379 - INFO - Paper 75442340: analyzed 13 sections with 24 summary sentences
2025-04-21 16:12:35,011 - INFO - Paper 41840073: analyzed 18 sections with 58 summary sentences
2025-04-21 16:12:35,012 - WARNING - No sections found in paper
2025-04-21 16:12:35,012 - INFO - Paper 187460: analyzed 0 sections with 26 summary sentences
2025-04-21 16:12:35,716 - INFO - Paper 29796623: analyzed 15 sections with 37 summary sentences
2025-04-21 16:12:36,175 - INFO - Paper 98238949: analyzed 18 sections with 24 summary sentences
2025-04-21 16:12:36,401 - INFO - Paper 51450104: analyzed 10 sections with 20 summary sentences
2025-04-21 16:12:37,458 - INFO - Paper 43018598: analyzed 26 sections with 57 summary sentences
2025-04-21 16:12:37,833 - INFO - Paper 78339451: analyzed 20 sections with 28 summary sentences
2025-04-21 16:12:38,019 - INFO - Paper 39570633: analyzed 10 sections with 20 summary sentences
2025-04-21 16:12:38,337 - INFO - Paper 87558652: analyzed 11 sections with 23 summary sentences
2025-04-21 16:12:38,719 - INFO - Paper 96831204: analyzed 13 sections with 19 summary sentences
2025-04-21 16:12:39,016 - INFO - Paper 85853580: analyzed 14 sections with 21 summary sentences
2025-04-21 16:12:39,411 - INFO - Paper 97703387: analyzed 12 sections with 34 summary sentences
2025-04-21 16:12:40,306 - INFO - Paper 50388820: analyzed 27 sections with 64 summary sentences
2025-04-21 16:12:40,676 - INFO - Paper 83248182: analyzed 16 sections with 11 summary sentences
2025-04-21 16:12:41,436 - INFO - Paper 99341732: analyzed 16 sections with 60 summary sentences
2025-04-21 16:12:41,705 - INFO - Paper 48074885: analyzed 9 sections with 27 summary sentences
2025-04-21 16:12:42,053 - INFO - Paper 11006232: analyzed 8 sections with 34 summary sentences
2025-04-21 16:12:42,504 - INFO - Paper 63511892: analyzed 21 sections with 17 summary sentences
2025-04-21 16:12:43,048 - INFO - Paper 24312671: analyzed 24 sections with 23 summary sentences
2025-04-21 16:12:43,506 - INFO - Paper 8363020: analyzed 14 sections with 45 summary sentences
2025-04-21 16:12:43,883 - INFO - Paper 23426061: analyzed 15 sections with 41 summary sentences
2025-04-21 16:12:44,534 - INFO - Paper 29703573: analyzed 19 sections with 49 summary sentences
2025-04-21 16:12:45,559 - INFO - Paper 80421460: analyzed 20 sections with 43 summary sentences
2025-04-21 16:12:46,063 - INFO - Paper 45538669: analyzed 18 sections with 49 summary sentences
2025-04-21 16:12:46,968 - INFO - Paper 25710556: analyzed 22 sections with 77 summary sentences
2025-04-21 16:12:47,300 - INFO - Paper 66099843: analyzed 9 sections with 33 summary sentences
2025-04-21 16:12:47,736 - INFO - Paper 23929837: analyzed 12 sections with 81 summary sentences
2025-04-21 16:12:48,184 - INFO - Paper 53935450: analyzed 10 sections with 57 summary sentences
2025-04-21 16:12:48,348 - INFO - Paper 80897282: analyzed 13 sections with 7 summary sentences
2025-04-21 16:12:49,165 - INFO - Paper 6777051: analyzed 29 sections with 34 summary sentences
2025-04-21 16:12:49,166 - WARNING - No sections found in paper
2025-04-21 16:12:49,166 - INFO - Paper 27300559: analyzed 0 sections with 28 summary sentences
2025-04-21 16:12:49,848 - INFO - Paper 414696: analyzed 37 sections with 5 summary sentences
2025-04-21 16:12:50,825 - INFO - Paper 202387: analyzed 24 sections with 44 summary sentences
2025-04-21 16:12:51,228 - INFO - Paper 91637218: analyzed 15 sections with 29 summary sentences
2025-04-21 16:12:51,491 - INFO - Paper 22546727: analyzed 15 sections with 8 summary sentences
2025-04-21 16:12:52,042 - INFO - Paper 56196: analyzed 17 sections with 41 summary sentences
2025-04-21 16:12:52,466 - INFO - Paper 89853012: analyzed 13 sections with 46 summary sentences
2025-04-21 16:12:53,355 - INFO - Paper 85839366: analyzed 16 sections with 66 summary sentences
2025-04-21 16:12:53,761 - INFO - Paper 22744554: analyzed 13 sections with 49 summary sentences
2025-04-21 16:12:54,021 - INFO - Paper 19050347: analyzed 8 sections with 31 summary sentences
2025-04-21 16:12:54,308 - INFO - Paper 93218559: analyzed 12 sections with 8 summary sentences
2025-04-21 16:12:54,779 - INFO - Paper 88548359: analyzed 16 sections with 20 summary sentences
2025-04-21 16:12:55,015 - INFO - Paper 35704901: analyzed 15 sections with 13 summary sentences
2025-04-21 16:12:55,449 - INFO - Paper 58308538: analyzed 15 sections with 47 summary sentences
2025-04-21 16:12:56,055 - INFO - Paper 84548548: analyzed 23 sections with 38 summary sentences
2025-04-21 16:12:56,761 - INFO - Paper 62302416: analyzed 16 sections with 35 summary sentences
2025-04-21 16:12:57,077 - INFO - Paper 58884367: analyzed 16 sections with 23 summary sentences
2025-04-21 16:12:57,354 - INFO - Paper 11684235: analyzed 9 sections with 19 summary sentences
2025-04-21 16:12:57,354 - WARNING - No sections found in paper
2025-04-21 16:12:57,355 - INFO - Paper 69502658: analyzed 0 sections with 32 summary sentences
2025-04-21 16:12:57,878 - INFO - Paper 68642594: analyzed 15 sections with 38 summary sentences
2025-04-21 16:12:58,086 - INFO - Paper 97381495: analyzed 1 sections with 58 summary sentences
2025-04-21 16:12:58,433 - INFO - Paper 88532041: analyzed 18 sections with 24 summary sentences
2025-04-21 16:12:58,904 - INFO - Paper 82314288: analyzed 19 sections with 46 summary sentences
2025-04-21 16:12:59,668 - INFO - Paper 78860785: analyzed 12 sections with 10 summary sentences
2025-04-21 16:13:00,375 - INFO - Paper 24753674: analyzed 16 sections with 36 summary sentences
2025-04-21 16:13:00,723 - INFO - Paper 36278339: analyzed 14 sections with 21 summary sentences
2025-04-21 16:13:00,724 - WARNING - No sections found in paper
2025-04-21 16:13:00,724 - INFO - Paper 78861774: analyzed 0 sections with 39 summary sentences
2025-04-21 16:13:00,724 - WARNING - No sections found in paper
2025-04-21 16:13:00,724 - INFO - Paper 26262723: analyzed 0 sections with 31 summary sentences
2025-04-21 16:13:00,725 - WARNING - No sections found in paper
2025-04-21 16:13:00,725 - INFO - Paper 85123331: analyzed 0 sections with 40 summary sentences
2025-04-21 16:13:00,726 - WARNING - No sections found in paper
2025-04-21 16:13:00,727 - INFO - Paper 93195231: analyzed 0 sections with 62 summary sentences
2025-04-21 16:13:01,179 - INFO - Paper 34187605: analyzed 24 sections with 15 summary sentences
2025-04-21 16:13:01,722 - INFO - Paper 57956236: analyzed 18 sections with 61 summary sentences
2025-04-21 16:13:01,722 - WARNING - No sections found in paper
2025-04-21 16:13:01,722 - INFO - Paper 3855110: analyzed 0 sections with 20 summary sentences
2025-04-21 16:13:02,431 - INFO - Paper 16124640: analyzed 17 sections with 35 summary sentences
2025-04-21 16:13:02,432 - WARNING - No sections found in paper
2025-04-21 16:13:02,432 - INFO - Paper 93025332: analyzed 0 sections with 56 summary sentences
2025-04-21 16:13:03,325 - INFO - Paper 75952682: analyzed 1 sections with 36 summary sentences
2025-04-21 16:13:03,327 - WARNING - No sections found in paper
2025-04-21 16:13:03,327 - INFO - Paper 22030520: analyzed 0 sections with 71 summary sentences
2025-04-21 16:13:03,541 - INFO - Paper 7590139: analyzed 6 sections with 30 summary sentences
2025-04-21 16:13:03,542 - WARNING - No sections found in paper
2025-04-21 16:13:03,542 - INFO - Paper 17601393: analyzed 0 sections with 63 summary sentences
2025-04-21 16:13:04,414 - INFO - Paper 53269747: analyzed 31 sections with 24 summary sentences
2025-04-21 16:13:04,415 - WARNING - No sections found in paper
2025-04-21 16:13:04,415 - INFO - Paper 11481096: analyzed 0 sections with 14 summary sentences
2025-04-21 16:13:04,605 - INFO - Paper 96217072: analyzed 11 sections with 16 summary sentences
2025-04-21 16:13:04,605 - WARNING - No sections found in paper
2025-04-21 16:13:04,605 - INFO - Paper 10374612: analyzed 0 sections with 29 summary sentences
2025-04-21 16:13:04,916 - INFO - Paper 37796162: analyzed 16 sections with 11 summary sentences
2025-04-21 16:13:05,208 - INFO - Paper 4216862: analyzed 11 sections with 13 summary sentences
2025-04-21 16:13:05,717 - INFO - Paper 72744034: analyzed 10 sections with 37 summary sentences
2025-04-21 16:13:05,902 - INFO - Paper 4647896: analyzed 12 sections with 16 summary sentences
2025-04-21 16:13:05,903 - WARNING - No sections found in paper
2025-04-21 16:13:05,903 - INFO - Paper 9563928: analyzed 0 sections with 55 summary sentences
2025-04-21 16:13:06,508 - INFO - Paper 57613420: analyzed 28 sections with 12 summary sentences
2025-04-21 16:13:06,509 - WARNING - No sections found in paper
2025-04-21 16:13:06,509 - INFO - Paper 51458146: analyzed 0 sections with 27 summary sentences
2025-04-21 16:13:07,129 - INFO - Paper 40883301: analyzed 17 sections with 59 summary sentences
2025-04-21 16:13:07,129 - WARNING - No sections found in paper
2025-04-21 16:13:07,130 - INFO - Paper 57228237: analyzed 0 sections with 19 summary sentences
2025-04-21 16:13:07,131 - WARNING - No sections found in paper
2025-04-21 16:13:07,131 - INFO - Paper 8984509: analyzed 0 sections with 57 summary sentences
2025-04-21 16:13:07,580 - INFO - Paper 7570292: analyzed 19 sections with 18 summary sentences
2025-04-21 16:13:07,982 - INFO - Paper 84030160: analyzed 12 sections with 29 summary sentences
2025-04-21 16:13:08,223 - INFO - Paper 48411412: analyzed 8 sections with 30 summary sentences
2025-04-21 16:13:08,737 - INFO - Paper 61580548: analyzed 13 sections with 36 summary sentences
2025-04-21 16:13:09,207 - INFO - Paper 97291551: analyzed 10 sections with 50 summary sentences
2025-04-21 16:13:09,557 - INFO - Paper 5674972: analyzed 17 sections with 21 summary sentences
2025-04-21 16:13:10,191 - INFO - Paper 26105266: analyzed 20 sections with 62 summary sentences
2025-04-21 16:13:10,193 - WARNING - No sections found in paper
2025-04-21 16:13:10,193 - INFO - Paper 50524744: analyzed 0 sections with 53 summary sentences
2025-04-21 16:13:10,458 - INFO - Paper 93060618: analyzed 15 sections with 27 summary sentences
2025-04-21 16:13:11,477 - INFO - Paper 57114772: analyzed 23 sections with 45 summary sentences
2025-04-21 16:13:11,815 - INFO - Paper 36200725: analyzed 12 sections with 62 summary sentences
2025-04-21 16:13:12,256 - INFO - Paper 72922440: analyzed 16 sections with 45 summary sentences
2025-04-21 16:13:12,493 - INFO - Paper 7120002: analyzed 12 sections with 23 summary sentences
2025-04-21 16:13:12,879 - INFO - Paper 91633253: analyzed 9 sections with 37 summary sentences
2025-04-21 16:13:13,257 - INFO - Paper 31459000: analyzed 14 sections with 51 summary sentences
2025-04-21 16:13:13,832 - INFO - Paper 33427271: analyzed 13 sections with 18 summary sentences
2025-04-21 16:13:15,135 - INFO - Paper 78499306: analyzed 46 sections with 32 summary sentences
2025-04-21 16:13:16,333 - INFO - Paper 13135318: analyzed 30 sections with 49 summary sentences
2025-04-21 16:13:16,334 - WARNING - No sections found in paper
2025-04-21 16:13:16,334 - INFO - Paper 11354749: analyzed 0 sections with 45 summary sentences
2025-04-21 16:13:16,649 - INFO - Paper 94646863: analyzed 12 sections with 26 summary sentences
2025-04-21 16:13:17,177 - INFO - Paper 8151447: analyzed 9 sections with 49 summary sentences
2025-04-21 16:13:17,319 - INFO - Paper 55048906: analyzed 6 sections with 31 summary sentences
2025-04-21 16:13:17,894 - INFO - Paper 17350626: analyzed 17 sections with 61 summary sentences
2025-04-21 16:13:18,435 - INFO - Paper 80770343: analyzed 15 sections with 59 summary sentences
2025-04-21 16:13:18,596 - INFO - Paper 78190587: analyzed 8 sections with 17 summary sentences
2025-04-21 16:13:18,597 - WARNING - No sections found in paper
2025-04-21 16:13:18,597 - INFO - Paper 27051635: analyzed 0 sections with 24 summary sentences
2025-04-21 16:13:18,872 - INFO - Paper 97980035: analyzed 9 sections with 22 summary sentences
2025-04-21 16:13:19,273 - INFO - Paper 7255717: analyzed 13 sections with 41 summary sentences
2025-04-21 16:13:19,787 - INFO - Paper 38779502: analyzed 13 sections with 47 summary sentences
2025-04-21 16:13:20,600 - INFO - Paper 65595064: analyzed 16 sections with 50 summary sentences
2025-04-21 16:13:20,957 - INFO - Paper 4206973: analyzed 18 sections with 6 summary sentences
2025-04-21 16:13:21,981 - INFO - Paper 14819310: analyzed 21 sections with 62 summary sentences
2025-04-21 16:13:23,353 - INFO - Paper 5550259: analyzed 31 sections with 53 summary sentences
2025-04-21 16:13:23,479 - INFO - Paper 99295545: analyzed 10 sections with 12 summary sentences
2025-04-21 16:13:23,480 - WARNING - No sections found in paper
2025-04-21 16:13:23,480 - INFO - Paper 45186835: analyzed 0 sections with 22 summary sentences
2025-04-21 16:13:24,017 - INFO - Paper 3953515: analyzed 16 sections with 36 summary sentences
2025-04-21 16:13:24,264 - INFO - Paper 30748495: analyzed 9 sections with 20 summary sentences
2025-04-21 16:13:24,725 - INFO - Paper 91812941: analyzed 14 sections with 29 summary sentences
2025-04-21 16:13:25,716 - INFO - Paper 2899329: analyzed 23 sections with 48 summary sentences
2025-04-21 16:13:26,835 - INFO - Paper 11542688: analyzed 31 sections with 37 summary sentences
2025-04-21 16:13:27,459 - INFO - Paper 8087311: analyzed 26 sections with 28 summary sentences
2025-04-21 16:13:27,825 - INFO - Paper 70889889: analyzed 13 sections with 41 summary sentences
2025-04-21 16:13:28,319 - INFO - Paper 93598871: analyzed 16 sections with 21 summary sentences
2025-04-21 16:13:28,538 - INFO - Paper 62056200: analyzed 8 sections with 12 summary sentences
2025-04-21 16:13:28,892 - INFO - Paper 71370947: analyzed 9 sections with 42 summary sentences
2025-04-21 16:13:28,893 - WARNING - No sections found in paper
2025-04-21 16:13:28,893 - INFO - Paper 24169489: analyzed 0 sections with 51 summary sentences
2025-04-21 16:13:28,894 - WARNING - No sections found in paper
2025-04-21 16:13:28,894 - INFO - Paper 24000799: analyzed 0 sections with 20 summary sentences
2025-04-21 16:13:29,807 - INFO - Paper 52464539: analyzed 18 sections with 56 summary sentences
2025-04-21 16:13:30,119 - INFO - Paper 77684000: analyzed 12 sections with 32 summary sentences
2025-04-21 16:13:31,033 - INFO - Paper 96747724: analyzed 25 sections with 50 summary sentences
2025-04-21 16:13:31,108 - INFO - Paper 29981772: analyzed 4 sections with 11 summary sentences
2025-04-21 16:13:31,673 - INFO - Paper 31303819: analyzed 17 sections with 28 summary sentences
2025-04-21 16:13:31,992 - INFO - Paper 31194274: analyzed 5 sections with 39 summary sentences
2025-04-21 16:13:32,474 - INFO - Paper 51116334: analyzed 18 sections with 59 summary sentences
2025-04-21 16:13:32,475 - WARNING - No sections found in paper
2025-04-21 16:13:32,475 - INFO - Paper 41161677: analyzed 0 sections with 45 summary sentences
2025-04-21 16:13:32,618 - INFO - Paper 81057283: analyzed 4 sections with 30 summary sentences
2025-04-21 16:13:33,057 - INFO - Paper 45435119: analyzed 8 sections with 27 summary sentences
2025-04-21 16:13:33,337 - INFO - Paper 85820029: analyzed 12 sections with 11 summary sentences
2025-04-21 16:13:33,561 - INFO - Paper 93142771: analyzed 13 sections with 21 summary sentences
2025-04-21 16:13:33,821 - INFO - Paper 87068449: analyzed 12 sections with 16 summary sentences
2025-04-21 16:13:34,514 - INFO - Paper 11779349: analyzed 17 sections with 41 summary sentences
2025-04-21 16:13:35,730 - INFO - Paper 4784102: analyzed 30 sections with 16 summary sentences
2025-04-21 16:13:36,459 - INFO - Paper 27321339: analyzed 19 sections with 34 summary sentences
2025-04-21 16:13:37,169 - INFO - Paper 12625177: analyzed 17 sections with 47 summary sentences
2025-04-21 16:13:37,730 - INFO - Paper 18958324: analyzed 12 sections with 50 summary sentences
2025-04-21 16:13:38,032 - INFO - Paper 33015723: analyzed 8 sections with 8 summary sentences
2025-04-21 16:13:38,033 - WARNING - No sections found in paper
2025-04-21 16:13:38,033 - INFO - Paper 8455503: analyzed 0 sections with 58 summary sentences
2025-04-21 16:13:38,470 - INFO - Paper 66681632: analyzed 16 sections with 37 summary sentences
2025-04-21 16:13:39,065 - INFO - Paper 91200961: analyzed 14 sections with 83 summary sentences
2025-04-21 16:13:39,350 - INFO - Paper 687757: analyzed 13 sections with 14 summary sentences
2025-04-21 16:13:40,616 - INFO - Paper 11773091: analyzed 36 sections with 58 summary sentences
2025-04-21 16:13:41,349 - INFO - Paper 26668230: analyzed 20 sections with 34 summary sentences
2025-04-21 16:13:41,694 - INFO - Paper 80719489: analyzed 9 sections with 69 summary sentences
2025-04-21 16:13:42,351 - INFO - Paper 34958521: analyzed 14 sections with 45 summary sentences
2025-04-21 16:13:43,191 - INFO - Paper 45795840: analyzed 19 sections with 70 summary sentences
2025-04-21 16:13:43,702 - INFO - Paper 83267919: analyzed 11 sections with 51 summary sentences
2025-04-21 16:13:44,055 - INFO - Paper 23242120: analyzed 12 sections with 18 summary sentences
2025-04-21 16:13:44,831 - INFO - Paper 7912651: analyzed 29 sections with 27 summary sentences
2025-04-21 16:13:45,527 - INFO - Paper 27086937: analyzed 16 sections with 13 summary sentences
2025-04-21 16:13:45,529 - WARNING - No sections found in paper
2025-04-21 16:13:45,529 - INFO - Paper 17539393: analyzed 0 sections with 73 summary sentences
2025-04-21 16:13:46,008 - INFO - Paper 93980002: analyzed 22 sections with 16 summary sentences
2025-04-21 16:13:46,649 - INFO - Paper 61603670: analyzed 18 sections with 49 summary sentences
2025-04-21 16:13:46,999 - INFO - Paper 7157784: analyzed 12 sections with 24 summary sentences
2025-04-21 16:13:47,792 - INFO - Paper 56472821: analyzed 32 sections with 23 summary sentences
2025-04-21 16:13:47,979 - INFO - Paper 73180675: analyzed 4 sections with 74 summary sentences
2025-04-21 16:13:48,253 - INFO - Paper 98262950: analyzed 7 sections with 53 summary sentences
2025-04-21 16:13:49,667 - INFO - Paper 87208689: analyzed 32 sections with 60 summary sentences
2025-04-21 16:13:50,265 - INFO - Paper 46342402: analyzed 16 sections with 41 summary sentences
2025-04-21 16:13:50,617 - INFO - Paper 11636296: analyzed 20 sections with 29 summary sentences
2025-04-21 16:13:51,379 - INFO - Paper 69467563: analyzed 18 sections with 44 summary sentences
2025-04-21 16:13:51,593 - INFO - Paper 70481957: analyzed 11 sections with 10 summary sentences
2025-04-21 16:13:51,771 - INFO - Paper 76514111: analyzed 10 sections with 25 summary sentences
2025-04-21 16:13:52,468 - INFO - Paper 73515355: analyzed 20 sections with 49 summary sentences
2025-04-21 16:13:53,819 - INFO - Paper 75865335: analyzed 29 sections with 39 summary sentences
2025-04-21 16:13:54,137 - INFO - Paper 41467472: analyzed 14 sections with 6 summary sentences
2025-04-21 16:13:54,422 - INFO - Paper 31543932: analyzed 18 sections with 8 summary sentences
2025-04-21 16:13:55,147 - INFO - Paper 15084340: analyzed 11 sections with 50 summary sentences
2025-04-21 16:13:55,317 - INFO - Paper 30877354: analyzed 7 sections with 28 summary sentences
2025-04-21 16:13:55,318 - WARNING - No sections found in paper
2025-04-21 16:13:55,318 - INFO - Paper 63755811: analyzed 0 sections with 21 summary sentences
2025-04-21 16:13:55,437 - INFO - Paper 12175403: analyzed 2 sections with 9 summary sentences
2025-04-21 16:13:56,361 - INFO - Paper 74156567: analyzed 23 sections with 64 summary sentences
2025-04-21 16:13:56,730 - INFO - Paper 60516406: analyzed 13 sections with 35 summary sentences
2025-04-21 16:13:57,501 - INFO - Paper 65123124: analyzed 26 sections with 31 summary sentences
2025-04-21 16:13:57,763 - INFO - Paper 24510148: analyzed 8 sections with 19 summary sentences
2025-04-21 16:13:58,126 - INFO - Paper 97932426: analyzed 14 sections with 30 summary sentences
2025-04-21 16:13:58,448 - INFO - Paper 80262838: analyzed 16 sections with 26 summary sentences
2025-04-21 16:13:58,877 - INFO - Paper 10218080: analyzed 22 sections with 15 summary sentences
2025-04-21 16:13:59,504 - INFO - Paper 76817909: analyzed 17 sections with 23 summary sentences
2025-04-21 16:14:00,679 - INFO - Paper 96308075: analyzed 27 sections with 39 summary sentences
2025-04-21 16:14:01,132 - INFO - Paper 97592875: analyzed 18 sections with 11 summary sentences
2025-04-21 16:14:01,407 - INFO - Paper 69119323: analyzed 13 sections with 14 summary sentences
2025-04-21 16:14:01,760 - INFO - Paper 7904666: analyzed 14 sections with 10 summary sentences
2025-04-21 16:14:03,036 - INFO - Paper 87041789: analyzed 26 sections with 50 summary sentences
2025-04-21 16:14:03,478 - INFO - Paper 81916449: analyzed 18 sections with 24 summary sentences
2025-04-21 16:14:03,969 - INFO - Paper 2852538: analyzed 13 sections with 48 summary sentences
2025-04-21 16:14:04,336 - INFO - Paper 62996279: analyzed 9 sections with 15 summary sentences
2025-04-21 16:14:04,511 - INFO - Paper 18304114: analyzed 7 sections with 14 summary sentences
2025-04-21 16:14:05,242 - INFO - Paper 87827594: analyzed 15 sections with 30 summary sentences
2025-04-21 16:14:05,619 - INFO - Paper 43280550: analyzed 20 sections with 28 summary sentences
2025-04-21 16:14:05,896 - INFO - Paper 99878837: analyzed 12 sections with 26 summary sentences
2025-04-21 16:14:06,821 - INFO - Paper 263861: analyzed 25 sections with 61 summary sentences
2025-04-21 16:14:07,076 - INFO - Paper 39357436: analyzed 15 sections with 16 summary sentences
2025-04-21 16:14:07,836 - INFO - Paper 82626355: analyzed 15 sections with 57 summary sentences
2025-04-21 16:14:08,065 - INFO - Paper 39353178: analyzed 6 sections with 34 summary sentences
2025-04-21 16:14:08,550 - INFO - Paper 86508243: analyzed 17 sections with 61 summary sentences
2025-04-21 16:14:08,933 - INFO - Paper 63758896: analyzed 19 sections with 14 summary sentences
2025-04-21 16:14:09,518 - INFO - Paper 72529720: analyzed 14 sections with 77 summary sentences
2025-04-21 16:14:09,772 - INFO - Paper 63531440: analyzed 10 sections with 12 summary sentences
2025-04-21 16:14:10,219 - INFO - Paper 15643187: analyzed 19 sections with 35 summary sentences
2025-04-21 16:14:10,219 - WARNING - No sections found in paper
2025-04-21 16:14:10,220 - INFO - Paper 82821959: analyzed 0 sections with 36 summary sentences
2025-04-21 16:14:10,644 - INFO - Paper 47257042: analyzed 27 sections with 16 summary sentences
2025-04-21 16:14:11,411 - INFO - Paper 33126132: analyzed 15 sections with 38 summary sentences
2025-04-21 16:14:12,838 - INFO - Paper 81780960: analyzed 39 sections with 50 summary sentences
2025-04-21 16:14:13,180 - INFO - Paper 30485653: analyzed 9 sections with 70 summary sentences
2025-04-21 16:14:13,181 - WARNING - No sections found in paper
2025-04-21 16:14:13,181 - INFO - Paper 36197895: analyzed 0 sections with 55 summary sentences
2025-04-21 16:14:13,182 - WARNING - No sections found in paper
2025-04-21 16:14:13,182 - INFO - Paper 68340528: analyzed 0 sections with 55 summary sentences
2025-04-21 16:14:14,067 - INFO - Paper 68399070: analyzed 23 sections with 68 summary sentences
2025-04-21 16:14:14,713 - INFO - Paper 23942242: analyzed 14 sections with 43 summary sentences
2025-04-21 16:14:15,194 - INFO - Paper 30905451: analyzed 33 sections with 15 summary sentences
2025-04-21 16:14:15,323 - INFO - Paper 38469042: analyzed 2 sections with 47 summary sentences
2025-04-21 16:14:15,854 - INFO - Paper 96002700: analyzed 15 sections with 42 summary sentences
2025-04-21 16:14:16,526 - INFO - Paper 35247822: analyzed 22 sections with 38 summary sentences
2025-04-21 16:14:16,802 - INFO - Paper 85933068: analyzed 15 sections with 14 summary sentences
2025-04-21 16:14:17,293 - INFO - Paper 38830210: analyzed 17 sections with 15 summary sentences
2025-04-21 16:14:18,114 - INFO - Paper 82220044: analyzed 17 sections with 39 summary sentences
2025-04-21 16:14:18,977 - INFO - Paper 45518901: analyzed 18 sections with 65 summary sentences
2025-04-21 16:14:19,379 - INFO - Paper 86423785: analyzed 13 sections with 23 summary sentences
2025-04-21 16:14:19,381 - WARNING - No sections found in paper
2025-04-21 16:14:19,381 - INFO - Paper 88655260: analyzed 0 sections with 54 summary sentences
2025-04-21 16:14:19,716 - INFO - Paper 43687503: analyzed 5 sections with 26 summary sentences
2025-04-21 16:14:19,938 - INFO - Paper 70335565: analyzed 5 sections with 35 summary sentences
2025-04-21 16:14:20,298 - INFO - Paper 72788236: analyzed 18 sections with 18 summary sentences
2025-04-21 16:14:20,299 - WARNING - No sections found in paper
2025-04-21 16:14:20,299 - INFO - Paper 49139111: analyzed 0 sections with 49 summary sentences
2025-04-21 16:14:21,340 - INFO - Paper 30995172: analyzed 29 sections with 52 summary sentences
2025-04-21 16:14:21,761 - INFO - Paper 26955055: analyzed 16 sections with 21 summary sentences
2025-04-21 16:14:22,526 - INFO - Paper 26277001: analyzed 25 sections with 31 summary sentences
2025-04-21 16:14:22,849 - INFO - Paper 12279648: analyzed 11 sections with 12 summary sentences
2025-04-21 16:14:23,903 - INFO - Paper 31021586: analyzed 24 sections with 62 summary sentences
2025-04-21 16:14:24,487 - INFO - Paper 11418476: analyzed 17 sections with 40 summary sentences
2025-04-21 16:14:25,081 - INFO - Paper 14310989: analyzed 11 sections with 23 summary sentences
2025-04-21 16:14:26,124 - INFO - Paper 76874430: analyzed 22 sections with 64 summary sentences
2025-04-21 16:14:26,330 - INFO - Paper 79512250: analyzed 12 sections with 15 summary sentences
2025-04-21 16:14:26,622 - INFO - Paper 35973587: analyzed 11 sections with 37 summary sentences
2025-04-21 16:14:26,984 - INFO - Paper 38867178: analyzed 22 sections with 13 summary sentences
2025-04-21 16:14:27,868 - INFO - Paper 25766140: analyzed 14 sections with 52 summary sentences
2025-04-21 16:14:27,869 - WARNING - No sections found in paper
2025-04-21 16:14:27,869 - INFO - Paper 92615357: analyzed 0 sections with 56 summary sentences
2025-04-21 16:14:28,324 - INFO - Paper 44210578: analyzed 14 sections with 30 summary sentences
2025-04-21 16:14:28,741 - INFO - Paper 59277766: analyzed 14 sections with 38 summary sentences
2025-04-21 16:14:29,015 - INFO - Paper 45043151: analyzed 8 sections with 42 summary sentences
2025-04-21 16:14:29,016 - WARNING - No sections found in paper
2025-04-21 16:14:29,016 - INFO - Paper 65756728: analyzed 0 sections with 43 summary sentences
2025-04-21 16:14:29,413 - INFO - Paper 15757806: analyzed 15 sections with 39 summary sentences
2025-04-21 16:14:29,414 - WARNING - No sections found in paper
2025-04-21 16:14:29,414 - INFO - Paper 13040160: analyzed 0 sections with 37 summary sentences
2025-04-21 16:14:29,832 - INFO - Paper 19173630: analyzed 10 sections with 79 summary sentences
2025-04-21 16:14:30,839 - INFO - Paper 78412080: analyzed 27 sections with 53 summary sentences
2025-04-21 16:14:30,840 - WARNING - No sections found in paper
2025-04-21 16:14:30,840 - INFO - Paper 99440206: analyzed 0 sections with 8 summary sentences
2025-04-21 16:14:31,393 - INFO - Paper 47698609: analyzed 10 sections with 25 summary sentences
2025-04-21 16:14:32,371 - INFO - Paper 60253398: analyzed 22 sections with 62 summary sentences
2025-04-21 16:14:32,922 - INFO - Paper 40774761: analyzed 31 sections with 5 summary sentences
2025-04-21 16:14:34,245 - INFO - Paper 84655302: analyzed 37 sections with 51 summary sentences
2025-04-21 16:14:34,567 - INFO - Paper 70691684: analyzed 16 sections with 10 summary sentences
2025-04-21 16:14:35,121 - INFO - Paper 53809041: analyzed 21 sections with 20 summary sentences
2025-04-21 16:14:35,636 - INFO - Paper 5262509: analyzed 36 sections with 7 summary sentences
2025-04-21 16:14:35,943 - INFO - Paper 49439664: analyzed 13 sections with 14 summary sentences
2025-04-21 16:14:36,980 - INFO - Paper 87411149: analyzed 24 sections with 60 summary sentences
2025-04-21 16:14:37,506 - INFO - Paper 17409856: analyzed 18 sections with 31 summary sentences
2025-04-21 16:14:37,933 - INFO - Paper 30789903: analyzed 15 sections with 21 summary sentences
2025-04-21 16:14:38,520 - INFO - Paper 8264189: analyzed 18 sections with 39 summary sentences
2025-04-21 16:14:38,806 - INFO - Paper 80004741: analyzed 16 sections with 11 summary sentences
2025-04-21 16:14:39,355 - INFO - Paper 32533290: analyzed 10 sections with 65 summary sentences
2025-04-21 16:14:39,623 - INFO - Paper 8136900: analyzed 12 sections with 10 summary sentences
2025-04-21 16:14:40,305 - INFO - Paper 518237: analyzed 17 sections with 62 summary sentences
2025-04-21 16:14:40,607 - INFO - Paper 77737945: analyzed 16 sections with 20 summary sentences
2025-04-21 16:14:40,973 - INFO - Paper 18322264: analyzed 16 sections with 22 summary sentences
2025-04-21 16:14:41,225 - INFO - Paper 16973018: analyzed 9 sections with 16 summary sentences
2025-04-21 16:14:41,226 - WARNING - No sections found in paper
2025-04-21 16:14:41,226 - INFO - Paper 76635514: analyzed 0 sections with 44 summary sentences
2025-04-21 16:14:41,833 - INFO - Paper 79471009: analyzed 17 sections with 31 summary sentences
2025-04-21 16:14:42,348 - INFO - Paper 65102009: analyzed 13 sections with 33 summary sentences
2025-04-21 16:14:42,349 - WARNING - No sections found in paper
2025-04-21 16:14:42,349 - INFO - Paper 35377831: analyzed 0 sections with 62 summary sentences
2025-04-21 16:14:42,349 - WARNING - No sections found in paper
2025-04-21 16:14:42,349 - INFO - Paper 77534612: analyzed 0 sections with 13 summary sentences
2025-04-21 16:14:42,690 - INFO - Paper 6799048: analyzed 17 sections with 13 summary sentences
2025-04-21 16:14:43,571 - INFO - Paper 66357293: analyzed 22 sections with 57 summary sentences
2025-04-21 16:14:44,268 - INFO - Paper 32338938: analyzed 17 sections with 50 summary sentences
2025-04-21 16:14:44,816 - INFO - Paper 79305631: analyzed 13 sections with 59 summary sentences
2025-04-21 16:14:45,042 - INFO - Paper 17980043: analyzed 12 sections with 12 summary sentences
2025-04-21 16:14:45,615 - INFO - Paper 66112363: analyzed 11 sections with 49 summary sentences
2025-04-21 16:14:46,335 - INFO - Paper 42443464: analyzed 25 sections with 24 summary sentences
2025-04-21 16:14:47,484 - INFO - Paper 16027177: analyzed 19 sections with 62 summary sentences
2025-04-21 16:14:48,171 - INFO - Paper 66912872: analyzed 17 sections with 54 summary sentences
2025-04-21 16:14:48,780 - INFO - Paper 24824894: analyzed 14 sections with 53 summary sentences
2025-04-21 16:14:49,089 - INFO - Paper 75937139: analyzed 10 sections with 39 summary sentences
2025-04-21 16:14:49,441 - INFO - Paper 71425952: analyzed 7 sections with 11 summary sentences
2025-04-21 16:14:49,557 - INFO - Paper 37775721: analyzed 7 sections with 10 summary sentences
2025-04-21 16:14:49,876 - INFO - Paper 26515037: analyzed 16 sections with 25 summary sentences
2025-04-21 16:14:50,032 - INFO - Paper 99668388: analyzed 9 sections with 16 summary sentences
2025-04-21 16:14:50,877 - INFO - Paper 90421095: analyzed 26 sections with 49 summary sentences
2025-04-21 16:14:50,992 - INFO - Paper 69537377: analyzed 9 sections with 11 summary sentences
2025-04-21 16:14:51,170 - INFO - Paper 16280529: analyzed 4 sections with 21 summary sentences
2025-04-21 16:14:51,172 - WARNING - No sections found in paper
2025-04-21 16:14:51,172 - INFO - Paper 13793499: analyzed 0 sections with 50 summary sentences
2025-04-21 16:14:51,462 - INFO - Paper 49519055: analyzed 14 sections with 12 summary sentences
2025-04-21 16:14:51,463 - WARNING - No sections found in paper
2025-04-21 16:14:51,463 - INFO - Paper 23313716: analyzed 0 sections with 60 summary sentences
2025-04-21 16:14:51,843 - INFO - Paper 37010180: analyzed 11 sections with 61 summary sentences
2025-04-21 16:14:52,341 - INFO - Paper 47686356: analyzed 12 sections with 28 summary sentences
2025-04-21 16:14:52,588 - INFO - Paper 3517250: analyzed 11 sections with 15 summary sentences
2025-04-21 16:14:53,170 - INFO - Paper 47723293: analyzed 22 sections with 37 summary sentences
2025-04-21 16:14:53,452 - INFO - Paper 18521109: analyzed 7 sections with 35 summary sentences
2025-04-21 16:14:53,615 - INFO - Paper 62769214: analyzed 8 sections with 25 summary sentences
2025-04-21 16:14:53,616 - WARNING - No sections found in paper
2025-04-21 16:14:53,616 - INFO - Paper 88969640: analyzed 0 sections with 18 summary sentences
2025-04-21 16:14:58,606 - INFO - Paper 73424952: analyzed 285 sections with 6 summary sentences
2025-04-21 16:14:58,911 - INFO - Paper 89581601: analyzed 9 sections with 27 summary sentences
2025-04-21 16:14:59,515 - INFO - Paper 42731227: analyzed 19 sections with 9 summary sentences
2025-04-21 16:14:59,922 - INFO - Paper 597051: analyzed 11 sections with 55 summary sentences
2025-04-21 16:15:00,220 - INFO - Paper 21919380: analyzed 13 sections with 18 summary sentences
2025-04-21 16:15:01,246 - INFO - Paper 51254358: analyzed 24 sections with 50 summary sentences
2025-04-21 16:15:01,618 - INFO - Paper 36272485: analyzed 11 sections with 38 summary sentences
2025-04-21 16:15:02,172 - INFO - Paper 43650136: analyzed 15 sections with 34 summary sentences
2025-04-21 16:15:02,584 - INFO - Paper 69481324: analyzed 12 sections with 21 summary sentences
2025-04-21 16:15:03,059 - INFO - Paper 57934330: analyzed 16 sections with 9 summary sentences
2025-04-21 16:15:03,530 - INFO - Paper 8601517: analyzed 15 sections with 36 summary sentences
2025-04-21 16:15:03,531 - WARNING - No sections found in paper
2025-04-21 16:15:03,532 - INFO - Paper 49333267: analyzed 0 sections with 60 summary sentences
2025-04-21 16:15:03,866 - INFO - Paper 94730041: analyzed 12 sections with 25 summary sentences
2025-04-21 16:15:04,185 - INFO - Paper 24950879: analyzed 13 sections with 20 summary sentences
2025-04-21 16:15:04,555 - INFO - Paper 74164301: analyzed 19 sections with 24 summary sentences
2025-04-21 16:15:05,071 - INFO - Paper 59320034: analyzed 16 sections with 26 summary sentences
2025-04-21 16:15:05,334 - INFO - Paper 21532550: analyzed 12 sections with 10 summary sentences
2025-04-21 16:15:06,223 - INFO - Paper 21145042: analyzed 19 sections with 62 summary sentences
2025-04-21 16:15:06,572 - INFO - Paper 52492536: analyzed 11 sections with 34 summary sentences
2025-04-21 16:15:06,916 - INFO - Paper 92451519: analyzed 12 sections with 17 summary sentences
2025-04-21 16:15:07,117 - INFO - Paper 86675541: analyzed 5 sections with 38 summary sentences
2025-04-21 16:15:07,552 - INFO - Paper 16057781: analyzed 12 sections with 35 summary sentences
2025-04-21 16:15:08,100 - INFO - Paper 12239056: analyzed 12 sections with 75 summary sentences
2025-04-21 16:15:08,102 - WARNING - No sections found in paper
2025-04-21 16:15:08,102 - INFO - Paper 17754953: analyzed 0 sections with 59 summary sentences
2025-04-21 16:15:08,409 - INFO - Paper 50897768: analyzed 10 sections with 52 summary sentences
2025-04-21 16:15:08,623 - INFO - Paper 17675091: analyzed 6 sections with 50 summary sentences
2025-04-21 16:15:09,309 - INFO - Paper 37263635: analyzed 18 sections with 48 summary sentences
2025-04-21 16:15:09,674 - INFO - Paper 16973657: analyzed 16 sections with 18 summary sentences
2025-04-21 16:15:10,209 - INFO - Paper 46416317: analyzed 18 sections with 27 summary sentences
2025-04-21 16:15:10,900 - INFO - Paper 69694249: analyzed 27 sections with 22 summary sentences
2025-04-21 16:15:11,467 - INFO - Paper 61360879: analyzed 20 sections with 28 summary sentences
2025-04-21 16:15:12,325 - INFO - Paper 97923725: analyzed 21 sections with 36 summary sentences
2025-04-21 16:15:12,625 - INFO - Paper 35928796: analyzed 7 sections with 46 summary sentences
2025-04-21 16:15:13,462 - INFO - Paper 23675750: analyzed 23 sections with 61 summary sentences
2025-04-21 16:15:13,464 - WARNING - No sections found in paper
2025-04-21 16:15:13,464 - INFO - Paper 85505359: analyzed 0 sections with 56 summary sentences
2025-04-21 16:15:14,586 - INFO - Paper 99384474: analyzed 25 sections with 63 summary sentences
2025-04-21 16:15:15,140 - INFO - Paper 31183232: analyzed 17 sections with 17 summary sentences
2025-04-21 16:15:15,520 - INFO - Paper 30189879: analyzed 16 sections with 34 summary sentences
2025-04-21 16:15:16,180 - INFO - Paper 68635574: analyzed 21 sections with 16 summary sentences
2025-04-21 16:15:16,915 - INFO - Paper 84480736: analyzed 19 sections with 52 summary sentences
2025-04-21 16:15:16,916 - WARNING - No sections found in paper
2025-04-21 16:15:16,916 - INFO - Paper 28037079: analyzed 0 sections with 51 summary sentences
2025-04-21 16:15:17,593 - INFO - Paper 52208833: analyzed 26 sections with 42 summary sentences
2025-04-21 16:15:18,046 - INFO - Paper 15062404: analyzed 14 sections with 41 summary sentences
2025-04-21 16:15:18,432 - INFO - Paper 81535007: analyzed 13 sections with 16 summary sentences
2025-04-21 16:15:18,994 - INFO - Paper 11790475: analyzed 20 sections with 11 summary sentences
2025-04-21 16:15:19,324 - INFO - Paper 4728464: analyzed 12 sections with 34 summary sentences
2025-04-21 16:15:20,102 - INFO - Paper 63188694: analyzed 21 sections with 59 summary sentences
2025-04-21 16:15:20,845 - INFO - Paper 48091191: analyzed 16 sections with 40 summary sentences
2025-04-21 16:15:20,846 - WARNING - No sections found in paper
2025-04-21 16:15:20,846 - INFO - Paper 92908954: analyzed 0 sections with 33 summary sentences
2025-04-21 16:15:21,785 - INFO - Paper 24928430: analyzed 19 sections with 33 summary sentences
2025-04-21 16:15:22,514 - INFO - Paper 54139177: analyzed 25 sections with 24 summary sentences
2025-04-21 16:15:23,089 - INFO - Paper 4353776: analyzed 20 sections with 25 summary sentences
2025-04-21 16:15:23,090 - WARNING - No sections found in paper
2025-04-21 16:15:23,090 - INFO - Paper 37135417: analyzed 0 sections with 48 summary sentences
2025-04-21 16:15:24,354 - INFO - Paper 39038842: analyzed 34 sections with 59 summary sentences
2025-04-21 16:15:25,235 - INFO - Paper 13655370: analyzed 11 sections with 54 summary sentences
2025-04-21 16:15:25,669 - INFO - Paper 75389943: analyzed 19 sections with 25 summary sentences
2025-04-21 16:15:26,211 - INFO - Paper 50538257: analyzed 19 sections with 26 summary sentences
2025-04-21 16:15:26,355 - INFO - Paper 25809281: analyzed 11 sections with 7 summary sentences
2025-04-21 16:15:27,056 - INFO - Paper 21050319: analyzed 20 sections with 50 summary sentences
2025-04-21 16:15:27,429 - INFO - Paper 435175: analyzed 22 sections with 17 summary sentences
2025-04-21 16:15:27,555 - INFO - Paper 12711637: analyzed 8 sections with 15 summary sentences
2025-04-21 16:15:27,926 - INFO - Paper 8799962: analyzed 12 sections with 16 summary sentences
2025-04-21 16:15:28,402 - INFO - Paper 73414525: analyzed 18 sections with 33 summary sentences
2025-04-21 16:15:28,939 - INFO - Paper 11112277: analyzed 18 sections with 51 summary sentences
2025-04-21 16:15:28,939 - WARNING - No sections found in paper
2025-04-21 16:15:28,939 - INFO - Paper 47798365: analyzed 0 sections with 8 summary sentences
2025-04-21 16:15:29,310 - INFO - Paper 30621133: analyzed 14 sections with 39 summary sentences
2025-04-21 16:15:29,546 - INFO - Paper 56843191: analyzed 12 sections with 11 summary sentences
2025-04-21 16:15:30,161 - INFO - Paper 5681713: analyzed 29 sections with 9 summary sentences
2025-04-21 16:15:30,834 - INFO - Paper 45612165: analyzed 19 sections with 46 summary sentences
2025-04-21 16:15:31,561 - INFO - Paper 4830217: analyzed 12 sections with 43 summary sentences
2025-04-21 16:15:31,950 - INFO - Paper 67930407: analyzed 17 sections with 20 summary sentences
2025-04-21 16:15:32,297 - INFO - Paper 37171167: analyzed 11 sections with 23 summary sentences
2025-04-21 16:15:32,547 - INFO - Paper 29962756: analyzed 14 sections with 15 summary sentences
2025-04-21 16:15:32,548 - WARNING - No sections found in paper
2025-04-21 16:15:32,548 - INFO - Paper 81001972: analyzed 0 sections with 48 summary sentences
2025-04-21 16:15:33,176 - INFO - Paper 82043898: analyzed 10 sections with 34 summary sentences
2025-04-21 16:15:33,720 - INFO - Paper 98757756: analyzed 13 sections with 53 summary sentences
2025-04-21 16:15:34,525 - INFO - Paper 66006367: analyzed 39 sections with 22 summary sentences
2025-04-21 16:15:35,432 - INFO - Paper 88246188: analyzed 14 sections with 87 summary sentences
2025-04-21 16:15:35,804 - INFO - Paper 2905851: analyzed 18 sections with 21 summary sentences
2025-04-21 16:15:36,248 - INFO - Paper 15765418: analyzed 15 sections with 18 summary sentences
2025-04-21 16:15:36,249 - WARNING - No sections found in paper
2025-04-21 16:15:36,249 - INFO - Paper 89628084: analyzed 0 sections with 63 summary sentences
2025-04-21 16:15:36,250 - WARNING - No sections found in paper
2025-04-21 16:15:36,250 - INFO - Paper 28727146: analyzed 0 sections with 51 summary sentences
2025-04-21 16:15:36,518 - INFO - Paper 26473847: analyzed 10 sections with 32 summary sentences
2025-04-21 16:15:37,156 - INFO - Paper 10587146: analyzed 13 sections with 62 summary sentences
2025-04-21 16:15:37,412 - INFO - Paper 69013017: analyzed 7 sections with 62 summary sentences
2025-04-21 16:15:38,633 - INFO - Paper 67696398: analyzed 32 sections with 49 summary sentences
2025-04-21 16:15:39,065 - INFO - Paper 36679338: analyzed 27 sections with 10 summary sentences
2025-04-21 16:15:39,066 - WARNING - No sections found in paper
2025-04-21 16:15:39,066 - INFO - Paper 58874274: analyzed 0 sections with 15 summary sentences
2025-04-21 16:15:39,536 - INFO - Paper 47469397: analyzed 17 sections with 25 summary sentences
2025-04-21 16:15:39,809 - INFO - Paper 94015576: analyzed 11 sections with 13 summary sentences
2025-04-21 16:15:39,810 - WARNING - No sections found in paper
2025-04-21 16:15:39,810 - INFO - Paper 75962230: analyzed 0 sections with 47 summary sentences
2025-04-21 16:15:40,229 - INFO - Paper 7415123: analyzed 18 sections with 26 summary sentences
2025-04-21 16:15:41,581 - INFO - Paper 11313245: analyzed 30 sections with 63 summary sentences
2025-04-21 16:15:41,860 - INFO - Paper 2774914: analyzed 14 sections with 15 summary sentences
2025-04-21 16:15:42,114 - INFO - Paper 42045072: analyzed 13 sections with 28 summary sentences
2025-04-21 16:15:43,251 - INFO - Paper 71546396: analyzed 25 sections with 51 summary sentences
2025-04-21 16:15:43,515 - INFO - Paper 55410278: analyzed 13 sections with 39 summary sentences
2025-04-21 16:15:44,530 - INFO - Paper 87460557: analyzed 27 sections with 27 summary sentences
2025-04-21 16:15:44,939 - INFO - Paper 29474820: analyzed 10 sections with 63 summary sentences
2025-04-21 16:15:44,941 - WARNING - No sections found in paper
2025-04-21 16:15:44,941 - INFO - Paper 3913778: analyzed 0 sections with 41 summary sentences
2025-04-21 16:15:45,264 - INFO - Paper 91929013: analyzed 13 sections with 26 summary sentences
2025-04-21 16:15:45,805 - INFO - Paper 39382584: analyzed 19 sections with 44 summary sentences
2025-04-21 16:15:47,068 - INFO - Paper 90525296: analyzed 23 sections with 49 summary sentences
2025-04-21 16:15:47,565 - INFO - Paper 91325283: analyzed 12 sections with 40 summary sentences
2025-04-21 16:15:48,441 - INFO - Paper 32560739: analyzed 38 sections with 11 summary sentences
2025-04-21 16:15:49,560 - INFO - Paper 44148071: analyzed 28 sections with 35 summary sentences
2025-04-21 16:15:49,964 - INFO - Paper 63848470: analyzed 15 sections with 20 summary sentences
2025-04-21 16:15:50,241 - INFO - Paper 1540690: analyzed 12 sections with 20 summary sentences
2025-04-21 16:15:50,863 - INFO - Paper 67744436: analyzed 18 sections with 74 summary sentences
2025-04-21 16:15:51,211 - INFO - Paper 8784223: analyzed 12 sections with 41 summary sentences
2025-04-21 16:15:51,849 - INFO - Paper 61558513: analyzed 18 sections with 35 summary sentences
2025-04-21 16:15:52,137 - INFO - Paper 47397989: analyzed 13 sections with 29 summary sentences
2025-04-21 16:15:52,487 - INFO - Paper 93460473: analyzed 15 sections with 27 summary sentences
2025-04-21 16:15:52,875 - INFO - Paper 22528856: analyzed 19 sections with 13 summary sentences
2025-04-21 16:15:52,875 - WARNING - No sections found in paper
2025-04-21 16:15:52,876 - INFO - Paper 93544751: analyzed 0 sections with 24 summary sentences
2025-04-21 16:15:53,473 - INFO - Paper 4536127: analyzed 16 sections with 64 summary sentences
2025-04-21 16:15:54,104 - INFO - Paper 6726365: analyzed 27 sections with 28 summary sentences
2025-04-21 16:15:54,860 - INFO - Paper 74193008: analyzed 14 sections with 38 summary sentences
2025-04-21 16:15:55,248 - INFO - Paper 66403710: analyzed 22 sections with 16 summary sentences
2025-04-21 16:15:55,837 - INFO - Paper 42200029: analyzed 13 sections with 56 summary sentences
2025-04-21 16:15:56,724 - INFO - Paper 45601881: analyzed 18 sections with 50 summary sentences
2025-04-21 16:15:57,069 - INFO - Paper 2577868: analyzed 16 sections with 19 summary sentences
2025-04-21 16:15:57,851 - INFO - Paper 89767636: analyzed 34 sections with 27 summary sentences
2025-04-21 16:15:58,931 - INFO - Paper 46507565: analyzed 25 sections with 63 summary sentences
2025-04-21 16:15:59,860 - INFO - Paper 7305163: analyzed 23 sections with 52 summary sentences
2025-04-21 16:16:00,018 - INFO - Paper 81262575: analyzed 7 sections with 18 summary sentences
2025-04-21 16:16:00,264 - INFO - Paper 65062778: analyzed 9 sections with 11 summary sentences
2025-04-21 16:16:00,539 - INFO - Paper 57983162: analyzed 8 sections with 44 summary sentences
2025-04-21 16:16:00,995 - INFO - Paper 87885377: analyzed 15 sections with 38 summary sentences
2025-04-21 16:16:01,215 - INFO - Paper 98781755: analyzed 8 sections with 14 summary sentences
2025-04-21 16:16:01,731 - INFO - Paper 20550713: analyzed 18 sections with 10 summary sentences
2025-04-21 16:16:01,732 - WARNING - No sections found in paper
2025-04-21 16:16:01,732 - INFO - Paper 74261188: analyzed 0 sections with 19 summary sentences
2025-04-21 16:16:01,974 - INFO - Paper 53721399: analyzed 9 sections with 30 summary sentences
2025-04-21 16:16:03,260 - INFO - Paper 36051826: analyzed 34 sections with 59 summary sentences
2025-04-21 16:16:04,727 - INFO - Paper 11791786: analyzed 28 sections with 57 summary sentences
2025-04-21 16:16:05,435 - INFO - Paper 45765062: analyzed 16 sections with 53 summary sentences
2025-04-21 16:16:05,633 - INFO - Paper 81465314: analyzed 11 sections with 7 summary sentences
2025-04-21 16:16:05,877 - INFO - Paper 32248697: analyzed 10 sections with 24 summary sentences
2025-04-21 16:16:06,147 - INFO - Paper 42851012: analyzed 16 sections with 13 summary sentences
2025-04-21 16:16:06,823 - INFO - Paper 66883240: analyzed 16 sections with 38 summary sentences
2025-04-21 16:16:07,891 - INFO - Paper 5225266: analyzed 24 sections with 65 summary sentences
2025-04-21 16:16:08,180 - INFO - Paper 11836666: analyzed 10 sections with 24 summary sentences
2025-04-21 16:16:08,964 - INFO - Paper 40771210: analyzed 20 sections with 56 summary sentences
2025-04-21 16:16:09,749 - INFO - Paper 63621777: analyzed 11 sections with 56 summary sentences
2025-04-21 16:16:10,837 - INFO - Paper 39674358: analyzed 30 sections with 58 summary sentences
2025-04-21 16:16:10,839 - WARNING - No sections found in paper
2025-04-21 16:16:10,839 - INFO - Paper 66302705: analyzed 0 sections with 54 summary sentences
2025-04-21 16:16:11,429 - INFO - Paper 50438213: analyzed 25 sections with 16 summary sentences
2025-04-21 16:16:12,891 - INFO - Paper 61298922: analyzed 39 sections with 64 summary sentences
2025-04-21 16:16:12,892 - WARNING - No sections found in paper
2025-04-21 16:16:12,892 - INFO - Paper 13187019: analyzed 0 sections with 34 summary sentences
2025-04-21 16:16:13,323 - INFO - Paper 60887948: analyzed 18 sections with 29 summary sentences
2025-04-21 16:16:13,324 - WARNING - No sections found in paper
2025-04-21 16:16:13,325 - INFO - Paper 37479343: analyzed 0 sections with 60 summary sentences
2025-04-21 16:16:14,900 - INFO - Paper 91451160: analyzed 24 sections with 39 summary sentences
2025-04-21 16:16:15,136 - INFO - Paper 71225651: analyzed 10 sections with 24 summary sentences
2025-04-21 16:16:15,648 - INFO - Paper 90011197: analyzed 27 sections with 18 summary sentences
2025-04-21 16:16:15,797 - INFO - Paper 22127536: analyzed 8 sections with 18 summary sentences
2025-04-21 16:16:15,798 - WARNING - No sections found in paper
2025-04-21 16:16:15,798 - INFO - Paper 6827132: analyzed 0 sections with 37 summary sentences
2025-04-21 16:16:16,077 - INFO - Paper 36779622: analyzed 13 sections with 21 summary sentences
2025-04-21 16:16:16,540 - INFO - Paper 33714440: analyzed 13 sections with 57 summary sentences
2025-04-21 16:16:16,545 - INFO - Saving results to ./jaehyeok/results/sentence_similarity_analysis.json
2025-04-21 16:16:17,945 - INFO - Analysis complete. Processed 484 papers.
2025-04-21 16:16:17,945 - INFO - Sentence Position Distribution (by percentile bin):
2025-04-21 16:16:17,945 - INFO -   0-10%: 2006 (28.0%)
2025-04-21 16:16:17,945 - INFO -   10-20%: 561 (7.8%)
2025-04-21 16:16:17,945 - INFO -   20-30%: 608 (8.5%)
2025-04-21 16:16:17,945 - INFO -   30-40%: 563 (7.9%)
2025-04-21 16:16:17,945 - INFO -   40-50%: 442 (6.2%)
2025-04-21 16:16:17,945 - INFO -   50-60%: 749 (10.5%)
2025-04-21 16:16:17,945 - INFO -   60-70%: 588 (8.2%)
2025-04-21 16:16:17,946 - INFO -   70-80%: 575 (8.0%)
2025-04-21 16:16:17,946 - INFO -   80-90%: 641 (9.0%)
2025-04-21 16:16:17,946 - INFO -   90-100%: 419 (5.9%)
