2025-04-21 15:50:03,453 - INFO - Loading model: all-MiniLM-L6-v2
2025-04-21 15:50:03,462 - INFO - Use pytorch device_name: cuda:0
2025-04-21 15:50:03,463 - INFO - Load pretrained SentenceTransformer: all-MiniLM-L6-v2
2025-04-21 15:50:05,854 - INFO - Loading papers from ./papers/json_files
2025-04-21 15:50:05,854 - INFO - Loading valid paper IDs
2025-04-21 15:50:05,854 - INFO - Loaded 488 valid paper IDs
2025-04-21 15:50:05,854 - INFO - Found 525 JSON files
2025-04-21 15:50:05,932 - INFO - Loaded 484 papers
2025-04-21 15:50:05,932 - INFO - Loading existing results file
2025-04-21 15:50:05,932 - INFO - No existing results file found, creating new one
2025-04-21 15:50:05,932 - INFO - Loading gold summaries
2025-04-21 15:50:05,932 - INFO - Loading gold summaries from ./abstractive_summaries/id_summary_map.json
2025-04-21 15:50:05,938 - INFO - Loaded 530 gold summaries
2025-04-21 15:50:06,552 - INFO - Paper 58793266: analyzed 14 sections with 32 summary sentences
2025-04-21 15:50:06,553 - WARNING - No sections found in paper
2025-04-21 15:50:06,553 - INFO - Paper 82387857: analyzed 0 sections with 36 summary sentences
2025-04-21 15:50:06,836 - INFO - Paper 5180208: analyzed 15 sections with 15 summary sentences
2025-04-21 15:50:07,040 - INFO - Paper 43791696: analyzed 1 sections with 17 summary sentences
2025-04-21 15:50:07,721 - INFO - Paper 78841597: analyzed 25 sections with 25 summary sentences
2025-04-21 15:50:08,072 - INFO - Paper 90600191: analyzed 16 sections with 29 summary sentences
2025-04-21 15:50:08,369 - INFO - Paper 66226432: analyzed 13 sections with 19 summary sentences
2025-04-21 15:50:09,007 - INFO - Paper 64175585: analyzed 19 sections with 42 summary sentences
2025-04-21 15:50:09,351 - INFO - Paper 21542239: analyzed 16 sections with 28 summary sentences
2025-04-21 15:50:09,697 - INFO - Paper 88049354: analyzed 12 sections with 35 summary sentences
2025-04-21 15:50:09,697 - ERROR - Error analyzing paper 88049354: Object of type int64 is not JSON serializable
2025-04-21 15:50:09,927 - INFO - Paper 1907968: analyzed 10 sections with 35 summary sentences
2025-04-21 15:50:10,281 - INFO - Paper 59485457: analyzed 10 sections with 30 summary sentences
2025-04-21 15:50:11,007 - INFO - Paper 69976012: analyzed 26 sections with 28 summary sentences
2025-04-21 15:50:11,388 - INFO - Paper 86524123: analyzed 13 sections with 32 summary sentences
2025-04-21 15:50:11,389 - WARNING - No sections found in paper
2025-04-21 15:50:11,389 - INFO - Paper 48141212: analyzed 0 sections with 57 summary sentences
2025-04-21 15:50:12,008 - INFO - Paper 1055799: analyzed 22 sections with 18 summary sentences
2025-04-21 15:50:12,307 - INFO - Paper 75442340: analyzed 13 sections with 24 summary sentences
2025-04-21 15:50:12,938 - INFO - Paper 41840073: analyzed 18 sections with 58 summary sentences
2025-04-21 15:50:12,939 - WARNING - No sections found in paper
2025-04-21 15:50:12,939 - INFO - Paper 187460: analyzed 0 sections with 26 summary sentences
2025-04-21 15:50:13,647 - INFO - Paper 29796623: analyzed 15 sections with 37 summary sentences
2025-04-21 15:50:13,647 - ERROR - Error analyzing paper 29796623: Object of type int64 is not JSON serializable
2025-04-21 15:50:14,108 - INFO - Paper 98238949: analyzed 18 sections with 24 summary sentences
2025-04-21 15:50:14,319 - INFO - Paper 51450104: analyzed 10 sections with 20 summary sentences
2025-04-21 15:50:15,379 - INFO - Paper 43018598: analyzed 26 sections with 57 summary sentences
2025-04-21 15:50:15,757 - INFO - Paper 78339451: analyzed 20 sections with 28 summary sentences
2025-04-21 15:50:15,941 - INFO - Paper 39570633: analyzed 10 sections with 20 summary sentences
2025-04-21 15:50:16,261 - INFO - Paper 87558652: analyzed 11 sections with 23 summary sentences
2025-04-21 15:50:16,645 - INFO - Paper 96831204: analyzed 13 sections with 19 summary sentences
2025-04-21 15:50:16,945 - INFO - Paper 85853580: analyzed 14 sections with 21 summary sentences
2025-04-21 15:50:17,345 - INFO - Paper 97703387: analyzed 12 sections with 34 summary sentences
2025-04-21 15:50:18,245 - INFO - Paper 50388820: analyzed 27 sections with 64 summary sentences
2025-04-21 15:50:18,245 - ERROR - Error analyzing paper 50388820: Object of type int64 is not JSON serializable
2025-04-21 15:50:18,616 - INFO - Paper 83248182: analyzed 16 sections with 11 summary sentences
2025-04-21 15:50:19,385 - INFO - Paper 99341732: analyzed 16 sections with 60 summary sentences
2025-04-21 15:50:19,659 - INFO - Paper 48074885: analyzed 9 sections with 27 summary sentences
2025-04-21 15:50:20,008 - INFO - Paper 11006232: analyzed 8 sections with 34 summary sentences
2025-04-21 15:50:20,462 - INFO - Paper 63511892: analyzed 21 sections with 17 summary sentences
2025-04-21 15:50:21,001 - INFO - Paper 24312671: analyzed 24 sections with 23 summary sentences
2025-04-21 15:50:21,465 - INFO - Paper 8363020: analyzed 14 sections with 45 summary sentences
2025-04-21 15:50:21,847 - INFO - Paper 23426061: analyzed 15 sections with 41 summary sentences
2025-04-21 15:50:22,512 - INFO - Paper 29703573: analyzed 19 sections with 49 summary sentences
2025-04-21 15:50:23,549 - INFO - Paper 80421460: analyzed 20 sections with 43 summary sentences
2025-04-21 15:50:23,549 - ERROR - Error analyzing paper 80421460: Object of type int64 is not JSON serializable
2025-04-21 15:50:24,067 - INFO - Paper 45538669: analyzed 18 sections with 49 summary sentences
2025-04-21 15:50:24,980 - INFO - Paper 25710556: analyzed 22 sections with 77 summary sentences
2025-04-21 15:50:25,319 - INFO - Paper 66099843: analyzed 9 sections with 33 summary sentences
2025-04-21 15:50:25,756 - INFO - Paper 23929837: analyzed 12 sections with 81 summary sentences
2025-04-21 15:50:26,210 - INFO - Paper 53935450: analyzed 10 sections with 57 summary sentences
2025-04-21 15:50:26,372 - INFO - Paper 80897282: analyzed 13 sections with 7 summary sentences
2025-04-21 15:50:27,192 - INFO - Paper 6777051: analyzed 29 sections with 34 summary sentences
2025-04-21 15:50:27,193 - WARNING - No sections found in paper
2025-04-21 15:50:27,193 - INFO - Paper 27300559: analyzed 0 sections with 28 summary sentences
2025-04-21 15:50:27,883 - INFO - Paper 414696: analyzed 37 sections with 5 summary sentences
2025-04-21 15:50:28,862 - INFO - Paper 202387: analyzed 24 sections with 44 summary sentences
2025-04-21 15:50:28,862 - ERROR - Error analyzing paper 202387: Object of type int64 is not JSON serializable
2025-04-21 15:50:29,263 - INFO - Paper 91637218: analyzed 15 sections with 29 summary sentences
2025-04-21 15:50:29,526 - INFO - Paper 22546727: analyzed 15 sections with 8 summary sentences
2025-04-21 15:50:30,067 - INFO - Paper 56196: analyzed 17 sections with 41 summary sentences
2025-04-21 15:50:30,489 - INFO - Paper 89853012: analyzed 13 sections with 46 summary sentences
2025-04-21 15:50:31,379 - INFO - Paper 85839366: analyzed 16 sections with 66 summary sentences
2025-04-21 15:50:31,785 - INFO - Paper 22744554: analyzed 13 sections with 49 summary sentences
2025-04-21 15:50:32,047 - INFO - Paper 19050347: analyzed 8 sections with 31 summary sentences
2025-04-21 15:50:32,340 - INFO - Paper 93218559: analyzed 12 sections with 8 summary sentences
2025-04-21 15:50:32,817 - INFO - Paper 88548359: analyzed 16 sections with 20 summary sentences
2025-04-21 15:50:33,052 - INFO - Paper 35704901: analyzed 15 sections with 13 summary sentences
2025-04-21 15:50:33,052 - ERROR - Error analyzing paper 35704901: Object of type int64 is not JSON serializable
2025-04-21 15:50:33,482 - INFO - Paper 58308538: analyzed 15 sections with 47 summary sentences
2025-04-21 15:50:34,090 - INFO - Paper 84548548: analyzed 23 sections with 38 summary sentences
2025-04-21 15:50:34,797 - INFO - Paper 62302416: analyzed 16 sections with 35 summary sentences
2025-04-21 15:50:35,115 - INFO - Paper 58884367: analyzed 16 sections with 23 summary sentences
2025-04-21 15:50:35,392 - INFO - Paper 11684235: analyzed 9 sections with 19 summary sentences
2025-04-21 15:50:35,393 - WARNING - No sections found in paper
2025-04-21 15:50:35,393 - INFO - Paper 69502658: analyzed 0 sections with 32 summary sentences
2025-04-21 15:50:35,919 - INFO - Paper 68642594: analyzed 15 sections with 38 summary sentences
2025-04-21 15:50:36,129 - INFO - Paper 97381495: analyzed 1 sections with 58 summary sentences
2025-04-21 15:50:36,485 - INFO - Paper 88532041: analyzed 18 sections with 24 summary sentences
2025-04-21 15:50:36,964 - INFO - Paper 82314288: analyzed 19 sections with 46 summary sentences
2025-04-21 15:50:36,965 - ERROR - Error analyzing paper 82314288: Object of type int64 is not JSON serializable
2025-04-21 15:50:37,729 - INFO - Paper 78860785: analyzed 12 sections with 10 summary sentences
2025-04-21 15:50:38,439 - INFO - Paper 24753674: analyzed 16 sections with 36 summary sentences
2025-04-21 15:50:38,780 - INFO - Paper 36278339: analyzed 14 sections with 21 summary sentences
2025-04-21 15:50:38,781 - WARNING - No sections found in paper
2025-04-21 15:50:38,781 - INFO - Paper 78861774: analyzed 0 sections with 39 summary sentences
2025-04-21 15:50:38,782 - WARNING - No sections found in paper
2025-04-21 15:50:38,782 - INFO - Paper 26262723: analyzed 0 sections with 31 summary sentences
2025-04-21 15:50:38,783 - WARNING - No sections found in paper
2025-04-21 15:50:38,783 - INFO - Paper 85123331: analyzed 0 sections with 40 summary sentences
2025-04-21 15:50:38,784 - WARNING - No sections found in paper
2025-04-21 15:50:38,784 - INFO - Paper 93195231: analyzed 0 sections with 62 summary sentences
2025-04-21 15:50:39,239 - INFO - Paper 34187605: analyzed 24 sections with 15 summary sentences
2025-04-21 15:50:39,789 - INFO - Paper 57956236: analyzed 18 sections with 61 summary sentences
2025-04-21 15:50:39,790 - WARNING - No sections found in paper
2025-04-21 15:50:39,790 - INFO - Paper 3855110: analyzed 0 sections with 20 summary sentences
2025-04-21 15:50:39,790 - ERROR - Error analyzing paper 3855110: Object of type int64 is not JSON serializable
2025-04-21 15:50:40,492 - INFO - Paper 16124640: analyzed 17 sections with 35 summary sentences
2025-04-21 15:50:40,493 - WARNING - No sections found in paper
2025-04-21 15:50:40,493 - INFO - Paper 93025332: analyzed 0 sections with 56 summary sentences
2025-04-21 15:50:41,396 - INFO - Paper 75952682: analyzed 1 sections with 36 summary sentences
2025-04-21 15:50:41,398 - WARNING - No sections found in paper
2025-04-21 15:50:41,398 - INFO - Paper 22030520: analyzed 0 sections with 71 summary sentences
2025-04-21 15:50:41,612 - INFO - Paper 7590139: analyzed 6 sections with 30 summary sentences
2025-04-21 15:50:41,614 - WARNING - No sections found in paper
2025-04-21 15:50:41,614 - INFO - Paper 17601393: analyzed 0 sections with 63 summary sentences
2025-04-21 15:50:42,490 - INFO - Paper 53269747: analyzed 31 sections with 24 summary sentences
2025-04-21 15:50:42,490 - WARNING - No sections found in paper
2025-04-21 15:50:42,490 - INFO - Paper 11481096: analyzed 0 sections with 14 summary sentences
2025-04-21 15:50:42,681 - INFO - Paper 96217072: analyzed 11 sections with 16 summary sentences
2025-04-21 15:50:42,682 - WARNING - No sections found in paper
2025-04-21 15:50:42,682 - INFO - Paper 10374612: analyzed 0 sections with 29 summary sentences
2025-04-21 15:50:42,682 - ERROR - Error analyzing paper 10374612: Object of type int64 is not JSON serializable
2025-04-21 15:50:42,992 - INFO - Paper 37796162: analyzed 16 sections with 11 summary sentences
2025-04-21 15:50:43,279 - INFO - Paper 4216862: analyzed 11 sections with 13 summary sentences
2025-04-21 15:50:43,790 - INFO - Paper 72744034: analyzed 10 sections with 37 summary sentences
2025-04-21 15:50:43,975 - INFO - Paper 4647896: analyzed 12 sections with 16 summary sentences
2025-04-21 15:50:43,976 - WARNING - No sections found in paper
2025-04-21 15:50:43,976 - INFO - Paper 9563928: analyzed 0 sections with 55 summary sentences
2025-04-21 15:50:44,560 - INFO - Paper 57613420: analyzed 28 sections with 12 summary sentences
2025-04-21 15:50:44,561 - WARNING - No sections found in paper
2025-04-21 15:50:44,561 - INFO - Paper 51458146: analyzed 0 sections with 27 summary sentences
2025-04-21 15:50:45,179 - INFO - Paper 40883301: analyzed 17 sections with 59 summary sentences
2025-04-21 15:50:45,180 - WARNING - No sections found in paper
2025-04-21 15:50:45,180 - INFO - Paper 57228237: analyzed 0 sections with 19 summary sentences
2025-04-21 15:50:45,181 - WARNING - No sections found in paper
2025-04-21 15:50:45,181 - INFO - Paper 8984509: analyzed 0 sections with 57 summary sentences
2025-04-21 15:50:45,181 - ERROR - Error analyzing paper 8984509: Object of type int64 is not JSON serializable
2025-04-21 15:50:45,632 - INFO - Paper 7570292: analyzed 19 sections with 18 summary sentences
2025-04-21 15:50:46,037 - INFO - Paper 84030160: analyzed 12 sections with 29 summary sentences
2025-04-21 15:50:46,282 - INFO - Paper 48411412: analyzed 8 sections with 30 summary sentences
2025-04-21 15:50:46,795 - INFO - Paper 61580548: analyzed 13 sections with 36 summary sentences
2025-04-21 15:50:47,267 - INFO - Paper 97291551: analyzed 10 sections with 50 summary sentences
2025-04-21 15:50:47,620 - INFO - Paper 5674972: analyzed 17 sections with 21 summary sentences
2025-04-21 15:50:48,257 - INFO - Paper 26105266: analyzed 20 sections with 62 summary sentences
2025-04-21 15:50:48,258 - WARNING - No sections found in paper
2025-04-21 15:50:48,258 - INFO - Paper 50524744: analyzed 0 sections with 53 summary sentences
2025-04-21 15:50:48,515 - INFO - Paper 93060618: analyzed 15 sections with 27 summary sentences
2025-04-21 15:50:49,543 - INFO - Paper 57114772: analyzed 23 sections with 45 summary sentences
2025-04-21 15:50:49,543 - ERROR - Error analyzing paper 57114772: Object of type int64 is not JSON serializable
2025-04-21 15:50:49,890 - INFO - Paper 36200725: analyzed 12 sections with 62 summary sentences
2025-04-21 15:50:50,377 - INFO - Paper 72922440: analyzed 16 sections with 45 summary sentences
2025-04-21 15:50:50,636 - INFO - Paper 7120002: analyzed 12 sections with 23 summary sentences
2025-04-21 15:50:51,022 - INFO - Paper 91633253: analyzed 9 sections with 37 summary sentences
2025-04-21 15:50:51,404 - INFO - Paper 31459000: analyzed 14 sections with 51 summary sentences
2025-04-21 15:50:51,986 - INFO - Paper 33427271: analyzed 13 sections with 18 summary sentences
2025-04-21 15:50:53,305 - INFO - Paper 78499306: analyzed 46 sections with 32 summary sentences
2025-04-21 15:50:54,504 - INFO - Paper 13135318: analyzed 30 sections with 49 summary sentences
2025-04-21 15:50:54,505 - WARNING - No sections found in paper
2025-04-21 15:50:54,505 - INFO - Paper 11354749: analyzed 0 sections with 45 summary sentences
2025-04-21 15:50:54,822 - INFO - Paper 94646863: analyzed 12 sections with 26 summary sentences
2025-04-21 15:50:54,822 - ERROR - Error analyzing paper 94646863: Object of type int64 is not JSON serializable
2025-04-21 15:50:55,356 - INFO - Paper 8151447: analyzed 9 sections with 49 summary sentences
2025-04-21 15:50:55,498 - INFO - Paper 55048906: analyzed 6 sections with 31 summary sentences
2025-04-21 15:50:56,080 - INFO - Paper 17350626: analyzed 17 sections with 61 summary sentences
2025-04-21 15:50:56,626 - INFO - Paper 80770343: analyzed 15 sections with 59 summary sentences
2025-04-21 15:50:56,773 - INFO - Paper 78190587: analyzed 8 sections with 17 summary sentences
2025-04-21 15:50:56,774 - WARNING - No sections found in paper
2025-04-21 15:50:56,774 - INFO - Paper 27051635: analyzed 0 sections with 24 summary sentences
2025-04-21 15:50:57,047 - INFO - Paper 97980035: analyzed 9 sections with 22 summary sentences
2025-04-21 15:50:57,442 - INFO - Paper 7255717: analyzed 13 sections with 41 summary sentences
2025-04-21 15:50:57,950 - INFO - Paper 38779502: analyzed 13 sections with 47 summary sentences
2025-04-21 15:50:58,761 - INFO - Paper 65595064: analyzed 16 sections with 50 summary sentences
2025-04-21 15:50:58,761 - ERROR - Error analyzing paper 65595064: Object of type int64 is not JSON serializable
2025-04-21 15:50:59,118 - INFO - Paper 4206973: analyzed 18 sections with 6 summary sentences
2025-04-21 15:51:00,139 - INFO - Paper 14819310: analyzed 21 sections with 62 summary sentences
2025-04-21 15:51:01,500 - INFO - Paper 5550259: analyzed 31 sections with 53 summary sentences
2025-04-21 15:51:01,627 - INFO - Paper 99295545: analyzed 10 sections with 12 summary sentences
2025-04-21 15:51:01,628 - WARNING - No sections found in paper
2025-04-21 15:51:01,628 - INFO - Paper 45186835: analyzed 0 sections with 22 summary sentences
2025-04-21 15:51:02,166 - INFO - Paper 3953515: analyzed 16 sections with 36 summary sentences
2025-04-21 15:51:02,415 - INFO - Paper 30748495: analyzed 9 sections with 20 summary sentences
2025-04-21 15:51:02,875 - INFO - Paper 91812941: analyzed 14 sections with 29 summary sentences
2025-04-21 15:51:03,869 - INFO - Paper 2899329: analyzed 23 sections with 48 summary sentences
2025-04-21 15:51:04,999 - INFO - Paper 11542688: analyzed 31 sections with 37 summary sentences
2025-04-21 15:51:04,999 - ERROR - Error analyzing paper 11542688: Object of type int64 is not JSON serializable
2025-04-21 15:51:05,627 - INFO - Paper 8087311: analyzed 26 sections with 28 summary sentences
2025-04-21 15:51:05,990 - INFO - Paper 70889889: analyzed 13 sections with 41 summary sentences
2025-04-21 15:51:06,485 - INFO - Paper 93598871: analyzed 16 sections with 21 summary sentences
2025-04-21 15:51:06,709 - INFO - Paper 62056200: analyzed 8 sections with 12 summary sentences
2025-04-21 15:51:07,074 - INFO - Paper 71370947: analyzed 9 sections with 42 summary sentences
2025-04-21 15:51:07,076 - WARNING - No sections found in paper
2025-04-21 15:51:07,076 - INFO - Paper 24169489: analyzed 0 sections with 51 summary sentences
2025-04-21 15:51:07,076 - WARNING - No sections found in paper
2025-04-21 15:51:07,076 - INFO - Paper 24000799: analyzed 0 sections with 20 summary sentences
2025-04-21 15:51:07,996 - INFO - Paper 52464539: analyzed 18 sections with 56 summary sentences
2025-04-21 15:51:08,306 - INFO - Paper 77684000: analyzed 12 sections with 32 summary sentences
2025-04-21 15:51:09,223 - INFO - Paper 96747724: analyzed 25 sections with 50 summary sentences
2025-04-21 15:51:09,223 - ERROR - Error analyzing paper 96747724: Object of type int64 is not JSON serializable
2025-04-21 15:51:09,300 - INFO - Paper 29981772: analyzed 4 sections with 11 summary sentences
2025-04-21 15:51:09,884 - INFO - Paper 31303819: analyzed 17 sections with 28 summary sentences
2025-04-21 15:51:10,203 - INFO - Paper 31194274: analyzed 5 sections with 39 summary sentences
2025-04-21 15:51:10,680 - INFO - Paper 51116334: analyzed 18 sections with 59 summary sentences
2025-04-21 15:51:10,681 - WARNING - No sections found in paper
2025-04-21 15:51:10,681 - INFO - Paper 41161677: analyzed 0 sections with 45 summary sentences
2025-04-21 15:51:10,823 - INFO - Paper 81057283: analyzed 4 sections with 30 summary sentences
2025-04-21 15:51:11,259 - INFO - Paper 45435119: analyzed 8 sections with 27 summary sentences
2025-04-21 15:51:11,541 - INFO - Paper 85820029: analyzed 12 sections with 11 summary sentences
2025-04-21 15:51:11,766 - INFO - Paper 93142771: analyzed 13 sections with 21 summary sentences
2025-04-21 15:51:12,027 - INFO - Paper 87068449: analyzed 12 sections with 16 summary sentences
2025-04-21 15:51:12,027 - ERROR - Error analyzing paper 87068449: Object of type int64 is not JSON serializable
2025-04-21 15:51:12,730 - INFO - Paper 11779349: analyzed 17 sections with 41 summary sentences
2025-04-21 15:51:13,956 - INFO - Paper 4784102: analyzed 30 sections with 16 summary sentences
2025-04-21 15:51:14,694 - INFO - Paper 27321339: analyzed 19 sections with 34 summary sentences
2025-04-21 15:51:15,399 - INFO - Paper 12625177: analyzed 17 sections with 47 summary sentences
2025-04-21 15:51:15,961 - INFO - Paper 18958324: analyzed 12 sections with 50 summary sentences
2025-04-21 15:51:16,264 - INFO - Paper 33015723: analyzed 8 sections with 8 summary sentences
2025-04-21 15:51:16,266 - WARNING - No sections found in paper
2025-04-21 15:51:16,267 - INFO - Paper 8455503: analyzed 0 sections with 58 summary sentences
2025-04-21 15:51:16,711 - INFO - Paper 66681632: analyzed 16 sections with 37 summary sentences
2025-04-21 15:51:17,309 - INFO - Paper 91200961: analyzed 14 sections with 83 summary sentences
2025-04-21 15:51:17,594 - INFO - Paper 687757: analyzed 13 sections with 14 summary sentences
2025-04-21 15:51:17,594 - ERROR - Error analyzing paper 687757: Object of type int64 is not JSON serializable
2025-04-21 15:51:18,858 - INFO - Paper 11773091: analyzed 36 sections with 58 summary sentences
2025-04-21 15:51:19,602 - INFO - Paper 26668230: analyzed 20 sections with 34 summary sentences
2025-04-21 15:51:19,950 - INFO - Paper 80719489: analyzed 9 sections with 69 summary sentences
2025-04-21 15:51:20,604 - INFO - Paper 34958521: analyzed 14 sections with 45 summary sentences
2025-04-21 15:51:21,441 - INFO - Paper 45795840: analyzed 19 sections with 70 summary sentences
2025-04-21 15:51:21,952 - INFO - Paper 83267919: analyzed 11 sections with 51 summary sentences
2025-04-21 15:51:22,309 - INFO - Paper 23242120: analyzed 12 sections with 18 summary sentences
2025-04-21 15:51:23,087 - INFO - Paper 7912651: analyzed 29 sections with 27 summary sentences
2025-04-21 15:51:23,788 - INFO - Paper 27086937: analyzed 16 sections with 13 summary sentences
2025-04-21 15:51:23,789 - WARNING - No sections found in paper
2025-04-21 15:51:23,790 - INFO - Paper 17539393: analyzed 0 sections with 73 summary sentences
2025-04-21 15:51:23,790 - ERROR - Error analyzing paper 17539393: Object of type int64 is not JSON serializable
2025-04-21 15:51:24,264 - INFO - Paper 93980002: analyzed 22 sections with 16 summary sentences
2025-04-21 15:51:24,908 - INFO - Paper 61603670: analyzed 18 sections with 49 summary sentences
2025-04-21 15:51:25,264 - INFO - Paper 7157784: analyzed 12 sections with 24 summary sentences
2025-04-21 15:51:26,050 - INFO - Paper 56472821: analyzed 32 sections with 23 summary sentences
2025-04-21 15:51:26,237 - INFO - Paper 73180675: analyzed 4 sections with 74 summary sentences
2025-04-21 15:51:26,512 - INFO - Paper 98262950: analyzed 7 sections with 53 summary sentences
2025-04-21 15:51:27,926 - INFO - Paper 87208689: analyzed 32 sections with 60 summary sentences
2025-04-21 15:51:28,526 - INFO - Paper 46342402: analyzed 16 sections with 41 summary sentences
2025-04-21 15:51:28,879 - INFO - Paper 11636296: analyzed 20 sections with 29 summary sentences
2025-04-21 15:51:29,639 - INFO - Paper 69467563: analyzed 18 sections with 44 summary sentences
2025-04-21 15:51:29,640 - ERROR - Error analyzing paper 69467563: Object of type int64 is not JSON serializable
2025-04-21 15:51:29,854 - INFO - Paper 70481957: analyzed 11 sections with 10 summary sentences
2025-04-21 15:51:30,030 - INFO - Paper 76514111: analyzed 10 sections with 25 summary sentences
2025-04-21 15:51:30,728 - INFO - Paper 73515355: analyzed 20 sections with 49 summary sentences
2025-04-21 15:51:32,088 - INFO - Paper 75865335: analyzed 29 sections with 39 summary sentences
2025-04-21 15:51:32,406 - INFO - Paper 41467472: analyzed 14 sections with 6 summary sentences
2025-04-21 15:51:32,689 - INFO - Paper 31543932: analyzed 18 sections with 8 summary sentences
2025-04-21 15:51:33,412 - INFO - Paper 15084340: analyzed 11 sections with 50 summary sentences
2025-04-21 15:51:33,580 - INFO - Paper 30877354: analyzed 7 sections with 28 summary sentences
2025-04-21 15:51:33,581 - WARNING - No sections found in paper
2025-04-21 15:51:33,581 - INFO - Paper 63755811: analyzed 0 sections with 21 summary sentences
2025-04-21 15:51:33,700 - INFO - Paper 12175403: analyzed 2 sections with 9 summary sentences
2025-04-21 15:51:33,700 - ERROR - Error analyzing paper 12175403: Object of type int64 is not JSON serializable
2025-04-21 15:51:34,626 - INFO - Paper 74156567: analyzed 23 sections with 64 summary sentences
2025-04-21 15:51:34,995 - INFO - Paper 60516406: analyzed 13 sections with 35 summary sentences
2025-04-21 15:51:35,765 - INFO - Paper 65123124: analyzed 26 sections with 31 summary sentences
2025-04-21 15:51:36,028 - INFO - Paper 24510148: analyzed 8 sections with 19 summary sentences
2025-04-21 15:51:36,401 - INFO - Paper 97932426: analyzed 14 sections with 30 summary sentences
2025-04-21 15:51:36,721 - INFO - Paper 80262838: analyzed 16 sections with 26 summary sentences
2025-04-21 15:51:37,155 - INFO - Paper 10218080: analyzed 22 sections with 15 summary sentences
2025-04-21 15:51:37,787 - INFO - Paper 76817909: analyzed 17 sections with 23 summary sentences
2025-04-21 15:51:38,950 - INFO - Paper 96308075: analyzed 27 sections with 39 summary sentences
2025-04-21 15:51:39,417 - INFO - Paper 97592875: analyzed 18 sections with 11 summary sentences
2025-04-21 15:51:39,417 - ERROR - Error analyzing paper 97592875: Object of type int64 is not JSON serializable
2025-04-21 15:51:39,701 - INFO - Paper 69119323: analyzed 13 sections with 14 summary sentences
2025-04-21 15:51:40,056 - INFO - Paper 7904666: analyzed 14 sections with 10 summary sentences
2025-04-21 15:51:41,329 - INFO - Paper 87041789: analyzed 26 sections with 50 summary sentences
2025-04-21 15:51:41,774 - INFO - Paper 81916449: analyzed 18 sections with 24 summary sentences
2025-04-21 15:51:42,274 - INFO - Paper 2852538: analyzed 13 sections with 48 summary sentences
2025-04-21 15:51:42,641 - INFO - Paper 62996279: analyzed 9 sections with 15 summary sentences
2025-04-21 15:51:42,814 - INFO - Paper 18304114: analyzed 7 sections with 14 summary sentences
2025-04-21 15:51:43,550 - INFO - Paper 87827594: analyzed 15 sections with 30 summary sentences
2025-04-21 15:51:43,928 - INFO - Paper 43280550: analyzed 20 sections with 28 summary sentences
2025-04-21 15:51:44,205 - INFO - Paper 99878837: analyzed 12 sections with 26 summary sentences
2025-04-21 15:51:44,206 - ERROR - Error analyzing paper 99878837: Object of type int64 is not JSON serializable
2025-04-21 15:51:45,131 - INFO - Paper 263861: analyzed 25 sections with 61 summary sentences
2025-04-21 15:51:45,388 - INFO - Paper 39357436: analyzed 15 sections with 16 summary sentences
2025-04-21 15:51:46,150 - INFO - Paper 82626355: analyzed 15 sections with 57 summary sentences
2025-04-21 15:51:46,383 - INFO - Paper 39353178: analyzed 6 sections with 34 summary sentences
2025-04-21 15:51:46,867 - INFO - Paper 86508243: analyzed 17 sections with 61 summary sentences
2025-04-21 15:51:47,251 - INFO - Paper 63758896: analyzed 19 sections with 14 summary sentences
2025-04-21 15:51:47,831 - INFO - Paper 72529720: analyzed 14 sections with 77 summary sentences
2025-04-21 15:51:48,086 - INFO - Paper 63531440: analyzed 10 sections with 12 summary sentences
2025-04-21 15:51:48,536 - INFO - Paper 15643187: analyzed 19 sections with 35 summary sentences
2025-04-21 15:51:48,537 - WARNING - No sections found in paper
2025-04-21 15:51:48,537 - INFO - Paper 82821959: analyzed 0 sections with 36 summary sentences
2025-04-21 15:51:48,537 - ERROR - Error analyzing paper 82821959: Object of type int64 is not JSON serializable
2025-04-21 15:51:48,952 - INFO - Paper 47257042: analyzed 27 sections with 16 summary sentences
2025-04-21 15:51:49,712 - INFO - Paper 33126132: analyzed 15 sections with 38 summary sentences
2025-04-21 15:51:51,146 - INFO - Paper 81780960: analyzed 39 sections with 50 summary sentences
2025-04-21 15:51:51,492 - INFO - Paper 30485653: analyzed 9 sections with 70 summary sentences
2025-04-21 15:51:51,493 - WARNING - No sections found in paper
2025-04-21 15:51:51,493 - INFO - Paper 36197895: analyzed 0 sections with 55 summary sentences
2025-04-21 15:51:51,494 - WARNING - No sections found in paper
2025-04-21 15:51:51,494 - INFO - Paper 68340528: analyzed 0 sections with 55 summary sentences
2025-04-21 15:51:52,390 - INFO - Paper 68399070: analyzed 23 sections with 68 summary sentences
2025-04-21 15:51:53,038 - INFO - Paper 23942242: analyzed 14 sections with 43 summary sentences
2025-04-21 15:51:53,522 - INFO - Paper 30905451: analyzed 33 sections with 15 summary sentences
2025-04-21 15:51:53,654 - INFO - Paper 38469042: analyzed 2 sections with 47 summary sentences
2025-04-21 15:51:53,655 - ERROR - Error analyzing paper 38469042: Object of type int64 is not JSON serializable
2025-04-21 15:51:54,188 - INFO - Paper 96002700: analyzed 15 sections with 42 summary sentences
2025-04-21 15:51:54,863 - INFO - Paper 35247822: analyzed 22 sections with 38 summary sentences
2025-04-21 15:51:55,144 - INFO - Paper 85933068: analyzed 15 sections with 14 summary sentences
2025-04-21 15:51:55,653 - INFO - Paper 38830210: analyzed 17 sections with 15 summary sentences
2025-04-21 15:51:56,472 - INFO - Paper 82220044: analyzed 17 sections with 39 summary sentences
2025-04-21 15:51:57,337 - INFO - Paper 45518901: analyzed 18 sections with 65 summary sentences
2025-04-21 15:51:57,738 - INFO - Paper 86423785: analyzed 13 sections with 23 summary sentences
2025-04-21 15:51:57,739 - WARNING - No sections found in paper
2025-04-21 15:51:57,739 - INFO - Paper 88655260: analyzed 0 sections with 54 summary sentences
2025-04-21 15:51:58,074 - INFO - Paper 43687503: analyzed 5 sections with 26 summary sentences
2025-04-21 15:51:58,297 - INFO - Paper 70335565: analyzed 5 sections with 35 summary sentences
2025-04-21 15:51:58,297 - ERROR - Error analyzing paper 70335565: Object of type int64 is not JSON serializable
2025-04-21 15:51:58,661 - INFO - Paper 72788236: analyzed 18 sections with 18 summary sentences
2025-04-21 15:51:58,662 - WARNING - No sections found in paper
2025-04-21 15:51:58,662 - INFO - Paper 49139111: analyzed 0 sections with 49 summary sentences
2025-04-21 15:51:59,704 - INFO - Paper 30995172: analyzed 29 sections with 52 summary sentences
2025-04-21 15:52:00,119 - INFO - Paper 26955055: analyzed 16 sections with 21 summary sentences
2025-04-21 15:52:00,872 - INFO - Paper 26277001: analyzed 25 sections with 31 summary sentences
2025-04-21 15:52:01,190 - INFO - Paper 12279648: analyzed 11 sections with 12 summary sentences
2025-04-21 15:52:02,246 - INFO - Paper 31021586: analyzed 24 sections with 62 summary sentences
2025-04-21 15:52:02,836 - INFO - Paper 11418476: analyzed 17 sections with 40 summary sentences
2025-04-21 15:52:03,427 - INFO - Paper 14310989: analyzed 11 sections with 23 summary sentences
2025-04-21 15:52:04,470 - INFO - Paper 76874430: analyzed 22 sections with 64 summary sentences
2025-04-21 15:52:04,470 - ERROR - Error analyzing paper 76874430: Object of type int64 is not JSON serializable
2025-04-21 15:52:04,678 - INFO - Paper 79512250: analyzed 12 sections with 15 summary sentences
2025-04-21 15:52:04,973 - INFO - Paper 35973587: analyzed 11 sections with 37 summary sentences
2025-04-21 15:52:05,339 - INFO - Paper 38867178: analyzed 22 sections with 13 summary sentences
2025-04-21 15:52:06,223 - INFO - Paper 25766140: analyzed 14 sections with 52 summary sentences
2025-04-21 15:52:06,224 - WARNING - No sections found in paper
2025-04-21 15:52:06,225 - INFO - Paper 92615357: analyzed 0 sections with 56 summary sentences
2025-04-21 15:52:06,684 - INFO - Paper 44210578: analyzed 14 sections with 30 summary sentences
2025-04-21 15:52:07,106 - INFO - Paper 59277766: analyzed 14 sections with 38 summary sentences
2025-04-21 15:52:07,385 - INFO - Paper 45043151: analyzed 8 sections with 42 summary sentences
2025-04-21 15:52:07,386 - WARNING - No sections found in paper
2025-04-21 15:52:07,386 - INFO - Paper 65756728: analyzed 0 sections with 43 summary sentences
2025-04-21 15:52:07,789 - INFO - Paper 15757806: analyzed 15 sections with 39 summary sentences
2025-04-21 15:52:07,789 - ERROR - Error analyzing paper 15757806: Object of type int64 is not JSON serializable
2025-04-21 15:52:07,790 - WARNING - No sections found in paper
2025-04-21 15:52:07,790 - INFO - Paper 13040160: analyzed 0 sections with 37 summary sentences
2025-04-21 15:52:08,213 - INFO - Paper 19173630: analyzed 10 sections with 79 summary sentences
2025-04-21 15:52:09,215 - INFO - Paper 78412080: analyzed 27 sections with 53 summary sentences
2025-04-21 15:52:09,215 - WARNING - No sections found in paper
2025-04-21 15:52:09,215 - INFO - Paper 99440206: analyzed 0 sections with 8 summary sentences
2025-04-21 15:52:09,773 - INFO - Paper 47698609: analyzed 10 sections with 25 summary sentences
2025-04-21 15:52:10,748 - INFO - Paper 60253398: analyzed 22 sections with 62 summary sentences
2025-04-21 15:52:11,299 - INFO - Paper 40774761: analyzed 31 sections with 5 summary sentences
2025-04-21 15:52:12,634 - INFO - Paper 84655302: analyzed 37 sections with 51 summary sentences
2025-04-21 15:52:12,955 - INFO - Paper 70691684: analyzed 16 sections with 10 summary sentences
2025-04-21 15:52:13,527 - INFO - Paper 53809041: analyzed 21 sections with 20 summary sentences
2025-04-21 15:52:13,527 - ERROR - Error analyzing paper 53809041: Object of type int64 is not JSON serializable
2025-04-21 15:52:14,045 - INFO - Paper 5262509: analyzed 36 sections with 7 summary sentences
2025-04-21 15:52:14,355 - INFO - Paper 49439664: analyzed 13 sections with 14 summary sentences
2025-04-21 15:52:15,372 - INFO - Paper 87411149: analyzed 24 sections with 60 summary sentences
2025-04-21 15:52:15,896 - INFO - Paper 17409856: analyzed 18 sections with 31 summary sentences
2025-04-21 15:52:16,325 - INFO - Paper 30789903: analyzed 15 sections with 21 summary sentences
2025-04-21 15:52:16,912 - INFO - Paper 8264189: analyzed 18 sections with 39 summary sentences
2025-04-21 15:52:17,200 - INFO - Paper 80004741: analyzed 16 sections with 11 summary sentences
2025-04-21 15:52:17,750 - INFO - Paper 32533290: analyzed 10 sections with 65 summary sentences
2025-04-21 15:52:18,018 - INFO - Paper 8136900: analyzed 12 sections with 10 summary sentences
2025-04-21 15:52:18,709 - INFO - Paper 518237: analyzed 17 sections with 62 summary sentences
2025-04-21 15:52:18,710 - ERROR - Error analyzing paper 518237: Object of type int64 is not JSON serializable
2025-04-21 15:52:19,015 - INFO - Paper 77737945: analyzed 16 sections with 20 summary sentences
2025-04-21 15:52:19,383 - INFO - Paper 18322264: analyzed 16 sections with 22 summary sentences
2025-04-21 15:52:19,637 - INFO - Paper 16973018: analyzed 9 sections with 16 summary sentences
2025-04-21 15:52:19,638 - WARNING - No sections found in paper
2025-04-21 15:52:19,638 - INFO - Paper 76635514: analyzed 0 sections with 44 summary sentences
2025-04-21 15:52:20,256 - INFO - Paper 79471009: analyzed 17 sections with 31 summary sentences
2025-04-21 15:52:20,778 - INFO - Paper 65102009: analyzed 13 sections with 33 summary sentences
2025-04-21 15:52:20,779 - WARNING - No sections found in paper
2025-04-21 15:52:20,779 - INFO - Paper 35377831: analyzed 0 sections with 62 summary sentences
2025-04-21 15:52:20,780 - WARNING - No sections found in paper
2025-04-21 15:52:20,780 - INFO - Paper 77534612: analyzed 0 sections with 13 summary sentences
2025-04-21 15:52:21,122 - INFO - Paper 6799048: analyzed 17 sections with 13 summary sentences
2025-04-21 15:52:22,008 - INFO - Paper 66357293: analyzed 22 sections with 57 summary sentences
2025-04-21 15:52:22,008 - ERROR - Error analyzing paper 66357293: Object of type int64 is not JSON serializable
2025-04-21 15:52:22,719 - INFO - Paper 32338938: analyzed 17 sections with 50 summary sentences
2025-04-21 15:52:23,266 - INFO - Paper 79305631: analyzed 13 sections with 59 summary sentences
2025-04-21 15:52:23,495 - INFO - Paper 17980043: analyzed 12 sections with 12 summary sentences
2025-04-21 15:52:24,086 - INFO - Paper 66112363: analyzed 11 sections with 49 summary sentences
2025-04-21 15:52:24,818 - INFO - Paper 42443464: analyzed 25 sections with 24 summary sentences
2025-04-21 15:52:25,984 - INFO - Paper 16027177: analyzed 19 sections with 62 summary sentences
2025-04-21 15:52:26,686 - INFO - Paper 66912872: analyzed 17 sections with 54 summary sentences
2025-04-21 15:52:27,305 - INFO - Paper 24824894: analyzed 14 sections with 53 summary sentences
2025-04-21 15:52:27,617 - INFO - Paper 75937139: analyzed 10 sections with 39 summary sentences
2025-04-21 15:52:27,975 - INFO - Paper 71425952: analyzed 7 sections with 11 summary sentences
2025-04-21 15:52:27,975 - ERROR - Error analyzing paper 71425952: Object of type int64 is not JSON serializable
2025-04-21 15:52:28,094 - INFO - Paper 37775721: analyzed 7 sections with 10 summary sentences
2025-04-21 15:52:28,417 - INFO - Paper 26515037: analyzed 16 sections with 25 summary sentences
2025-04-21 15:52:28,574 - INFO - Paper 99668388: analyzed 9 sections with 16 summary sentences
2025-04-21 15:52:29,432 - INFO - Paper 90421095: analyzed 26 sections with 49 summary sentences
2025-04-21 15:52:29,563 - INFO - Paper 69537377: analyzed 9 sections with 11 summary sentences
2025-04-21 15:52:29,742 - INFO - Paper 16280529: analyzed 4 sections with 21 summary sentences
2025-04-21 15:52:29,743 - WARNING - No sections found in paper
2025-04-21 15:52:29,744 - INFO - Paper 13793499: analyzed 0 sections with 50 summary sentences
2025-04-21 15:52:30,036 - INFO - Paper 49519055: analyzed 14 sections with 12 summary sentences
2025-04-21 15:52:30,037 - WARNING - No sections found in paper
2025-04-21 15:52:30,037 - INFO - Paper 23313716: analyzed 0 sections with 60 summary sentences
2025-04-21 15:52:30,421 - INFO - Paper 37010180: analyzed 11 sections with 61 summary sentences
2025-04-21 15:52:30,421 - ERROR - Error analyzing paper 37010180: Object of type int64 is not JSON serializable
2025-04-21 15:52:30,918 - INFO - Paper 47686356: analyzed 12 sections with 28 summary sentences
2025-04-21 15:52:31,180 - INFO - Paper 3517250: analyzed 11 sections with 15 summary sentences
2025-04-21 15:52:31,751 - INFO - Paper 47723293: analyzed 22 sections with 37 summary sentences
2025-04-21 15:52:32,032 - INFO - Paper 18521109: analyzed 7 sections with 35 summary sentences
2025-04-21 15:52:32,196 - INFO - Paper 62769214: analyzed 8 sections with 25 summary sentences
2025-04-21 15:52:32,197 - WARNING - No sections found in paper
2025-04-21 15:52:32,197 - INFO - Paper 88969640: analyzed 0 sections with 18 summary sentences
2025-04-21 15:52:37,228 - INFO - Paper 73424952: analyzed 285 sections with 6 summary sentences
2025-04-21 15:52:37,538 - INFO - Paper 89581601: analyzed 9 sections with 27 summary sentences
2025-04-21 15:52:38,144 - INFO - Paper 42731227: analyzed 19 sections with 9 summary sentences
2025-04-21 15:52:38,553 - INFO - Paper 597051: analyzed 11 sections with 55 summary sentences
2025-04-21 15:52:38,553 - ERROR - Error analyzing paper 597051: Object of type int64 is not JSON serializable
2025-04-21 15:52:38,854 - INFO - Paper 21919380: analyzed 13 sections with 18 summary sentences
2025-04-21 15:52:39,896 - INFO - Paper 51254358: analyzed 24 sections with 50 summary sentences
2025-04-21 15:52:40,273 - INFO - Paper 36272485: analyzed 11 sections with 38 summary sentences
2025-04-21 15:52:40,824 - INFO - Paper 43650136: analyzed 15 sections with 34 summary sentences
2025-04-21 15:52:41,241 - INFO - Paper 69481324: analyzed 12 sections with 21 summary sentences
2025-04-21 15:52:41,717 - INFO - Paper 57934330: analyzed 16 sections with 9 summary sentences
2025-04-21 15:52:42,181 - INFO - Paper 8601517: analyzed 15 sections with 36 summary sentences
2025-04-21 15:52:42,183 - WARNING - No sections found in paper
2025-04-21 15:52:42,183 - INFO - Paper 49333267: analyzed 0 sections with 60 summary sentences
2025-04-21 15:52:42,511 - INFO - Paper 94730041: analyzed 12 sections with 25 summary sentences
2025-04-21 15:52:42,831 - INFO - Paper 24950879: analyzed 13 sections with 20 summary sentences
2025-04-21 15:52:42,831 - ERROR - Error analyzing paper 24950879: Object of type int64 is not JSON serializable
2025-04-21 15:52:43,195 - INFO - Paper 74164301: analyzed 19 sections with 24 summary sentences
2025-04-21 15:52:43,716 - INFO - Paper 59320034: analyzed 16 sections with 26 summary sentences
2025-04-21 15:52:43,981 - INFO - Paper 21532550: analyzed 12 sections with 10 summary sentences
2025-04-21 15:52:44,863 - INFO - Paper 21145042: analyzed 19 sections with 62 summary sentences
2025-04-21 15:52:45,211 - INFO - Paper 52492536: analyzed 11 sections with 34 summary sentences
2025-04-21 15:52:45,557 - INFO - Paper 92451519: analyzed 12 sections with 17 summary sentences
2025-04-21 15:52:45,760 - INFO - Paper 86675541: analyzed 5 sections with 38 summary sentences
2025-04-21 15:52:46,202 - INFO - Paper 16057781: analyzed 12 sections with 35 summary sentences
2025-04-21 15:52:46,757 - INFO - Paper 12239056: analyzed 12 sections with 75 summary sentences
2025-04-21 15:52:46,759 - WARNING - No sections found in paper
2025-04-21 15:52:46,759 - INFO - Paper 17754953: analyzed 0 sections with 59 summary sentences
2025-04-21 15:52:46,759 - ERROR - Error analyzing paper 17754953: Object of type int64 is not JSON serializable
2025-04-21 15:52:47,071 - INFO - Paper 50897768: analyzed 10 sections with 52 summary sentences
2025-04-21 15:52:47,289 - INFO - Paper 17675091: analyzed 6 sections with 50 summary sentences
2025-04-21 15:52:47,990 - INFO - Paper 37263635: analyzed 18 sections with 48 summary sentences
2025-04-21 15:52:48,358 - INFO - Paper 16973657: analyzed 16 sections with 18 summary sentences
2025-04-21 15:52:48,897 - INFO - Paper 46416317: analyzed 18 sections with 27 summary sentences
2025-04-21 15:52:49,602 - INFO - Paper 69694249: analyzed 27 sections with 22 summary sentences
2025-04-21 15:52:50,183 - INFO - Paper 61360879: analyzed 20 sections with 28 summary sentences
2025-04-21 15:52:51,054 - INFO - Paper 97923725: analyzed 21 sections with 36 summary sentences
2025-04-21 15:52:51,368 - INFO - Paper 35928796: analyzed 7 sections with 46 summary sentences
2025-04-21 15:52:52,225 - INFO - Paper 23675750: analyzed 23 sections with 61 summary sentences
2025-04-21 15:52:52,225 - ERROR - Error analyzing paper 23675750: Object of type int64 is not JSON serializable
2025-04-21 15:52:52,226 - WARNING - No sections found in paper
2025-04-21 15:52:52,226 - INFO - Paper 85505359: analyzed 0 sections with 56 summary sentences
2025-04-21 15:52:53,374 - INFO - Paper 99384474: analyzed 25 sections with 63 summary sentences
2025-04-21 15:52:53,945 - INFO - Paper 31183232: analyzed 17 sections with 17 summary sentences
2025-04-21 15:52:54,331 - INFO - Paper 30189879: analyzed 16 sections with 34 summary sentences
2025-04-21 15:52:54,999 - INFO - Paper 68635574: analyzed 21 sections with 16 summary sentences
2025-04-21 15:52:55,748 - INFO - Paper 84480736: analyzed 19 sections with 52 summary sentences
2025-04-21 15:52:55,750 - WARNING - No sections found in paper
2025-04-21 15:52:55,750 - INFO - Paper 28037079: analyzed 0 sections with 51 summary sentences
2025-04-21 15:52:56,428 - INFO - Paper 52208833: analyzed 26 sections with 42 summary sentences
2025-04-21 15:52:56,884 - INFO - Paper 15062404: analyzed 14 sections with 41 summary sentences
2025-04-21 15:52:57,278 - INFO - Paper 81535007: analyzed 13 sections with 16 summary sentences
2025-04-21 15:52:57,278 - ERROR - Error analyzing paper 81535007: Object of type int64 is not JSON serializable
2025-04-21 15:52:57,844 - INFO - Paper 11790475: analyzed 20 sections with 11 summary sentences
2025-04-21 15:52:58,169 - INFO - Paper 4728464: analyzed 12 sections with 34 summary sentences
2025-04-21 15:52:58,953 - INFO - Paper 63188694: analyzed 21 sections with 59 summary sentences
2025-04-21 15:52:59,704 - INFO - Paper 48091191: analyzed 16 sections with 40 summary sentences
2025-04-21 15:52:59,705 - WARNING - No sections found in paper
2025-04-21 15:52:59,705 - INFO - Paper 92908954: analyzed 0 sections with 33 summary sentences
2025-04-21 15:53:00,658 - INFO - Paper 24928430: analyzed 19 sections with 33 summary sentences
2025-04-21 15:53:01,379 - INFO - Paper 54139177: analyzed 25 sections with 24 summary sentences
2025-04-21 15:53:01,950 - INFO - Paper 4353776: analyzed 20 sections with 25 summary sentences
2025-04-21 15:53:01,951 - WARNING - No sections found in paper
2025-04-21 15:53:01,952 - INFO - Paper 37135417: analyzed 0 sections with 48 summary sentences
2025-04-21 15:53:03,236 - INFO - Paper 39038842: analyzed 34 sections with 59 summary sentences
2025-04-21 15:53:03,236 - ERROR - Error analyzing paper 39038842: Object of type int64 is not JSON serializable
2025-04-21 15:53:04,132 - INFO - Paper 13655370: analyzed 11 sections with 54 summary sentences
2025-04-21 15:53:04,569 - INFO - Paper 75389943: analyzed 19 sections with 25 summary sentences
2025-04-21 15:53:05,115 - INFO - Paper 50538257: analyzed 19 sections with 26 summary sentences
2025-04-21 15:53:05,257 - INFO - Paper 25809281: analyzed 11 sections with 7 summary sentences
2025-04-21 15:53:05,968 - INFO - Paper 21050319: analyzed 20 sections with 50 summary sentences
2025-04-21 15:53:06,355 - INFO - Paper 435175: analyzed 22 sections with 17 summary sentences
2025-04-21 15:53:06,490 - INFO - Paper 12711637: analyzed 8 sections with 15 summary sentences
2025-04-21 15:53:06,862 - INFO - Paper 8799962: analyzed 12 sections with 16 summary sentences
2025-04-21 15:53:07,344 - INFO - Paper 73414525: analyzed 18 sections with 33 summary sentences
2025-04-21 15:53:07,885 - INFO - Paper 11112277: analyzed 18 sections with 51 summary sentences
2025-04-21 15:53:07,885 - ERROR - Error analyzing paper 11112277: Object of type int64 is not JSON serializable
2025-04-21 15:53:07,886 - WARNING - No sections found in paper
2025-04-21 15:53:07,886 - INFO - Paper 47798365: analyzed 0 sections with 8 summary sentences
2025-04-21 15:53:08,258 - INFO - Paper 30621133: analyzed 14 sections with 39 summary sentences
2025-04-21 15:53:08,501 - INFO - Paper 56843191: analyzed 12 sections with 11 summary sentences
2025-04-21 15:53:09,121 - INFO - Paper 5681713: analyzed 29 sections with 9 summary sentences
2025-04-21 15:53:09,808 - INFO - Paper 45612165: analyzed 19 sections with 46 summary sentences
2025-04-21 15:53:10,551 - INFO - Paper 4830217: analyzed 12 sections with 43 summary sentences
2025-04-21 15:53:10,946 - INFO - Paper 67930407: analyzed 17 sections with 20 summary sentences
2025-04-21 15:53:11,291 - INFO - Paper 37171167: analyzed 11 sections with 23 summary sentences
2025-04-21 15:53:11,539 - INFO - Paper 29962756: analyzed 14 sections with 15 summary sentences
2025-04-21 15:53:11,540 - WARNING - No sections found in paper
2025-04-21 15:53:11,540 - INFO - Paper 81001972: analyzed 0 sections with 48 summary sentences
2025-04-21 15:53:11,540 - ERROR - Error analyzing paper 81001972: Object of type int64 is not JSON serializable
2025-04-21 15:53:12,172 - INFO - Paper 82043898: analyzed 10 sections with 34 summary sentences
2025-04-21 15:53:12,726 - INFO - Paper 98757756: analyzed 13 sections with 53 summary sentences
2025-04-21 15:53:13,539 - INFO - Paper 66006367: analyzed 39 sections with 22 summary sentences
2025-04-21 15:53:14,457 - INFO - Paper 88246188: analyzed 14 sections with 87 summary sentences
2025-04-21 15:53:14,835 - INFO - Paper 2905851: analyzed 18 sections with 21 summary sentences
2025-04-21 15:53:15,272 - INFO - Paper 15765418: analyzed 15 sections with 18 summary sentences
2025-04-21 15:53:15,273 - WARNING - No sections found in paper
2025-04-21 15:53:15,273 - INFO - Paper 89628084: analyzed 0 sections with 63 summary sentences
2025-04-21 15:53:15,274 - WARNING - No sections found in paper
2025-04-21 15:53:15,274 - INFO - Paper 28727146: analyzed 0 sections with 51 summary sentences
2025-04-21 15:53:15,537 - INFO - Paper 26473847: analyzed 10 sections with 32 summary sentences
2025-04-21 15:53:16,180 - INFO - Paper 10587146: analyzed 13 sections with 62 summary sentences
2025-04-21 15:53:16,180 - ERROR - Error analyzing paper 10587146: Object of type int64 is not JSON serializable
2025-04-21 15:53:16,438 - INFO - Paper 69013017: analyzed 7 sections with 62 summary sentences
2025-04-21 15:53:17,643 - INFO - Paper 67696398: analyzed 32 sections with 49 summary sentences
2025-04-21 15:53:18,088 - INFO - Paper 36679338: analyzed 27 sections with 10 summary sentences
2025-04-21 15:53:18,089 - WARNING - No sections found in paper
2025-04-21 15:53:18,089 - INFO - Paper 58874274: analyzed 0 sections with 15 summary sentences
2025-04-21 15:53:18,556 - INFO - Paper 47469397: analyzed 17 sections with 25 summary sentences
2025-04-21 15:53:18,823 - INFO - Paper 94015576: analyzed 11 sections with 13 summary sentences
2025-04-21 15:53:18,824 - WARNING - No sections found in paper
2025-04-21 15:53:18,824 - INFO - Paper 75962230: analyzed 0 sections with 47 summary sentences
2025-04-21 15:53:19,247 - INFO - Paper 7415123: analyzed 18 sections with 26 summary sentences
2025-04-21 15:53:20,618 - INFO - Paper 11313245: analyzed 30 sections with 63 summary sentences
2025-04-21 15:53:20,900 - INFO - Paper 2774914: analyzed 14 sections with 15 summary sentences
2025-04-21 15:53:20,900 - ERROR - Error analyzing paper 2774914: Object of type int64 is not JSON serializable
2025-04-21 15:53:21,156 - INFO - Paper 42045072: analyzed 13 sections with 28 summary sentences
2025-04-21 15:53:22,307 - INFO - Paper 71546396: analyzed 25 sections with 51 summary sentences
2025-04-21 15:53:22,578 - INFO - Paper 55410278: analyzed 13 sections with 39 summary sentences
2025-04-21 15:53:23,614 - INFO - Paper 87460557: analyzed 27 sections with 27 summary sentences
2025-04-21 15:53:24,026 - INFO - Paper 29474820: analyzed 10 sections with 63 summary sentences
2025-04-21 15:53:24,027 - WARNING - No sections found in paper
2025-04-21 15:53:24,027 - INFO - Paper 3913778: analyzed 0 sections with 41 summary sentences
2025-04-21 15:53:24,355 - INFO - Paper 91929013: analyzed 13 sections with 26 summary sentences
2025-04-21 15:53:24,899 - INFO - Paper 39382584: analyzed 19 sections with 44 summary sentences
2025-04-21 15:53:26,181 - INFO - Paper 90525296: analyzed 23 sections with 49 summary sentences
2025-04-21 15:53:26,681 - INFO - Paper 91325283: analyzed 12 sections with 40 summary sentences
2025-04-21 15:53:26,681 - ERROR - Error analyzing paper 91325283: Object of type int64 is not JSON serializable
2025-04-21 15:53:27,562 - INFO - Paper 32560739: analyzed 38 sections with 11 summary sentences
2025-04-21 15:53:28,695 - INFO - Paper 44148071: analyzed 28 sections with 35 summary sentences
2025-04-21 15:53:29,097 - INFO - Paper 63848470: analyzed 15 sections with 20 summary sentences
2025-04-21 15:53:29,379 - INFO - Paper 1540690: analyzed 12 sections with 20 summary sentences
2025-04-21 15:53:30,008 - INFO - Paper 67744436: analyzed 18 sections with 74 summary sentences
2025-04-21 15:53:30,355 - INFO - Paper 8784223: analyzed 12 sections with 41 summary sentences
2025-04-21 15:53:30,998 - INFO - Paper 61558513: analyzed 18 sections with 35 summary sentences
2025-04-21 15:53:31,281 - INFO - Paper 47397989: analyzed 13 sections with 29 summary sentences
2025-04-21 15:53:31,629 - INFO - Paper 93460473: analyzed 15 sections with 27 summary sentences
2025-04-21 15:53:32,017 - INFO - Paper 22528856: analyzed 19 sections with 13 summary sentences
2025-04-21 15:53:32,017 - ERROR - Error analyzing paper 22528856: Object of type int64 is not JSON serializable
2025-04-21 15:53:32,018 - WARNING - No sections found in paper
2025-04-21 15:53:32,018 - INFO - Paper 93544751: analyzed 0 sections with 24 summary sentences
2025-04-21 15:53:32,625 - INFO - Paper 4536127: analyzed 16 sections with 64 summary sentences
2025-04-21 15:53:33,253 - INFO - Paper 6726365: analyzed 27 sections with 28 summary sentences
2025-04-21 15:53:34,015 - INFO - Paper 74193008: analyzed 14 sections with 38 summary sentences
2025-04-21 15:53:34,408 - INFO - Paper 66403710: analyzed 22 sections with 16 summary sentences
2025-04-21 15:53:35,001 - INFO - Paper 42200029: analyzed 13 sections with 56 summary sentences
2025-04-21 15:53:35,899 - INFO - Paper 45601881: analyzed 18 sections with 50 summary sentences
2025-04-21 15:53:36,252 - INFO - Paper 2577868: analyzed 16 sections with 19 summary sentences
2025-04-21 15:53:37,057 - INFO - Paper 89767636: analyzed 34 sections with 27 summary sentences
2025-04-21 15:53:38,147 - INFO - Paper 46507565: analyzed 25 sections with 63 summary sentences
2025-04-21 15:53:38,147 - ERROR - Error analyzing paper 46507565: Object of type int64 is not JSON serializable
2025-04-21 15:53:39,087 - INFO - Paper 7305163: analyzed 23 sections with 52 summary sentences
2025-04-21 15:53:39,247 - INFO - Paper 81262575: analyzed 7 sections with 18 summary sentences
2025-04-21 15:53:39,495 - INFO - Paper 65062778: analyzed 9 sections with 11 summary sentences
2025-04-21 15:53:39,781 - INFO - Paper 57983162: analyzed 8 sections with 44 summary sentences
2025-04-21 15:53:40,244 - INFO - Paper 87885377: analyzed 15 sections with 38 summary sentences
2025-04-21 15:53:40,469 - INFO - Paper 98781755: analyzed 8 sections with 14 summary sentences
2025-04-21 15:53:40,995 - INFO - Paper 20550713: analyzed 18 sections with 10 summary sentences
2025-04-21 15:53:40,996 - WARNING - No sections found in paper
2025-04-21 15:53:40,996 - INFO - Paper 74261188: analyzed 0 sections with 19 summary sentences
2025-04-21 15:53:41,241 - INFO - Paper 53721399: analyzed 9 sections with 30 summary sentences
2025-04-21 15:53:42,516 - INFO - Paper 36051826: analyzed 34 sections with 59 summary sentences
2025-04-21 15:53:42,516 - ERROR - Error analyzing paper 36051826: Object of type int64 is not JSON serializable
2025-04-21 15:53:43,997 - INFO - Paper 11791786: analyzed 28 sections with 57 summary sentences
2025-04-21 15:53:44,716 - INFO - Paper 45765062: analyzed 16 sections with 53 summary sentences
2025-04-21 15:53:44,916 - INFO - Paper 81465314: analyzed 11 sections with 7 summary sentences
2025-04-21 15:53:45,159 - INFO - Paper 32248697: analyzed 10 sections with 24 summary sentences
2025-04-21 15:53:45,428 - INFO - Paper 42851012: analyzed 16 sections with 13 summary sentences
2025-04-21 15:53:46,090 - INFO - Paper 66883240: analyzed 16 sections with 38 summary sentences
2025-04-21 15:53:47,157 - INFO - Paper 5225266: analyzed 24 sections with 65 summary sentences
2025-04-21 15:53:47,443 - INFO - Paper 11836666: analyzed 10 sections with 24 summary sentences
2025-04-21 15:53:48,229 - INFO - Paper 40771210: analyzed 20 sections with 56 summary sentences
2025-04-21 15:53:49,025 - INFO - Paper 63621777: analyzed 11 sections with 56 summary sentences
2025-04-21 15:53:49,025 - ERROR - Error analyzing paper 63621777: Object of type int64 is not JSON serializable
2025-04-21 15:53:50,118 - INFO - Paper 39674358: analyzed 30 sections with 58 summary sentences
2025-04-21 15:53:50,120 - WARNING - No sections found in paper
2025-04-21 15:53:50,120 - INFO - Paper 66302705: analyzed 0 sections with 54 summary sentences
2025-04-21 15:53:50,720 - INFO - Paper 50438213: analyzed 25 sections with 16 summary sentences
2025-04-21 15:53:52,190 - INFO - Paper 61298922: analyzed 39 sections with 64 summary sentences
2025-04-21 15:53:52,191 - WARNING - No sections found in paper
2025-04-21 15:53:52,191 - INFO - Paper 13187019: analyzed 0 sections with 34 summary sentences
2025-04-21 15:53:52,626 - INFO - Paper 60887948: analyzed 18 sections with 29 summary sentences
2025-04-21 15:53:52,627 - WARNING - No sections found in paper
2025-04-21 15:53:52,627 - INFO - Paper 37479343: analyzed 0 sections with 60 summary sentences
2025-04-21 15:53:54,192 - INFO - Paper 91451160: analyzed 24 sections with 39 summary sentences
2025-04-21 15:53:54,425 - INFO - Paper 71225651: analyzed 10 sections with 24 summary sentences
2025-04-21 15:53:54,945 - INFO - Paper 90011197: analyzed 27 sections with 18 summary sentences
2025-04-21 15:53:54,946 - ERROR - Error analyzing paper 90011197: Object of type int64 is not JSON serializable
2025-04-21 15:53:55,095 - INFO - Paper 22127536: analyzed 8 sections with 18 summary sentences
2025-04-21 15:53:55,096 - WARNING - No sections found in paper
2025-04-21 15:53:55,096 - INFO - Paper 6827132: analyzed 0 sections with 37 summary sentences
2025-04-21 15:53:55,379 - INFO - Paper 36779622: analyzed 13 sections with 21 summary sentences
2025-04-21 15:53:55,846 - INFO - Paper 33714440: analyzed 13 sections with 57 summary sentences
2025-04-21 15:53:55,851 - INFO - Saving results to ./jaehyeok/results/sentence_similarity_analysis.json
