2025-04-21 15:07:09,936 - INFO - Loading model: all-MiniLM-L6-v2
2025-04-21 15:07:09,946 - INFO - Use pytorch device_name: cuda:0
2025-04-21 15:07:09,946 - INFO - Load pretrained SentenceTransformer: all-MiniLM-L6-v2
2025-04-21 15:07:12,623 - INFO - Loading papers from ./papers/json_files
2025-04-21 15:07:12,624 - INFO - Loading valid paper IDs
2025-04-21 15:07:12,624 - INFO - Loaded 488 valid paper IDs
2025-04-21 15:07:12,624 - INFO - Found 525 JSON files
2025-04-21 15:07:12,703 - INFO - Loaded 484 papers
2025-04-21 15:07:12,703 - INFO - Loading existing results file
2025-04-21 15:07:12,703 - INFO - No existing results file found, creating new one
2025-04-21 15:07:12,703 - INFO - Loading gold summaries
2025-04-21 15:07:12,703 - INFO - Loading gold summaries from ./abstractive_summaries/id_summary_map.json
2025-04-21 15:07:12,708 - INFO - Loaded 530 gold summaries
2025-04-21 15:07:13,044 - INFO - Paper 58793266: avg similarity = 0.5213 (Sections: 14)
2025-04-21 15:07:13,045 - WARNING - No sections found in paper
2025-04-21 15:07:13,045 - INFO - Paper 82387857: avg similarity = 0.0000 (Sections: 0)
2025-04-21 15:07:13,213 - INFO - Paper 5180208: avg similarity = 0.5536 (Sections: 15)
2025-04-21 15:07:13,251 - INFO - Paper 43791696: avg similarity = 0.4837 (Sections: 1)
2025-04-21 15:07:13,552 - INFO - Paper 78841597: avg similarity = 0.4101 (Sections: 25)
2025-04-21 15:07:13,763 - INFO - Paper 90600191: avg similarity = 0.5878 (Sections: 16)
2025-04-21 15:07:13,934 - INFO - Paper 66226432: avg similarity = 0.5753 (Sections: 13)
2025-04-21 15:07:14,200 - INFO - Paper 64175585: avg similarity = 0.4416 (Sections: 19)
2025-04-21 15:07:14,402 - INFO - Paper 21542239: avg similarity = 0.4303 (Sections: 16)
2025-04-21 15:07:14,556 - INFO - Paper 88049354: avg similarity = 0.5490 (Sections: 12)
2025-04-21 15:07:14,679 - INFO - Paper 1907968: avg similarity = 0.5952 (Sections: 10)
2025-04-21 15:07:14,805 - INFO - Paper 59485457: avg similarity = 0.4310 (Sections: 10)
2025-04-21 15:07:15,113 - INFO - Paper 69976012: avg similarity = 0.4444 (Sections: 26)
2025-04-21 15:07:15,274 - INFO - Paper 86524123: avg similarity = 0.5349 (Sections: 13)
2025-04-21 15:07:15,274 - WARNING - No sections found in paper
2025-04-21 15:07:15,274 - INFO - Paper 48141212: avg similarity = 0.0000 (Sections: 0)
2025-04-21 15:07:15,544 - INFO - Paper 1055799: avg similarity = 0.5120 (Sections: 22)
2025-04-21 15:07:15,712 - INFO - Paper 75442340: avg similarity = 0.4793 (Sections: 13)
2025-04-21 15:07:15,972 - INFO - Paper 41840073: avg similarity = 0.5626 (Sections: 18)
2025-04-21 15:07:15,973 - WARNING - No sections found in paper
2025-04-21 15:07:15,973 - INFO - Paper 187460: avg similarity = 0.0000 (Sections: 0)
2025-04-21 15:07:16,172 - INFO - Paper 29796623: avg similarity = 0.5316 (Sections: 15)
2025-04-21 15:07:16,385 - INFO - Paper 98238949: avg similarity = 0.5710 (Sections: 18)
2025-04-21 15:07:16,503 - INFO - Paper 51450104: avg similarity = 0.5818 (Sections: 10)
2025-04-21 15:07:16,891 - INFO - Paper 43018598: avg similarity = 0.7135 (Sections: 26)
2025-04-21 15:07:17,115 - INFO - Paper 78339451: avg similarity = 0.5185 (Sections: 20)
2025-04-21 15:07:17,236 - INFO - Paper 39570633: avg similarity = 0.5646 (Sections: 10)
2025-04-21 15:07:17,368 - INFO - Paper 87558652: avg similarity = 0.6147 (Sections: 11)
2025-04-21 15:07:17,525 - INFO - Paper 96831204: avg similarity = 0.5788 (Sections: 13)
2025-04-21 15:07:17,696 - INFO - Paper 85853580: avg similarity = 0.5504 (Sections: 14)
2025-04-21 15:07:17,853 - INFO - Paper 97703387: avg similarity = 0.5102 (Sections: 12)
2025-04-21 15:07:18,258 - INFO - Paper 50388820: avg similarity = 0.6348 (Sections: 27)
2025-04-21 15:07:18,451 - INFO - Paper 83248182: avg similarity = 0.2686 (Sections: 16)
2025-04-21 15:07:18,712 - INFO - Paper 99341732: avg similarity = 0.5395 (Sections: 16)
2025-04-21 15:07:18,821 - INFO - Paper 48074885: avg similarity = 0.4440 (Sections: 9)
2025-04-21 15:07:18,944 - INFO - Paper 11006232: avg similarity = 0.5190 (Sections: 8)
2025-04-21 15:07:19,188 - INFO - Paper 63511892: avg similarity = 0.5700 (Sections: 21)
2025-04-21 15:07:19,480 - INFO - Paper 24312671: avg similarity = 0.5054 (Sections: 24)
2025-04-21 15:07:19,672 - INFO - Paper 8363020: avg similarity = 0.6917 (Sections: 14)
2025-04-21 15:07:19,850 - INFO - Paper 23426061: avg similarity = 0.3848 (Sections: 15)
2025-04-21 15:07:20,106 - INFO - Paper 29703573: avg similarity = 0.5700 (Sections: 19)
2025-04-21 15:07:20,391 - INFO - Paper 80421460: avg similarity = 0.5283 (Sections: 20)
2025-04-21 15:07:20,620 - INFO - Paper 45538669: avg similarity = 0.4857 (Sections: 18)
2025-04-21 15:07:20,926 - INFO - Paper 25710556: avg similarity = 0.5182 (Sections: 22)
2025-04-21 15:07:21,039 - INFO - Paper 66099843: avg similarity = 0.4913 (Sections: 9)
2025-04-21 15:07:21,216 - INFO - Paper 23929837: avg similarity = 0.4322 (Sections: 12)
2025-04-21 15:07:21,375 - INFO - Paper 53935450: avg similarity = 0.6688 (Sections: 10)
2025-04-21 15:07:21,512 - INFO - Paper 80897282: avg similarity = 0.6272 (Sections: 13)
2025-04-21 15:07:21,878 - INFO - Paper 6777051: avg similarity = 0.4506 (Sections: 29)
2025-04-21 15:07:21,878 - WARNING - No sections found in paper
2025-04-21 15:07:21,878 - INFO - Paper 27300559: avg similarity = 0.0000 (Sections: 0)
2025-04-21 15:07:22,308 - INFO - Paper 414696: avg similarity = 0.4491 (Sections: 37)
2025-04-21 15:07:22,673 - INFO - Paper 202387: avg similarity = 0.5281 (Sections: 24)
2025-04-21 15:07:22,858 - INFO - Paper 91637218: avg similarity = 0.6278 (Sections: 15)
2025-04-21 15:07:23,030 - INFO - Paper 22546727: avg similarity = 0.5778 (Sections: 15)
2025-04-21 15:07:23,250 - INFO - Paper 56196: avg similarity = 0.4599 (Sections: 17)
2025-04-21 15:07:23,422 - INFO - Paper 89853012: avg similarity = 0.2237 (Sections: 13)
2025-04-21 15:07:23,671 - INFO - Paper 85839366: avg similarity = 0.3320 (Sections: 16)
2025-04-21 15:07:23,854 - INFO - Paper 22744554: avg similarity = 0.6203 (Sections: 13)
2025-04-21 15:07:23,956 - INFO - Paper 19050347: avg similarity = 0.5309 (Sections: 8)
2025-04-21 15:07:24,104 - INFO - Paper 93218559: avg similarity = 0.3693 (Sections: 12)
2025-04-21 15:07:24,303 - INFO - Paper 88548359: avg similarity = 0.5065 (Sections: 16)
2025-04-21 15:07:24,464 - INFO - Paper 35704901: avg similarity = 0.4745 (Sections: 15)
2025-04-21 15:07:24,653 - INFO - Paper 58308538: avg similarity = 0.4352 (Sections: 15)
2025-04-21 15:07:24,960 - INFO - Paper 84548548: avg similarity = 0.4650 (Sections: 23)
2025-04-21 15:07:25,169 - INFO - Paper 62302416: avg similarity = 0.3538 (Sections: 16)
2025-04-21 15:07:25,354 - INFO - Paper 58884367: avg similarity = 0.5661 (Sections: 16)
2025-04-21 15:07:25,474 - INFO - Paper 11684235: avg similarity = 0.6617 (Sections: 9)
2025-04-21 15:07:25,475 - WARNING - No sections found in paper
2025-04-21 15:07:25,475 - INFO - Paper 69502658: avg similarity = 0.0000 (Sections: 0)
2025-04-21 15:07:25,688 - INFO - Paper 68642594: avg similarity = 0.2662 (Sections: 15)
2025-04-21 15:07:25,725 - INFO - Paper 97381495: avg similarity = 0.8701 (Sections: 1)
2025-04-21 15:07:25,937 - INFO - Paper 88532041: avg similarity = 0.5523 (Sections: 18)
2025-04-21 15:07:26,174 - INFO - Paper 82314288: avg similarity = 0.5995 (Sections: 19)
2025-04-21 15:07:26,360 - INFO - Paper 78860785: avg similarity = 0.6139 (Sections: 12)
2025-04-21 15:07:26,576 - INFO - Paper 24753674: avg similarity = 0.4190 (Sections: 16)
2025-04-21 15:07:26,743 - INFO - Paper 36278339: avg similarity = 0.5513 (Sections: 14)
2025-04-21 15:07:26,743 - WARNING - No sections found in paper
2025-04-21 15:07:26,743 - INFO - Paper 78861774: avg similarity = 0.0000 (Sections: 0)
2025-04-21 15:07:26,743 - WARNING - No sections found in paper
2025-04-21 15:07:26,743 - INFO - Paper 26262723: avg similarity = 0.0000 (Sections: 0)
2025-04-21 15:07:26,743 - WARNING - No sections found in paper
2025-04-21 15:07:26,743 - INFO - Paper 85123331: avg similarity = 0.0000 (Sections: 0)
2025-04-21 15:07:26,743 - WARNING - No sections found in paper
2025-04-21 15:07:26,743 - INFO - Paper 93195231: avg similarity = 0.0000 (Sections: 0)
2025-04-21 15:07:27,018 - INFO - Paper 34187605: avg similarity = 0.3248 (Sections: 24)
2025-04-21 15:07:27,260 - INFO - Paper 57956236: avg similarity = 0.5734 (Sections: 18)
2025-04-21 15:07:27,260 - WARNING - No sections found in paper
2025-04-21 15:07:27,260 - INFO - Paper 3855110: avg similarity = 0.0000 (Sections: 0)
2025-04-21 15:07:27,479 - INFO - Paper 16124640: avg similarity = 0.5571 (Sections: 17)
2025-04-21 15:07:27,480 - WARNING - No sections found in paper
2025-04-21 15:07:27,480 - INFO - Paper 93025332: avg similarity = 0.0000 (Sections: 0)
2025-04-21 15:07:27,652 - INFO - Paper 75952682: avg similarity = 0.3714 (Sections: 1)
2025-04-21 15:07:27,653 - WARNING - No sections found in paper
2025-04-21 15:07:27,653 - INFO - Paper 22030520: avg similarity = 0.0000 (Sections: 0)
2025-04-21 15:07:27,733 - INFO - Paper 7590139: avg similarity = 0.5533 (Sections: 6)
2025-04-21 15:07:27,733 - WARNING - No sections found in paper
2025-04-21 15:07:27,733 - INFO - Paper 17601393: avg similarity = 0.0000 (Sections: 0)
2025-04-21 15:07:28,123 - INFO - Paper 53269747: avg similarity = 0.5465 (Sections: 31)
2025-04-21 15:07:28,123 - WARNING - No sections found in paper
2025-04-21 15:07:28,123 - INFO - Paper 11481096: avg similarity = 0.0000 (Sections: 0)
2025-04-21 15:07:28,246 - INFO - Paper 96217072: avg similarity = 0.6737 (Sections: 11)
2025-04-21 15:07:28,246 - WARNING - No sections found in paper
2025-04-21 15:07:28,246 - INFO - Paper 10374612: avg similarity = 0.0000 (Sections: 0)
2025-04-21 15:07:28,424 - INFO - Paper 37796162: avg similarity = 0.5270 (Sections: 16)
2025-04-21 15:07:28,549 - INFO - Paper 4216862: avg similarity = 0.5858 (Sections: 11)
2025-04-21 15:07:28,699 - INFO - Paper 72744034: avg similarity = 0.6518 (Sections: 10)
2025-04-21 15:07:28,833 - INFO - Paper 4647896: avg similarity = 0.6491 (Sections: 12)
2025-04-21 15:07:28,833 - WARNING - No sections found in paper
2025-04-21 15:07:28,833 - INFO - Paper 9563928: avg similarity = 0.0000 (Sections: 0)
2025-04-21 15:07:29,159 - INFO - Paper 57613420: avg similarity = 0.4740 (Sections: 28)
2025-04-21 15:07:29,159 - WARNING - No sections found in paper
2025-04-21 15:07:29,159 - INFO - Paper 51458146: avg similarity = 0.0000 (Sections: 0)
2025-04-21 15:07:29,383 - INFO - Paper 40883301: avg similarity = 0.4956 (Sections: 17)
2025-04-21 15:07:29,383 - WARNING - No sections found in paper
2025-04-21 15:07:29,383 - INFO - Paper 57228237: avg similarity = 0.0000 (Sections: 0)
2025-04-21 15:07:29,383 - WARNING - No sections found in paper
2025-04-21 15:07:29,383 - INFO - Paper 8984509: avg similarity = 0.0000 (Sections: 0)
2025-04-21 15:07:29,599 - INFO - Paper 7570292: avg similarity = 0.5141 (Sections: 19)
2025-04-21 15:07:29,760 - INFO - Paper 84030160: avg similarity = 0.5073 (Sections: 12)
2025-04-21 15:07:29,860 - INFO - Paper 48411412: avg similarity = 0.4096 (Sections: 8)
2025-04-21 15:07:30,036 - INFO - Paper 61580548: avg similarity = 0.5451 (Sections: 13)
2025-04-21 15:07:30,192 - INFO - Paper 97291551: avg similarity = 0.5559 (Sections: 10)
2025-04-21 15:07:30,401 - INFO - Paper 5674972: avg similarity = 0.6146 (Sections: 17)
2025-04-21 15:07:30,656 - INFO - Paper 26105266: avg similarity = 0.4169 (Sections: 20)
2025-04-21 15:07:30,657 - WARNING - No sections found in paper
2025-04-21 15:07:30,657 - INFO - Paper 50524744: avg similarity = 0.0000 (Sections: 0)
2025-04-21 15:07:30,828 - INFO - Paper 93060618: avg similarity = 0.4829 (Sections: 15)
2025-04-21 15:07:31,174 - INFO - Paper 57114772: avg similarity = 0.4541 (Sections: 23)
2025-04-21 15:07:31,334 - INFO - Paper 36200725: avg similarity = 0.6673 (Sections: 12)
2025-04-21 15:07:31,537 - INFO - Paper 72922440: avg similarity = 0.5203 (Sections: 16)
2025-04-21 15:07:31,680 - INFO - Paper 7120002: avg similarity = 0.5117 (Sections: 12)
2025-04-21 15:07:31,795 - INFO - Paper 91633253: avg similarity = 0.5694 (Sections: 9)
2025-04-21 15:07:31,980 - INFO - Paper 31459000: avg similarity = 0.5388 (Sections: 14)
2025-04-21 15:07:32,156 - INFO - Paper 33427271: avg similarity = 0.5852 (Sections: 13)
2025-04-21 15:07:32,717 - INFO - Paper 78499306: avg similarity = 0.5229 (Sections: 46)
2025-04-21 15:07:33,120 - INFO - Paper 13135318: avg similarity = 0.5436 (Sections: 30)
2025-04-21 15:07:33,120 - WARNING - No sections found in paper
2025-04-21 15:07:33,120 - INFO - Paper 11354749: avg similarity = 0.0000 (Sections: 0)
2025-04-21 15:07:33,269 - INFO - Paper 94646863: avg similarity = 0.5769 (Sections: 12)
2025-04-21 15:07:33,402 - INFO - Paper 8151447: avg similarity = 0.5409 (Sections: 9)
2025-04-21 15:07:33,475 - INFO - Paper 55048906: avg similarity = 0.5487 (Sections: 6)
2025-04-21 15:07:33,684 - INFO - Paper 17350626: avg similarity = 0.5200 (Sections: 17)
2025-04-21 15:07:33,882 - INFO - Paper 80770343: avg similarity = 0.5229 (Sections: 15)
2025-04-21 15:07:33,971 - INFO - Paper 78190587: avg similarity = 0.5377 (Sections: 8)
2025-04-21 15:07:33,972 - WARNING - No sections found in paper
2025-04-21 15:07:33,972 - INFO - Paper 27051635: avg similarity = 0.0000 (Sections: 0)
2025-04-21 15:07:34,091 - INFO - Paper 97980035: avg similarity = 0.6306 (Sections: 9)
2025-04-21 15:07:34,266 - INFO - Paper 7255717: avg similarity = 0.5868 (Sections: 13)
2025-04-21 15:07:34,438 - INFO - Paper 38779502: avg similarity = 0.6035 (Sections: 13)
2025-04-21 15:07:34,684 - INFO - Paper 65595064: avg similarity = 0.6259 (Sections: 16)
2025-04-21 15:07:34,885 - INFO - Paper 4206973: avg similarity = 0.5170 (Sections: 18)
2025-04-21 15:07:35,206 - INFO - Paper 14819310: avg similarity = 0.6929 (Sections: 21)
2025-04-21 15:07:35,668 - INFO - Paper 5550259: avg similarity = 0.5380 (Sections: 31)
2025-04-21 15:07:35,777 - INFO - Paper 99295545: avg similarity = 0.5598 (Sections: 10)
2025-04-21 15:07:35,777 - WARNING - No sections found in paper
2025-04-21 15:07:35,777 - INFO - Paper 45186835: avg similarity = 0.0000 (Sections: 0)
2025-04-21 15:07:35,985 - INFO - Paper 3953515: avg similarity = 0.5099 (Sections: 16)
2025-04-21 15:07:36,095 - INFO - Paper 30748495: avg similarity = 0.5398 (Sections: 9)
2025-04-21 15:07:36,275 - INFO - Paper 91812941: avg similarity = 0.5372 (Sections: 14)
2025-04-21 15:07:36,609 - INFO - Paper 2899329: avg similarity = 0.4957 (Sections: 23)
2025-04-21 15:07:37,024 - INFO - Paper 11542688: avg similarity = 0.5211 (Sections: 31)
2025-04-21 15:07:37,319 - INFO - Paper 8087311: avg similarity = 0.6227 (Sections: 26)
2025-04-21 15:07:37,477 - INFO - Paper 70889889: avg similarity = 0.4837 (Sections: 13)
2025-04-21 15:07:37,681 - INFO - Paper 93598871: avg similarity = 0.5521 (Sections: 16)
2025-04-21 15:07:37,780 - INFO - Paper 62056200: avg similarity = 0.5654 (Sections: 8)
2025-04-21 15:07:37,895 - INFO - Paper 71370947: avg similarity = 0.4880 (Sections: 9)
2025-04-21 15:07:37,895 - WARNING - No sections found in paper
2025-04-21 15:07:37,896 - INFO - Paper 24169489: avg similarity = 0.0000 (Sections: 0)
2025-04-21 15:07:37,896 - WARNING - No sections found in paper
2025-04-21 15:07:37,896 - INFO - Paper 24000799: avg similarity = 0.0000 (Sections: 0)
2025-04-21 15:07:38,173 - INFO - Paper 52464539: avg similarity = 0.5917 (Sections: 18)
2025-04-21 15:07:38,326 - INFO - Paper 77684000: avg similarity = 0.6019 (Sections: 12)
2025-04-21 15:07:38,678 - INFO - Paper 96747724: avg similarity = 0.4942 (Sections: 25)
2025-04-21 15:07:38,723 - INFO - Paper 29981772: avg similarity = 0.6495 (Sections: 4)
2025-04-21 15:07:38,930 - INFO - Paper 31303819: avg similarity = 0.5640 (Sections: 17)
2025-04-21 15:07:39,010 - INFO - Paper 31194274: avg similarity = 0.6929 (Sections: 5)
2025-04-21 15:07:39,246 - INFO - Paper 51116334: avg similarity = 0.4868 (Sections: 18)
2025-04-21 15:07:39,246 - WARNING - No sections found in paper
2025-04-21 15:07:39,246 - INFO - Paper 41161677: avg similarity = 0.0000 (Sections: 0)
2025-04-21 15:07:39,298 - INFO - Paper 81057283: avg similarity = 0.7007 (Sections: 4)
2025-04-21 15:07:39,396 - INFO - Paper 45435119: avg similarity = 0.6015 (Sections: 8)
2025-04-21 15:07:39,534 - INFO - Paper 85820029: avg similarity = 0.5593 (Sections: 12)
2025-04-21 15:07:39,675 - INFO - Paper 93142771: avg similarity = 0.4741 (Sections: 13)
2025-04-21 15:07:39,817 - INFO - Paper 87068449: avg similarity = 0.5692 (Sections: 12)
2025-04-21 15:07:40,064 - INFO - Paper 11779349: avg similarity = 0.4147 (Sections: 17)
2025-04-21 15:07:40,470 - INFO - Paper 4784102: avg similarity = 0.4911 (Sections: 30)
2025-04-21 15:07:40,716 - INFO - Paper 27321339: avg similarity = 0.4245 (Sections: 19)
2025-04-21 15:07:40,956 - INFO - Paper 12625177: avg similarity = 0.4608 (Sections: 17)
2025-04-21 15:07:41,127 - INFO - Paper 18958324: avg similarity = 0.5921 (Sections: 12)
2025-04-21 15:07:41,224 - INFO - Paper 33015723: avg similarity = 0.3855 (Sections: 8)
2025-04-21 15:07:41,224 - WARNING - No sections found in paper
2025-04-21 15:07:41,224 - INFO - Paper 8455503: avg similarity = 0.0000 (Sections: 0)
2025-04-21 15:07:41,418 - INFO - Paper 66681632: avg similarity = 0.5866 (Sections: 16)
2025-04-21 15:07:41,617 - INFO - Paper 91200961: avg similarity = 0.5760 (Sections: 14)
2025-04-21 15:07:41,762 - INFO - Paper 687757: avg similarity = 0.5875 (Sections: 13)
2025-04-21 15:07:42,252 - INFO - Paper 11773091: avg similarity = 0.4326 (Sections: 36)
2025-04-21 15:07:42,518 - INFO - Paper 26668230: avg similarity = 0.4575 (Sections: 20)
2025-04-21 15:07:42,643 - INFO - Paper 80719489: avg similarity = 0.4507 (Sections: 9)
2025-04-21 15:07:42,861 - INFO - Paper 34958521: avg similarity = 0.5281 (Sections: 14)
2025-04-21 15:07:43,156 - INFO - Paper 45795840: avg similarity = 0.6343 (Sections: 19)
2025-04-21 15:07:43,328 - INFO - Paper 83267919: avg similarity = 0.4552 (Sections: 11)
2025-04-21 15:07:43,473 - INFO - Paper 23242120: avg similarity = 0.6390 (Sections: 12)
2025-04-21 15:07:43,853 - INFO - Paper 7912651: avg similarity = 0.6346 (Sections: 29)
2025-04-21 15:07:44,056 - INFO - Paper 27086937: avg similarity = 0.3822 (Sections: 16)
2025-04-21 15:07:44,056 - WARNING - No sections found in paper
2025-04-21 15:07:44,056 - INFO - Paper 17539393: avg similarity = 0.0000 (Sections: 0)
2025-04-21 15:07:44,327 - INFO - Paper 93980002: avg similarity = 0.5678 (Sections: 22)
2025-04-21 15:07:44,588 - INFO - Paper 61603670: avg similarity = 0.6164 (Sections: 18)
2025-04-21 15:07:44,737 - INFO - Paper 7157784: avg similarity = 0.4550 (Sections: 12)
2025-04-21 15:07:45,121 - INFO - Paper 56472821: avg similarity = 0.5553 (Sections: 32)
2025-04-21 15:07:45,183 - INFO - Paper 73180675: avg similarity = 0.4801 (Sections: 4)
2025-04-21 15:07:45,282 - INFO - Paper 98262950: avg similarity = 0.5481 (Sections: 7)
2025-04-21 15:07:45,727 - INFO - Paper 87208689: avg similarity = 0.6601 (Sections: 32)
2025-04-21 15:07:45,930 - INFO - Paper 46342402: avg similarity = 0.5082 (Sections: 16)
2025-04-21 15:07:46,165 - INFO - Paper 11636296: avg similarity = 0.5137 (Sections: 20)
2025-04-21 15:07:46,418 - INFO - Paper 69467563: avg similarity = 0.5379 (Sections: 18)
2025-04-21 15:07:46,542 - INFO - Paper 70481957: avg similarity = 0.5674 (Sections: 11)
2025-04-21 15:07:46,655 - INFO - Paper 76514111: avg similarity = 0.5096 (Sections: 10)
2025-04-21 15:07:46,958 - INFO - Paper 73515355: avg similarity = 0.5824 (Sections: 20)
2025-04-21 15:07:47,322 - INFO - Paper 75865335: avg similarity = 0.5244 (Sections: 29)
2025-04-21 15:07:47,476 - INFO - Paper 41467472: avg similarity = 0.3872 (Sections: 14)
2025-04-21 15:07:47,670 - INFO - Paper 31543932: avg similarity = 0.5722 (Sections: 18)
2025-04-21 15:07:47,843 - INFO - Paper 15084340: avg similarity = 0.5209 (Sections: 11)
2025-04-21 15:07:47,927 - INFO - Paper 30877354: avg similarity = 0.4739 (Sections: 7)
2025-04-21 15:07:47,927 - WARNING - No sections found in paper
2025-04-21 15:07:47,927 - INFO - Paper 63755811: avg similarity = 0.0000 (Sections: 0)
2025-04-21 15:07:47,958 - INFO - Paper 12175403: avg similarity = 0.4082 (Sections: 2)
2025-04-21 15:07:48,297 - INFO - Paper 74156567: avg similarity = 0.6824 (Sections: 23)
2025-04-21 15:07:48,455 - INFO - Paper 60516406: avg similarity = 0.5116 (Sections: 13)
2025-04-21 15:07:48,759 - INFO - Paper 65123124: avg similarity = 0.4262 (Sections: 26)
2025-04-21 15:07:48,863 - INFO - Paper 24510148: avg similarity = 0.6318 (Sections: 8)
2025-04-21 15:07:49,034 - INFO - Paper 97932426: avg similarity = 0.5214 (Sections: 14)
2025-04-21 15:07:49,218 - INFO - Paper 80262838: avg similarity = 0.3876 (Sections: 16)
2025-04-21 15:07:49,467 - INFO - Paper 10218080: avg similarity = 0.5411 (Sections: 22)
2025-04-21 15:07:49,671 - INFO - Paper 76817909: avg similarity = 0.5605 (Sections: 17)
2025-04-21 15:07:50,042 - INFO - Paper 96308075: avg similarity = 0.5161 (Sections: 27)
2025-04-21 15:07:50,250 - INFO - Paper 97592875: avg similarity = 0.5017 (Sections: 18)
2025-04-21 15:07:50,399 - INFO - Paper 69119323: avg similarity = 0.4518 (Sections: 13)
2025-04-21 15:07:50,573 - INFO - Paper 7904666: avg similarity = 0.6076 (Sections: 14)
2025-04-21 15:07:50,973 - INFO - Paper 87041789: avg similarity = 0.5236 (Sections: 26)
2025-04-21 15:07:51,193 - INFO - Paper 81916449: avg similarity = 0.5552 (Sections: 18)
2025-04-21 15:07:51,378 - INFO - Paper 2852538: avg similarity = 0.5237 (Sections: 13)
2025-04-21 15:07:51,490 - INFO - Paper 62996279: avg similarity = 0.5844 (Sections: 9)
2025-04-21 15:07:51,576 - INFO - Paper 18304114: avg similarity = 0.6714 (Sections: 7)
2025-04-21 15:07:51,773 - INFO - Paper 87827594: avg similarity = 0.5091 (Sections: 15)
2025-04-21 15:07:52,010 - INFO - Paper 43280550: avg similarity = 0.5607 (Sections: 20)
2025-04-21 15:07:52,176 - INFO - Paper 99878837: avg similarity = 0.6748 (Sections: 12)
2025-04-21 15:07:52,564 - INFO - Paper 263861: avg similarity = 0.5942 (Sections: 25)
2025-04-21 15:07:52,728 - INFO - Paper 39357436: avg similarity = 0.2896 (Sections: 15)
2025-04-21 15:07:52,972 - INFO - Paper 82626355: avg similarity = 0.6018 (Sections: 15)
2025-04-21 15:07:53,055 - INFO - Paper 39353178: avg similarity = 0.5974 (Sections: 6)
2025-04-21 15:07:53,282 - INFO - Paper 86508243: avg similarity = 0.4567 (Sections: 17)
2025-04-21 15:07:53,497 - INFO - Paper 63758896: avg similarity = 0.4753 (Sections: 19)
2025-04-21 15:07:53,709 - INFO - Paper 72529720: avg similarity = 0.5808 (Sections: 14)
2025-04-21 15:07:53,835 - INFO - Paper 63531440: avg similarity = 0.5274 (Sections: 10)
2025-04-21 15:07:54,073 - INFO - Paper 15643187: avg similarity = 0.5363 (Sections: 19)
2025-04-21 15:07:54,074 - WARNING - No sections found in paper
2025-04-21 15:07:54,074 - INFO - Paper 82821959: avg similarity = 0.0000 (Sections: 0)
2025-04-21 15:07:54,390 - INFO - Paper 47257042: avg similarity = 0.5746 (Sections: 27)
2025-04-21 15:07:54,604 - INFO - Paper 33126132: avg similarity = 0.4839 (Sections: 15)
2025-04-21 15:07:55,172 - INFO - Paper 81780960: avg similarity = 0.5795 (Sections: 39)
2025-04-21 15:07:55,300 - INFO - Paper 30485653: avg similarity = 0.5058 (Sections: 9)
2025-04-21 15:07:55,301 - WARNING - No sections found in paper
2025-04-21 15:07:55,301 - INFO - Paper 36197895: avg similarity = 0.0000 (Sections: 0)
2025-04-21 15:07:55,301 - WARNING - No sections found in paper
2025-04-21 15:07:55,301 - INFO - Paper 68340528: avg similarity = 0.0000 (Sections: 0)
2025-04-21 15:07:55,616 - INFO - Paper 68399070: avg similarity = 0.5321 (Sections: 23)
2025-04-21 15:07:55,821 - INFO - Paper 23942242: avg similarity = 0.4244 (Sections: 14)
2025-04-21 15:07:56,185 - INFO - Paper 30905451: avg similarity = 0.5324 (Sections: 33)
2025-04-21 15:07:56,221 - INFO - Paper 38469042: avg similarity = 0.7258 (Sections: 2)
2025-04-21 15:07:56,435 - INFO - Paper 96002700: avg similarity = 0.5814 (Sections: 15)
2025-04-21 15:07:56,707 - INFO - Paper 35247822: avg similarity = 0.5206 (Sections: 22)
2025-04-21 15:07:56,876 - INFO - Paper 85933068: avg similarity = 0.5574 (Sections: 15)
2025-04-21 15:07:57,078 - INFO - Paper 38830210: avg similarity = 0.4681 (Sections: 17)
2025-04-21 15:07:57,312 - INFO - Paper 82220044: avg similarity = 0.6159 (Sections: 17)
2025-04-21 15:07:57,586 - INFO - Paper 45518901: avg similarity = 0.5864 (Sections: 18)
2025-04-21 15:07:57,749 - INFO - Paper 86423785: avg similarity = 0.6211 (Sections: 13)
2025-04-21 15:07:57,749 - WARNING - No sections found in paper
2025-04-21 15:07:57,749 - INFO - Paper 88655260: avg similarity = 0.0000 (Sections: 0)
2025-04-21 15:07:57,829 - INFO - Paper 43687503: avg similarity = 0.5679 (Sections: 5)
2025-04-21 15:07:57,900 - INFO - Paper 70335565: avg similarity = 0.5517 (Sections: 5)
2025-04-21 15:07:58,110 - INFO - Paper 72788236: avg similarity = 0.5583 (Sections: 18)
2025-04-21 15:07:58,110 - WARNING - No sections found in paper
2025-04-21 15:07:58,110 - INFO - Paper 49139111: avg similarity = 0.0000 (Sections: 0)
2025-04-21 15:07:58,518 - INFO - Paper 30995172: avg similarity = 0.5106 (Sections: 29)
2025-04-21 15:07:58,716 - INFO - Paper 26955055: avg similarity = 0.2936 (Sections: 16)
2025-04-21 15:07:59,028 - INFO - Paper 26277001: avg similarity = 0.5363 (Sections: 25)
2025-04-21 15:07:59,159 - INFO - Paper 12279648: avg similarity = 0.5855 (Sections: 11)
2025-04-21 15:07:59,508 - INFO - Paper 31021586: avg similarity = 0.4381 (Sections: 24)
2025-04-21 15:07:59,727 - INFO - Paper 11418476: avg similarity = 0.6278 (Sections: 17)
2025-04-21 15:07:59,906 - INFO - Paper 14310989: avg similarity = 0.5093 (Sections: 11)
2025-04-21 15:08:00,253 - INFO - Paper 76874430: avg similarity = 0.6211 (Sections: 22)
2025-04-21 15:08:00,390 - INFO - Paper 79512250: avg similarity = 0.5896 (Sections: 12)
2025-04-21 15:08:00,541 - INFO - Paper 35973587: avg similarity = 0.6138 (Sections: 11)
2025-04-21 15:08:00,784 - INFO - Paper 38867178: avg similarity = 0.5144 (Sections: 22)
2025-04-21 15:08:01,000 - INFO - Paper 25766140: avg similarity = 0.6053 (Sections: 14)
2025-04-21 15:08:01,000 - WARNING - No sections found in paper
2025-04-21 15:08:01,000 - INFO - Paper 92615357: avg similarity = 0.0000 (Sections: 0)
2025-04-21 15:08:01,171 - INFO - Paper 44210578: avg similarity = 0.6175 (Sections: 14)
2025-04-21 15:08:01,355 - INFO - Paper 59277766: avg similarity = 0.5482 (Sections: 14)
2025-04-21 15:08:01,457 - INFO - Paper 45043151: avg similarity = 0.4682 (Sections: 8)
2025-04-21 15:08:01,457 - WARNING - No sections found in paper
2025-04-21 15:08:01,457 - INFO - Paper 65756728: avg similarity = 0.0000 (Sections: 0)
2025-04-21 15:08:01,658 - INFO - Paper 15757806: avg similarity = 0.4812 (Sections: 15)
2025-04-21 15:08:01,659 - WARNING - No sections found in paper
2025-04-21 15:08:01,659 - INFO - Paper 13040160: avg similarity = 0.0000 (Sections: 0)
2025-04-21 15:08:01,795 - INFO - Paper 19173630: avg similarity = 0.4294 (Sections: 10)
2025-04-21 15:08:02,202 - INFO - Paper 78412080: avg similarity = 0.6135 (Sections: 27)
2025-04-21 15:08:02,202 - WARNING - No sections found in paper
2025-04-21 15:08:02,202 - INFO - Paper 99440206: avg similarity = 0.0000 (Sections: 0)
2025-04-21 15:08:02,328 - INFO - Paper 47698609: avg similarity = 0.4599 (Sections: 10)
2025-04-21 15:08:02,657 - INFO - Paper 60253398: avg similarity = 0.5756 (Sections: 22)
2025-04-21 15:08:02,992 - INFO - Paper 40774761: avg similarity = 0.5585 (Sections: 31)
2025-04-21 15:08:03,510 - INFO - Paper 84655302: avg similarity = 0.4980 (Sections: 37)
2025-04-21 15:08:03,694 - INFO - Paper 70691684: avg similarity = 0.5183 (Sections: 16)
2025-04-21 15:08:03,954 - INFO - Paper 53809041: avg similarity = 0.5303 (Sections: 21)
2025-04-21 15:08:04,344 - INFO - Paper 5262509: avg similarity = 0.5408 (Sections: 36)
2025-04-21 15:08:04,500 - INFO - Paper 49439664: avg similarity = 0.6093 (Sections: 13)
2025-04-21 15:08:04,866 - INFO - Paper 87411149: avg similarity = 0.6446 (Sections: 24)
2025-04-21 15:08:05,084 - INFO - Paper 17409856: avg similarity = 0.5901 (Sections: 18)
2025-04-21 15:08:05,258 - INFO - Paper 30789903: avg similarity = 0.4733 (Sections: 15)
2025-04-21 15:08:05,497 - INFO - Paper 8264189: avg similarity = 0.6136 (Sections: 18)
2025-04-21 15:08:05,672 - INFO - Paper 80004741: avg similarity = 0.4280 (Sections: 16)
2025-04-21 15:08:05,804 - INFO - Paper 32533290: avg similarity = 0.5128 (Sections: 10)
2025-04-21 15:08:05,947 - INFO - Paper 8136900: avg similarity = 0.5486 (Sections: 12)
2025-04-21 15:08:06,198 - INFO - Paper 518237: avg similarity = 0.5591 (Sections: 17)
2025-04-21 15:08:06,388 - INFO - Paper 77737945: avg similarity = 0.6110 (Sections: 16)
2025-04-21 15:08:06,577 - INFO - Paper 18322264: avg similarity = 0.5344 (Sections: 16)
2025-04-21 15:08:06,686 - INFO - Paper 16973018: avg similarity = 0.6679 (Sections: 9)
2025-04-21 15:08:06,686 - WARNING - No sections found in paper
2025-04-21 15:08:06,687 - INFO - Paper 76635514: avg similarity = 0.0000 (Sections: 0)
2025-04-21 15:08:06,904 - INFO - Paper 79471009: avg similarity = 0.5585 (Sections: 17)
2025-04-21 15:08:07,069 - INFO - Paper 65102009: avg similarity = 0.4677 (Sections: 13)
2025-04-21 15:08:07,069 - WARNING - No sections found in paper
2025-04-21 15:08:07,070 - INFO - Paper 35377831: avg similarity = 0.0000 (Sections: 0)
2025-04-21 15:08:07,070 - WARNING - No sections found in paper
2025-04-21 15:08:07,070 - INFO - Paper 77534612: avg similarity = 0.0000 (Sections: 0)
2025-04-21 15:08:07,263 - INFO - Paper 6799048: avg similarity = 0.4233 (Sections: 17)
2025-04-21 15:08:07,590 - INFO - Paper 66357293: avg similarity = 0.6567 (Sections: 22)
2025-04-21 15:08:07,832 - INFO - Paper 32338938: avg similarity = 0.6484 (Sections: 17)
2025-04-21 15:08:08,018 - INFO - Paper 79305631: avg similarity = 0.5615 (Sections: 13)
2025-04-21 15:08:08,151 - INFO - Paper 17980043: avg similarity = 0.5381 (Sections: 12)
2025-04-21 15:08:08,301 - INFO - Paper 66112363: avg similarity = 0.5640 (Sections: 11)
2025-04-21 15:08:08,601 - INFO - Paper 42443464: avg similarity = 0.5589 (Sections: 25)
2025-04-21 15:08:08,889 - INFO - Paper 16027177: avg similarity = 0.4367 (Sections: 19)
2025-04-21 15:08:09,143 - INFO - Paper 66912872: avg similarity = 0.4273 (Sections: 17)
2025-04-21 15:08:09,346 - INFO - Paper 24824894: avg similarity = 0.4385 (Sections: 14)
2025-04-21 15:08:09,482 - INFO - Paper 75937139: avg similarity = 0.5834 (Sections: 10)
2025-04-21 15:08:09,587 - INFO - Paper 71425952: avg similarity = 0.3451 (Sections: 7)
2025-04-21 15:08:09,666 - INFO - Paper 37775721: avg similarity = 0.6864 (Sections: 7)
2025-04-21 15:08:09,861 - INFO - Paper 26515037: avg similarity = 0.5770 (Sections: 16)
2025-04-21 15:08:09,959 - INFO - Paper 99668388: avg similarity = 0.6200 (Sections: 9)
2025-04-21 15:08:10,324 - INFO - Paper 90421095: avg similarity = 0.5034 (Sections: 26)
2025-04-21 15:08:10,430 - INFO - Paper 69537377: avg similarity = 0.6492 (Sections: 9)
2025-04-21 15:08:10,483 - INFO - Paper 16280529: avg similarity = 0.2155 (Sections: 4)
2025-04-21 15:08:10,483 - WARNING - No sections found in paper
2025-04-21 15:08:10,483 - INFO - Paper 13793499: avg similarity = 0.0000 (Sections: 0)
2025-04-21 15:08:10,649 - INFO - Paper 49519055: avg similarity = 0.5887 (Sections: 14)
2025-04-21 15:08:10,650 - WARNING - No sections found in paper
2025-04-21 15:08:10,650 - INFO - Paper 23313716: avg similarity = 0.0000 (Sections: 0)
2025-04-21 15:08:10,802 - INFO - Paper 37010180: avg similarity = 0.5981 (Sections: 11)
2025-04-21 15:08:10,958 - INFO - Paper 47686356: avg similarity = 0.2311 (Sections: 12)
2025-04-21 15:08:11,087 - INFO - Paper 3517250: avg similarity = 0.4761 (Sections: 11)
2025-04-21 15:08:11,349 - INFO - Paper 47723293: avg similarity = 0.5431 (Sections: 22)
2025-04-21 15:08:11,442 - INFO - Paper 18521109: avg similarity = 0.5434 (Sections: 7)
2025-04-21 15:08:11,537 - INFO - Paper 62769214: avg similarity = 0.5651 (Sections: 8)
2025-04-21 15:08:11,537 - WARNING - No sections found in paper
2025-04-21 15:08:11,537 - INFO - Paper 88969640: avg similarity = 0.0000 (Sections: 0)
2025-04-21 15:08:14,579 - INFO - Paper 73424952: avg similarity = 0.1701 (Sections: 285)
2025-04-21 15:08:14,695 - INFO - Paper 89581601: avg similarity = 0.7377 (Sections: 9)
2025-04-21 15:08:14,934 - INFO - Paper 42731227: avg similarity = 0.5775 (Sections: 19)
2025-04-21 15:08:15,095 - INFO - Paper 597051: avg similarity = 0.6159 (Sections: 11)
2025-04-21 15:08:15,252 - INFO - Paper 21919380: avg similarity = 0.2435 (Sections: 13)
2025-04-21 15:08:15,580 - INFO - Paper 51254358: avg similarity = 0.6092 (Sections: 24)
2025-04-21 15:08:15,723 - INFO - Paper 36272485: avg similarity = 0.3925 (Sections: 11)
2025-04-21 15:08:15,918 - INFO - Paper 43650136: avg similarity = 0.4934 (Sections: 15)
2025-04-21 15:08:16,065 - INFO - Paper 69481324: avg similarity = 0.6515 (Sections: 12)
2025-04-21 15:08:16,258 - INFO - Paper 57934330: avg similarity = 0.4682 (Sections: 16)
2025-04-21 15:08:16,444 - INFO - Paper 8601517: avg similarity = 0.5720 (Sections: 15)
2025-04-21 15:08:16,444 - WARNING - No sections found in paper
2025-04-21 15:08:16,444 - INFO - Paper 49333267: avg similarity = 0.0000 (Sections: 0)
2025-04-21 15:08:16,590 - INFO - Paper 94730041: avg similarity = 0.5749 (Sections: 12)
2025-04-21 15:08:16,748 - INFO - Paper 24950879: avg similarity = 0.5283 (Sections: 13)
2025-04-21 15:08:16,968 - INFO - Paper 74164301: avg similarity = 0.6059 (Sections: 19)
2025-04-21 15:08:17,169 - INFO - Paper 59320034: avg similarity = 0.5136 (Sections: 16)
2025-04-21 15:08:17,313 - INFO - Paper 21532550: avg similarity = 0.4572 (Sections: 12)
2025-04-21 15:08:17,595 - INFO - Paper 21145042: avg similarity = 0.5641 (Sections: 19)
2025-04-21 15:08:17,727 - INFO - Paper 52492536: avg similarity = 0.4962 (Sections: 11)
2025-04-21 15:08:17,864 - INFO - Paper 92451519: avg similarity = 0.5971 (Sections: 12)
2025-04-21 15:08:17,938 - INFO - Paper 86675541: avg similarity = 0.5577 (Sections: 5)
2025-04-21 15:08:18,091 - INFO - Paper 16057781: avg similarity = 0.5214 (Sections: 12)
2025-04-21 15:08:18,266 - INFO - Paper 12239056: avg similarity = 0.5923 (Sections: 12)
2025-04-21 15:08:18,266 - WARNING - No sections found in paper
2025-04-21 15:08:18,266 - INFO - Paper 17754953: avg similarity = 0.0000 (Sections: 0)
2025-04-21 15:08:18,404 - INFO - Paper 50897768: avg similarity = 0.5447 (Sections: 10)
2025-04-21 15:08:18,489 - INFO - Paper 17675091: avg similarity = 0.6372 (Sections: 6)
2025-04-21 15:08:18,732 - INFO - Paper 37263635: avg similarity = 0.5051 (Sections: 18)
2025-04-21 15:08:18,920 - INFO - Paper 16973657: avg similarity = 0.6116 (Sections: 16)
2025-04-21 15:08:19,130 - INFO - Paper 46416317: avg similarity = 0.5546 (Sections: 18)
2025-04-21 15:08:19,458 - INFO - Paper 69694249: avg similarity = 0.3920 (Sections: 27)
2025-04-21 15:08:19,707 - INFO - Paper 61360879: avg similarity = 0.5206 (Sections: 20)
2025-04-21 15:08:19,989 - INFO - Paper 97923725: avg similarity = 0.4320 (Sections: 21)
2025-04-21 15:08:20,091 - INFO - Paper 35928796: avg similarity = 0.6550 (Sections: 7)
2025-04-21 15:08:20,436 - INFO - Paper 23675750: avg similarity = 0.6059 (Sections: 23)
2025-04-21 15:08:20,437 - WARNING - No sections found in paper
2025-04-21 15:08:20,437 - INFO - Paper 85505359: avg similarity = 0.0000 (Sections: 0)
2025-04-21 15:08:20,819 - INFO - Paper 99384474: avg similarity = 0.6033 (Sections: 25)
2025-04-21 15:08:21,016 - INFO - Paper 31183232: avg similarity = 0.6287 (Sections: 17)
2025-04-21 15:08:21,222 - INFO - Paper 30189879: avg similarity = 0.5114 (Sections: 16)
2025-04-21 15:08:21,483 - INFO - Paper 68635574: avg similarity = 0.5621 (Sections: 21)
2025-04-21 15:08:21,768 - INFO - Paper 84480736: avg similarity = 0.5429 (Sections: 19)
2025-04-21 15:08:21,768 - WARNING - No sections found in paper
2025-04-21 15:08:21,768 - INFO - Paper 28037079: avg similarity = 0.0000 (Sections: 0)
2025-04-21 15:08:22,122 - INFO - Paper 52208833: avg similarity = 0.4638 (Sections: 26)
2025-04-21 15:08:22,311 - INFO - Paper 15062404: avg similarity = 0.5568 (Sections: 14)
2025-04-21 15:08:22,475 - INFO - Paper 81535007: avg similarity = 0.5577 (Sections: 13)
2025-04-21 15:08:22,719 - INFO - Paper 11790475: avg similarity = 0.4844 (Sections: 20)
2025-04-21 15:08:22,864 - INFO - Paper 4728464: avg similarity = 0.5135 (Sections: 12)
2025-04-21 15:08:23,168 - INFO - Paper 63188694: avg similarity = 0.6625 (Sections: 21)
2025-04-21 15:08:23,375 - INFO - Paper 48091191: avg similarity = 0.6433 (Sections: 16)
2025-04-21 15:08:23,375 - WARNING - No sections found in paper
2025-04-21 15:08:23,375 - INFO - Paper 92908954: avg similarity = 0.0000 (Sections: 0)
2025-04-21 15:08:23,651 - INFO - Paper 24928430: avg similarity = 0.6096 (Sections: 19)
2025-04-21 15:08:23,973 - INFO - Paper 54139177: avg similarity = 0.5384 (Sections: 25)
2025-04-21 15:08:24,229 - INFO - Paper 4353776: avg similarity = 0.5746 (Sections: 20)
2025-04-21 15:08:24,230 - WARNING - No sections found in paper
2025-04-21 15:08:24,230 - INFO - Paper 37135417: avg similarity = 0.0000 (Sections: 0)
2025-04-21 15:08:24,713 - INFO - Paper 39038842: avg similarity = 0.5270 (Sections: 34)
2025-04-21 15:08:24,868 - INFO - Paper 13655370: avg similarity = 0.5121 (Sections: 11)
2025-04-21 15:08:25,102 - INFO - Paper 75389943: avg similarity = 0.4103 (Sections: 19)
2025-04-21 15:08:25,339 - INFO - Paper 50538257: avg similarity = 0.4314 (Sections: 19)
2025-04-21 15:08:25,460 - INFO - Paper 25809281: avg similarity = 0.5903 (Sections: 11)
2025-04-21 15:08:25,742 - INFO - Paper 21050319: avg similarity = 0.4882 (Sections: 20)
2025-04-21 15:08:25,989 - INFO - Paper 435175: avg similarity = 0.4682 (Sections: 22)
2025-04-21 15:08:26,081 - INFO - Paper 12711637: avg similarity = 0.6422 (Sections: 8)
2025-04-21 15:08:26,232 - INFO - Paper 8799962: avg similarity = 0.5136 (Sections: 12)
2025-04-21 15:08:26,456 - INFO - Paper 73414525: avg similarity = 0.6366 (Sections: 18)
2025-04-21 15:08:26,717 - INFO - Paper 11112277: avg similarity = 0.5338 (Sections: 18)
2025-04-21 15:08:26,717 - WARNING - No sections found in paper
2025-04-21 15:08:26,717 - INFO - Paper 47798365: avg similarity = 0.0000 (Sections: 0)
2025-04-21 15:08:26,900 - INFO - Paper 30621133: avg similarity = 0.6382 (Sections: 14)
2025-04-21 15:08:27,041 - INFO - Paper 56843191: avg similarity = 0.5104 (Sections: 12)
2025-04-21 15:08:27,381 - INFO - Paper 5681713: avg similarity = 0.5426 (Sections: 29)
2025-04-21 15:08:27,635 - INFO - Paper 45612165: avg similarity = 0.4524 (Sections: 19)
2025-04-21 15:08:27,815 - INFO - Paper 4830217: avg similarity = 0.4747 (Sections: 12)
2025-04-21 15:08:28,018 - INFO - Paper 67930407: avg similarity = 0.4728 (Sections: 17)
2025-04-21 15:08:28,156 - INFO - Paper 37171167: avg similarity = 0.5630 (Sections: 11)
2025-04-21 15:08:28,311 - INFO - Paper 29962756: avg similarity = 0.5687 (Sections: 14)
2025-04-21 15:08:28,311 - WARNING - No sections found in paper
2025-04-21 15:08:28,311 - INFO - Paper 81001972: avg similarity = 0.0000 (Sections: 0)
2025-04-21 15:08:28,464 - INFO - Paper 82043898: avg similarity = 0.4872 (Sections: 10)
2025-04-21 15:08:28,654 - INFO - Paper 98757756: avg similarity = 0.5061 (Sections: 13)
2025-04-21 15:08:29,110 - INFO - Paper 66006367: avg similarity = 0.6451 (Sections: 39)
2025-04-21 15:08:29,319 - INFO - Paper 88246188: avg similarity = 0.5048 (Sections: 14)
2025-04-21 15:08:29,534 - INFO - Paper 2905851: avg similarity = 0.4524 (Sections: 18)
2025-04-21 15:08:29,714 - INFO - Paper 15765418: avg similarity = 0.4902 (Sections: 15)
2025-04-21 15:08:29,714 - WARNING - No sections found in paper
2025-04-21 15:08:29,714 - INFO - Paper 89628084: avg similarity = 0.0000 (Sections: 0)
2025-04-21 15:08:29,715 - WARNING - No sections found in paper
2025-04-21 15:08:29,715 - INFO - Paper 28727146: avg similarity = 0.0000 (Sections: 0)
2025-04-21 15:08:29,835 - INFO - Paper 26473847: avg similarity = 0.6168 (Sections: 10)
2025-04-21 15:08:30,028 - INFO - Paper 10587146: avg similarity = 0.3312 (Sections: 13)
2025-04-21 15:08:30,124 - INFO - Paper 69013017: avg similarity = 0.6036 (Sections: 7)
2025-04-21 15:08:30,586 - INFO - Paper 67696398: avg similarity = 0.6187 (Sections: 32)
2025-04-21 15:08:30,881 - INFO - Paper 36679338: avg similarity = 0.5341 (Sections: 27)
2025-04-21 15:08:30,881 - WARNING - No sections found in paper
2025-04-21 15:08:30,881 - INFO - Paper 58874274: avg similarity = 0.0000 (Sections: 0)
2025-04-21 15:08:31,089 - INFO - Paper 47469397: avg similarity = 0.6168 (Sections: 17)
2025-04-21 15:08:31,221 - INFO - Paper 94015576: avg similarity = 0.5764 (Sections: 11)
2025-04-21 15:08:31,222 - WARNING - No sections found in paper
2025-04-21 15:08:31,222 - INFO - Paper 75962230: avg similarity = 0.0000 (Sections: 0)
2025-04-21 15:08:31,435 - INFO - Paper 7415123: avg similarity = 0.4788 (Sections: 18)
2025-04-21 15:08:31,878 - INFO - Paper 11313245: avg similarity = 0.5937 (Sections: 30)
2025-04-21 15:08:32,033 - INFO - Paper 2774914: avg similarity = 0.4381 (Sections: 14)
2025-04-21 15:08:32,200 - INFO - Paper 42045072: avg similarity = 0.4271 (Sections: 13)
2025-04-21 15:08:32,582 - INFO - Paper 71546396: avg similarity = 0.5744 (Sections: 25)
2025-04-21 15:08:32,736 - INFO - Paper 55410278: avg similarity = 0.4873 (Sections: 13)
2025-04-21 15:08:33,077 - INFO - Paper 87460557: avg similarity = 0.4323 (Sections: 27)
2025-04-21 15:08:33,226 - INFO - Paper 29474820: avg similarity = 0.6493 (Sections: 10)
2025-04-21 15:08:33,226 - WARNING - No sections found in paper
2025-04-21 15:08:33,226 - INFO - Paper 3913778: avg similarity = 0.0000 (Sections: 0)
2025-04-21 15:08:33,386 - INFO - Paper 91929013: avg similarity = 0.6263 (Sections: 13)
2025-04-21 15:08:33,609 - INFO - Paper 39382584: avg similarity = 0.5959 (Sections: 19)
2025-04-21 15:08:33,954 - INFO - Paper 90525296: avg similarity = 0.4723 (Sections: 23)
2025-04-21 15:08:34,112 - INFO - Paper 91325283: avg similarity = 0.5813 (Sections: 12)
2025-04-21 15:08:34,552 - INFO - Paper 32560739: avg similarity = 0.5301 (Sections: 38)
2025-04-21 15:08:34,946 - INFO - Paper 44148071: avg similarity = 0.5187 (Sections: 28)
2025-04-21 15:08:35,120 - INFO - Paper 63848470: avg similarity = 0.5356 (Sections: 15)
2025-04-21 15:08:35,261 - INFO - Paper 1540690: avg similarity = 0.5295 (Sections: 12)
2025-04-21 15:08:35,504 - INFO - Paper 67744436: avg similarity = 0.4729 (Sections: 18)
2025-04-21 15:08:35,661 - INFO - Paper 8784223: avg similarity = 0.4993 (Sections: 12)
2025-04-21 15:08:35,891 - INFO - Paper 61558513: avg similarity = 0.5287 (Sections: 18)
2025-04-21 15:08:36,050 - INFO - Paper 47397989: avg similarity = 0.4004 (Sections: 13)
2025-04-21 15:08:36,229 - INFO - Paper 93460473: avg similarity = 0.6011 (Sections: 15)
2025-04-21 15:08:36,463 - INFO - Paper 22528856: avg similarity = 0.5297 (Sections: 19)
2025-04-21 15:08:36,463 - WARNING - No sections found in paper
2025-04-21 15:08:36,463 - INFO - Paper 93544751: avg similarity = 0.0000 (Sections: 0)
2025-04-21 15:08:36,714 - INFO - Paper 4536127: avg similarity = 0.6119 (Sections: 16)
2025-04-21 15:08:37,045 - INFO - Paper 6726365: avg similarity = 0.3951 (Sections: 27)
2025-04-21 15:08:37,238 - INFO - Paper 74193008: avg similarity = 0.5675 (Sections: 14)
2025-04-21 15:08:37,491 - INFO - Paper 66403710: avg similarity = 0.5214 (Sections: 22)
2025-04-21 15:08:37,690 - INFO - Paper 42200029: avg similarity = 0.6353 (Sections: 13)
2025-04-21 15:08:37,991 - INFO - Paper 45601881: avg similarity = 0.5531 (Sections: 18)
2025-04-21 15:08:38,180 - INFO - Paper 2577868: avg similarity = 0.6309 (Sections: 16)
2025-04-21 15:08:38,595 - INFO - Paper 89767636: avg similarity = 0.6067 (Sections: 34)
2025-04-21 15:08:38,960 - INFO - Paper 46507565: avg similarity = 0.5907 (Sections: 25)
2025-04-21 15:08:39,287 - INFO - Paper 7305163: avg similarity = 0.5030 (Sections: 23)
2025-04-21 15:08:39,364 - INFO - Paper 81262575: avg similarity = 0.6086 (Sections: 7)
2025-04-21 15:08:39,468 - INFO - Paper 65062778: avg similarity = 0.6593 (Sections: 9)
2025-04-21 15:08:39,576 - INFO - Paper 57983162: avg similarity = 0.5993 (Sections: 8)
2025-04-21 15:08:39,772 - INFO - Paper 87885377: avg similarity = 0.6532 (Sections: 15)
2025-04-21 15:08:39,872 - INFO - Paper 98781755: avg similarity = 0.5820 (Sections: 8)
2025-04-21 15:08:40,088 - INFO - Paper 20550713: avg similarity = 0.5323 (Sections: 18)
2025-04-21 15:08:40,088 - WARNING - No sections found in paper
2025-04-21 15:08:40,088 - INFO - Paper 74261188: avg similarity = 0.0000 (Sections: 0)
2025-04-21 15:08:40,199 - INFO - Paper 53721399: avg similarity = 0.6104 (Sections: 9)
2025-04-21 15:08:40,688 - INFO - Paper 36051826: avg similarity = 0.6290 (Sections: 34)
2025-04-21 15:08:41,091 - INFO - Paper 11791786: avg similarity = 0.6038 (Sections: 28)
2025-04-21 15:08:41,334 - INFO - Paper 45765062: avg similarity = 0.6100 (Sections: 16)
2025-04-21 15:08:41,454 - INFO - Paper 81465314: avg similarity = 0.5127 (Sections: 11)
2025-04-21 15:08:41,577 - INFO - Paper 32248697: avg similarity = 0.5583 (Sections: 10)
2025-04-21 15:08:41,753 - INFO - Paper 42851012: avg similarity = 0.5743 (Sections: 16)
2025-04-21 15:08:41,967 - INFO - Paper 66883240: avg similarity = 0.5995 (Sections: 16)
2025-04-21 15:08:42,333 - INFO - Paper 5225266: avg similarity = 0.6564 (Sections: 24)
2025-04-21 15:08:42,462 - INFO - Paper 11836666: avg similarity = 0.4144 (Sections: 10)
2025-04-21 15:08:42,736 - INFO - Paper 40771210: avg similarity = 0.4553 (Sections: 20)
2025-04-21 15:08:42,885 - INFO - Paper 63621777: avg similarity = 0.4935 (Sections: 11)
2025-04-21 15:08:43,314 - INFO - Paper 39674358: avg similarity = 0.5632 (Sections: 30)
2025-04-21 15:08:43,315 - WARNING - No sections found in paper
2025-04-21 15:08:43,315 - INFO - Paper 66302705: avg similarity = 0.0000 (Sections: 0)
2025-04-21 15:08:43,605 - INFO - Paper 50438213: avg similarity = 0.4900 (Sections: 25)
2025-04-21 15:08:44,196 - INFO - Paper 61298922: avg similarity = 0.4888 (Sections: 39)
2025-04-21 15:08:44,196 - WARNING - No sections found in paper
2025-04-21 15:08:44,196 - INFO - Paper 13187019: avg similarity = 0.0000 (Sections: 0)
2025-04-21 15:08:44,419 - INFO - Paper 60887948: avg similarity = 0.3945 (Sections: 18)
2025-04-21 15:08:44,420 - WARNING - No sections found in paper
2025-04-21 15:08:44,420 - INFO - Paper 37479343: avg similarity = 0.0000 (Sections: 0)
2025-04-21 15:08:44,767 - INFO - Paper 91451160: avg similarity = 0.4650 (Sections: 24)
2025-04-21 15:08:44,890 - INFO - Paper 71225651: avg similarity = 0.5974 (Sections: 10)
2025-04-21 15:08:45,194 - INFO - Paper 90011197: avg similarity = 0.2191 (Sections: 27)
2025-04-21 15:08:45,286 - INFO - Paper 22127536: avg similarity = 0.5527 (Sections: 8)
2025-04-21 15:08:45,286 - WARNING - No sections found in paper
2025-04-21 15:08:45,286 - INFO - Paper 6827132: avg similarity = 0.0000 (Sections: 0)
2025-04-21 15:08:45,435 - INFO - Paper 36779622: avg similarity = 0.5443 (Sections: 13)
2025-04-21 15:08:45,623 - INFO - Paper 33714440: avg similarity = 0.6666 (Sections: 13)
2025-04-21 15:08:45,624 - INFO - Saving results to ./jaehyeok/results/similarity_analysis.json
2025-04-21 15:08:45,682 - INFO - Analysis complete. Processed 484 papers.
