2025-05-04 13:42:04,098 - INFO - Loading dataset from ./jaehyeok/datasets/mapping_gold_summary_for_training_sets.json
2025-05-04 13:42:04,166 - INFO - Loaded dataset with 488 papers
2025-05-04 13:42:04,166 - INFO - Creating sentence graph dataset...
2025-05-04 13:42:04,166 - INFO - Loading papers from ./papers/postprocessed/full_texts/
2025-05-04 13:42:04,214 - INFO - Successfully loaded 522 papers
2025-05-04 13:42:04,215 - INFO - Loading SentenceTransformer model: all-MiniLM-L6-v2
2025-05-04 13:42:04,215 - INFO - Load pretrained SentenceTransformer: all-MiniLM-L6-v2
2025-05-04 13:42:06,780 - INFO - Building graphs for all papers...
2025-05-04 13:42:06,827 - INFO - Generating embeddings for 229 sentences in paper 39357436
2025-05-04 13:42:07,261 - INFO - Generating embeddings for 443 sentences in paper 88246188
2025-05-04 13:42:07,934 - INFO - Generating embeddings for 355 sentences in paper 53809041
2025-05-04 13:42:08,463 - INFO - Generating embeddings for 386 sentences in paper 84548548
2025-05-04 13:42:09,033 - INFO - Generating embeddings for 249 sentences in paper 43280550
2025-05-04 13:42:09,287 - INFO - Generating embeddings for 177 sentences in paper 35928796
2025-05-04 13:42:09,523 - INFO - Generating embeddings for 408 sentences in paper 34524227
2025-05-04 13:42:10,124 - INFO - Generating embeddings for 338 sentences in paper 4353776
2025-05-04 13:42:10,616 - INFO - Generating embeddings for 203 sentences in paper 50897768
2025-05-04 13:42:10,819 - INFO - Generating embeddings for 262 sentences in paper 36272485
2025-05-04 13:42:11,161 - INFO - Generating embeddings for 245 sentences in paper 74193008
2025-05-04 13:42:11,470 - INFO - Generating embeddings for 348 sentences in paper 97291551
2025-05-04 13:42:11,915 - INFO - Generating embeddings for 243 sentences in paper 13655370
2025-05-04 13:42:12,238 - INFO - Generating embeddings for 408 sentences in paper 11779349
2025-05-04 13:42:12,915 - INFO - Generating embeddings for 284 sentences in paper 98262950
2025-05-04 13:42:13,239 - INFO - Generating embeddings for 187 sentences in paper 81465314
2025-05-04 13:42:13,461 - INFO - Generating embeddings for 253 sentences in paper 8087311
2025-05-04 13:42:13,762 - INFO - Generating embeddings for 464 sentences in paper 74261188
2025-05-04 13:42:14,583 - INFO - Generating embeddings for 423 sentences in paper 96308075
2025-05-04 13:42:15,231 - INFO - Generating embeddings for 495 sentences in paper 23675750
2025-05-04 13:42:16,081 - INFO - Generating embeddings for 188 sentences in paper 16973018
2025-05-04 13:42:16,254 - INFO - Generating embeddings for 285 sentences in paper 86675541
2025-05-04 13:42:16,575 - INFO - Generating embeddings for 544 sentences in paper 90421095
2025-05-04 13:42:17,539 - INFO - Generating embeddings for 729 sentences in paper 14310989
2025-05-04 13:42:19,260 - INFO - Generating embeddings for 132 sentences in paper 80897282
2025-05-04 13:42:19,391 - INFO - Generating embeddings for 245 sentences in paper 36200725
2025-05-04 13:42:19,653 - INFO - Generating embeddings for 584 sentences in paper 52464539
2025-05-04 13:42:20,722 - INFO - Generating embeddings for 348 sentences in paper 84480736
2025-05-04 13:42:21,229 - INFO - Generating embeddings for 226 sentences in paper 2577868
2025-05-04 13:42:21,489 - INFO - Generating embeddings for 689 sentences in paper 45601881
2025-05-04 13:42:23,066 - INFO - Generating embeddings for 803 sentences in paper 414696
2025-05-04 13:42:25,059 - INFO - Generating embeddings for 270 sentences in paper 17675091
2025-05-04 13:42:25,357 - INFO - Generating embeddings for 256 sentences in paper 63621777
2025-05-04 13:42:25,681 - INFO - Generating embeddings for 267 sentences in paper 48411412
2025-05-04 13:42:25,978 - INFO - Generating embeddings for 152 sentences in paper 66112363
2025-05-04 13:42:26,169 - INFO - Generating embeddings for 250 sentences in paper 50538257
2025-05-04 13:42:26,500 - INFO - Generating embeddings for 286 sentences in paper 8136900
2025-05-04 13:42:26,854 - INFO - Generating embeddings for 292 sentences in paper 7904666
2025-05-04 13:42:27,275 - INFO - Generating embeddings for 122 sentences in paper 93142771
2025-05-04 13:42:27,407 - INFO - Generating embeddings for 324 sentences in paper 76817909
2025-05-04 13:42:27,815 - INFO - Generating embeddings for 252 sentences in paper 435175
2025-05-04 13:42:28,082 - INFO - Generating embeddings for 350 sentences in paper 24950879
2025-05-04 13:42:28,522 - INFO - Generating embeddings for 245 sentences in paper 42851012
2025-05-04 13:42:28,786 - INFO - Generating embeddings for 193 sentences in paper 88532041
2025-05-04 13:42:28,996 - INFO - Generating embeddings for 281 sentences in paper 12175403
2025-05-04 13:42:29,315 - INFO - Generating embeddings for 270 sentences in paper 37010180
2025-05-04 13:42:29,613 - INFO - Generating embeddings for 100 sentences in paper 99295545
2025-05-04 13:42:29,712 - INFO - Generating embeddings for 168 sentences in paper 78190587
2025-05-04 13:42:29,863 - INFO - Generating embeddings for 310 sentences in paper 15062404
2025-05-04 13:42:30,223 - INFO - Generating embeddings for 229 sentences in paper 71370947
2025-05-04 13:42:30,507 - INFO - Generating embeddings for 308 sentences in paper 57934330
2025-05-04 13:42:30,942 - INFO - Generating embeddings for 1017 sentences in paper 78860785
2025-05-04 13:42:34,135 - INFO - Generating embeddings for 211 sentences in paper 63848470
2025-05-04 13:42:34,397 - INFO - Generating embeddings for 225 sentences in paper 77534612
2025-05-04 13:42:34,667 - INFO - Generating embeddings for 218 sentences in paper 23929837
2025-05-04 13:42:34,920 - INFO - Generating embeddings for 513 sentences in paper 13135318
2025-05-04 13:42:35,822 - INFO - Generating embeddings for 461 sentences in paper 97923725
2025-05-04 13:42:36,607 - INFO - Generating embeddings for 113 sentences in paper 25809281
2025-05-04 13:42:36,708 - INFO - Generating embeddings for 233 sentences in paper 8601517
2025-05-04 13:42:36,992 - INFO - Generating embeddings for 595 sentences in paper 73515355
2025-05-04 13:42:38,121 - INFO - Generating embeddings for 691 sentences in paper 7305163
2025-05-04 13:42:39,615 - INFO - Generating embeddings for 164 sentences in paper 31459000
2025-05-04 13:42:39,761 - INFO - Generating embeddings for 264 sentences in paper 38779502
2025-05-04 13:42:40,090 - INFO - Generating embeddings for 280 sentences in paper 67930407
2025-05-04 13:42:40,459 - INFO - Generating embeddings for 252 sentences in paper 35247822
2025-05-04 13:42:40,718 - INFO - Generating embeddings for 217 sentences in paper 687757
2025-05-04 13:42:40,942 - INFO - Generating embeddings for 363 sentences in paper 34958521
2025-05-04 13:42:41,497 - INFO - Generating embeddings for 250 sentences in paper 86524123
2025-05-04 13:42:41,766 - INFO - Generating embeddings for 263 sentences in paper 37171167
2025-05-04 13:42:42,095 - INFO - Generating embeddings for 692 sentences in paper 71425952
2025-05-04 13:42:43,605 - INFO - Generating embeddings for 187 sentences in paper 12279648
2025-05-04 13:42:43,806 - INFO - Generating embeddings for 587 sentences in paper 89767636
2025-05-04 13:42:44,940 - INFO - Generating embeddings for 676 sentences in paper 99384474
2025-05-04 13:42:46,411 - INFO - Generating embeddings for 150 sentences in paper 36779622
2025-05-04 13:42:46,556 - INFO - Generating embeddings for 432 sentences in paper 85505359
2025-05-04 13:42:47,225 - INFO - Generating embeddings for 157 sentences in paper 26262723
2025-05-04 13:42:47,382 - INFO - Generating embeddings for 239 sentences in paper 87558652
2025-05-04 13:42:47,616 - INFO - Generating embeddings for 121 sentences in paper 45435119
2025-05-04 13:42:47,718 - INFO - Generating embeddings for 211 sentences in paper 85820029
2025-05-04 13:42:47,978 - INFO - Generating embeddings for 197 sentences in paper 17601393
2025-05-04 13:42:48,190 - INFO - Generating embeddings for 840 sentences in paper 78499306
2025-05-04 13:42:50,323 - INFO - Generating embeddings for 335 sentences in paper 31021586
2025-05-04 13:42:50,842 - INFO - Generating embeddings for 157 sentences in paper 30485653
2025-05-04 13:42:51,009 - INFO - Generating embeddings for 261 sentences in paper 68340528
2025-05-04 13:42:51,361 - INFO - Generating embeddings for 211 sentences in paper 56843191
2025-05-04 13:42:51,613 - INFO - Generating embeddings for 248 sentences in paper 84030160
2025-05-04 13:42:51,892 - INFO - Generating embeddings for 183 sentences in paper 85853580
2025-05-04 13:42:52,108 - INFO - Generating embeddings for 381 sentences in paper 7570292
2025-05-04 13:42:52,633 - INFO - Generating embeddings for 415 sentences in paper 26668230
2025-05-04 13:42:53,269 - INFO - Generating embeddings for 193 sentences in paper 58884367
2025-05-04 13:42:53,486 - INFO - Generating embeddings for 405 sentences in paper 65123124
2025-05-04 13:42:54,135 - INFO - Generating embeddings for 438 sentences in paper 78841597
2025-05-04 13:42:54,787 - INFO - Generating embeddings for 373 sentences in paper 33126132
2025-05-04 13:42:55,370 - INFO - Generating embeddings for 305 sentences in paper 8784223
2025-05-04 13:42:55,740 - INFO - Generating embeddings for 204 sentences in paper 57983162
2025-05-04 13:42:55,964 - INFO - Generating embeddings for 149 sentences in paper 9563928
2025-05-04 13:42:56,124 - INFO - Generating embeddings for 254 sentences in paper 94646863
2025-05-04 13:42:56,422 - INFO - Generating embeddings for 173 sentences in paper 17350626
2025-05-04 13:42:56,598 - INFO - Generating embeddings for 542 sentences in paper 49439664
2025-05-04 13:42:57,490 - INFO - Generating embeddings for 267 sentences in paper 2852538
2025-05-04 13:42:57,792 - INFO - Generating embeddings for 487 sentences in paper 74156567
2025-05-04 13:42:58,597 - INFO - Generating embeddings for 155 sentences in paper 19173630
2025-05-04 13:42:58,754 - INFO - Generating embeddings for 237 sentences in paper 78861774
2025-05-04 13:42:59,026 - INFO - Generating embeddings for 655 sentences in paper 202387
2025-05-04 13:43:00,459 - INFO - Generating embeddings for 163 sentences in paper 85933068
2025-05-04 13:43:00,625 - INFO - Generating embeddings for 82 sentences in paper 81057283
2025-05-04 13:43:00,692 - INFO - Generating embeddings for 282 sentences in paper 31183232
2025-05-04 13:43:01,030 - INFO - Generating embeddings for 342 sentences in paper 17754953
2025-05-04 13:43:01,498 - INFO - Generating embeddings for 345 sentences in paper 33015723
2025-05-04 13:43:01,967 - INFO - Generating embeddings for 173 sentences in paper 76635514
2025-05-04 13:43:02,250 - INFO - Generating embeddings for 206 sentences in paper 11636296
2025-05-04 13:43:02,465 - INFO - Generating embeddings for 639 sentences in paper 85123331
2025-05-04 13:43:03,726 - INFO - Generating embeddings for 312 sentences in paper 49333267
2025-05-04 13:43:04,161 - INFO - Generating embeddings for 307 sentences in paper 10587146
2025-05-04 13:43:04,565 - INFO - Generating embeddings for 292 sentences in paper 28727146
2025-05-04 13:43:05,014 - INFO - Generating embeddings for 611 sentences in paper 57114772
2025-05-04 13:43:06,266 - INFO - Generating embeddings for 218 sentences in paper 94730041
2025-05-04 13:43:06,530 - INFO - Generating embeddings for 596 sentences in paper 61298922
2025-05-04 13:43:07,670 - INFO - Generating embeddings for 551 sentences in paper 36051826
2025-05-04 13:43:08,657 - INFO - Generating embeddings for 434 sentences in paper 7912651
2025-05-04 13:43:09,328 - INFO - Generating embeddings for 208 sentences in paper 74164301
2025-05-04 13:43:09,555 - INFO - Generating embeddings for 246 sentences in paper 72788236
2025-05-04 13:43:09,853 - INFO - Generating embeddings for 302 sentences in paper 93025332
2025-05-04 13:43:10,195 - INFO - Generating embeddings for 185 sentences in paper 43650136
2025-05-04 13:43:10,411 - INFO - Generating embeddings for 152 sentences in paper 62769214
2025-05-04 13:43:10,538 - INFO - Generating embeddings for 222 sentences in paper 52492536
2025-05-04 13:43:10,774 - INFO - Generating embeddings for 425 sentences in paper 53935450
2025-05-04 13:43:11,388 - INFO - Generating embeddings for 199 sentences in paper 7120002
2025-05-04 13:43:11,595 - INFO - Generating embeddings for 472 sentences in paper 30995172
2025-05-04 13:43:12,351 - INFO - Generating embeddings for 161 sentences in paper 97703387
2025-05-04 13:43:12,517 - INFO - Generating embeddings for 177 sentences in paper 53721399
2025-05-04 13:43:12,678 - INFO - Generating embeddings for 264 sentences in paper 16124640
2025-05-04 13:43:12,998 - INFO - Generating embeddings for 442 sentences in paper 69976012
2025-05-04 13:43:13,714 - INFO - Generating embeddings for 154 sentences in paper 74547298
2025-05-04 13:43:13,878 - INFO - Generating embeddings for 257 sentences in paper 7255717
2025-05-04 13:43:14,179 - INFO - Generating embeddings for 335 sentences in paper 29962756
2025-05-04 13:43:14,566 - INFO - Generating embeddings for 249 sentences in paper 31303819
2025-05-04 13:43:14,841 - INFO - Generating embeddings for 87 sentences in paper 29981772
2025-05-04 13:43:14,910 - INFO - Generating embeddings for 288 sentences in paper 15643187
2025-05-04 13:43:15,272 - INFO - Generating embeddings for 225 sentences in paper 18322264
2025-05-04 13:43:15,536 - INFO - Generating embeddings for 282 sentences in paper 30748495
2025-05-04 13:43:15,883 - INFO - Generating embeddings for 176 sentences in paper 48091191
2025-05-04 13:43:16,063 - INFO - Generating embeddings for 155 sentences in paper 39353178
2025-05-04 13:43:16,209 - INFO - Generating embeddings for 181 sentences in paper 60516406
2025-05-04 13:43:16,428 - INFO - Generating embeddings for 209 sentences in paper 30789903
2025-05-04 13:43:16,627 - INFO - Generating embeddings for 220 sentences in paper 18521109
2025-05-04 13:43:16,850 - INFO - Generating embeddings for 755 sentences in paper 36197895
2025-05-04 13:43:18,568 - INFO - Generating embeddings for 334 sentences in paper 24753674
2025-05-04 13:43:19,057 - INFO - Generating embeddings for 580 sentences in paper 5681713
2025-05-04 13:43:20,193 - INFO - Generating embeddings for 216 sentences in paper 21919380
2025-05-04 13:43:20,408 - INFO - Generating embeddings for 145 sentences in paper 11354749
2025-05-04 13:43:20,555 - INFO - Generating embeddings for 517 sentences in paper 60253398
2025-05-04 13:43:21,519 - INFO - Generating embeddings for 259 sentences in paper 2774914
2025-05-04 13:43:21,833 - INFO - Generating embeddings for 429 sentences in paper 8455503
2025-05-04 13:43:22,480 - INFO - Generating embeddings for 145 sentences in paper 99440206
2025-05-04 13:43:22,654 - INFO - Generating embeddings for 421 sentences in paper 8984509
2025-05-04 13:43:23,324 - INFO - Generating embeddings for 315 sentences in paper 86508243
2025-05-04 13:43:23,720 - INFO - Generating embeddings for 589 sentences in paper 97592875
2025-05-04 13:43:24,983 - INFO - Generating embeddings for 337 sentences in paper 45186835
2025-05-04 13:43:25,465 - INFO - Generating embeddings for 389 sentences in paper 24312671
2025-05-04 13:43:26,051 - INFO - Generating embeddings for 231 sentences in paper 49139111
2025-05-04 13:43:26,344 - INFO - Generating embeddings for 417 sentences in paper 32560739
2025-05-04 13:43:26,998 - INFO - Generating embeddings for 125 sentences in paper 73414525
2025-05-04 13:43:27,158 - INFO - Generating embeddings for 335 sentences in paper 97980035
2025-05-04 13:43:27,587 - INFO - Generating embeddings for 538 sentences in paper 12625177
2025-05-04 13:43:28,564 - INFO - Generating embeddings for 204 sentences in paper 36278339
2025-05-04 13:43:28,787 - INFO - Generating embeddings for 149 sentences in paper 91633253
2025-05-04 13:43:28,938 - INFO - Generating embeddings for 281 sentences in paper 6799048
2025-05-04 13:43:29,301 - INFO - Generating embeddings for 195 sentences in paper 5180208
2025-05-04 13:43:29,525 - INFO - Generating embeddings for 270 sentences in paper 597051
2025-05-04 13:43:29,832 - INFO - Generating embeddings for 467 sentences in paper 23313716
2025-05-04 13:43:30,585 - INFO - Generating embeddings for 272 sentences in paper 88969640
2025-05-04 13:43:30,969 - INFO - Generating embeddings for 304 sentences in paper 83267919
2025-05-04 13:43:31,446 - INFO - Generating embeddings for 6418 sentences in paper 73424952
2025-05-04 13:45:22,954 - INFO - Generating embeddings for 349 sentences in paper 66912872
2025-05-04 13:45:23,487 - INFO - Generating embeddings for 280 sentences in paper 2899329
2025-05-04 13:45:23,809 - INFO - Generating embeddings for 262 sentences in paper 56196
2025-05-04 13:45:24,133 - INFO - Generating embeddings for 232 sentences in paper 30189879
2025-05-04 13:45:24,397 - INFO - Generating embeddings for 677 sentences in paper 91451160
2025-05-04 13:45:25,845 - INFO - Generating embeddings for 211 sentences in paper 66403710
2025-05-04 13:45:26,078 - INFO - Generating embeddings for 131 sentences in paper 55410278
2025-05-04 13:45:26,198 - INFO - Generating embeddings for 369 sentences in paper 21050319
2025-05-04 13:45:26,701 - INFO - Generating embeddings for 559 sentences in paper 24169489
2025-05-04 13:45:27,687 - INFO - Generating embeddings for 251 sentences in paper 15757806
2025-05-04 13:45:27,960 - INFO - Generating embeddings for 270 sentences in paper 21542239
2025-05-04 13:45:28,293 - INFO - Generating embeddings for 110 sentences in paper 48074885
2025-05-04 13:45:28,386 - INFO - Generating embeddings for 295 sentences in paper 63511892
2025-05-04 13:45:28,796 - INFO - Generating embeddings for 501 sentences in paper 57228237
2025-05-04 13:45:29,716 - INFO - Generating embeddings for 344 sentences in paper 75962230
2025-05-04 13:45:30,154 - INFO - Generating embeddings for 359 sentences in paper 39674358
2025-05-04 13:45:30,669 - INFO - Generating embeddings for 657 sentences in paper 5550259
2025-05-04 13:45:32,038 - INFO - Generating embeddings for 272 sentences in paper 59485457
2025-05-04 13:45:32,343 - INFO - Generating embeddings for 256 sentences in paper 31543932
2025-05-04 13:45:32,644 - INFO - Generating embeddings for 364 sentences in paper 43687503
2025-05-04 13:45:33,188 - INFO - Generating embeddings for 198 sentences in paper 18304114
2025-05-04 13:45:33,394 - INFO - Generating embeddings for 235 sentences in paper 63755811
2025-05-04 13:45:33,674 - INFO - Generating embeddings for 188 sentences in paper 93460473
2025-05-04 13:45:33,876 - INFO - Generating embeddings for 204 sentences in paper 70691684
2025-05-04 13:45:34,138 - INFO - Generating embeddings for 225 sentences in paper 87827594
2025-05-04 13:45:34,415 - INFO - Generating embeddings for 716 sentences in paper 56472821
2025-05-04 13:45:35,937 - INFO - Generating embeddings for 203 sentences in paper 30621133
2025-05-04 13:45:36,153 - INFO - Generating embeddings for 222 sentences in paper 79512250
2025-05-04 13:45:36,381 - INFO - Generating embeddings for 339 sentences in paper 7590139
2025-05-04 13:45:36,819 - INFO - Generating embeddings for 168 sentences in paper 13040160
2025-05-04 13:45:36,993 - INFO - Generating embeddings for 488 sentences in paper 45795840
2025-05-04 13:45:37,779 - INFO - Generating embeddings for 475 sentences in paper 50438213
2025-05-04 13:45:38,604 - INFO - Generating embeddings for 314 sentences in paper 13793499
2025-05-04 13:45:38,980 - INFO - Generating embeddings for 254 sentences in paper 41840073
2025-05-04 13:45:39,304 - INFO - Generating embeddings for 240 sentences in paper 31194274
2025-05-04 13:45:39,561 - INFO - Generating embeddings for 331 sentences in paper 28037079
2025-05-04 13:45:40,011 - INFO - Generating embeddings for 210 sentences in paper 96831204
2025-05-04 13:45:40,254 - INFO - Generating embeddings for 90 sentences in paper 13187019
2025-05-04 13:45:40,350 - INFO - Generating embeddings for 387 sentences in paper 40771210
2025-05-04 13:45:40,934 - INFO - Generating embeddings for 120 sentences in paper 35973587
2025-05-04 13:45:41,051 - INFO - Generating embeddings for 120 sentences in paper 96217072
2025-05-04 13:45:41,163 - INFO - Generating embeddings for 283 sentences in paper 5225266
2025-05-04 13:45:41,513 - INFO - Generating embeddings for 433 sentences in paper 43018598
2025-05-04 13:45:42,175 - INFO - Generating embeddings for 176 sentences in paper 38469042
2025-05-04 13:45:42,336 - INFO - Generating embeddings for 207 sentences in paper 80770343
2025-05-04 13:45:42,551 - INFO - Generating embeddings for 403 sentences in paper 90525296
2025-05-04 13:45:43,175 - INFO - Generating embeddings for 208 sentences in paper 47397989
2025-05-04 13:45:43,380 - INFO - Generating embeddings for 139 sentences in paper 70481957
2025-05-04 13:45:43,539 - INFO - Generating embeddings for 172 sentences in paper 40883301
2025-05-04 13:45:43,748 - INFO - Generating embeddings for 252 sentences in paper 34187605
2025-05-04 13:45:44,093 - INFO - Generating embeddings for 298 sentences in paper 93598871
2025-05-04 13:45:44,479 - INFO - Generating embeddings for 216 sentences in paper 73180675
2025-05-04 13:45:44,717 - INFO - Generating embeddings for 258 sentences in paper 46416317
2025-05-04 13:45:45,055 - INFO - Generating embeddings for 739 sentences in paper 82387857
2025-05-04 13:45:46,761 - INFO - Generating embeddings for 156 sentences in paper 55048906
2025-05-04 13:45:46,926 - INFO - Generating embeddings for 260 sentences in paper 80004741
2025-05-04 13:45:47,278 - INFO - Generating embeddings for 812 sentences in paper 87041789
2025-05-04 13:45:49,291 - INFO - Generating embeddings for 244 sentences in paper 21532550
2025-05-04 13:45:49,567 - INFO - Generating embeddings for 164 sentences in paper 26105266
2025-05-04 13:45:49,725 - INFO - Generating embeddings for 383 sentences in paper 32338938
2025-05-04 13:45:50,272 - INFO - Generating embeddings for 223 sentences in paper 63531440
2025-05-04 13:45:50,524 - INFO - Generating embeddings for 216 sentences in paper 26473847
2025-05-04 13:45:50,748 - INFO - Generating embeddings for 408 sentences in paper 54139177
2025-05-04 13:45:51,418 - INFO - Generating embeddings for 230 sentences in paper 98238949
2025-05-04 13:45:51,663 - INFO - Generating embeddings for 215 sentences in paper 47798365
2025-05-04 13:45:51,917 - INFO - Generating embeddings for 330 sentences in paper 68399070
2025-05-04 13:45:52,343 - INFO - Generating embeddings for 91 sentences in paper 76514111
2025-05-04 13:45:52,422 - INFO - Generating embeddings for 94 sentences in paper 69537377
2025-05-04 13:45:52,504 - INFO - Generating embeddings for 266 sentences in paper 91637218
2025-05-04 13:45:52,811 - INFO - Generating embeddings for 280 sentences in paper 25710556
2025-05-04 13:45:53,170 - INFO - Generating embeddings for 231 sentences in paper 23242120
2025-05-04 13:45:53,462 - INFO - Generating embeddings for 255 sentences in paper 88049354
2025-05-04 13:45:53,721 - INFO - Generating embeddings for 266 sentences in paper 8264189
2025-05-04 13:45:54,035 - INFO - Generating embeddings for 260 sentences in paper 59320034
2025-05-04 13:45:54,418 - INFO - Generating embeddings for 322 sentences in paper 69467563
2025-05-04 13:45:54,854 - INFO - Generating embeddings for 110 sentences in paper 22127536
2025-05-04 13:45:54,958 - INFO - Generating embeddings for 458 sentences in paper 1055799
2025-05-04 13:45:55,805 - INFO - Generating embeddings for 812 sentences in paper 44148071
2025-05-04 13:45:57,894 - INFO - Generating embeddings for 375 sentences in paper 10374612
2025-05-04 13:45:58,427 - INFO - Generating embeddings for 36 sentences in paper 16280529
2025-05-04 13:45:58,502 - INFO - Generating embeddings for 139 sentences in paper 97932426
2025-05-04 13:45:58,665 - INFO - Generating embeddings for 242 sentences in paper 66226432
2025-05-04 13:45:58,949 - INFO - Generating embeddings for 146 sentences in paper 58308538
2025-05-04 13:45:59,113 - INFO - Generating embeddings for 494 sentences in paper 45765062
2025-05-04 13:45:59,962 - INFO - Generating embeddings for 379 sentences in paper 6827132
2025-05-04 13:46:00,554 - INFO - Generating embeddings for 204 sentences in paper 24000799
2025-05-04 13:46:00,755 - INFO - Generating embeddings for 329 sentences in paper 12239056
2025-05-04 13:46:01,181 - INFO - Generating embeddings for 263 sentences in paper 11112277
2025-05-04 13:46:01,500 - INFO - Generating embeddings for 751 sentences in paper 66357293
2025-05-04 13:46:03,254 - INFO - Generating embeddings for 681 sentences in paper 57613420
2025-05-04 13:46:04,672 - INFO - Generating embeddings for 234 sentences in paper 92451519
2025-05-04 13:46:04,968 - INFO - Generating embeddings for 393 sentences in paper 11790475
2025-05-04 13:46:05,664 - INFO - Generating embeddings for 222 sentences in paper 79305631
2025-05-04 13:46:05,930 - INFO - Generating embeddings for 576 sentences in paper 37479343
2025-05-04 13:46:07,075 - INFO - Generating embeddings for 158 sentences in paper 32533290
2025-05-04 13:46:07,233 - INFO - Generating embeddings for 363 sentences in paper 62302416
2025-05-04 13:46:07,831 - INFO - Generating embeddings for 113 sentences in paper 65062778
2025-05-04 13:46:07,961 - INFO - Generating embeddings for 450 sentences in paper 82220044
2025-05-04 13:46:08,694 - INFO - Generating embeddings for 177 sentences in paper 39570633
2025-05-04 13:46:08,847 - INFO - Generating embeddings for 177 sentences in paper 71225651
2025-05-04 13:46:09,032 - INFO - Generating embeddings for 391 sentences in paper 72529720
2025-05-04 13:46:09,594 - INFO - Generating embeddings for 383 sentences in paper 27321339
2025-05-04 13:46:10,165 - INFO - Generating embeddings for 221 sentences in paper 99878837
2025-05-04 13:46:10,408 - INFO - Generating embeddings for 386 sentences in paper 6777051
2025-05-04 13:46:10,952 - INFO - Generating embeddings for 197 sentences in paper 66099843
2025-05-04 13:46:11,217 - INFO - Generating embeddings for 772 sentences in paper 82626355
2025-05-04 13:46:13,056 - INFO - Generating embeddings for 384 sentences in paper 1873334
2025-05-04 13:46:13,638 - INFO - Generating embeddings for 352 sentences in paper 51458146
2025-05-04 13:46:14,126 - INFO - Generating embeddings for 429 sentences in paper 40774761
2025-05-04 13:46:14,794 - INFO - Generating embeddings for 90 sentences in paper 1907968
2025-05-04 13:46:14,885 - INFO - Generating embeddings for 478 sentences in paper 71546396
2025-05-04 13:46:15,709 - INFO - Generating embeddings for 465 sentences in paper 80421460
2025-05-04 13:46:16,522 - INFO - Generating embeddings for 319 sentences in paper 24824894
2025-05-04 13:46:16,964 - INFO - Generating embeddings for 98 sentences in paper 47698609
2025-05-04 13:46:17,089 - INFO - Generating embeddings for 440 sentences in paper 25766140
2025-05-04 13:46:17,835 - INFO - Generating embeddings for 303 sentences in paper 8799962
2025-05-04 13:46:18,252 - INFO - Generating embeddings for 317 sentences in paper 65756728
2025-05-04 13:46:18,666 - INFO - Generating embeddings for 443 sentences in paper 49519055
2025-05-04 13:46:19,326 - INFO - Generating embeddings for 453 sentences in paper 4830217
2025-05-04 13:46:20,091 - INFO - Generating embeddings for 345 sentences in paper 66681632
2025-05-04 13:46:20,542 - INFO - Generating embeddings for 222 sentences in paper 60887948
2025-05-04 13:46:20,813 - INFO - Generating embeddings for 546 sentences in paper 21145042
2025-05-04 13:46:21,821 - INFO - Generating embeddings for 274 sentences in paper 10218080
2025-05-04 13:46:22,238 - INFO - Generating embeddings for 336 sentences in paper 6726365
2025-05-04 13:46:22,684 - INFO - Generating embeddings for 243 sentences in paper 98781755
2025-05-04 13:46:22,972 - INFO - Generating embeddings for 285 sentences in paper 72922440
2025-05-04 13:46:23,333 - INFO - Generating embeddings for 546 sentences in paper 97381495
2025-05-04 13:46:24,299 - INFO - Generating embeddings for 158 sentences in paper 70889889
2025-05-04 13:46:24,464 - INFO - Generating embeddings for 218 sentences in paper 39382584
2025-05-04 13:46:24,725 - INFO - Generating embeddings for 458 sentences in paper 26277001
2025-05-04 13:46:25,468 - INFO - Generating embeddings for 360 sentences in paper 36679338
2025-05-04 13:46:26,011 - INFO - Generating embeddings for 694 sentences in paper 87411149
2025-05-04 13:46:27,534 - INFO - Generating embeddings for 386 sentences in paper 16027177
2025-05-04 13:46:28,139 - INFO - Generating embeddings for 2122 sentences in paper 75952682
2025-05-04 13:46:40,658 - INFO - Generating embeddings for 207 sentences in paper 42045072
2025-05-04 13:46:40,859 - INFO - Generating embeddings for 220 sentences in paper 86423785
2025-05-04 13:46:41,108 - INFO - Generating embeddings for 519 sentences in paper 50388820
2025-05-04 13:46:42,040 - INFO - Generating embeddings for 406 sentences in paper 82821959
2025-05-04 13:46:42,660 - INFO - Generating embeddings for 377 sentences in paper 92908954
2025-05-04 13:46:43,202 - INFO - Generating embeddings for 222 sentences in paper 11481096
2025-05-04 13:46:43,426 - INFO - Generating embeddings for 312 sentences in paper 65102009
2025-05-04 13:46:43,839 - INFO - Generating embeddings for 114 sentences in paper 19050347
2025-05-04 13:46:43,959 - INFO - Generating embeddings for 450 sentences in paper 90011197
2025-05-04 13:46:44,710 - INFO - Generating embeddings for 164 sentences in paper 33714440
2025-05-04 13:46:44,857 - INFO - Generating embeddings for 240 sentences in paper 23942242
2025-05-04 13:46:45,127 - INFO - Generating embeddings for 168 sentences in paper 7415123
2025-05-04 13:46:45,327 - INFO - Generating embeddings for 399 sentences in paper 61603670
2025-05-04 13:46:45,933 - INFO - Generating embeddings for 155 sentences in paper 51450104
2025-05-04 13:46:46,091 - INFO - Generating embeddings for 236 sentences in paper 46342402
2025-05-04 13:46:46,419 - INFO - Generating embeddings for 103 sentences in paper 12711637
2025-05-04 13:46:46,510 - INFO - Generating embeddings for 302 sentences in paper 61580548
2025-05-04 13:46:46,862 - INFO - Generating embeddings for 267 sentences in paper 15084340
2025-05-04 13:46:47,210 - INFO - Generating embeddings for 198 sentences in paper 69013017
2025-05-04 13:46:47,415 - INFO - Generating embeddings for 207 sentences in paper 87885377
2025-05-04 13:46:47,612 - INFO - Generating embeddings for 198 sentences in paper 69119323
2025-05-04 13:46:47,816 - INFO - Generating embeddings for 284 sentences in paper 15765418
2025-05-04 13:46:48,200 - INFO - Generating embeddings for 270 sentences in paper 47686356
2025-05-04 13:46:48,517 - INFO - Generating embeddings for 171 sentences in paper 42443464
2025-05-04 13:46:48,729 - INFO - Generating embeddings for 184 sentences in paper 77737945
2025-05-04 13:46:48,940 - INFO - Generating embeddings for 260 sentences in paper 83248182
2025-05-04 13:46:49,310 - INFO - Generating embeddings for 377 sentences in paper 66302705
2025-05-04 13:46:49,875 - INFO - Generating embeddings for 387 sentences in paper 18958324
2025-05-04 13:46:50,428 - INFO - Generating embeddings for 390 sentences in paper 48141212
2025-05-04 13:46:50,968 - INFO - Generating embeddings for 239 sentences in paper 16973657
2025-05-04 13:46:51,261 - INFO - Generating embeddings for 457 sentences in paper 84655302
2025-05-04 13:46:52,043 - INFO - Generating embeddings for 653 sentences in paper 64175585
2025-05-04 13:46:53,373 - INFO - Generating embeddings for 335 sentences in paper 59277766
2025-05-04 13:46:53,763 - INFO - Generating embeddings for 274 sentences in paper 93060618
2025-05-04 13:46:54,059 - INFO - Generating embeddings for 252 sentences in paper 47723293
2025-05-04 13:46:54,322 - INFO - Generating embeddings for 270 sentences in paper 75389943
2025-05-04 13:46:54,669 - INFO - Generating embeddings for 454 sentences in paper 11006232
2025-05-04 13:46:55,372 - INFO - Generating embeddings for 375 sentences in paper 65595064
2025-05-04 13:46:55,936 - INFO - Generating embeddings for 330 sentences in paper 91812941
2025-05-04 13:46:56,403 - INFO - Generating embeddings for 381 sentences in paper 78412080
2025-05-04 13:46:56,953 - INFO - Generating embeddings for 313 sentences in paper 33427271
2025-05-04 13:46:57,399 - INFO - Generating embeddings for 282 sentences in paper 11684235
2025-05-04 13:46:57,751 - INFO - Generating embeddings for 510 sentences in paper 11313245
2025-05-04 13:46:58,625 - INFO - Generating embeddings for 157 sentences in paper 30877354
2025-05-04 13:46:58,760 - INFO - Generating embeddings for 216 sentences in paper 22744554
2025-05-04 13:46:58,986 - INFO - Generating embeddings for 451 sentences in paper 22030520
2025-05-04 13:46:59,736 - INFO - Generating embeddings for 332 sentences in paper 75937139
2025-05-04 13:47:00,143 - INFO - Generating embeddings for 212 sentences in paper 1540690
2025-05-04 13:47:00,393 - INFO - Generating embeddings for 385 sentences in paper 4536127
2025-05-04 13:47:00,945 - INFO - Generating embeddings for 270 sentences in paper 16057781
2025-05-04 13:47:01,277 - INFO - Generating embeddings for 371 sentences in paper 263861
2025-05-04 13:47:01,802 - INFO - Generating embeddings for 234 sentences in paper 90600191
2025-05-04 13:47:02,072 - INFO - Generating embeddings for 56 sentences in paper 81262575
2025-05-04 13:47:02,139 - INFO - Generating embeddings for 229 sentences in paper 35704901
2025-05-04 13:47:02,376 - INFO - Generating embeddings for 443 sentences in paper 85839366
2025-05-04 13:47:03,070 - INFO - Generating embeddings for 450 sentences in paper 69694249
2025-05-04 13:47:03,813 - INFO - Generating embeddings for 100 sentences in paper 44210578
2025-05-04 13:47:03,907 - INFO - Generating embeddings for 420 sentences in paper 39038842
2025-05-04 13:47:04,519 - INFO - Generating embeddings for 410 sentences in paper 81780960
2025-05-04 13:47:05,141 - INFO - Generating embeddings for 375 sentences in paper 5674972
2025-05-04 13:47:05,671 - INFO - Generating embeddings for 266 sentences in paper 81535007
2025-05-04 13:47:06,020 - INFO - Generating embeddings for 615 sentences in paper 68642594
2025-05-04 13:47:07,235 - INFO - Generating embeddings for 290 sentences in paper 11418476
2025-05-04 13:47:07,609 - INFO - Generating embeddings for 270 sentences in paper 30905451
2025-05-04 13:47:07,946 - INFO - Generating embeddings for 747 sentences in paper 24928430
2025-05-04 13:47:09,780 - INFO - Generating embeddings for 212 sentences in paper 17980043
2025-05-04 13:47:10,027 - INFO - Generating embeddings for 222 sentences in paper 93195231
2025-05-04 13:47:10,262 - INFO - Generating embeddings for 196 sentences in paper 32248697
2025-05-04 13:47:10,501 - INFO - Generating embeddings for 749 sentences in paper 50524744
2025-05-04 13:47:12,206 - INFO - Generating embeddings for 238 sentences in paper 37796162
2025-05-04 13:47:12,521 - INFO - Generating embeddings for 511 sentences in paper 81001972
2025-05-04 13:47:13,384 - INFO - Generating embeddings for 185 sentences in paper 89581601
2025-05-04 13:47:13,589 - INFO - Generating embeddings for 270 sentences in paper 45612165
2025-05-04 13:47:13,937 - INFO - Generating embeddings for 244 sentences in paper 91325283
2025-05-04 13:47:14,230 - INFO - Generating embeddings for 494 sentences in paper 5262509
2025-05-04 13:47:15,052 - INFO - Generating embeddings for 147 sentences in paper 4647896
2025-05-04 13:47:15,202 - INFO - Generating embeddings for 501 sentences in paper 92615357
2025-05-04 13:47:16,122 - INFO - Generating embeddings for 484 sentences in paper 75865335
2025-05-04 13:47:16,943 - INFO - Generating embeddings for 314 sentences in paper 57956236
2025-05-04 13:47:17,346 - INFO - Generating embeddings for 207 sentences in paper 91929013
2025-05-04 13:47:17,594 - INFO - Generating embeddings for 520 sentences in paper 11791786
2025-05-04 13:47:18,449 - INFO - Generating embeddings for 220 sentences in paper 89853012
2025-05-04 13:47:18,674 - INFO - Generating embeddings for 257 sentences in paper 94015576
2025-05-04 13:47:19,011 - INFO - Generating embeddings for 931 sentences in paper 76874430
2025-05-04 13:47:21,580 - INFO - Generating embeddings for 846 sentences in paper 4784102
2025-05-04 13:47:23,774 - INFO - Generating embeddings for 182 sentences in paper 42200029
2025-05-04 13:47:23,938 - INFO - Generating embeddings for 294 sentences in paper 87068449
2025-05-04 13:47:24,290 - INFO - Generating embeddings for 171 sentences in paper 26515037
2025-05-04 13:47:24,514 - INFO - Generating embeddings for 652 sentences in paper 66006367
2025-05-04 13:47:25,885 - INFO - Generating embeddings for 280 sentences in paper 52208833
2025-05-04 13:47:26,265 - INFO - Generating embeddings for 806 sentences in paper 87460557
2025-05-04 13:47:28,205 - INFO - Generating embeddings for 265 sentences in paper 8151447
2025-05-04 13:47:28,550 - INFO - Generating embeddings for 458 sentences in paper 96747724
2025-05-04 13:47:29,285 - INFO - Generating embeddings for 294 sentences in paper 8363020
2025-05-04 13:47:29,694 - INFO - Generating embeddings for 386 sentences in paper 93544751
2025-05-04 13:47:30,316 - INFO - Generating embeddings for 525 sentences in paper 11542688
2025-05-04 13:47:31,246 - INFO - Generating embeddings for 260 sentences in paper 26955055
2025-05-04 13:47:31,616 - INFO - Generating embeddings for 481 sentences in paper 58874274
2025-05-04 13:47:32,452 - INFO - Generating embeddings for 290 sentences in paper 81916449
2025-05-04 13:47:32,829 - INFO - Generating embeddings for 466 sentences in paper 17539393
2025-05-04 13:47:33,587 - INFO - Generating embeddings for 186 sentences in paper 29703573
2025-05-04 13:47:33,804 - INFO - Generating embeddings for 563 sentences in paper 99341732
2025-05-04 13:47:34,847 - INFO - Generating embeddings for 94 sentences in paper 37775721
2025-05-04 13:47:34,942 - INFO - Generating embeddings for 185 sentences in paper 77684000
2025-05-04 13:47:35,175 - INFO - Generating embeddings for 318 sentences in paper 518237
2025-05-04 13:47:35,601 - INFO - Generating embeddings for 308 sentences in paper 27086937
2025-05-04 13:47:36,054 - INFO - Generating embeddings for 467 sentences in paper 37135417
2025-05-04 13:47:36,837 - INFO - Generating embeddings for 264 sentences in paper 2905851
2025-05-04 13:47:37,167 - INFO - Generating embeddings for 214 sentences in paper 69481324
2025-05-04 13:47:37,420 - INFO - Generating embeddings for 172 sentences in paper 75779006
2025-05-04 13:47:37,596 - INFO - Generating embeddings for 248 sentences in paper 11836666
2025-05-04 13:47:37,872 - INFO - Generating embeddings for 180 sentences in paper 27051635
2025-05-04 13:47:38,043 - INFO - Generating embeddings for 305 sentences in paper 24510148
2025-05-04 13:47:38,414 - INFO - Generating embeddings for 471 sentences in paper 27300559
2025-05-04 13:47:39,145 - INFO - Generating embeddings for 187 sentences in paper 51116334
2025-05-04 13:47:39,341 - INFO - Generating embeddings for 266 sentences in paper 93980002
2025-05-04 13:47:39,689 - INFO - Generating embeddings for 349 sentences in paper 3913778
2025-05-04 13:47:40,143 - INFO - Generating embeddings for 322 sentences in paper 63188694
2025-05-04 13:47:40,546 - INFO - Generating embeddings for 347 sentences in paper 72744034
2025-05-04 13:47:41,034 - INFO - Generating embeddings for 289 sentences in paper 4216862
2025-05-04 13:47:41,416 - INFO - Generating embeddings for 550 sentences in paper 46507565
2025-05-04 13:47:42,386 - INFO - Generating embeddings for 283 sentences in paper 22546727
2025-05-04 13:47:42,729 - INFO - Generating embeddings for 586 sentences in paper 14819310
2025-05-04 13:47:43,818 - INFO - Generating embeddings for 261 sentences in paper 63758896
2025-05-04 13:47:44,123 - INFO - Generating embeddings for 336 sentences in paper 47257042
2025-05-04 13:47:44,570 - INFO - Generating embeddings for 253 sentences in paper 4206973
2025-05-04 13:47:44,875 - INFO - Generating embeddings for 391 sentences in paper 43791696
2025-05-04 13:47:45,493 - INFO - Generating embeddings for 494 sentences in paper 11773091
2025-05-04 13:47:46,352 - INFO - Generating embeddings for 269 sentences in paper 3953515
2025-05-04 13:47:46,688 - INFO - Generating embeddings for 390 sentences in paper 88655260
2025-05-04 13:47:47,242 - INFO - Generating embeddings for 405 sentences in paper 87208689
2025-05-04 13:47:47,836 - INFO - Generating embeddings for 180 sentences in paper 29474820
2025-05-04 13:47:48,001 - INFO - Generating embeddings for 110 sentences in paper 99668388
2025-05-04 13:47:48,095 - INFO - Generating embeddings for 299 sentences in paper 89628084
2025-05-04 13:47:48,459 - INFO - Generating embeddings for 243 sentences in paper 62056200
2025-05-04 13:47:48,759 - INFO - Generating embeddings for 390 sentences in paper 187460
2025-05-04 13:47:49,309 - INFO - Generating embeddings for 209 sentences in paper 23426061
2025-05-04 13:47:49,513 - INFO - Generating embeddings for 165 sentences in paper 58793266
2025-05-04 13:47:49,719 - INFO - Generating embeddings for 183 sentences in paper 80262838
2025-05-04 13:47:49,944 - INFO - Generating embeddings for 1631 sentences in paper 3855110
2025-05-04 13:47:57,135 - INFO - Generating embeddings for 288 sentences in paper 98757756
2025-05-04 13:47:57,498 - INFO - Generating embeddings for 561 sentences in paper 53269747
2025-05-04 13:47:58,537 - INFO - Generating embeddings for 221 sentences in paper 4728464
2025-05-04 13:47:58,802 - INFO - Generating embeddings for 228 sentences in paper 61558513
2025-05-04 13:47:59,058 - INFO - Generating embeddings for 204 sentences in paper 62996279
2025-05-04 13:47:59,242 - INFO - Generating embeddings for 205 sentences in paper 29796623
2025-05-04 13:47:59,497 - INFO - Generating embeddings for 263 sentences in paper 45043151
2025-05-04 13:47:59,840 - INFO - Generating embeddings for 165 sentences in paper 70335565
2025-05-04 13:48:00,038 - INFO - Generating embeddings for 279 sentences in paper 38867178
2025-05-04 13:48:00,406 - INFO - Generating embeddings for 870 sentences in paper 41161677
2025-05-04 13:48:02,660 - INFO - Generating embeddings for 169 sentences in paper 75442340
2025-05-04 13:48:02,838 - INFO - Generating embeddings for 179 sentences in paper 67744436
2025-05-04 13:48:03,053 - INFO - Generating embeddings for 635 sentences in paper 20550713
2025-05-04 13:48:04,575 - INFO - Generating embeddings for 164 sentences in paper 78339451
2025-05-04 13:48:04,722 - INFO - Generating embeddings for 189 sentences in paper 61360879
2025-05-04 13:48:04,959 - INFO - Generating embeddings for 272 sentences in paper 41467472
2025-05-04 13:48:05,319 - INFO - Generating embeddings for 473 sentences in paper 45518901
2025-05-04 13:48:06,154 - INFO - Generating embeddings for 306 sentences in paper 88548359
2025-05-04 13:48:06,535 - INFO - Generating embeddings for 271 sentences in paper 79471009
2025-05-04 13:48:06,879 - INFO - Generating embeddings for 504 sentences in paper 35377831
2025-05-04 13:48:07,733 - INFO - Generating embeddings for 476 sentences in paper 66883240
2025-05-04 13:48:08,522 - INFO - Generating embeddings for 199 sentences in paper 7157784
2025-05-04 13:48:08,749 - INFO - Generating embeddings for 250 sentences in paper 38830210
2025-05-04 13:48:09,070 - INFO - Generating embeddings for 244 sentences in paper 47469397
2025-05-04 13:48:09,342 - INFO - Generating embeddings for 489 sentences in paper 82043898
2025-05-04 13:48:10,191 - INFO - Generating embeddings for 327 sentences in paper 82314288
2025-05-04 13:48:10,623 - INFO - Generating embeddings for 265 sentences in paper 45538669
2025-05-04 13:48:10,917 - INFO - Generating embeddings for 477 sentences in paper 67696398
2025-05-04 13:48:11,681 - INFO - Generating embeddings for 341 sentences in paper 37263635
2025-05-04 13:48:12,138 - INFO - Generating embeddings for 226 sentences in paper 17409856
2025-05-04 13:48:12,404 - INFO - Generating embeddings for 480 sentences in paper 69502658
2025-05-04 13:48:13,194 - INFO - Generating embeddings for 230 sentences in paper 91200961
2025-05-04 13:48:13,441 - INFO - Generating embeddings for 161 sentences in paper 3517250
2025-05-04 13:48:13,652 - INFO - Generating embeddings for 212 sentences in paper 80719489
2025-05-04 13:48:13,888 - INFO - Generating embeddings for 615 sentences in paper 96002700
2025-05-04 13:48:15,072 - INFO - Generating embeddings for 407 sentences in paper 51254358
2025-05-04 13:48:15,684 - INFO - Generating embeddings for 250 sentences in paper 93218559
2025-05-04 13:48:15,999 - INFO - Generating embeddings for 260 sentences in paper 42731227
2025-05-04 13:48:16,359 - INFO - Generating embeddings for 348 sentences in paper 22528856
2025-05-04 13:48:16,871 - INFO - Generating embeddings for 429 sentences in paper 68635574
2025-05-04 13:48:17,593 - INFO - Built graphs for 488 papers
2025-05-04 13:48:17,594 - INFO - Split dataset: 390 training graphs, 98 test graphs
2025-05-04 13:48:17,595 - INFO - Creating GNN model with input dim 388
2025-05-04 13:48:17,685 - INFO - Training GNN model on cuda
